Error on http://127.0.0.1:8001/api/invoices/7ce34125-a03d-4888-9169-19a2302833a4/mark-paid?payment_method=cash:
Traceback (most recent call last):
  File "c:\python38\lib\site-packages\anyio\streams\memory.py", line 111, in receive
    return self.receive_nowait()
  File "c:\python38\lib\site-packages\anyio\streams\memory.py", line 106, in receive_nowait
    raise WouldBlock
anyio.WouldBlock

During handling of the above exception, another exception occurred:

Traceback (most recent call last):
  File "c:\python38\lib\site-packages\anyio\streams\memory.py", line 124, in receive
    return receiver.item
AttributeError: 'MemoryObjectItemReceiver' object has no attribute 'item'

During handling of the above exception, another exception occurred:

Traceback (most recent call last):
  File "c:\python38\lib\site-packages\starlette\middleware\base.py", line 157, in call_next
    message = await recv_stream.receive()
  File "c:\python38\lib\site-packages\anyio\streams\memory.py", line 126, in receive
    raise EndOfStream
anyio.EndOfStream

During handling of the above exception, another exception occurred:

Traceback (most recent call last):
  File "C:\Users\rrmsz\Rental-Management-System\backend\server.py", line 75, in catch_exceptions_middleware
    return await call_next(request)
  File "c:\python38\lib\site-packages\starlette\middleware\base.py", line 163, in call_next
    raise app_exc
  File "c:\python38\lib\site-packages\starlette\middleware\base.py", line 149, in coro
    await self.app(scope, receive_or_disconnect, send_no_error)
  File "c:\python38\lib\site-packages\starlette\middleware\cors.py", line 85, in __call__
    await self.app(scope, receive, send)
  File "c:\python38\lib\site-packages\starlette\middleware\exceptions.py", line 62, in __call__
    await wrap_app_handling_exceptions(self.app, conn)(scope, receive, send)
  File "c:\python38\lib\site-packages\starlette\_exception_handler.py", line 53, in wrapped_app
    raise exc
  File "c:\python38\lib\site-packages\starlette\_exception_handler.py", line 42, in wrapped_app
    await app(scope, receive, sender)
  File "c:\python38\lib\site-packages\fastapi\middleware\asyncexitstack.py", line 18, in __call__
    await self.app(scope, receive, send)
  File "c:\python38\lib\site-packages\starlette\routing.py", line 715, in __call__
    await self.middleware_stack(scope, receive, send)
  File "c:\python38\lib\site-packages\starlette\routing.py", line 735, in app
    await route.handle(scope, receive, send)
  File "c:\python38\lib\site-packages\starlette\routing.py", line 288, in handle
    await self.app(scope, receive, send)
  File "c:\python38\lib\site-packages\fastapi\routing.py", line 120, in app
    await wrap_app_handling_exceptions(app, request)(scope, receive, send)
  File "c:\python38\lib\site-packages\starlette\_exception_handler.py", line 53, in wrapped_app
    raise exc
  File "c:\python38\lib\site-packages\starlette\_exception_handler.py", line 42, in wrapped_app
    await app(scope, receive, sender)
  File "c:\python38\lib\site-packages\fastapi\routing.py", line 106, in app
    response = await f(request)
  File "c:\python38\lib\site-packages\fastapi\routing.py", line 430, in app
    raw_response = await run_endpoint_function(
  File "c:\python38\lib\site-packages\fastapi\routing.py", line 316, in run_endpoint_function
    return await dependant.call(**values)
  File "C:\Users\rrmsz\Rental-Management-System\backend\routers\invoices.py", line 152, in mark_invoice_paid
    if invoice["paid"]:
KeyError: 'paid'

Error on http://127.0.0.1:8001/api/invoices/7ce34125-a03d-4888-9169-19a2302833a4/mark-paid?payment_method=cash:
Traceback (most recent call last):
  File "c:\python38\lib\site-packages\anyio\streams\memory.py", line 111, in receive
    return self.receive_nowait()
  File "c:\python38\lib\site-packages\anyio\streams\memory.py", line 106, in receive_nowait
    raise WouldBlock
anyio.WouldBlock

During handling of the above exception, another exception occurred:

Traceback (most recent call last):
  File "c:\python38\lib\site-packages\anyio\streams\memory.py", line 124, in receive
    return receiver.item
AttributeError: 'MemoryObjectItemReceiver' object has no attribute 'item'

During handling of the above exception, another exception occurred:

Traceback (most recent call last):
  File "c:\python38\lib\site-packages\starlette\middleware\base.py", line 157, in call_next
    message = await recv_stream.receive()
  File "c:\python38\lib\site-packages\anyio\streams\memory.py", line 126, in receive
    raise EndOfStream
anyio.EndOfStream

During handling of the above exception, another exception occurred:

Traceback (most recent call last):
  File "C:\Users\rrmsz\Rental-Management-System\backend\server.py", line 75, in catch_exceptions_middleware
    return await call_next(request)
  File "c:\python38\lib\site-packages\starlette\middleware\base.py", line 163, in call_next
    raise app_exc
  File "c:\python38\lib\site-packages\starlette\middleware\base.py", line 149, in coro
    await self.app(scope, receive_or_disconnect, send_no_error)
  File "c:\python38\lib\site-packages\starlette\middleware\cors.py", line 85, in __call__
    await self.app(scope, receive, send)
  File "c:\python38\lib\site-packages\starlette\middleware\exceptions.py", line 62, in __call__
    await wrap_app_handling_exceptions(self.app, conn)(scope, receive, send)
  File "c:\python38\lib\site-packages\starlette\_exception_handler.py", line 53, in wrapped_app
    raise exc
  File "c:\python38\lib\site-packages\starlette\_exception_handler.py", line 42, in wrapped_app
    await app(scope, receive, sender)
  File "c:\python38\lib\site-packages\fastapi\middleware\asyncexitstack.py", line 18, in __call__
    await self.app(scope, receive, send)
  File "c:\python38\lib\site-packages\starlette\routing.py", line 715, in __call__
    await self.middleware_stack(scope, receive, send)
  File "c:\python38\lib\site-packages\starlette\routing.py", line 735, in app
    await route.handle(scope, receive, send)
  File "c:\python38\lib\site-packages\starlette\routing.py", line 288, in handle
    await self.app(scope, receive, send)
  File "c:\python38\lib\site-packages\fastapi\routing.py", line 120, in app
    await wrap_app_handling_exceptions(app, request)(scope, receive, send)
  File "c:\python38\lib\site-packages\starlette\_exception_handler.py", line 53, in wrapped_app
    raise exc
  File "c:\python38\lib\site-packages\starlette\_exception_handler.py", line 42, in wrapped_app
    await app(scope, receive, sender)
  File "c:\python38\lib\site-packages\fastapi\routing.py", line 106, in app
    response = await f(request)
  File "c:\python38\lib\site-packages\fastapi\routing.py", line 430, in app
    raw_response = await run_endpoint_function(
  File "c:\python38\lib\site-packages\fastapi\routing.py", line 316, in run_endpoint_function
    return await dependant.call(**values)
  File "C:\Users\rrmsz\Rental-Management-System\backend\routers\invoices.py", line 152, in mark_invoice_paid
    if invoice.get("paid"):
KeyError: 'paid'

Error on http://localhost:8001/api/invoices/7ce34125-a03d-4888-9169-19a2302833a4/mark-paid?payment_method=cash:
Traceback (most recent call last):
  File "c:\python38\lib\site-packages\anyio\streams\memory.py", line 111, in receive
    return self.receive_nowait()
  File "c:\python38\lib\site-packages\anyio\streams\memory.py", line 106, in receive_nowait
    raise WouldBlock
anyio.WouldBlock

During handling of the above exception, another exception occurred:

Traceback (most recent call last):
  File "c:\python38\lib\site-packages\anyio\streams\memory.py", line 124, in receive
    return receiver.item
AttributeError: 'MemoryObjectItemReceiver' object has no attribute 'item'

During handling of the above exception, another exception occurred:

Traceback (most recent call last):
  File "c:\python38\lib\site-packages\starlette\middleware\base.py", line 157, in call_next
    message = await recv_stream.receive()
  File "c:\python38\lib\site-packages\anyio\streams\memory.py", line 126, in receive
    raise EndOfStream
anyio.EndOfStream

During handling of the above exception, another exception occurred:

Traceback (most recent call last):
  File "C:\Users\rrmsz\Rental-Management-System\backend\server.py", line 75, in catch_exceptions_middleware
    return await call_next(request)
  File "c:\python38\lib\site-packages\starlette\middleware\base.py", line 163, in call_next
    raise app_exc
  File "c:\python38\lib\site-packages\starlette\middleware\base.py", line 149, in coro
    await self.app(scope, receive_or_disconnect, send_no_error)
  File "c:\python38\lib\site-packages\starlette\middleware\cors.py", line 93, in __call__
    await self.simple_response(scope, receive, send, request_headers=headers)
  File "c:\python38\lib\site-packages\starlette\middleware\cors.py", line 144, in simple_response
    await self.app(scope, receive, send)
  File "c:\python38\lib\site-packages\starlette\middleware\exceptions.py", line 62, in __call__
    await wrap_app_handling_exceptions(self.app, conn)(scope, receive, send)
  File "c:\python38\lib\site-packages\starlette\_exception_handler.py", line 53, in wrapped_app
    raise exc
  File "c:\python38\lib\site-packages\starlette\_exception_handler.py", line 42, in wrapped_app
    await app(scope, receive, sender)
  File "c:\python38\lib\site-packages\fastapi\middleware\asyncexitstack.py", line 18, in __call__
    await self.app(scope, receive, send)
  File "c:\python38\lib\site-packages\starlette\routing.py", line 715, in __call__
    await self.middleware_stack(scope, receive, send)
  File "c:\python38\lib\site-packages\starlette\routing.py", line 735, in app
    await route.handle(scope, receive, send)
  File "c:\python38\lib\site-packages\starlette\routing.py", line 288, in handle
    await self.app(scope, receive, send)
  File "c:\python38\lib\site-packages\fastapi\routing.py", line 120, in app
    await wrap_app_handling_exceptions(app, request)(scope, receive, send)
  File "c:\python38\lib\site-packages\starlette\_exception_handler.py", line 53, in wrapped_app
    raise exc
  File "c:\python38\lib\site-packages\starlette\_exception_handler.py", line 42, in wrapped_app
    await app(scope, receive, sender)
  File "c:\python38\lib\site-packages\fastapi\routing.py", line 106, in app
    response = await f(request)
  File "c:\python38\lib\site-packages\fastapi\routing.py", line 430, in app
    raw_response = await run_endpoint_function(
  File "c:\python38\lib\site-packages\fastapi\routing.py", line 316, in run_endpoint_function
    return await dependant.call(**values)
  File "C:\Users\rrmsz\Rental-Management-System\backend\routers\invoices.py", line 152, in mark_invoice_paid
    if invoice.get("paid"):
KeyError: 'paid'

Error on http://127.0.0.1:8001/api/invoices/7ce34125-a03d-4888-9169-19a2302833a4/mark-paid?payment_method=cash:
Traceback (most recent call last):
  File "c:\python38\lib\site-packages\anyio\streams\memory.py", line 111, in receive
    return self.receive_nowait()
  File "c:\python38\lib\site-packages\anyio\streams\memory.py", line 106, in receive_nowait
    raise WouldBlock
anyio.WouldBlock

During handling of the above exception, another exception occurred:

Traceback (most recent call last):
  File "c:\python38\lib\site-packages\anyio\streams\memory.py", line 124, in receive
    return receiver.item
AttributeError: 'MemoryObjectItemReceiver' object has no attribute 'item'

During handling of the above exception, another exception occurred:

Traceback (most recent call last):
  File "c:\python38\lib\site-packages\starlette\middleware\base.py", line 157, in call_next
    message = await recv_stream.receive()
  File "c:\python38\lib\site-packages\anyio\streams\memory.py", line 126, in receive
    raise EndOfStream
anyio.EndOfStream

During handling of the above exception, another exception occurred:

Traceback (most recent call last):
  File "C:\Users\rrmsz\Rental-Management-System\backend\server.py", line 75, in catch_exceptions_middleware
    return await call_next(request)
  File "c:\python38\lib\site-packages\starlette\middleware\base.py", line 163, in call_next
    raise app_exc
  File "c:\python38\lib\site-packages\starlette\middleware\base.py", line 149, in coro
    await self.app(scope, receive_or_disconnect, send_no_error)
  File "c:\python38\lib\site-packages\starlette\middleware\cors.py", line 85, in __call__
    await self.app(scope, receive, send)
  File "c:\python38\lib\site-packages\starlette\middleware\exceptions.py", line 62, in __call__
    await wrap_app_handling_exceptions(self.app, conn)(scope, receive, send)
  File "c:\python38\lib\site-packages\starlette\_exception_handler.py", line 53, in wrapped_app
    raise exc
  File "c:\python38\lib\site-packages\starlette\_exception_handler.py", line 42, in wrapped_app
    await app(scope, receive, sender)
  File "c:\python38\lib\site-packages\fastapi\middleware\asyncexitstack.py", line 18, in __call__
    await self.app(scope, receive, send)
  File "c:\python38\lib\site-packages\starlette\routing.py", line 715, in __call__
    await self.middleware_stack(scope, receive, send)
  File "c:\python38\lib\site-packages\starlette\routing.py", line 735, in app
    await route.handle(scope, receive, send)
  File "c:\python38\lib\site-packages\starlette\routing.py", line 288, in handle
    await self.app(scope, receive, send)
  File "c:\python38\lib\site-packages\fastapi\routing.py", line 120, in app
    await wrap_app_handling_exceptions(app, request)(scope, receive, send)
  File "c:\python38\lib\site-packages\starlette\_exception_handler.py", line 53, in wrapped_app
    raise exc
  File "c:\python38\lib\site-packages\starlette\_exception_handler.py", line 42, in wrapped_app
    await app(scope, receive, sender)
  File "c:\python38\lib\site-packages\fastapi\routing.py", line 106, in app
    response = await f(request)
  File "c:\python38\lib\site-packages\fastapi\routing.py", line 430, in app
    raw_response = await run_endpoint_function(
  File "c:\python38\lib\site-packages\fastapi\routing.py", line 316, in run_endpoint_function
    return await dependant.call(**values)
  File "C:\Users\rrmsz\Rental-Management-System\backend\routers\invoices.py", line 152, in mark_invoice_paid
    if invoice.get("paid"):
KeyError: 'paid'

Error on http://localhost:8001/api/reports/dashboard/v2:
Traceback (most recent call last):
  File "c:\python38\lib\site-packages\anyio\streams\memory.py", line 111, in receive
    return self.receive_nowait()
  File "c:\python38\lib\site-packages\anyio\streams\memory.py", line 106, in receive_nowait
    raise WouldBlock
anyio.WouldBlock

During handling of the above exception, another exception occurred:

Traceback (most recent call last):
  File "c:\python38\lib\site-packages\anyio\streams\memory.py", line 124, in receive
    return receiver.item
AttributeError: 'MemoryObjectItemReceiver' object has no attribute 'item'

During handling of the above exception, another exception occurred:

Traceback (most recent call last):
  File "c:\python38\lib\site-packages\starlette\middleware\base.py", line 157, in call_next
    message = await recv_stream.receive()
  File "c:\python38\lib\site-packages\anyio\streams\memory.py", line 126, in receive
    raise EndOfStream
anyio.EndOfStream

During handling of the above exception, another exception occurred:

Traceback (most recent call last):
  File "C:\Users\rrmsz\Rental-Management-System\backend\server.py", line 75, in catch_exceptions_middleware
    return await call_next(request)
  File "c:\python38\lib\site-packages\starlette\middleware\base.py", line 163, in call_next
    raise app_exc
  File "c:\python38\lib\site-packages\starlette\middleware\base.py", line 149, in coro
    await self.app(scope, receive_or_disconnect, send_no_error)
  File "c:\python38\lib\site-packages\starlette\middleware\cors.py", line 93, in __call__
    await self.simple_response(scope, receive, send, request_headers=headers)
  File "c:\python38\lib\site-packages\starlette\middleware\cors.py", line 144, in simple_response
    await self.app(scope, receive, send)
  File "c:\python38\lib\site-packages\starlette\middleware\exceptions.py", line 62, in __call__
    await wrap_app_handling_exceptions(self.app, conn)(scope, receive, send)
  File "c:\python38\lib\site-packages\starlette\_exception_handler.py", line 53, in wrapped_app
    raise exc
  File "c:\python38\lib\site-packages\starlette\_exception_handler.py", line 42, in wrapped_app
    await app(scope, receive, sender)
  File "c:\python38\lib\site-packages\fastapi\middleware\asyncexitstack.py", line 18, in __call__
    await self.app(scope, receive, send)
  File "c:\python38\lib\site-packages\starlette\routing.py", line 715, in __call__
    await self.middleware_stack(scope, receive, send)
  File "c:\python38\lib\site-packages\starlette\routing.py", line 735, in app
    await route.handle(scope, receive, send)
  File "c:\python38\lib\site-packages\starlette\routing.py", line 288, in handle
    await self.app(scope, receive, send)
  File "c:\python38\lib\site-packages\fastapi\routing.py", line 120, in app
    await wrap_app_handling_exceptions(app, request)(scope, receive, send)
  File "c:\python38\lib\site-packages\starlette\_exception_handler.py", line 53, in wrapped_app
    raise exc
  File "c:\python38\lib\site-packages\starlette\_exception_handler.py", line 42, in wrapped_app
    await app(scope, receive, sender)
  File "c:\python38\lib\site-packages\fastapi\routing.py", line 106, in app
    response = await f(request)
  File "c:\python38\lib\site-packages\fastapi\routing.py", line 430, in app
    raw_response = await run_endpoint_function(
  File "c:\python38\lib\site-packages\fastapi\routing.py", line 316, in run_endpoint_function
    return await dependant.call(**values)
  File "C:\Users\rrmsz\Rental-Management-System\backend\routers\reports.py", line 153, in get_dashboard_stats_v2
    return await reports_service.get_dashboard_stats()
  File "C:\Users\rrmsz\Rental-Management-System\backend\services\reports_service.py", line 19, in get_dashboard_stats
    today_revenue = sum(inv["total"] for inv in all_invoices if datetime.fromisoformat(inv["created_at"]) >= today_start)
  File "C:\Users\rrmsz\Rental-Management-System\backend\services\reports_service.py", line 19, in <genexpr>
    today_revenue = sum(inv["total"] for inv in all_invoices if datetime.fromisoformat(inv["created_at"]) >= today_start)
TypeError: can't compare offset-naive and offset-aware datetimes

Error on http://localhost:8001/api/reports/dashboard/v2:
Traceback (most recent call last):
  File "c:\python38\lib\site-packages\anyio\streams\memory.py", line 111, in receive
    return self.receive_nowait()
  File "c:\python38\lib\site-packages\anyio\streams\memory.py", line 106, in receive_nowait
    raise WouldBlock
anyio.WouldBlock

During handling of the above exception, another exception occurred:

Traceback (most recent call last):
  File "c:\python38\lib\site-packages\anyio\streams\memory.py", line 124, in receive
    return receiver.item
AttributeError: 'MemoryObjectItemReceiver' object has no attribute 'item'

During handling of the above exception, another exception occurred:

Traceback (most recent call last):
  File "c:\python38\lib\site-packages\starlette\middleware\base.py", line 157, in call_next
    message = await recv_stream.receive()
  File "c:\python38\lib\site-packages\anyio\streams\memory.py", line 126, in receive
    raise EndOfStream
anyio.EndOfStream

During handling of the above exception, another exception occurred:

Traceback (most recent call last):
  File "C:\Users\rrmsz\Rental-Management-System\backend\server.py", line 75, in catch_exceptions_middleware
    return await call_next(request)
  File "c:\python38\lib\site-packages\starlette\middleware\base.py", line 163, in call_next
    raise app_exc
  File "c:\python38\lib\site-packages\starlette\middleware\base.py", line 149, in coro
    await self.app(scope, receive_or_disconnect, send_no_error)
  File "c:\python38\lib\site-packages\starlette\middleware\cors.py", line 93, in __call__
    await self.simple_response(scope, receive, send, request_headers=headers)
  File "c:\python38\lib\site-packages\starlette\middleware\cors.py", line 144, in simple_response
    await self.app(scope, receive, send)
  File "c:\python38\lib\site-packages\starlette\middleware\exceptions.py", line 62, in __call__
    await wrap_app_handling_exceptions(self.app, conn)(scope, receive, send)
  File "c:\python38\lib\site-packages\starlette\_exception_handler.py", line 53, in wrapped_app
    raise exc
  File "c:\python38\lib\site-packages\starlette\_exception_handler.py", line 42, in wrapped_app
    await app(scope, receive, sender)
  File "c:\python38\lib\site-packages\fastapi\middleware\asyncexitstack.py", line 18, in __call__
    await self.app(scope, receive, send)
  File "c:\python38\lib\site-packages\starlette\routing.py", line 715, in __call__
    await self.middleware_stack(scope, receive, send)
  File "c:\python38\lib\site-packages\starlette\routing.py", line 735, in app
    await route.handle(scope, receive, send)
  File "c:\python38\lib\site-packages\starlette\routing.py", line 288, in handle
    await self.app(scope, receive, send)
  File "c:\python38\lib\site-packages\fastapi\routing.py", line 120, in app
    await wrap_app_handling_exceptions(app, request)(scope, receive, send)
  File "c:\python38\lib\site-packages\starlette\_exception_handler.py", line 53, in wrapped_app
    raise exc
  File "c:\python38\lib\site-packages\starlette\_exception_handler.py", line 42, in wrapped_app
    await app(scope, receive, sender)
  File "c:\python38\lib\site-packages\fastapi\routing.py", line 106, in app
    response = await f(request)
  File "c:\python38\lib\site-packages\fastapi\routing.py", line 430, in app
    raw_response = await run_endpoint_function(
  File "c:\python38\lib\site-packages\fastapi\routing.py", line 316, in run_endpoint_function
    return await dependant.call(**values)
  File "C:\Users\rrmsz\Rental-Management-System\backend\routers\reports.py", line 153, in get_dashboard_stats_v2
    return await reports_service.get_dashboard_stats()
  File "C:\Users\rrmsz\Rental-Management-System\backend\services\reports_service.py", line 19, in get_dashboard_stats
    today_revenue = sum(inv["total"] for inv in all_invoices if datetime.fromisoformat(inv["created_at"]) >= today_start)
  File "C:\Users\rrmsz\Rental-Management-System\backend\services\reports_service.py", line 19, in <genexpr>
    today_revenue = sum(inv["total"] for inv in all_invoices if datetime.fromisoformat(inv["created_at"]) >= today_start)
TypeError: can't compare offset-naive and offset-aware datetimes

Error on http://localhost:8001/api/rentals/928457fc-c474-414f-b969-0f3c185795d0/summary:
Traceback (most recent call last):
  File "c:\python38\lib\site-packages\anyio\streams\memory.py", line 111, in receive
    return self.receive_nowait()
  File "c:\python38\lib\site-packages\anyio\streams\memory.py", line 106, in receive_nowait
    raise WouldBlock
anyio.WouldBlock

During handling of the above exception, another exception occurred:

Traceback (most recent call last):
  File "c:\python38\lib\site-packages\anyio\streams\memory.py", line 124, in receive
    return receiver.item
AttributeError: 'MemoryObjectItemReceiver' object has no attribute 'item'

During handling of the above exception, another exception occurred:

Traceback (most recent call last):
  File "c:\python38\lib\site-packages\starlette\middleware\base.py", line 157, in call_next
    message = await recv_stream.receive()
  File "c:\python38\lib\site-packages\anyio\streams\memory.py", line 126, in receive
    raise EndOfStream
anyio.EndOfStream

During handling of the above exception, another exception occurred:

Traceback (most recent call last):
  File "C:\Users\rrmsz\Rental-Management-System\backend\server.py", line 75, in catch_exceptions_middleware
    return await call_next(request)
  File "c:\python38\lib\site-packages\starlette\middleware\base.py", line 163, in call_next
    raise app_exc
  File "c:\python38\lib\site-packages\starlette\middleware\base.py", line 149, in coro
    await self.app(scope, receive_or_disconnect, send_no_error)
  File "c:\python38\lib\site-packages\starlette\middleware\cors.py", line 93, in __call__
    await self.simple_response(scope, receive, send, request_headers=headers)
  File "c:\python38\lib\site-packages\starlette\middleware\cors.py", line 144, in simple_response
    await self.app(scope, receive, send)
  File "c:\python38\lib\site-packages\starlette\middleware\exceptions.py", line 62, in __call__
    await wrap_app_handling_exceptions(self.app, conn)(scope, receive, send)
  File "c:\python38\lib\site-packages\starlette\_exception_handler.py", line 53, in wrapped_app
    raise exc
  File "c:\python38\lib\site-packages\starlette\_exception_handler.py", line 42, in wrapped_app
    await app(scope, receive, sender)
  File "c:\python38\lib\site-packages\fastapi\middleware\asyncexitstack.py", line 18, in __call__
    await self.app(scope, receive, send)
  File "c:\python38\lib\site-packages\starlette\routing.py", line 715, in __call__
    await self.middleware_stack(scope, receive, send)
  File "c:\python38\lib\site-packages\starlette\routing.py", line 735, in app
    await route.handle(scope, receive, send)
  File "c:\python38\lib\site-packages\starlette\routing.py", line 288, in handle
    await self.app(scope, receive, send)
  File "c:\python38\lib\site-packages\fastapi\routing.py", line 120, in app
    await wrap_app_handling_exceptions(app, request)(scope, receive, send)
  File "c:\python38\lib\site-packages\starlette\_exception_handler.py", line 53, in wrapped_app
    raise exc
  File "c:\python38\lib\site-packages\starlette\_exception_handler.py", line 42, in wrapped_app
    await app(scope, receive, sender)
  File "c:\python38\lib\site-packages\fastapi\routing.py", line 106, in app
    response = await f(request)
  File "c:\python38\lib\site-packages\fastapi\routing.py", line 430, in app
    raw_response = await run_endpoint_function(
  File "c:\python38\lib\site-packages\fastapi\routing.py", line 316, in run_endpoint_function
    return await dependant.call(**values)
  File "C:\Users\rrmsz\Rental-Management-System\backend\routers\rentals.py", line 60, in get_rental_summary
    if actual_return > expected_return:
TypeError: can't compare offset-naive and offset-aware datetimes

Error on http://localhost:8001/api/rentals/c553456a-c3b0-4d08-b017-84ec0835174b/summary:
Traceback (most recent call last):
  File "c:\python38\lib\site-packages\anyio\streams\memory.py", line 111, in receive
    return self.receive_nowait()
  File "c:\python38\lib\site-packages\anyio\streams\memory.py", line 106, in receive_nowait
    raise WouldBlock
anyio.WouldBlock

During handling of the above exception, another exception occurred:

Traceback (most recent call last):
  File "c:\python38\lib\site-packages\anyio\streams\memory.py", line 124, in receive
    return receiver.item
AttributeError: 'MemoryObjectItemReceiver' object has no attribute 'item'

During handling of the above exception, another exception occurred:

Traceback (most recent call last):
  File "c:\python38\lib\site-packages\starlette\middleware\base.py", line 157, in call_next
    message = await recv_stream.receive()
  File "c:\python38\lib\site-packages\anyio\streams\memory.py", line 126, in receive
    raise EndOfStream
anyio.EndOfStream

During handling of the above exception, another exception occurred:

Traceback (most recent call last):
  File "C:\Users\rrmsz\Rental-Management-System\backend\server.py", line 75, in catch_exceptions_middleware
    return await call_next(request)
  File "c:\python38\lib\site-packages\starlette\middleware\base.py", line 163, in call_next
    raise app_exc
  File "c:\python38\lib\site-packages\starlette\middleware\base.py", line 149, in coro
    await self.app(scope, receive_or_disconnect, send_no_error)
  File "c:\python38\lib\site-packages\starlette\middleware\cors.py", line 93, in __call__
    await self.simple_response(scope, receive, send, request_headers=headers)
  File "c:\python38\lib\site-packages\starlette\middleware\cors.py", line 144, in simple_response
    await self.app(scope, receive, send)
  File "c:\python38\lib\site-packages\starlette\middleware\exceptions.py", line 62, in __call__
    await wrap_app_handling_exceptions(self.app, conn)(scope, receive, send)
  File "c:\python38\lib\site-packages\starlette\_exception_handler.py", line 53, in wrapped_app
    raise exc
  File "c:\python38\lib\site-packages\starlette\_exception_handler.py", line 42, in wrapped_app
    await app(scope, receive, sender)
  File "c:\python38\lib\site-packages\fastapi\middleware\asyncexitstack.py", line 18, in __call__
    await self.app(scope, receive, send)
  File "c:\python38\lib\site-packages\starlette\routing.py", line 715, in __call__
    await self.middleware_stack(scope, receive, send)
  File "c:\python38\lib\site-packages\starlette\routing.py", line 735, in app
    await route.handle(scope, receive, send)
  File "c:\python38\lib\site-packages\starlette\routing.py", line 288, in handle
    await self.app(scope, receive, send)
  File "c:\python38\lib\site-packages\fastapi\routing.py", line 120, in app
    await wrap_app_handling_exceptions(app, request)(scope, receive, send)
  File "c:\python38\lib\site-packages\starlette\_exception_handler.py", line 53, in wrapped_app
    raise exc
  File "c:\python38\lib\site-packages\starlette\_exception_handler.py", line 42, in wrapped_app
    await app(scope, receive, sender)
  File "c:\python38\lib\site-packages\fastapi\routing.py", line 106, in app
    response = await f(request)
  File "c:\python38\lib\site-packages\fastapi\routing.py", line 430, in app
    raw_response = await run_endpoint_function(
  File "c:\python38\lib\site-packages\fastapi\routing.py", line 316, in run_endpoint_function
    return await dependant.call(**values)
  File "C:\Users\rrmsz\Rental-Management-System\backend\routers\rentals.py", line 51, in get_rental_summary
    rental_days = calculate_rental_days(rental["start_date"], rental["end_date"])
  File "C:\Users\rrmsz\Rental-Management-System\backend\routers\rentals.py", line 22, in calculate_rental_days
    end = datetime.fromisoformat(end_date)
ValueError: Invalid isoformat string: ''

Error on http://localhost:8001/api/rentals/c553456a-c3b0-4d08-b017-84ec0835174b/summary:
Traceback (most recent call last):
  File "c:\python38\lib\site-packages\anyio\streams\memory.py", line 111, in receive
    return self.receive_nowait()
  File "c:\python38\lib\site-packages\anyio\streams\memory.py", line 106, in receive_nowait
    raise WouldBlock
anyio.WouldBlock

During handling of the above exception, another exception occurred:

Traceback (most recent call last):
  File "c:\python38\lib\site-packages\anyio\streams\memory.py", line 124, in receive
    return receiver.item
AttributeError: 'MemoryObjectItemReceiver' object has no attribute 'item'

During handling of the above exception, another exception occurred:

Traceback (most recent call last):
  File "c:\python38\lib\site-packages\starlette\middleware\base.py", line 157, in call_next
    message = await recv_stream.receive()
  File "c:\python38\lib\site-packages\anyio\streams\memory.py", line 126, in receive
    raise EndOfStream
anyio.EndOfStream

During handling of the above exception, another exception occurred:

Traceback (most recent call last):
  File "C:\Users\rrmsz\Rental-Management-System\backend\server.py", line 75, in catch_exceptions_middleware
    return await call_next(request)
  File "c:\python38\lib\site-packages\starlette\middleware\base.py", line 163, in call_next
    raise app_exc
  File "c:\python38\lib\site-packages\starlette\middleware\base.py", line 149, in coro
    await self.app(scope, receive_or_disconnect, send_no_error)
  File "c:\python38\lib\site-packages\starlette\middleware\cors.py", line 93, in __call__
    await self.simple_response(scope, receive, send, request_headers=headers)
  File "c:\python38\lib\site-packages\starlette\middleware\cors.py", line 144, in simple_response
    await self.app(scope, receive, send)
  File "c:\python38\lib\site-packages\starlette\middleware\exceptions.py", line 62, in __call__
    await wrap_app_handling_exceptions(self.app, conn)(scope, receive, send)
  File "c:\python38\lib\site-packages\starlette\_exception_handler.py", line 53, in wrapped_app
    raise exc
  File "c:\python38\lib\site-packages\starlette\_exception_handler.py", line 42, in wrapped_app
    await app(scope, receive, sender)
  File "c:\python38\lib\site-packages\fastapi\middleware\asyncexitstack.py", line 18, in __call__
    await self.app(scope, receive, send)
  File "c:\python38\lib\site-packages\starlette\routing.py", line 715, in __call__
    await self.middleware_stack(scope, receive, send)
  File "c:\python38\lib\site-packages\starlette\routing.py", line 735, in app
    await route.handle(scope, receive, send)
  File "c:\python38\lib\site-packages\starlette\routing.py", line 288, in handle
    await self.app(scope, receive, send)
  File "c:\python38\lib\site-packages\fastapi\routing.py", line 120, in app
    await wrap_app_handling_exceptions(app, request)(scope, receive, send)
  File "c:\python38\lib\site-packages\starlette\_exception_handler.py", line 53, in wrapped_app
    raise exc
  File "c:\python38\lib\site-packages\starlette\_exception_handler.py", line 42, in wrapped_app
    await app(scope, receive, sender)
  File "c:\python38\lib\site-packages\fastapi\routing.py", line 106, in app
    response = await f(request)
  File "c:\python38\lib\site-packages\fastapi\routing.py", line 430, in app
    raw_response = await run_endpoint_function(
  File "c:\python38\lib\site-packages\fastapi\routing.py", line 316, in run_endpoint_function
    return await dependant.call(**values)
  File "C:\Users\rrmsz\Rental-Management-System\backend\routers\rentals.py", line 51, in get_rental_summary
    rental_days = calculate_rental_days(rental["start_date"], rental["end_date"])
  File "C:\Users\rrmsz\Rental-Management-System\backend\routers\rentals.py", line 22, in calculate_rental_days
    end = datetime.fromisoformat(end_date)
ValueError: Invalid isoformat string: ''

Error on http://localhost:8001/api/rentals/c553456a-c3b0-4d08-b017-84ec0835174b/close?return_date=2026-03-01T00:00:00.000Z&tax_rate=0.05&discount_amount=0&paid=true&payment_method=%D9%86%D9%82%D8%AF%D9%8A:
Traceback (most recent call last):
  File "c:\python38\lib\site-packages\anyio\streams\memory.py", line 111, in receive
    return self.receive_nowait()
  File "c:\python38\lib\site-packages\anyio\streams\memory.py", line 106, in receive_nowait
    raise WouldBlock
anyio.WouldBlock

During handling of the above exception, another exception occurred:

Traceback (most recent call last):
  File "c:\python38\lib\site-packages\anyio\streams\memory.py", line 124, in receive
    return receiver.item
AttributeError: 'MemoryObjectItemReceiver' object has no attribute 'item'

During handling of the above exception, another exception occurred:

Traceback (most recent call last):
  File "c:\python38\lib\site-packages\starlette\middleware\base.py", line 157, in call_next
    message = await recv_stream.receive()
  File "c:\python38\lib\site-packages\anyio\streams\memory.py", line 126, in receive
    raise EndOfStream
anyio.EndOfStream

During handling of the above exception, another exception occurred:

Traceback (most recent call last):
  File "C:\Users\rrmsz\Rental-Management-System\backend\server.py", line 75, in catch_exceptions_middleware
    return await call_next(request)
  File "c:\python38\lib\site-packages\starlette\middleware\base.py", line 163, in call_next
    raise app_exc
  File "c:\python38\lib\site-packages\starlette\middleware\base.py", line 149, in coro
    await self.app(scope, receive_or_disconnect, send_no_error)
  File "c:\python38\lib\site-packages\starlette\middleware\cors.py", line 93, in __call__
    await self.simple_response(scope, receive, send, request_headers=headers)
  File "c:\python38\lib\site-packages\starlette\middleware\cors.py", line 144, in simple_response
    await self.app(scope, receive, send)
  File "c:\python38\lib\site-packages\starlette\middleware\exceptions.py", line 62, in __call__
    await wrap_app_handling_exceptions(self.app, conn)(scope, receive, send)
  File "c:\python38\lib\site-packages\starlette\_exception_handler.py", line 53, in wrapped_app
    raise exc
  File "c:\python38\lib\site-packages\starlette\_exception_handler.py", line 42, in wrapped_app
    await app(scope, receive, sender)
  File "c:\python38\lib\site-packages\fastapi\middleware\asyncexitstack.py", line 18, in __call__
    await self.app(scope, receive, send)
  File "c:\python38\lib\site-packages\starlette\routing.py", line 715, in __call__
    await self.middleware_stack(scope, receive, send)
  File "c:\python38\lib\site-packages\starlette\routing.py", line 735, in app
    await route.handle(scope, receive, send)
  File "c:\python38\lib\site-packages\starlette\routing.py", line 288, in handle
    await self.app(scope, receive, send)
  File "c:\python38\lib\site-packages\fastapi\routing.py", line 120, in app
    await wrap_app_handling_exceptions(app, request)(scope, receive, send)
  File "c:\python38\lib\site-packages\starlette\_exception_handler.py", line 53, in wrapped_app
    raise exc
  File "c:\python38\lib\site-packages\starlette\_exception_handler.py", line 42, in wrapped_app
    await app(scope, receive, sender)
  File "c:\python38\lib\site-packages\fastapi\routing.py", line 106, in app
    response = await f(request)
  File "c:\python38\lib\site-packages\fastapi\routing.py", line 430, in app
    raw_response = await run_endpoint_function(
  File "c:\python38\lib\site-packages\fastapi\routing.py", line 316, in run_endpoint_function
    return await dependant.call(**values)
  File "C:\Users\rrmsz\Rental-Management-System\backend\routers\rentals.py", line 230, in close_rental
    actual_return_dt = datetime.fromisoformat(actual_return)
ValueError: Invalid isoformat string: '2026-03-01T00:00:00.000Z'

Error on http://localhost:8001/api/rentals/928457fc-c474-414f-b969-0f3c185795d0/summary:
Traceback (most recent call last):
  File "c:\python38\lib\site-packages\anyio\streams\memory.py", line 111, in receive
    return self.receive_nowait()
  File "c:\python38\lib\site-packages\anyio\streams\memory.py", line 106, in receive_nowait
    raise WouldBlock
anyio.WouldBlock

During handling of the above exception, another exception occurred:

Traceback (most recent call last):
  File "c:\python38\lib\site-packages\anyio\streams\memory.py", line 124, in receive
    return receiver.item
AttributeError: 'MemoryObjectItemReceiver' object has no attribute 'item'

During handling of the above exception, another exception occurred:

Traceback (most recent call last):
  File "c:\python38\lib\site-packages\starlette\middleware\base.py", line 157, in call_next
    message = await recv_stream.receive()
  File "c:\python38\lib\site-packages\anyio\streams\memory.py", line 126, in receive
    raise EndOfStream
anyio.EndOfStream

During handling of the above exception, another exception occurred:

Traceback (most recent call last):
  File "C:\Users\rrmsz\Rental-Management-System\backend\server.py", line 75, in catch_exceptions_middleware
    return await call_next(request)
  File "c:\python38\lib\site-packages\starlette\middleware\base.py", line 163, in call_next
    raise app_exc
  File "c:\python38\lib\site-packages\starlette\middleware\base.py", line 149, in coro
    await self.app(scope, receive_or_disconnect, send_no_error)
  File "c:\python38\lib\site-packages\starlette\middleware\cors.py", line 93, in __call__
    await self.simple_response(scope, receive, send, request_headers=headers)
  File "c:\python38\lib\site-packages\starlette\middleware\cors.py", line 144, in simple_response
    await self.app(scope, receive, send)
  File "c:\python38\lib\site-packages\starlette\middleware\exceptions.py", line 62, in __call__
    await wrap_app_handling_exceptions(self.app, conn)(scope, receive, send)
  File "c:\python38\lib\site-packages\starlette\_exception_handler.py", line 53, in wrapped_app
    raise exc
  File "c:\python38\lib\site-packages\starlette\_exception_handler.py", line 42, in wrapped_app
    await app(scope, receive, sender)
  File "c:\python38\lib\site-packages\fastapi\middleware\asyncexitstack.py", line 18, in __call__
    await self.app(scope, receive, send)
  File "c:\python38\lib\site-packages\starlette\routing.py", line 715, in __call__
    await self.middleware_stack(scope, receive, send)
  File "c:\python38\lib\site-packages\starlette\routing.py", line 735, in app
    await route.handle(scope, receive, send)
  File "c:\python38\lib\site-packages\starlette\routing.py", line 288, in handle
    await self.app(scope, receive, send)
  File "c:\python38\lib\site-packages\fastapi\routing.py", line 120, in app
    await wrap_app_handling_exceptions(app, request)(scope, receive, send)
  File "c:\python38\lib\site-packages\starlette\_exception_handler.py", line 53, in wrapped_app
    raise exc
  File "c:\python38\lib\site-packages\starlette\_exception_handler.py", line 42, in wrapped_app
    await app(scope, receive, sender)
  File "c:\python38\lib\site-packages\fastapi\routing.py", line 106, in app
    response = await f(request)
  File "c:\python38\lib\site-packages\fastapi\routing.py", line 430, in app
    raw_response = await run_endpoint_function(
  File "c:\python38\lib\site-packages\fastapi\routing.py", line 316, in run_endpoint_function
    return await dependant.call(**values)
  File "C:\Users\rrmsz\Rental-Management-System\backend\routers\rentals.py", line 60, in get_rental_summary
    if actual_return > expected_return:
TypeError: can't compare offset-naive and offset-aware datetimes

Error on http://localhost:8001/api/reports/dashboard/v2:
Traceback (most recent call last):
  File "c:\python38\lib\site-packages\anyio\streams\memory.py", line 111, in receive
    return self.receive_nowait()
  File "c:\python38\lib\site-packages\anyio\streams\memory.py", line 106, in receive_nowait
    raise WouldBlock
anyio.WouldBlock

During handling of the above exception, another exception occurred:

Traceback (most recent call last):
  File "c:\python38\lib\site-packages\anyio\streams\memory.py", line 124, in receive
    return receiver.item
AttributeError: 'MemoryObjectItemReceiver' object has no attribute 'item'

During handling of the above exception, another exception occurred:

Traceback (most recent call last):
  File "c:\python38\lib\site-packages\starlette\middleware\base.py", line 157, in call_next
    message = await recv_stream.receive()
  File "c:\python38\lib\site-packages\anyio\streams\memory.py", line 126, in receive
    raise EndOfStream
anyio.EndOfStream

During handling of the above exception, another exception occurred:

Traceback (most recent call last):
  File "C:\Users\rrmsz\Rental-Management-System\backend\server.py", line 75, in catch_exceptions_middleware
    return await call_next(request)
  File "c:\python38\lib\site-packages\starlette\middleware\base.py", line 163, in call_next
    raise app_exc
  File "c:\python38\lib\site-packages\starlette\middleware\base.py", line 149, in coro
    await self.app(scope, receive_or_disconnect, send_no_error)
  File "c:\python38\lib\site-packages\starlette\middleware\cors.py", line 93, in __call__
    await self.simple_response(scope, receive, send, request_headers=headers)
  File "c:\python38\lib\site-packages\starlette\middleware\cors.py", line 144, in simple_response
    await self.app(scope, receive, send)
  File "c:\python38\lib\site-packages\starlette\middleware\exceptions.py", line 62, in __call__
    await wrap_app_handling_exceptions(self.app, conn)(scope, receive, send)
  File "c:\python38\lib\site-packages\starlette\_exception_handler.py", line 53, in wrapped_app
    raise exc
  File "c:\python38\lib\site-packages\starlette\_exception_handler.py", line 42, in wrapped_app
    await app(scope, receive, sender)
  File "c:\python38\lib\site-packages\fastapi\middleware\asyncexitstack.py", line 18, in __call__
    await self.app(scope, receive, send)
  File "c:\python38\lib\site-packages\starlette\routing.py", line 715, in __call__
    await self.middleware_stack(scope, receive, send)
  File "c:\python38\lib\site-packages\starlette\routing.py", line 735, in app
    await route.handle(scope, receive, send)
  File "c:\python38\lib\site-packages\starlette\routing.py", line 288, in handle
    await self.app(scope, receive, send)
  File "c:\python38\lib\site-packages\fastapi\routing.py", line 120, in app
    await wrap_app_handling_exceptions(app, request)(scope, receive, send)
  File "c:\python38\lib\site-packages\starlette\_exception_handler.py", line 53, in wrapped_app
    raise exc
  File "c:\python38\lib\site-packages\starlette\_exception_handler.py", line 42, in wrapped_app
    await app(scope, receive, sender)
  File "c:\python38\lib\site-packages\fastapi\routing.py", line 106, in app
    response = await f(request)
  File "c:\python38\lib\site-packages\fastapi\routing.py", line 430, in app
    raw_response = await run_endpoint_function(
  File "c:\python38\lib\site-packages\fastapi\routing.py", line 316, in run_endpoint_function
    return await dependant.call(**values)
  File "C:\Users\rrmsz\Rental-Management-System\backend\routers\reports.py", line 153, in get_dashboard_stats_v2
    return await reports_service.get_dashboard_stats()
  File "C:\Users\rrmsz\Rental-Management-System\backend\services\reports_service.py", line 19, in get_dashboard_stats
    today_revenue = sum(inv["total"] for inv in all_invoices if datetime.fromisoformat(inv["created_at"]) >= today_start)
  File "C:\Users\rrmsz\Rental-Management-System\backend\services\reports_service.py", line 19, in <genexpr>
    today_revenue = sum(inv["total"] for inv in all_invoices if datetime.fromisoformat(inv["created_at"]) >= today_start)
TypeError: can't compare offset-naive and offset-aware datetimes

Error on http://localhost:8001/api/reports/dashboard/v2:
Traceback (most recent call last):
  File "c:\python38\lib\site-packages\anyio\streams\memory.py", line 111, in receive
    return self.receive_nowait()
  File "c:\python38\lib\site-packages\anyio\streams\memory.py", line 106, in receive_nowait
    raise WouldBlock
anyio.WouldBlock

During handling of the above exception, another exception occurred:

Traceback (most recent call last):
  File "c:\python38\lib\site-packages\anyio\streams\memory.py", line 124, in receive
    return receiver.item
AttributeError: 'MemoryObjectItemReceiver' object has no attribute 'item'

During handling of the above exception, another exception occurred:

Traceback (most recent call last):
  File "c:\python38\lib\site-packages\starlette\middleware\base.py", line 157, in call_next
    message = await recv_stream.receive()
  File "c:\python38\lib\site-packages\anyio\streams\memory.py", line 126, in receive
    raise EndOfStream
anyio.EndOfStream

During handling of the above exception, another exception occurred:

Traceback (most recent call last):
  File "C:\Users\rrmsz\Rental-Management-System\backend\server.py", line 75, in catch_exceptions_middleware
    return await call_next(request)
  File "c:\python38\lib\site-packages\starlette\middleware\base.py", line 163, in call_next
    raise app_exc
  File "c:\python38\lib\site-packages\starlette\middleware\base.py", line 149, in coro
    await self.app(scope, receive_or_disconnect, send_no_error)
  File "c:\python38\lib\site-packages\starlette\middleware\cors.py", line 93, in __call__
    await self.simple_response(scope, receive, send, request_headers=headers)
  File "c:\python38\lib\site-packages\starlette\middleware\cors.py", line 144, in simple_response
    await self.app(scope, receive, send)
  File "c:\python38\lib\site-packages\starlette\middleware\exceptions.py", line 62, in __call__
    await wrap_app_handling_exceptions(self.app, conn)(scope, receive, send)
  File "c:\python38\lib\site-packages\starlette\_exception_handler.py", line 53, in wrapped_app
    raise exc
  File "c:\python38\lib\site-packages\starlette\_exception_handler.py", line 42, in wrapped_app
    await app(scope, receive, sender)
  File "c:\python38\lib\site-packages\fastapi\middleware\asyncexitstack.py", line 18, in __call__
    await self.app(scope, receive, send)
  File "c:\python38\lib\site-packages\starlette\routing.py", line 715, in __call__
    await self.middleware_stack(scope, receive, send)
  File "c:\python38\lib\site-packages\starlette\routing.py", line 735, in app
    await route.handle(scope, receive, send)
  File "c:\python38\lib\site-packages\starlette\routing.py", line 288, in handle
    await self.app(scope, receive, send)
  File "c:\python38\lib\site-packages\fastapi\routing.py", line 120, in app
    await wrap_app_handling_exceptions(app, request)(scope, receive, send)
  File "c:\python38\lib\site-packages\starlette\_exception_handler.py", line 53, in wrapped_app
    raise exc
  File "c:\python38\lib\site-packages\starlette\_exception_handler.py", line 42, in wrapped_app
    await app(scope, receive, sender)
  File "c:\python38\lib\site-packages\fastapi\routing.py", line 106, in app
    response = await f(request)
  File "c:\python38\lib\site-packages\fastapi\routing.py", line 430, in app
    raw_response = await run_endpoint_function(
  File "c:\python38\lib\site-packages\fastapi\routing.py", line 316, in run_endpoint_function
    return await dependant.call(**values)
  File "C:\Users\rrmsz\Rental-Management-System\backend\routers\reports.py", line 153, in get_dashboard_stats_v2
    return await reports_service.get_dashboard_stats()
  File "C:\Users\rrmsz\Rental-Management-System\backend\services\reports_service.py", line 19, in get_dashboard_stats
    today_revenue = sum(inv["total"] for inv in all_invoices if datetime.fromisoformat(inv["created_at"]) >= today_start)
  File "C:\Users\rrmsz\Rental-Management-System\backend\services\reports_service.py", line 19, in <genexpr>
    today_revenue = sum(inv["total"] for inv in all_invoices if datetime.fromisoformat(inv["created_at"]) >= today_start)
TypeError: can't compare offset-naive and offset-aware datetimes

Error on http://localhost:8001/api/reports/dashboard/v2:
Traceback (most recent call last):
  File "c:\python38\lib\site-packages\anyio\streams\memory.py", line 111, in receive
    return self.receive_nowait()
  File "c:\python38\lib\site-packages\anyio\streams\memory.py", line 106, in receive_nowait
    raise WouldBlock
anyio.WouldBlock

During handling of the above exception, another exception occurred:

Traceback (most recent call last):
  File "c:\python38\lib\site-packages\anyio\streams\memory.py", line 124, in receive
    return receiver.item
AttributeError: 'MemoryObjectItemReceiver' object has no attribute 'item'

During handling of the above exception, another exception occurred:

Traceback (most recent call last):
  File "c:\python38\lib\site-packages\starlette\middleware\base.py", line 157, in call_next
    message = await recv_stream.receive()
  File "c:\python38\lib\site-packages\anyio\streams\memory.py", line 126, in receive
    raise EndOfStream
anyio.EndOfStream

During handling of the above exception, another exception occurred:

Traceback (most recent call last):
  File "C:\Users\rrmsz\Rental-Management-System\backend\server.py", line 75, in catch_exceptions_middleware
    return await call_next(request)
  File "c:\python38\lib\site-packages\starlette\middleware\base.py", line 163, in call_next
    raise app_exc
  File "c:\python38\lib\site-packages\starlette\middleware\base.py", line 149, in coro
    await self.app(scope, receive_or_disconnect, send_no_error)
  File "c:\python38\lib\site-packages\starlette\middleware\cors.py", line 93, in __call__
    await self.simple_response(scope, receive, send, request_headers=headers)
  File "c:\python38\lib\site-packages\starlette\middleware\cors.py", line 144, in simple_response
    await self.app(scope, receive, send)
  File "c:\python38\lib\site-packages\starlette\middleware\exceptions.py", line 62, in __call__
    await wrap_app_handling_exceptions(self.app, conn)(scope, receive, send)
  File "c:\python38\lib\site-packages\starlette\_exception_handler.py", line 53, in wrapped_app
    raise exc
  File "c:\python38\lib\site-packages\starlette\_exception_handler.py", line 42, in wrapped_app
    await app(scope, receive, sender)
  File "c:\python38\lib\site-packages\fastapi\middleware\asyncexitstack.py", line 18, in __call__
    await self.app(scope, receive, send)
  File "c:\python38\lib\site-packages\starlette\routing.py", line 715, in __call__
    await self.middleware_stack(scope, receive, send)
  File "c:\python38\lib\site-packages\starlette\routing.py", line 735, in app
    await route.handle(scope, receive, send)
  File "c:\python38\lib\site-packages\starlette\routing.py", line 288, in handle
    await self.app(scope, receive, send)
  File "c:\python38\lib\site-packages\fastapi\routing.py", line 120, in app
    await wrap_app_handling_exceptions(app, request)(scope, receive, send)
  File "c:\python38\lib\site-packages\starlette\_exception_handler.py", line 53, in wrapped_app
    raise exc
  File "c:\python38\lib\site-packages\starlette\_exception_handler.py", line 42, in wrapped_app
    await app(scope, receive, sender)
  File "c:\python38\lib\site-packages\fastapi\routing.py", line 106, in app
    response = await f(request)
  File "c:\python38\lib\site-packages\fastapi\routing.py", line 430, in app
    raw_response = await run_endpoint_function(
  File "c:\python38\lib\site-packages\fastapi\routing.py", line 316, in run_endpoint_function
    return await dependant.call(**values)
  File "C:\Users\rrmsz\Rental-Management-System\backend\routers\reports.py", line 153, in get_dashboard_stats_v2
    return await reports_service.get_dashboard_stats()
  File "C:\Users\rrmsz\Rental-Management-System\backend\services\reports_service.py", line 19, in get_dashboard_stats
    today_revenue = sum(inv["total"] for inv in all_invoices if datetime.fromisoformat(inv["created_at"]) >= today_start)
  File "C:\Users\rrmsz\Rental-Management-System\backend\services\reports_service.py", line 19, in <genexpr>
    today_revenue = sum(inv["total"] for inv in all_invoices if datetime.fromisoformat(inv["created_at"]) >= today_start)
TypeError: can't compare offset-naive and offset-aware datetimes

Error on http://localhost:8001/api/reports/dashboard/v2:
Traceback (most recent call last):
  File "c:\python38\lib\site-packages\anyio\streams\memory.py", line 111, in receive
    return self.receive_nowait()
  File "c:\python38\lib\site-packages\anyio\streams\memory.py", line 106, in receive_nowait
    raise WouldBlock
anyio.WouldBlock

During handling of the above exception, another exception occurred:

Traceback (most recent call last):
  File "c:\python38\lib\site-packages\anyio\streams\memory.py", line 124, in receive
    return receiver.item
AttributeError: 'MemoryObjectItemReceiver' object has no attribute 'item'

During handling of the above exception, another exception occurred:

Traceback (most recent call last):
  File "c:\python38\lib\site-packages\starlette\middleware\base.py", line 157, in call_next
    message = await recv_stream.receive()
  File "c:\python38\lib\site-packages\anyio\streams\memory.py", line 126, in receive
    raise EndOfStream
anyio.EndOfStream

During handling of the above exception, another exception occurred:

Traceback (most recent call last):
  File "C:\Users\rrmsz\Rental-Management-System\backend\server.py", line 75, in catch_exceptions_middleware
    return await call_next(request)
  File "c:\python38\lib\site-packages\starlette\middleware\base.py", line 163, in call_next
    raise app_exc
  File "c:\python38\lib\site-packages\starlette\middleware\base.py", line 149, in coro
    await self.app(scope, receive_or_disconnect, send_no_error)
  File "c:\python38\lib\site-packages\starlette\middleware\cors.py", line 93, in __call__
    await self.simple_response(scope, receive, send, request_headers=headers)
  File "c:\python38\lib\site-packages\starlette\middleware\cors.py", line 144, in simple_response
    await self.app(scope, receive, send)
  File "c:\python38\lib\site-packages\starlette\middleware\exceptions.py", line 62, in __call__
    await wrap_app_handling_exceptions(self.app, conn)(scope, receive, send)
  File "c:\python38\lib\site-packages\starlette\_exception_handler.py", line 53, in wrapped_app
    raise exc
  File "c:\python38\lib\site-packages\starlette\_exception_handler.py", line 42, in wrapped_app
    await app(scope, receive, sender)
  File "c:\python38\lib\site-packages\fastapi\middleware\asyncexitstack.py", line 18, in __call__
    await self.app(scope, receive, send)
  File "c:\python38\lib\site-packages\starlette\routing.py", line 715, in __call__
    await self.middleware_stack(scope, receive, send)
  File "c:\python38\lib\site-packages\starlette\routing.py", line 735, in app
    await route.handle(scope, receive, send)
  File "c:\python38\lib\site-packages\starlette\routing.py", line 288, in handle
    await self.app(scope, receive, send)
  File "c:\python38\lib\site-packages\fastapi\routing.py", line 120, in app
    await wrap_app_handling_exceptions(app, request)(scope, receive, send)
  File "c:\python38\lib\site-packages\starlette\_exception_handler.py", line 53, in wrapped_app
    raise exc
  File "c:\python38\lib\site-packages\starlette\_exception_handler.py", line 42, in wrapped_app
    await app(scope, receive, sender)
  File "c:\python38\lib\site-packages\fastapi\routing.py", line 106, in app
    response = await f(request)
  File "c:\python38\lib\site-packages\fastapi\routing.py", line 430, in app
    raw_response = await run_endpoint_function(
  File "c:\python38\lib\site-packages\fastapi\routing.py", line 316, in run_endpoint_function
    return await dependant.call(**values)
  File "C:\Users\rrmsz\Rental-Management-System\backend\routers\reports.py", line 153, in get_dashboard_stats_v2
    return await reports_service.get_dashboard_stats()
  File "C:\Users\rrmsz\Rental-Management-System\backend\services\reports_service.py", line 19, in get_dashboard_stats
    today_revenue = sum(inv["total"] for inv in all_invoices if datetime.fromisoformat(inv["created_at"]) >= today_start)
  File "C:\Users\rrmsz\Rental-Management-System\backend\services\reports_service.py", line 19, in <genexpr>
    today_revenue = sum(inv["total"] for inv in all_invoices if datetime.fromisoformat(inv["created_at"]) >= today_start)
TypeError: can't compare offset-naive and offset-aware datetimes

Error on http://localhost:8001/api/reports/dashboard/v2:
Traceback (most recent call last):
  File "c:\python38\lib\site-packages\anyio\streams\memory.py", line 111, in receive
    return self.receive_nowait()
  File "c:\python38\lib\site-packages\anyio\streams\memory.py", line 106, in receive_nowait
    raise WouldBlock
anyio.WouldBlock

During handling of the above exception, another exception occurred:

Traceback (most recent call last):
  File "c:\python38\lib\site-packages\anyio\streams\memory.py", line 124, in receive
    return receiver.item
AttributeError: 'MemoryObjectItemReceiver' object has no attribute 'item'

During handling of the above exception, another exception occurred:

Traceback (most recent call last):
  File "c:\python38\lib\site-packages\starlette\middleware\base.py", line 157, in call_next
    message = await recv_stream.receive()
  File "c:\python38\lib\site-packages\anyio\streams\memory.py", line 126, in receive
    raise EndOfStream
anyio.EndOfStream

During handling of the above exception, another exception occurred:

Traceback (most recent call last):
  File "C:\Users\rrmsz\Rental-Management-System\backend\server.py", line 75, in catch_exceptions_middleware
    return await call_next(request)
  File "c:\python38\lib\site-packages\starlette\middleware\base.py", line 163, in call_next
    raise app_exc
  File "c:\python38\lib\site-packages\starlette\middleware\base.py", line 149, in coro
    await self.app(scope, receive_or_disconnect, send_no_error)
  File "c:\python38\lib\site-packages\starlette\middleware\cors.py", line 93, in __call__
    await self.simple_response(scope, receive, send, request_headers=headers)
  File "c:\python38\lib\site-packages\starlette\middleware\cors.py", line 144, in simple_response
    await self.app(scope, receive, send)
  File "c:\python38\lib\site-packages\starlette\middleware\exceptions.py", line 62, in __call__
    await wrap_app_handling_exceptions(self.app, conn)(scope, receive, send)
  File "c:\python38\lib\site-packages\starlette\_exception_handler.py", line 53, in wrapped_app
    raise exc
  File "c:\python38\lib\site-packages\starlette\_exception_handler.py", line 42, in wrapped_app
    await app(scope, receive, sender)
  File "c:\python38\lib\site-packages\fastapi\middleware\asyncexitstack.py", line 18, in __call__
    await self.app(scope, receive, send)
  File "c:\python38\lib\site-packages\starlette\routing.py", line 715, in __call__
    await self.middleware_stack(scope, receive, send)
  File "c:\python38\lib\site-packages\starlette\routing.py", line 735, in app
    await route.handle(scope, receive, send)
  File "c:\python38\lib\site-packages\starlette\routing.py", line 288, in handle
    await self.app(scope, receive, send)
  File "c:\python38\lib\site-packages\fastapi\routing.py", line 120, in app
    await wrap_app_handling_exceptions(app, request)(scope, receive, send)
  File "c:\python38\lib\site-packages\starlette\_exception_handler.py", line 53, in wrapped_app
    raise exc
  File "c:\python38\lib\site-packages\starlette\_exception_handler.py", line 42, in wrapped_app
    await app(scope, receive, sender)
  File "c:\python38\lib\site-packages\fastapi\routing.py", line 106, in app
    response = await f(request)
  File "c:\python38\lib\site-packages\fastapi\routing.py", line 430, in app
    raw_response = await run_endpoint_function(
  File "c:\python38\lib\site-packages\fastapi\routing.py", line 316, in run_endpoint_function
    return await dependant.call(**values)
  File "C:\Users\rrmsz\Rental-Management-System\backend\routers\reports.py", line 153, in get_dashboard_stats_v2
    return await reports_service.get_dashboard_stats()
  File "C:\Users\rrmsz\Rental-Management-System\backend\services\reports_service.py", line 19, in get_dashboard_stats
    today_revenue = sum(inv["total"] for inv in all_invoices if datetime.fromisoformat(inv["created_at"]) >= today_start)
  File "C:\Users\rrmsz\Rental-Management-System\backend\services\reports_service.py", line 19, in <genexpr>
    today_revenue = sum(inv["total"] for inv in all_invoices if datetime.fromisoformat(inv["created_at"]) >= today_start)
TypeError: can't compare offset-naive and offset-aware datetimes

Error on http://localhost:8001/api/reports/dashboard/v2:
Traceback (most recent call last):
  File "c:\python38\lib\site-packages\anyio\streams\memory.py", line 111, in receive
    return self.receive_nowait()
  File "c:\python38\lib\site-packages\anyio\streams\memory.py", line 106, in receive_nowait
    raise WouldBlock
anyio.WouldBlock

During handling of the above exception, another exception occurred:

Traceback (most recent call last):
  File "c:\python38\lib\site-packages\anyio\streams\memory.py", line 124, in receive
    return receiver.item
AttributeError: 'MemoryObjectItemReceiver' object has no attribute 'item'

During handling of the above exception, another exception occurred:

Traceback (most recent call last):
  File "c:\python38\lib\site-packages\starlette\middleware\base.py", line 157, in call_next
    message = await recv_stream.receive()
  File "c:\python38\lib\site-packages\anyio\streams\memory.py", line 126, in receive
    raise EndOfStream
anyio.EndOfStream

During handling of the above exception, another exception occurred:

Traceback (most recent call last):
  File "C:\Users\rrmsz\Rental-Management-System\backend\server.py", line 75, in catch_exceptions_middleware
    return await call_next(request)
  File "c:\python38\lib\site-packages\starlette\middleware\base.py", line 163, in call_next
    raise app_exc
  File "c:\python38\lib\site-packages\starlette\middleware\base.py", line 149, in coro
    await self.app(scope, receive_or_disconnect, send_no_error)
  File "c:\python38\lib\site-packages\starlette\middleware\cors.py", line 93, in __call__
    await self.simple_response(scope, receive, send, request_headers=headers)
  File "c:\python38\lib\site-packages\starlette\middleware\cors.py", line 144, in simple_response
    await self.app(scope, receive, send)
  File "c:\python38\lib\site-packages\starlette\middleware\exceptions.py", line 62, in __call__
    await wrap_app_handling_exceptions(self.app, conn)(scope, receive, send)
  File "c:\python38\lib\site-packages\starlette\_exception_handler.py", line 53, in wrapped_app
    raise exc
  File "c:\python38\lib\site-packages\starlette\_exception_handler.py", line 42, in wrapped_app
    await app(scope, receive, sender)
  File "c:\python38\lib\site-packages\fastapi\middleware\asyncexitstack.py", line 18, in __call__
    await self.app(scope, receive, send)
  File "c:\python38\lib\site-packages\starlette\routing.py", line 715, in __call__
    await self.middleware_stack(scope, receive, send)
  File "c:\python38\lib\site-packages\starlette\routing.py", line 735, in app
    await route.handle(scope, receive, send)
  File "c:\python38\lib\site-packages\starlette\routing.py", line 288, in handle
    await self.app(scope, receive, send)
  File "c:\python38\lib\site-packages\fastapi\routing.py", line 120, in app
    await wrap_app_handling_exceptions(app, request)(scope, receive, send)
  File "c:\python38\lib\site-packages\starlette\_exception_handler.py", line 53, in wrapped_app
    raise exc
  File "c:\python38\lib\site-packages\starlette\_exception_handler.py", line 42, in wrapped_app
    await app(scope, receive, sender)
  File "c:\python38\lib\site-packages\fastapi\routing.py", line 106, in app
    response = await f(request)
  File "c:\python38\lib\site-packages\fastapi\routing.py", line 430, in app
    raw_response = await run_endpoint_function(
  File "c:\python38\lib\site-packages\fastapi\routing.py", line 316, in run_endpoint_function
    return await dependant.call(**values)
  File "C:\Users\rrmsz\Rental-Management-System\backend\routers\reports.py", line 153, in get_dashboard_stats_v2
    return await reports_service.get_dashboard_stats()
  File "C:\Users\rrmsz\Rental-Management-System\backend\services\reports_service.py", line 19, in get_dashboard_stats
    today_revenue = sum(inv["total"] for inv in all_invoices if datetime.fromisoformat(inv["created_at"]) >= today_start)
  File "C:\Users\rrmsz\Rental-Management-System\backend\services\reports_service.py", line 19, in <genexpr>
    today_revenue = sum(inv["total"] for inv in all_invoices if datetime.fromisoformat(inv["created_at"]) >= today_start)
TypeError: can't compare offset-naive and offset-aware datetimes

Error on http://localhost:8001/api/reports/dashboard/v2:
Traceback (most recent call last):
  File "c:\python38\lib\site-packages\anyio\streams\memory.py", line 111, in receive
    return self.receive_nowait()
  File "c:\python38\lib\site-packages\anyio\streams\memory.py", line 106, in receive_nowait
    raise WouldBlock
anyio.WouldBlock

During handling of the above exception, another exception occurred:

Traceback (most recent call last):
  File "c:\python38\lib\site-packages\anyio\streams\memory.py", line 124, in receive
    return receiver.item
AttributeError: 'MemoryObjectItemReceiver' object has no attribute 'item'

During handling of the above exception, another exception occurred:

Traceback (most recent call last):
  File "c:\python38\lib\site-packages\starlette\middleware\base.py", line 157, in call_next
    message = await recv_stream.receive()
  File "c:\python38\lib\site-packages\anyio\streams\memory.py", line 126, in receive
    raise EndOfStream
anyio.EndOfStream

During handling of the above exception, another exception occurred:

Traceback (most recent call last):
  File "C:\Users\rrmsz\Rental-Management-System\backend\server.py", line 75, in catch_exceptions_middleware
    return await call_next(request)
  File "c:\python38\lib\site-packages\starlette\middleware\base.py", line 163, in call_next
    raise app_exc
  File "c:\python38\lib\site-packages\starlette\middleware\base.py", line 149, in coro
    await self.app(scope, receive_or_disconnect, send_no_error)
  File "c:\python38\lib\site-packages\starlette\middleware\cors.py", line 93, in __call__
    await self.simple_response(scope, receive, send, request_headers=headers)
  File "c:\python38\lib\site-packages\starlette\middleware\cors.py", line 144, in simple_response
    await self.app(scope, receive, send)
  File "c:\python38\lib\site-packages\starlette\middleware\exceptions.py", line 62, in __call__
    await wrap_app_handling_exceptions(self.app, conn)(scope, receive, send)
  File "c:\python38\lib\site-packages\starlette\_exception_handler.py", line 53, in wrapped_app
    raise exc
  File "c:\python38\lib\site-packages\starlette\_exception_handler.py", line 42, in wrapped_app
    await app(scope, receive, sender)
  File "c:\python38\lib\site-packages\fastapi\middleware\asyncexitstack.py", line 18, in __call__
    await self.app(scope, receive, send)
  File "c:\python38\lib\site-packages\starlette\routing.py", line 715, in __call__
    await self.middleware_stack(scope, receive, send)
  File "c:\python38\lib\site-packages\starlette\routing.py", line 735, in app
    await route.handle(scope, receive, send)
  File "c:\python38\lib\site-packages\starlette\routing.py", line 288, in handle
    await self.app(scope, receive, send)
  File "c:\python38\lib\site-packages\fastapi\routing.py", line 120, in app
    await wrap_app_handling_exceptions(app, request)(scope, receive, send)
  File "c:\python38\lib\site-packages\starlette\_exception_handler.py", line 53, in wrapped_app
    raise exc
  File "c:\python38\lib\site-packages\starlette\_exception_handler.py", line 42, in wrapped_app
    await app(scope, receive, sender)
  File "c:\python38\lib\site-packages\fastapi\routing.py", line 106, in app
    response = await f(request)
  File "c:\python38\lib\site-packages\fastapi\routing.py", line 430, in app
    raw_response = await run_endpoint_function(
  File "c:\python38\lib\site-packages\fastapi\routing.py", line 316, in run_endpoint_function
    return await dependant.call(**values)
  File "C:\Users\rrmsz\Rental-Management-System\backend\routers\reports.py", line 153, in get_dashboard_stats_v2
    return await reports_service.get_dashboard_stats()
  File "C:\Users\rrmsz\Rental-Management-System\backend\services\reports_service.py", line 19, in get_dashboard_stats
    today_revenue = sum(inv["total"] for inv in all_invoices if datetime.fromisoformat(inv["created_at"]) >= today_start)
  File "C:\Users\rrmsz\Rental-Management-System\backend\services\reports_service.py", line 19, in <genexpr>
    today_revenue = sum(inv["total"] for inv in all_invoices if datetime.fromisoformat(inv["created_at"]) >= today_start)
TypeError: can't compare offset-naive and offset-aware datetimes

Error on http://localhost:8001/api/reports/dashboard/v2:
Traceback (most recent call last):
  File "c:\python38\lib\site-packages\anyio\streams\memory.py", line 111, in receive
    return self.receive_nowait()
  File "c:\python38\lib\site-packages\anyio\streams\memory.py", line 106, in receive_nowait
    raise WouldBlock
anyio.WouldBlock

During handling of the above exception, another exception occurred:

Traceback (most recent call last):
  File "c:\python38\lib\site-packages\anyio\streams\memory.py", line 124, in receive
    return receiver.item
AttributeError: 'MemoryObjectItemReceiver' object has no attribute 'item'

During handling of the above exception, another exception occurred:

Traceback (most recent call last):
  File "c:\python38\lib\site-packages\starlette\middleware\base.py", line 157, in call_next
    message = await recv_stream.receive()
  File "c:\python38\lib\site-packages\anyio\streams\memory.py", line 126, in receive
    raise EndOfStream
anyio.EndOfStream

During handling of the above exception, another exception occurred:

Traceback (most recent call last):
  File "C:\Users\rrmsz\Rental-Management-System\backend\server.py", line 75, in catch_exceptions_middleware
    return await call_next(request)
  File "c:\python38\lib\site-packages\starlette\middleware\base.py", line 163, in call_next
    raise app_exc
  File "c:\python38\lib\site-packages\starlette\middleware\base.py", line 149, in coro
    await self.app(scope, receive_or_disconnect, send_no_error)
  File "c:\python38\lib\site-packages\starlette\middleware\cors.py", line 93, in __call__
    await self.simple_response(scope, receive, send, request_headers=headers)
  File "c:\python38\lib\site-packages\starlette\middleware\cors.py", line 144, in simple_response
    await self.app(scope, receive, send)
  File "c:\python38\lib\site-packages\starlette\middleware\exceptions.py", line 62, in __call__
    await wrap_app_handling_exceptions(self.app, conn)(scope, receive, send)
  File "c:\python38\lib\site-packages\starlette\_exception_handler.py", line 53, in wrapped_app
    raise exc
  File "c:\python38\lib\site-packages\starlette\_exception_handler.py", line 42, in wrapped_app
    await app(scope, receive, sender)
  File "c:\python38\lib\site-packages\fastapi\middleware\asyncexitstack.py", line 18, in __call__
    await self.app(scope, receive, send)
  File "c:\python38\lib\site-packages\starlette\routing.py", line 715, in __call__
    await self.middleware_stack(scope, receive, send)
  File "c:\python38\lib\site-packages\starlette\routing.py", line 735, in app
    await route.handle(scope, receive, send)
  File "c:\python38\lib\site-packages\starlette\routing.py", line 288, in handle
    await self.app(scope, receive, send)
  File "c:\python38\lib\site-packages\fastapi\routing.py", line 120, in app
    await wrap_app_handling_exceptions(app, request)(scope, receive, send)
  File "c:\python38\lib\site-packages\starlette\_exception_handler.py", line 53, in wrapped_app
    raise exc
  File "c:\python38\lib\site-packages\starlette\_exception_handler.py", line 42, in wrapped_app
    await app(scope, receive, sender)
  File "c:\python38\lib\site-packages\fastapi\routing.py", line 106, in app
    response = await f(request)
  File "c:\python38\lib\site-packages\fastapi\routing.py", line 430, in app
    raw_response = await run_endpoint_function(
  File "c:\python38\lib\site-packages\fastapi\routing.py", line 316, in run_endpoint_function
    return await dependant.call(**values)
  File "C:\Users\rrmsz\Rental-Management-System\backend\routers\reports.py", line 153, in get_dashboard_stats_v2
    return await reports_service.get_dashboard_stats()
  File "C:\Users\rrmsz\Rental-Management-System\backend\services\reports_service.py", line 19, in get_dashboard_stats
    today_revenue = sum(inv["total"] for inv in all_invoices if datetime.fromisoformat(inv["created_at"]) >= today_start)
  File "C:\Users\rrmsz\Rental-Management-System\backend\services\reports_service.py", line 19, in <genexpr>
    today_revenue = sum(inv["total"] for inv in all_invoices if datetime.fromisoformat(inv["created_at"]) >= today_start)
TypeError: can't compare offset-naive and offset-aware datetimes

Error on http://localhost:8001/api/reports/dashboard/v2:
Traceback (most recent call last):
  File "c:\python38\lib\site-packages\anyio\streams\memory.py", line 111, in receive
    return self.receive_nowait()
  File "c:\python38\lib\site-packages\anyio\streams\memory.py", line 106, in receive_nowait
    raise WouldBlock
anyio.WouldBlock

During handling of the above exception, another exception occurred:

Traceback (most recent call last):
  File "c:\python38\lib\site-packages\anyio\streams\memory.py", line 124, in receive
    return receiver.item
AttributeError: 'MemoryObjectItemReceiver' object has no attribute 'item'

During handling of the above exception, another exception occurred:

Traceback (most recent call last):
  File "c:\python38\lib\site-packages\starlette\middleware\base.py", line 157, in call_next
    message = await recv_stream.receive()
  File "c:\python38\lib\site-packages\anyio\streams\memory.py", line 126, in receive
    raise EndOfStream
anyio.EndOfStream

During handling of the above exception, another exception occurred:

Traceback (most recent call last):
  File "C:\Users\rrmsz\Rental-Management-System\backend\server.py", line 75, in catch_exceptions_middleware
    return await call_next(request)
  File "c:\python38\lib\site-packages\starlette\middleware\base.py", line 163, in call_next
    raise app_exc
  File "c:\python38\lib\site-packages\starlette\middleware\base.py", line 149, in coro
    await self.app(scope, receive_or_disconnect, send_no_error)
  File "c:\python38\lib\site-packages\starlette\middleware\cors.py", line 93, in __call__
    await self.simple_response(scope, receive, send, request_headers=headers)
  File "c:\python38\lib\site-packages\starlette\middleware\cors.py", line 144, in simple_response
    await self.app(scope, receive, send)
  File "c:\python38\lib\site-packages\starlette\middleware\exceptions.py", line 62, in __call__
    await wrap_app_handling_exceptions(self.app, conn)(scope, receive, send)
  File "c:\python38\lib\site-packages\starlette\_exception_handler.py", line 53, in wrapped_app
    raise exc
  File "c:\python38\lib\site-packages\starlette\_exception_handler.py", line 42, in wrapped_app
    await app(scope, receive, sender)
  File "c:\python38\lib\site-packages\fastapi\middleware\asyncexitstack.py", line 18, in __call__
    await self.app(scope, receive, send)
  File "c:\python38\lib\site-packages\starlette\routing.py", line 715, in __call__
    await self.middleware_stack(scope, receive, send)
  File "c:\python38\lib\site-packages\starlette\routing.py", line 735, in app
    await route.handle(scope, receive, send)
  File "c:\python38\lib\site-packages\starlette\routing.py", line 288, in handle
    await self.app(scope, receive, send)
  File "c:\python38\lib\site-packages\fastapi\routing.py", line 120, in app
    await wrap_app_handling_exceptions(app, request)(scope, receive, send)
  File "c:\python38\lib\site-packages\starlette\_exception_handler.py", line 53, in wrapped_app
    raise exc
  File "c:\python38\lib\site-packages\starlette\_exception_handler.py", line 42, in wrapped_app
    await app(scope, receive, sender)
  File "c:\python38\lib\site-packages\fastapi\routing.py", line 106, in app
    response = await f(request)
  File "c:\python38\lib\site-packages\fastapi\routing.py", line 430, in app
    raw_response = await run_endpoint_function(
  File "c:\python38\lib\site-packages\fastapi\routing.py", line 316, in run_endpoint_function
    return await dependant.call(**values)
  File "C:\Users\rrmsz\Rental-Management-System\backend\routers\reports.py", line 153, in get_dashboard_stats_v2
    return await reports_service.get_dashboard_stats()
  File "C:\Users\rrmsz\Rental-Management-System\backend\services\reports_service.py", line 19, in get_dashboard_stats
    today_revenue = sum(inv["total"] for inv in all_invoices if datetime.fromisoformat(inv["created_at"]) >= today_start)
  File "C:\Users\rrmsz\Rental-Management-System\backend\services\reports_service.py", line 19, in <genexpr>
    today_revenue = sum(inv["total"] for inv in all_invoices if datetime.fromisoformat(inv["created_at"]) >= today_start)
TypeError: can't compare offset-naive and offset-aware datetimes

Error on http://localhost:8001/api/reports/dashboard/v2:
Traceback (most recent call last):
  File "c:\python38\lib\site-packages\anyio\streams\memory.py", line 111, in receive
    return self.receive_nowait()
  File "c:\python38\lib\site-packages\anyio\streams\memory.py", line 106, in receive_nowait
    raise WouldBlock
anyio.WouldBlock

During handling of the above exception, another exception occurred:

Traceback (most recent call last):
  File "c:\python38\lib\site-packages\anyio\streams\memory.py", line 124, in receive
    return receiver.item
AttributeError: 'MemoryObjectItemReceiver' object has no attribute 'item'

During handling of the above exception, another exception occurred:

Traceback (most recent call last):
  File "c:\python38\lib\site-packages\starlette\middleware\base.py", line 157, in call_next
    message = await recv_stream.receive()
  File "c:\python38\lib\site-packages\anyio\streams\memory.py", line 126, in receive
    raise EndOfStream
anyio.EndOfStream

During handling of the above exception, another exception occurred:

Traceback (most recent call last):
  File "C:\Users\rrmsz\Rental-Management-System\backend\server.py", line 75, in catch_exceptions_middleware
    return await call_next(request)
  File "c:\python38\lib\site-packages\starlette\middleware\base.py", line 163, in call_next
    raise app_exc
  File "c:\python38\lib\site-packages\starlette\middleware\base.py", line 149, in coro
    await self.app(scope, receive_or_disconnect, send_no_error)
  File "c:\python38\lib\site-packages\starlette\middleware\cors.py", line 93, in __call__
    await self.simple_response(scope, receive, send, request_headers=headers)
  File "c:\python38\lib\site-packages\starlette\middleware\cors.py", line 144, in simple_response
    await self.app(scope, receive, send)
  File "c:\python38\lib\site-packages\starlette\middleware\exceptions.py", line 62, in __call__
    await wrap_app_handling_exceptions(self.app, conn)(scope, receive, send)
  File "c:\python38\lib\site-packages\starlette\_exception_handler.py", line 53, in wrapped_app
    raise exc
  File "c:\python38\lib\site-packages\starlette\_exception_handler.py", line 42, in wrapped_app
    await app(scope, receive, sender)
  File "c:\python38\lib\site-packages\fastapi\middleware\asyncexitstack.py", line 18, in __call__
    await self.app(scope, receive, send)
  File "c:\python38\lib\site-packages\starlette\routing.py", line 715, in __call__
    await self.middleware_stack(scope, receive, send)
  File "c:\python38\lib\site-packages\starlette\routing.py", line 735, in app
    await route.handle(scope, receive, send)
  File "c:\python38\lib\site-packages\starlette\routing.py", line 288, in handle
    await self.app(scope, receive, send)
  File "c:\python38\lib\site-packages\fastapi\routing.py", line 120, in app
    await wrap_app_handling_exceptions(app, request)(scope, receive, send)
  File "c:\python38\lib\site-packages\starlette\_exception_handler.py", line 53, in wrapped_app
    raise exc
  File "c:\python38\lib\site-packages\starlette\_exception_handler.py", line 42, in wrapped_app
    await app(scope, receive, sender)
  File "c:\python38\lib\site-packages\fastapi\routing.py", line 106, in app
    response = await f(request)
  File "c:\python38\lib\site-packages\fastapi\routing.py", line 430, in app
    raw_response = await run_endpoint_function(
  File "c:\python38\lib\site-packages\fastapi\routing.py", line 316, in run_endpoint_function
    return await dependant.call(**values)
  File "C:\Users\rrmsz\Rental-Management-System\backend\routers\reports.py", line 153, in get_dashboard_stats_v2
    return await reports_service.get_dashboard_stats()
  File "C:\Users\rrmsz\Rental-Management-System\backend\services\reports_service.py", line 19, in get_dashboard_stats
    today_revenue = sum(inv["total"] for inv in all_invoices if datetime.fromisoformat(inv["created_at"]) >= today_start)
  File "C:\Users\rrmsz\Rental-Management-System\backend\services\reports_service.py", line 19, in <genexpr>
    today_revenue = sum(inv["total"] for inv in all_invoices if datetime.fromisoformat(inv["created_at"]) >= today_start)
TypeError: can't compare offset-naive and offset-aware datetimes

Error on http://localhost:8001/api/reports/dashboard/v2:
Traceback (most recent call last):
  File "c:\python38\lib\site-packages\anyio\streams\memory.py", line 111, in receive
    return self.receive_nowait()
  File "c:\python38\lib\site-packages\anyio\streams\memory.py", line 106, in receive_nowait
    raise WouldBlock
anyio.WouldBlock

During handling of the above exception, another exception occurred:

Traceback (most recent call last):
  File "c:\python38\lib\site-packages\anyio\streams\memory.py", line 124, in receive
    return receiver.item
AttributeError: 'MemoryObjectItemReceiver' object has no attribute 'item'

During handling of the above exception, another exception occurred:

Traceback (most recent call last):
  File "c:\python38\lib\site-packages\starlette\middleware\base.py", line 157, in call_next
    message = await recv_stream.receive()
  File "c:\python38\lib\site-packages\anyio\streams\memory.py", line 126, in receive
    raise EndOfStream
anyio.EndOfStream

During handling of the above exception, another exception occurred:

Traceback (most recent call last):
  File "C:\Users\rrmsz\Rental-Management-System\backend\server.py", line 75, in catch_exceptions_middleware
    return await call_next(request)
  File "c:\python38\lib\site-packages\starlette\middleware\base.py", line 163, in call_next
    raise app_exc
  File "c:\python38\lib\site-packages\starlette\middleware\base.py", line 149, in coro
    await self.app(scope, receive_or_disconnect, send_no_error)
  File "c:\python38\lib\site-packages\starlette\middleware\cors.py", line 93, in __call__
    await self.simple_response(scope, receive, send, request_headers=headers)
  File "c:\python38\lib\site-packages\starlette\middleware\cors.py", line 144, in simple_response
    await self.app(scope, receive, send)
  File "c:\python38\lib\site-packages\starlette\middleware\exceptions.py", line 62, in __call__
    await wrap_app_handling_exceptions(self.app, conn)(scope, receive, send)
  File "c:\python38\lib\site-packages\starlette\_exception_handler.py", line 53, in wrapped_app
    raise exc
  File "c:\python38\lib\site-packages\starlette\_exception_handler.py", line 42, in wrapped_app
    await app(scope, receive, sender)
  File "c:\python38\lib\site-packages\fastapi\middleware\asyncexitstack.py", line 18, in __call__
    await self.app(scope, receive, send)
  File "c:\python38\lib\site-packages\starlette\routing.py", line 715, in __call__
    await self.middleware_stack(scope, receive, send)
  File "c:\python38\lib\site-packages\starlette\routing.py", line 735, in app
    await route.handle(scope, receive, send)
  File "c:\python38\lib\site-packages\starlette\routing.py", line 288, in handle
    await self.app(scope, receive, send)
  File "c:\python38\lib\site-packages\fastapi\routing.py", line 120, in app
    await wrap_app_handling_exceptions(app, request)(scope, receive, send)
  File "c:\python38\lib\site-packages\starlette\_exception_handler.py", line 53, in wrapped_app
    raise exc
  File "c:\python38\lib\site-packages\starlette\_exception_handler.py", line 42, in wrapped_app
    await app(scope, receive, sender)
  File "c:\python38\lib\site-packages\fastapi\routing.py", line 106, in app
    response = await f(request)
  File "c:\python38\lib\site-packages\fastapi\routing.py", line 430, in app
    raw_response = await run_endpoint_function(
  File "c:\python38\lib\site-packages\fastapi\routing.py", line 316, in run_endpoint_function
    return await dependant.call(**values)
  File "C:\Users\rrmsz\Rental-Management-System\backend\routers\reports.py", line 153, in get_dashboard_stats_v2
    return await reports_service.get_dashboard_stats()
  File "C:\Users\rrmsz\Rental-Management-System\backend\services\reports_service.py", line 19, in get_dashboard_stats
    today_revenue = sum(inv["total"] for inv in all_invoices if datetime.fromisoformat(inv["created_at"]) >= today_start)
  File "C:\Users\rrmsz\Rental-Management-System\backend\services\reports_service.py", line 19, in <genexpr>
    today_revenue = sum(inv["total"] for inv in all_invoices if datetime.fromisoformat(inv["created_at"]) >= today_start)
TypeError: can't compare offset-naive and offset-aware datetimes

Error on http://localhost:8001/api/reports/dashboard/v2:
Traceback (most recent call last):
  File "c:\python38\lib\site-packages\anyio\streams\memory.py", line 111, in receive
    return self.receive_nowait()
  File "c:\python38\lib\site-packages\anyio\streams\memory.py", line 106, in receive_nowait
    raise WouldBlock
anyio.WouldBlock

During handling of the above exception, another exception occurred:

Traceback (most recent call last):
  File "c:\python38\lib\site-packages\anyio\streams\memory.py", line 124, in receive
    return receiver.item
AttributeError: 'MemoryObjectItemReceiver' object has no attribute 'item'

During handling of the above exception, another exception occurred:

Traceback (most recent call last):
  File "c:\python38\lib\site-packages\starlette\middleware\base.py", line 157, in call_next
    message = await recv_stream.receive()
  File "c:\python38\lib\site-packages\anyio\streams\memory.py", line 126, in receive
    raise EndOfStream
anyio.EndOfStream

During handling of the above exception, another exception occurred:

Traceback (most recent call last):
  File "C:\Users\rrmsz\Rental-Management-System\backend\server.py", line 75, in catch_exceptions_middleware
    return await call_next(request)
  File "c:\python38\lib\site-packages\starlette\middleware\base.py", line 163, in call_next
    raise app_exc
  File "c:\python38\lib\site-packages\starlette\middleware\base.py", line 149, in coro
    await self.app(scope, receive_or_disconnect, send_no_error)
  File "c:\python38\lib\site-packages\starlette\middleware\cors.py", line 93, in __call__
    await self.simple_response(scope, receive, send, request_headers=headers)
  File "c:\python38\lib\site-packages\starlette\middleware\cors.py", line 144, in simple_response
    await self.app(scope, receive, send)
  File "c:\python38\lib\site-packages\starlette\middleware\exceptions.py", line 62, in __call__
    await wrap_app_handling_exceptions(self.app, conn)(scope, receive, send)
  File "c:\python38\lib\site-packages\starlette\_exception_handler.py", line 53, in wrapped_app
    raise exc
  File "c:\python38\lib\site-packages\starlette\_exception_handler.py", line 42, in wrapped_app
    await app(scope, receive, sender)
  File "c:\python38\lib\site-packages\fastapi\middleware\asyncexitstack.py", line 18, in __call__
    await self.app(scope, receive, send)
  File "c:\python38\lib\site-packages\starlette\routing.py", line 715, in __call__
    await self.middleware_stack(scope, receive, send)
  File "c:\python38\lib\site-packages\starlette\routing.py", line 735, in app
    await route.handle(scope, receive, send)
  File "c:\python38\lib\site-packages\starlette\routing.py", line 288, in handle
    await self.app(scope, receive, send)
  File "c:\python38\lib\site-packages\fastapi\routing.py", line 120, in app
    await wrap_app_handling_exceptions(app, request)(scope, receive, send)
  File "c:\python38\lib\site-packages\starlette\_exception_handler.py", line 53, in wrapped_app
    raise exc
  File "c:\python38\lib\site-packages\starlette\_exception_handler.py", line 42, in wrapped_app
    await app(scope, receive, sender)
  File "c:\python38\lib\site-packages\fastapi\routing.py", line 106, in app
    response = await f(request)
  File "c:\python38\lib\site-packages\fastapi\routing.py", line 430, in app
    raw_response = await run_endpoint_function(
  File "c:\python38\lib\site-packages\fastapi\routing.py", line 316, in run_endpoint_function
    return await dependant.call(**values)
  File "C:\Users\rrmsz\Rental-Management-System\backend\routers\reports.py", line 153, in get_dashboard_stats_v2
    return await reports_service.get_dashboard_stats()
  File "C:\Users\rrmsz\Rental-Management-System\backend\services\reports_service.py", line 19, in get_dashboard_stats
    today_revenue = sum(inv["total"] for inv in all_invoices if datetime.fromisoformat(inv["created_at"]) >= today_start)
  File "C:\Users\rrmsz\Rental-Management-System\backend\services\reports_service.py", line 19, in <genexpr>
    today_revenue = sum(inv["total"] for inv in all_invoices if datetime.fromisoformat(inv["created_at"]) >= today_start)
TypeError: can't compare offset-naive and offset-aware datetimes

Error on http://localhost:8001/api/reports/dashboard/v2:
Traceback (most recent call last):
  File "c:\python38\lib\site-packages\anyio\streams\memory.py", line 111, in receive
    return self.receive_nowait()
  File "c:\python38\lib\site-packages\anyio\streams\memory.py", line 106, in receive_nowait
    raise WouldBlock
anyio.WouldBlock

During handling of the above exception, another exception occurred:

Traceback (most recent call last):
  File "c:\python38\lib\site-packages\anyio\streams\memory.py", line 124, in receive
    return receiver.item
AttributeError: 'MemoryObjectItemReceiver' object has no attribute 'item'

During handling of the above exception, another exception occurred:

Traceback (most recent call last):
  File "c:\python38\lib\site-packages\starlette\middleware\base.py", line 157, in call_next
    message = await recv_stream.receive()
  File "c:\python38\lib\site-packages\anyio\streams\memory.py", line 126, in receive
    raise EndOfStream
anyio.EndOfStream

During handling of the above exception, another exception occurred:

Traceback (most recent call last):
  File "C:\Users\rrmsz\Rental-Management-System\backend\server.py", line 75, in catch_exceptions_middleware
    return await call_next(request)
  File "c:\python38\lib\site-packages\starlette\middleware\base.py", line 163, in call_next
    raise app_exc
  File "c:\python38\lib\site-packages\starlette\middleware\base.py", line 149, in coro
    await self.app(scope, receive_or_disconnect, send_no_error)
  File "c:\python38\lib\site-packages\starlette\middleware\cors.py", line 93, in __call__
    await self.simple_response(scope, receive, send, request_headers=headers)
  File "c:\python38\lib\site-packages\starlette\middleware\cors.py", line 144, in simple_response
    await self.app(scope, receive, send)
  File "c:\python38\lib\site-packages\starlette\middleware\exceptions.py", line 62, in __call__
    await wrap_app_handling_exceptions(self.app, conn)(scope, receive, send)
  File "c:\python38\lib\site-packages\starlette\_exception_handler.py", line 53, in wrapped_app
    raise exc
  File "c:\python38\lib\site-packages\starlette\_exception_handler.py", line 42, in wrapped_app
    await app(scope, receive, sender)
  File "c:\python38\lib\site-packages\fastapi\middleware\asyncexitstack.py", line 18, in __call__
    await self.app(scope, receive, send)
  File "c:\python38\lib\site-packages\starlette\routing.py", line 715, in __call__
    await self.middleware_stack(scope, receive, send)
  File "c:\python38\lib\site-packages\starlette\routing.py", line 735, in app
    await route.handle(scope, receive, send)
  File "c:\python38\lib\site-packages\starlette\routing.py", line 288, in handle
    await self.app(scope, receive, send)
  File "c:\python38\lib\site-packages\fastapi\routing.py", line 120, in app
    await wrap_app_handling_exceptions(app, request)(scope, receive, send)
  File "c:\python38\lib\site-packages\starlette\_exception_handler.py", line 53, in wrapped_app
    raise exc
  File "c:\python38\lib\site-packages\starlette\_exception_handler.py", line 42, in wrapped_app
    await app(scope, receive, sender)
  File "c:\python38\lib\site-packages\fastapi\routing.py", line 106, in app
    response = await f(request)
  File "c:\python38\lib\site-packages\fastapi\routing.py", line 430, in app
    raw_response = await run_endpoint_function(
  File "c:\python38\lib\site-packages\fastapi\routing.py", line 316, in run_endpoint_function
    return await dependant.call(**values)
  File "C:\Users\rrmsz\Rental-Management-System\backend\routers\reports.py", line 153, in get_dashboard_stats_v2
    return await reports_service.get_dashboard_stats()
  File "C:\Users\rrmsz\Rental-Management-System\backend\services\reports_service.py", line 19, in get_dashboard_stats
    today_revenue = sum(inv["total"] for inv in all_invoices if datetime.fromisoformat(inv["created_at"]) >= today_start)
  File "C:\Users\rrmsz\Rental-Management-System\backend\services\reports_service.py", line 19, in <genexpr>
    today_revenue = sum(inv["total"] for inv in all_invoices if datetime.fromisoformat(inv["created_at"]) >= today_start)
TypeError: can't compare offset-naive and offset-aware datetimes

Error on http://localhost:8001/api/reports/dashboard/v2:
Traceback (most recent call last):
  File "c:\python38\lib\site-packages\anyio\streams\memory.py", line 111, in receive
    return self.receive_nowait()
  File "c:\python38\lib\site-packages\anyio\streams\memory.py", line 106, in receive_nowait
    raise WouldBlock
anyio.WouldBlock

During handling of the above exception, another exception occurred:

Traceback (most recent call last):
  File "c:\python38\lib\site-packages\anyio\streams\memory.py", line 124, in receive
    return receiver.item
AttributeError: 'MemoryObjectItemReceiver' object has no attribute 'item'

During handling of the above exception, another exception occurred:

Traceback (most recent call last):
  File "c:\python38\lib\site-packages\starlette\middleware\base.py", line 157, in call_next
    message = await recv_stream.receive()
  File "c:\python38\lib\site-packages\anyio\streams\memory.py", line 126, in receive
    raise EndOfStream
anyio.EndOfStream

During handling of the above exception, another exception occurred:

Traceback (most recent call last):
  File "C:\Users\rrmsz\Rental-Management-System\backend\server.py", line 75, in catch_exceptions_middleware
    return await call_next(request)
  File "c:\python38\lib\site-packages\starlette\middleware\base.py", line 163, in call_next
    raise app_exc
  File "c:\python38\lib\site-packages\starlette\middleware\base.py", line 149, in coro
    await self.app(scope, receive_or_disconnect, send_no_error)
  File "c:\python38\lib\site-packages\starlette\middleware\cors.py", line 93, in __call__
    await self.simple_response(scope, receive, send, request_headers=headers)
  File "c:\python38\lib\site-packages\starlette\middleware\cors.py", line 144, in simple_response
    await self.app(scope, receive, send)
  File "c:\python38\lib\site-packages\starlette\middleware\exceptions.py", line 62, in __call__
    await wrap_app_handling_exceptions(self.app, conn)(scope, receive, send)
  File "c:\python38\lib\site-packages\starlette\_exception_handler.py", line 53, in wrapped_app
    raise exc
  File "c:\python38\lib\site-packages\starlette\_exception_handler.py", line 42, in wrapped_app
    await app(scope, receive, sender)
  File "c:\python38\lib\site-packages\fastapi\middleware\asyncexitstack.py", line 18, in __call__
    await self.app(scope, receive, send)
  File "c:\python38\lib\site-packages\starlette\routing.py", line 715, in __call__
    await self.middleware_stack(scope, receive, send)
  File "c:\python38\lib\site-packages\starlette\routing.py", line 735, in app
    await route.handle(scope, receive, send)
  File "c:\python38\lib\site-packages\starlette\routing.py", line 288, in handle
    await self.app(scope, receive, send)
  File "c:\python38\lib\site-packages\fastapi\routing.py", line 120, in app
    await wrap_app_handling_exceptions(app, request)(scope, receive, send)
  File "c:\python38\lib\site-packages\starlette\_exception_handler.py", line 53, in wrapped_app
    raise exc
  File "c:\python38\lib\site-packages\starlette\_exception_handler.py", line 42, in wrapped_app
    await app(scope, receive, sender)
  File "c:\python38\lib\site-packages\fastapi\routing.py", line 106, in app
    response = await f(request)
  File "c:\python38\lib\site-packages\fastapi\routing.py", line 430, in app
    raw_response = await run_endpoint_function(
  File "c:\python38\lib\site-packages\fastapi\routing.py", line 316, in run_endpoint_function
    return await dependant.call(**values)
  File "C:\Users\rrmsz\Rental-Management-System\backend\routers\reports.py", line 153, in get_dashboard_stats_v2
    return await reports_service.get_dashboard_stats()
  File "C:\Users\rrmsz\Rental-Management-System\backend\services\reports_service.py", line 19, in get_dashboard_stats
    today_revenue = sum(inv["total"] for inv in all_invoices if datetime.fromisoformat(inv["created_at"]) >= today_start)
  File "C:\Users\rrmsz\Rental-Management-System\backend\services\reports_service.py", line 19, in <genexpr>
    today_revenue = sum(inv["total"] for inv in all_invoices if datetime.fromisoformat(inv["created_at"]) >= today_start)
TypeError: can't compare offset-naive and offset-aware datetimes

Error on http://localhost:8001/api/reports/dashboard/v2:
Traceback (most recent call last):
  File "c:\python38\lib\site-packages\anyio\streams\memory.py", line 111, in receive
    return self.receive_nowait()
  File "c:\python38\lib\site-packages\anyio\streams\memory.py", line 106, in receive_nowait
    raise WouldBlock
anyio.WouldBlock

During handling of the above exception, another exception occurred:

Traceback (most recent call last):
  File "c:\python38\lib\site-packages\anyio\streams\memory.py", line 124, in receive
    return receiver.item
AttributeError: 'MemoryObjectItemReceiver' object has no attribute 'item'

During handling of the above exception, another exception occurred:

Traceback (most recent call last):
  File "c:\python38\lib\site-packages\starlette\middleware\base.py", line 157, in call_next
    message = await recv_stream.receive()
  File "c:\python38\lib\site-packages\anyio\streams\memory.py", line 126, in receive
    raise EndOfStream
anyio.EndOfStream

During handling of the above exception, another exception occurred:

Traceback (most recent call last):
  File "C:\Users\rrmsz\Rental-Management-System\backend\server.py", line 75, in catch_exceptions_middleware
    return await call_next(request)
  File "c:\python38\lib\site-packages\starlette\middleware\base.py", line 163, in call_next
    raise app_exc
  File "c:\python38\lib\site-packages\starlette\middleware\base.py", line 149, in coro
    await self.app(scope, receive_or_disconnect, send_no_error)
  File "c:\python38\lib\site-packages\starlette\middleware\cors.py", line 93, in __call__
    await self.simple_response(scope, receive, send, request_headers=headers)
  File "c:\python38\lib\site-packages\starlette\middleware\cors.py", line 144, in simple_response
    await self.app(scope, receive, send)
  File "c:\python38\lib\site-packages\starlette\middleware\exceptions.py", line 62, in __call__
    await wrap_app_handling_exceptions(self.app, conn)(scope, receive, send)
  File "c:\python38\lib\site-packages\starlette\_exception_handler.py", line 53, in wrapped_app
    raise exc
  File "c:\python38\lib\site-packages\starlette\_exception_handler.py", line 42, in wrapped_app
    await app(scope, receive, sender)
  File "c:\python38\lib\site-packages\fastapi\middleware\asyncexitstack.py", line 18, in __call__
    await self.app(scope, receive, send)
  File "c:\python38\lib\site-packages\starlette\routing.py", line 715, in __call__
    await self.middleware_stack(scope, receive, send)
  File "c:\python38\lib\site-packages\starlette\routing.py", line 735, in app
    await route.handle(scope, receive, send)
  File "c:\python38\lib\site-packages\starlette\routing.py", line 288, in handle
    await self.app(scope, receive, send)
  File "c:\python38\lib\site-packages\fastapi\routing.py", line 120, in app
    await wrap_app_handling_exceptions(app, request)(scope, receive, send)
  File "c:\python38\lib\site-packages\starlette\_exception_handler.py", line 53, in wrapped_app
    raise exc
  File "c:\python38\lib\site-packages\starlette\_exception_handler.py", line 42, in wrapped_app
    await app(scope, receive, sender)
  File "c:\python38\lib\site-packages\fastapi\routing.py", line 106, in app
    response = await f(request)
  File "c:\python38\lib\site-packages\fastapi\routing.py", line 430, in app
    raw_response = await run_endpoint_function(
  File "c:\python38\lib\site-packages\fastapi\routing.py", line 316, in run_endpoint_function
    return await dependant.call(**values)
  File "C:\Users\rrmsz\Rental-Management-System\backend\routers\reports.py", line 153, in get_dashboard_stats_v2
    return await reports_service.get_dashboard_stats()
  File "C:\Users\rrmsz\Rental-Management-System\backend\services\reports_service.py", line 19, in get_dashboard_stats
    today_revenue = sum(inv["total"] for inv in all_invoices if datetime.fromisoformat(inv["created_at"]) >= today_start)
  File "C:\Users\rrmsz\Rental-Management-System\backend\services\reports_service.py", line 19, in <genexpr>
    today_revenue = sum(inv["total"] for inv in all_invoices if datetime.fromisoformat(inv["created_at"]) >= today_start)
TypeError: can't compare offset-naive and offset-aware datetimes

Error on http://localhost:8001/api/reports/dashboard/v2:
Traceback (most recent call last):
  File "c:\python38\lib\site-packages\anyio\streams\memory.py", line 111, in receive
    return self.receive_nowait()
  File "c:\python38\lib\site-packages\anyio\streams\memory.py", line 106, in receive_nowait
    raise WouldBlock
anyio.WouldBlock

During handling of the above exception, another exception occurred:

Traceback (most recent call last):
  File "c:\python38\lib\site-packages\anyio\streams\memory.py", line 124, in receive
    return receiver.item
AttributeError: 'MemoryObjectItemReceiver' object has no attribute 'item'

During handling of the above exception, another exception occurred:

Traceback (most recent call last):
  File "c:\python38\lib\site-packages\starlette\middleware\base.py", line 157, in call_next
    message = await recv_stream.receive()
  File "c:\python38\lib\site-packages\anyio\streams\memory.py", line 126, in receive
    raise EndOfStream
anyio.EndOfStream

During handling of the above exception, another exception occurred:

Traceback (most recent call last):
  File "C:\Users\rrmsz\Rental-Management-System\backend\server.py", line 75, in catch_exceptions_middleware
    return await call_next(request)
  File "c:\python38\lib\site-packages\starlette\middleware\base.py", line 163, in call_next
    raise app_exc
  File "c:\python38\lib\site-packages\starlette\middleware\base.py", line 149, in coro
    await self.app(scope, receive_or_disconnect, send_no_error)
  File "c:\python38\lib\site-packages\starlette\middleware\cors.py", line 93, in __call__
    await self.simple_response(scope, receive, send, request_headers=headers)
  File "c:\python38\lib\site-packages\starlette\middleware\cors.py", line 144, in simple_response
    await self.app(scope, receive, send)
  File "c:\python38\lib\site-packages\starlette\middleware\exceptions.py", line 62, in __call__
    await wrap_app_handling_exceptions(self.app, conn)(scope, receive, send)
  File "c:\python38\lib\site-packages\starlette\_exception_handler.py", line 53, in wrapped_app
    raise exc
  File "c:\python38\lib\site-packages\starlette\_exception_handler.py", line 42, in wrapped_app
    await app(scope, receive, sender)
  File "c:\python38\lib\site-packages\fastapi\middleware\asyncexitstack.py", line 18, in __call__
    await self.app(scope, receive, send)
  File "c:\python38\lib\site-packages\starlette\routing.py", line 715, in __call__
    await self.middleware_stack(scope, receive, send)
  File "c:\python38\lib\site-packages\starlette\routing.py", line 735, in app
    await route.handle(scope, receive, send)
  File "c:\python38\lib\site-packages\starlette\routing.py", line 288, in handle
    await self.app(scope, receive, send)
  File "c:\python38\lib\site-packages\fastapi\routing.py", line 120, in app
    await wrap_app_handling_exceptions(app, request)(scope, receive, send)
  File "c:\python38\lib\site-packages\starlette\_exception_handler.py", line 53, in wrapped_app
    raise exc
  File "c:\python38\lib\site-packages\starlette\_exception_handler.py", line 42, in wrapped_app
    await app(scope, receive, sender)
  File "c:\python38\lib\site-packages\fastapi\routing.py", line 106, in app
    response = await f(request)
  File "c:\python38\lib\site-packages\fastapi\routing.py", line 430, in app
    raw_response = await run_endpoint_function(
  File "c:\python38\lib\site-packages\fastapi\routing.py", line 316, in run_endpoint_function
    return await dependant.call(**values)
  File "C:\Users\rrmsz\Rental-Management-System\backend\routers\reports.py", line 153, in get_dashboard_stats_v2
    return await reports_service.get_dashboard_stats()
  File "C:\Users\rrmsz\Rental-Management-System\backend\services\reports_service.py", line 19, in get_dashboard_stats
    today_revenue = sum(inv["total"] for inv in all_invoices if datetime.fromisoformat(inv["created_at"]) >= today_start)
  File "C:\Users\rrmsz\Rental-Management-System\backend\services\reports_service.py", line 19, in <genexpr>
    today_revenue = sum(inv["total"] for inv in all_invoices if datetime.fromisoformat(inv["created_at"]) >= today_start)
TypeError: can't compare offset-naive and offset-aware datetimes

Error on http://localhost:8001/api/reports/dashboard/v2:
Traceback (most recent call last):
  File "c:\python38\lib\site-packages\anyio\streams\memory.py", line 111, in receive
    return self.receive_nowait()
  File "c:\python38\lib\site-packages\anyio\streams\memory.py", line 106, in receive_nowait
    raise WouldBlock
anyio.WouldBlock

During handling of the above exception, another exception occurred:

Traceback (most recent call last):
  File "c:\python38\lib\site-packages\anyio\streams\memory.py", line 124, in receive
    return receiver.item
AttributeError: 'MemoryObjectItemReceiver' object has no attribute 'item'

During handling of the above exception, another exception occurred:

Traceback (most recent call last):
  File "c:\python38\lib\site-packages\starlette\middleware\base.py", line 157, in call_next
    message = await recv_stream.receive()
  File "c:\python38\lib\site-packages\anyio\streams\memory.py", line 126, in receive
    raise EndOfStream
anyio.EndOfStream

During handling of the above exception, another exception occurred:

Traceback (most recent call last):
  File "C:\Users\rrmsz\Rental-Management-System\backend\server.py", line 75, in catch_exceptions_middleware
    return await call_next(request)
  File "c:\python38\lib\site-packages\starlette\middleware\base.py", line 163, in call_next
    raise app_exc
  File "c:\python38\lib\site-packages\starlette\middleware\base.py", line 149, in coro
    await self.app(scope, receive_or_disconnect, send_no_error)
  File "c:\python38\lib\site-packages\starlette\middleware\cors.py", line 93, in __call__
    await self.simple_response(scope, receive, send, request_headers=headers)
  File "c:\python38\lib\site-packages\starlette\middleware\cors.py", line 144, in simple_response
    await self.app(scope, receive, send)
  File "c:\python38\lib\site-packages\starlette\middleware\exceptions.py", line 62, in __call__
    await wrap_app_handling_exceptions(self.app, conn)(scope, receive, send)
  File "c:\python38\lib\site-packages\starlette\_exception_handler.py", line 53, in wrapped_app
    raise exc
  File "c:\python38\lib\site-packages\starlette\_exception_handler.py", line 42, in wrapped_app
    await app(scope, receive, sender)
  File "c:\python38\lib\site-packages\fastapi\middleware\asyncexitstack.py", line 18, in __call__
    await self.app(scope, receive, send)
  File "c:\python38\lib\site-packages\starlette\routing.py", line 715, in __call__
    await self.middleware_stack(scope, receive, send)
  File "c:\python38\lib\site-packages\starlette\routing.py", line 735, in app
    await route.handle(scope, receive, send)
  File "c:\python38\lib\site-packages\starlette\routing.py", line 288, in handle
    await self.app(scope, receive, send)
  File "c:\python38\lib\site-packages\fastapi\routing.py", line 120, in app
    await wrap_app_handling_exceptions(app, request)(scope, receive, send)
  File "c:\python38\lib\site-packages\starlette\_exception_handler.py", line 53, in wrapped_app
    raise exc
  File "c:\python38\lib\site-packages\starlette\_exception_handler.py", line 42, in wrapped_app
    await app(scope, receive, sender)
  File "c:\python38\lib\site-packages\fastapi\routing.py", line 106, in app
    response = await f(request)
  File "c:\python38\lib\site-packages\fastapi\routing.py", line 430, in app
    raw_response = await run_endpoint_function(
  File "c:\python38\lib\site-packages\fastapi\routing.py", line 316, in run_endpoint_function
    return await dependant.call(**values)
  File "C:\Users\rrmsz\Rental-Management-System\backend\routers\reports.py", line 153, in get_dashboard_stats_v2
    return await reports_service.get_dashboard_stats()
  File "C:\Users\rrmsz\Rental-Management-System\backend\services\reports_service.py", line 19, in get_dashboard_stats
    today_revenue = sum(inv["total"] for inv in all_invoices if datetime.fromisoformat(inv["created_at"]) >= today_start)
  File "C:\Users\rrmsz\Rental-Management-System\backend\services\reports_service.py", line 19, in <genexpr>
    today_revenue = sum(inv["total"] for inv in all_invoices if datetime.fromisoformat(inv["created_at"]) >= today_start)
TypeError: can't compare offset-naive and offset-aware datetimes

Error on http://localhost:8001/api/reports/dashboard/v2:
Traceback (most recent call last):
  File "c:\python38\lib\site-packages\anyio\streams\memory.py", line 111, in receive
    return self.receive_nowait()
  File "c:\python38\lib\site-packages\anyio\streams\memory.py", line 106, in receive_nowait
    raise WouldBlock
anyio.WouldBlock

During handling of the above exception, another exception occurred:

Traceback (most recent call last):
  File "c:\python38\lib\site-packages\anyio\streams\memory.py", line 124, in receive
    return receiver.item
AttributeError: 'MemoryObjectItemReceiver' object has no attribute 'item'

During handling of the above exception, another exception occurred:

Traceback (most recent call last):
  File "c:\python38\lib\site-packages\starlette\middleware\base.py", line 157, in call_next
    message = await recv_stream.receive()
  File "c:\python38\lib\site-packages\anyio\streams\memory.py", line 126, in receive
    raise EndOfStream
anyio.EndOfStream

During handling of the above exception, another exception occurred:

Traceback (most recent call last):
  File "C:\Users\rrmsz\Rental-Management-System\backend\server.py", line 75, in catch_exceptions_middleware
    return await call_next(request)
  File "c:\python38\lib\site-packages\starlette\middleware\base.py", line 163, in call_next
    raise app_exc
  File "c:\python38\lib\site-packages\starlette\middleware\base.py", line 149, in coro
    await self.app(scope, receive_or_disconnect, send_no_error)
  File "c:\python38\lib\site-packages\starlette\middleware\cors.py", line 93, in __call__
    await self.simple_response(scope, receive, send, request_headers=headers)
  File "c:\python38\lib\site-packages\starlette\middleware\cors.py", line 144, in simple_response
    await self.app(scope, receive, send)
  File "c:\python38\lib\site-packages\starlette\middleware\exceptions.py", line 62, in __call__
    await wrap_app_handling_exceptions(self.app, conn)(scope, receive, send)
  File "c:\python38\lib\site-packages\starlette\_exception_handler.py", line 53, in wrapped_app
    raise exc
  File "c:\python38\lib\site-packages\starlette\_exception_handler.py", line 42, in wrapped_app
    await app(scope, receive, sender)
  File "c:\python38\lib\site-packages\fastapi\middleware\asyncexitstack.py", line 18, in __call__
    await self.app(scope, receive, send)
  File "c:\python38\lib\site-packages\starlette\routing.py", line 715, in __call__
    await self.middleware_stack(scope, receive, send)
  File "c:\python38\lib\site-packages\starlette\routing.py", line 735, in app
    await route.handle(scope, receive, send)
  File "c:\python38\lib\site-packages\starlette\routing.py", line 288, in handle
    await self.app(scope, receive, send)
  File "c:\python38\lib\site-packages\fastapi\routing.py", line 120, in app
    await wrap_app_handling_exceptions(app, request)(scope, receive, send)
  File "c:\python38\lib\site-packages\starlette\_exception_handler.py", line 53, in wrapped_app
    raise exc
  File "c:\python38\lib\site-packages\starlette\_exception_handler.py", line 42, in wrapped_app
    await app(scope, receive, sender)
  File "c:\python38\lib\site-packages\fastapi\routing.py", line 106, in app
    response = await f(request)
  File "c:\python38\lib\site-packages\fastapi\routing.py", line 430, in app
    raw_response = await run_endpoint_function(
  File "c:\python38\lib\site-packages\fastapi\routing.py", line 316, in run_endpoint_function
    return await dependant.call(**values)
  File "C:\Users\rrmsz\Rental-Management-System\backend\routers\reports.py", line 153, in get_dashboard_stats_v2
    return await reports_service.get_dashboard_stats()
  File "C:\Users\rrmsz\Rental-Management-System\backend\services\reports_service.py", line 19, in get_dashboard_stats
    today_revenue = sum(inv["total"] for inv in all_invoices if datetime.fromisoformat(inv["created_at"]) >= today_start)
  File "C:\Users\rrmsz\Rental-Management-System\backend\services\reports_service.py", line 19, in <genexpr>
    today_revenue = sum(inv["total"] for inv in all_invoices if datetime.fromisoformat(inv["created_at"]) >= today_start)
TypeError: can't compare offset-naive and offset-aware datetimes

Error on http://localhost:8001/api/reports/dashboard/v2:
Traceback (most recent call last):
  File "c:\python38\lib\site-packages\anyio\streams\memory.py", line 111, in receive
    return self.receive_nowait()
  File "c:\python38\lib\site-packages\anyio\streams\memory.py", line 106, in receive_nowait
    raise WouldBlock
anyio.WouldBlock

During handling of the above exception, another exception occurred:

Traceback (most recent call last):
  File "c:\python38\lib\site-packages\anyio\streams\memory.py", line 124, in receive
    return receiver.item
AttributeError: 'MemoryObjectItemReceiver' object has no attribute 'item'

During handling of the above exception, another exception occurred:

Traceback (most recent call last):
  File "c:\python38\lib\site-packages\starlette\middleware\base.py", line 157, in call_next
    message = await recv_stream.receive()
  File "c:\python38\lib\site-packages\anyio\streams\memory.py", line 126, in receive
    raise EndOfStream
anyio.EndOfStream

During handling of the above exception, another exception occurred:

Traceback (most recent call last):
  File "C:\Users\rrmsz\Rental-Management-System\backend\server.py", line 75, in catch_exceptions_middleware
    return await call_next(request)
  File "c:\python38\lib\site-packages\starlette\middleware\base.py", line 163, in call_next
    raise app_exc
  File "c:\python38\lib\site-packages\starlette\middleware\base.py", line 149, in coro
    await self.app(scope, receive_or_disconnect, send_no_error)
  File "c:\python38\lib\site-packages\starlette\middleware\cors.py", line 93, in __call__
    await self.simple_response(scope, receive, send, request_headers=headers)
  File "c:\python38\lib\site-packages\starlette\middleware\cors.py", line 144, in simple_response
    await self.app(scope, receive, send)
  File "c:\python38\lib\site-packages\starlette\middleware\exceptions.py", line 62, in __call__
    await wrap_app_handling_exceptions(self.app, conn)(scope, receive, send)
  File "c:\python38\lib\site-packages\starlette\_exception_handler.py", line 53, in wrapped_app
    raise exc
  File "c:\python38\lib\site-packages\starlette\_exception_handler.py", line 42, in wrapped_app
    await app(scope, receive, sender)
  File "c:\python38\lib\site-packages\fastapi\middleware\asyncexitstack.py", line 18, in __call__
    await self.app(scope, receive, send)
  File "c:\python38\lib\site-packages\starlette\routing.py", line 715, in __call__
    await self.middleware_stack(scope, receive, send)
  File "c:\python38\lib\site-packages\starlette\routing.py", line 735, in app
    await route.handle(scope, receive, send)
  File "c:\python38\lib\site-packages\starlette\routing.py", line 288, in handle
    await self.app(scope, receive, send)
  File "c:\python38\lib\site-packages\fastapi\routing.py", line 120, in app
    await wrap_app_handling_exceptions(app, request)(scope, receive, send)
  File "c:\python38\lib\site-packages\starlette\_exception_handler.py", line 53, in wrapped_app
    raise exc
  File "c:\python38\lib\site-packages\starlette\_exception_handler.py", line 42, in wrapped_app
    await app(scope, receive, sender)
  File "c:\python38\lib\site-packages\fastapi\routing.py", line 106, in app
    response = await f(request)
  File "c:\python38\lib\site-packages\fastapi\routing.py", line 430, in app
    raw_response = await run_endpoint_function(
  File "c:\python38\lib\site-packages\fastapi\routing.py", line 316, in run_endpoint_function
    return await dependant.call(**values)
  File "C:\Users\rrmsz\Rental-Management-System\backend\routers\reports.py", line 153, in get_dashboard_stats_v2
    return await reports_service.get_dashboard_stats()
  File "C:\Users\rrmsz\Rental-Management-System\backend\services\reports_service.py", line 19, in get_dashboard_stats
    today_revenue = sum(inv["total"] for inv in all_invoices if datetime.fromisoformat(inv["created_at"]) >= today_start)
  File "C:\Users\rrmsz\Rental-Management-System\backend\services\reports_service.py", line 19, in <genexpr>
    today_revenue = sum(inv["total"] for inv in all_invoices if datetime.fromisoformat(inv["created_at"]) >= today_start)
TypeError: can't compare offset-naive and offset-aware datetimes

Error on http://localhost:8001/api/reports/dashboard/v2:
Traceback (most recent call last):
  File "c:\python38\lib\site-packages\anyio\streams\memory.py", line 111, in receive
    return self.receive_nowait()
  File "c:\python38\lib\site-packages\anyio\streams\memory.py", line 106, in receive_nowait
    raise WouldBlock
anyio.WouldBlock

During handling of the above exception, another exception occurred:

Traceback (most recent call last):
  File "c:\python38\lib\site-packages\anyio\streams\memory.py", line 124, in receive
    return receiver.item
AttributeError: 'MemoryObjectItemReceiver' object has no attribute 'item'

During handling of the above exception, another exception occurred:

Traceback (most recent call last):
  File "c:\python38\lib\site-packages\starlette\middleware\base.py", line 157, in call_next
    message = await recv_stream.receive()
  File "c:\python38\lib\site-packages\anyio\streams\memory.py", line 126, in receive
    raise EndOfStream
anyio.EndOfStream

During handling of the above exception, another exception occurred:

Traceback (most recent call last):
  File "C:\Users\rrmsz\Rental-Management-System\backend\server.py", line 75, in catch_exceptions_middleware
    return await call_next(request)
  File "c:\python38\lib\site-packages\starlette\middleware\base.py", line 163, in call_next
    raise app_exc
  File "c:\python38\lib\site-packages\starlette\middleware\base.py", line 149, in coro
    await self.app(scope, receive_or_disconnect, send_no_error)
  File "c:\python38\lib\site-packages\starlette\middleware\cors.py", line 93, in __call__
    await self.simple_response(scope, receive, send, request_headers=headers)
  File "c:\python38\lib\site-packages\starlette\middleware\cors.py", line 144, in simple_response
    await self.app(scope, receive, send)
  File "c:\python38\lib\site-packages\starlette\middleware\exceptions.py", line 62, in __call__
    await wrap_app_handling_exceptions(self.app, conn)(scope, receive, send)
  File "c:\python38\lib\site-packages\starlette\_exception_handler.py", line 53, in wrapped_app
    raise exc
  File "c:\python38\lib\site-packages\starlette\_exception_handler.py", line 42, in wrapped_app
    await app(scope, receive, sender)
  File "c:\python38\lib\site-packages\fastapi\middleware\asyncexitstack.py", line 18, in __call__
    await self.app(scope, receive, send)
  File "c:\python38\lib\site-packages\starlette\routing.py", line 715, in __call__
    await self.middleware_stack(scope, receive, send)
  File "c:\python38\lib\site-packages\starlette\routing.py", line 735, in app
    await route.handle(scope, receive, send)
  File "c:\python38\lib\site-packages\starlette\routing.py", line 288, in handle
    await self.app(scope, receive, send)
  File "c:\python38\lib\site-packages\fastapi\routing.py", line 120, in app
    await wrap_app_handling_exceptions(app, request)(scope, receive, send)
  File "c:\python38\lib\site-packages\starlette\_exception_handler.py", line 53, in wrapped_app
    raise exc
  File "c:\python38\lib\site-packages\starlette\_exception_handler.py", line 42, in wrapped_app
    await app(scope, receive, sender)
  File "c:\python38\lib\site-packages\fastapi\routing.py", line 106, in app
    response = await f(request)
  File "c:\python38\lib\site-packages\fastapi\routing.py", line 430, in app
    raw_response = await run_endpoint_function(
  File "c:\python38\lib\site-packages\fastapi\routing.py", line 316, in run_endpoint_function
    return await dependant.call(**values)
  File "C:\Users\rrmsz\Rental-Management-System\backend\routers\reports.py", line 153, in get_dashboard_stats_v2
    return await reports_service.get_dashboard_stats()
  File "C:\Users\rrmsz\Rental-Management-System\backend\services\reports_service.py", line 19, in get_dashboard_stats
    today_revenue = sum(inv["total"] for inv in all_invoices if datetime.fromisoformat(inv["created_at"]) >= today_start)
  File "C:\Users\rrmsz\Rental-Management-System\backend\services\reports_service.py", line 19, in <genexpr>
    today_revenue = sum(inv["total"] for inv in all_invoices if datetime.fromisoformat(inv["created_at"]) >= today_start)
TypeError: can't compare offset-naive and offset-aware datetimes

Error on http://localhost:8001/api/reports/dashboard/v2:
Traceback (most recent call last):
  File "c:\python38\lib\site-packages\anyio\streams\memory.py", line 111, in receive
    return self.receive_nowait()
  File "c:\python38\lib\site-packages\anyio\streams\memory.py", line 106, in receive_nowait
    raise WouldBlock
anyio.WouldBlock

During handling of the above exception, another exception occurred:

Traceback (most recent call last):
  File "c:\python38\lib\site-packages\anyio\streams\memory.py", line 124, in receive
    return receiver.item
AttributeError: 'MemoryObjectItemReceiver' object has no attribute 'item'

During handling of the above exception, another exception occurred:

Traceback (most recent call last):
  File "c:\python38\lib\site-packages\starlette\middleware\base.py", line 157, in call_next
    message = await recv_stream.receive()
  File "c:\python38\lib\site-packages\anyio\streams\memory.py", line 126, in receive
    raise EndOfStream
anyio.EndOfStream

During handling of the above exception, another exception occurred:

Traceback (most recent call last):
  File "C:\Users\rrmsz\Rental-Management-System\backend\server.py", line 75, in catch_exceptions_middleware
    return await call_next(request)
  File "c:\python38\lib\site-packages\starlette\middleware\base.py", line 163, in call_next
    raise app_exc
  File "c:\python38\lib\site-packages\starlette\middleware\base.py", line 149, in coro
    await self.app(scope, receive_or_disconnect, send_no_error)
  File "c:\python38\lib\site-packages\starlette\middleware\cors.py", line 93, in __call__
    await self.simple_response(scope, receive, send, request_headers=headers)
  File "c:\python38\lib\site-packages\starlette\middleware\cors.py", line 144, in simple_response
    await self.app(scope, receive, send)
  File "c:\python38\lib\site-packages\starlette\middleware\exceptions.py", line 62, in __call__
    await wrap_app_handling_exceptions(self.app, conn)(scope, receive, send)
  File "c:\python38\lib\site-packages\starlette\_exception_handler.py", line 53, in wrapped_app
    raise exc
  File "c:\python38\lib\site-packages\starlette\_exception_handler.py", line 42, in wrapped_app
    await app(scope, receive, sender)
  File "c:\python38\lib\site-packages\fastapi\middleware\asyncexitstack.py", line 18, in __call__
    await self.app(scope, receive, send)
  File "c:\python38\lib\site-packages\starlette\routing.py", line 715, in __call__
    await self.middleware_stack(scope, receive, send)
  File "c:\python38\lib\site-packages\starlette\routing.py", line 735, in app
    await route.handle(scope, receive, send)
  File "c:\python38\lib\site-packages\starlette\routing.py", line 288, in handle
    await self.app(scope, receive, send)
  File "c:\python38\lib\site-packages\fastapi\routing.py", line 120, in app
    await wrap_app_handling_exceptions(app, request)(scope, receive, send)
  File "c:\python38\lib\site-packages\starlette\_exception_handler.py", line 53, in wrapped_app
    raise exc
  File "c:\python38\lib\site-packages\starlette\_exception_handler.py", line 42, in wrapped_app
    await app(scope, receive, sender)
  File "c:\python38\lib\site-packages\fastapi\routing.py", line 106, in app
    response = await f(request)
  File "c:\python38\lib\site-packages\fastapi\routing.py", line 430, in app
    raw_response = await run_endpoint_function(
  File "c:\python38\lib\site-packages\fastapi\routing.py", line 316, in run_endpoint_function
    return await dependant.call(**values)
  File "C:\Users\rrmsz\Rental-Management-System\backend\routers\reports.py", line 153, in get_dashboard_stats_v2
    return await reports_service.get_dashboard_stats()
  File "C:\Users\rrmsz\Rental-Management-System\backend\services\reports_service.py", line 19, in get_dashboard_stats
    today_revenue = sum(inv["total"] for inv in all_invoices if datetime.fromisoformat(inv["created_at"]) >= today_start)
  File "C:\Users\rrmsz\Rental-Management-System\backend\services\reports_service.py", line 19, in <genexpr>
    today_revenue = sum(inv["total"] for inv in all_invoices if datetime.fromisoformat(inv["created_at"]) >= today_start)
TypeError: can't compare offset-naive and offset-aware datetimes

Error on http://localhost:8001/api/reports/dashboard/v2:
Traceback (most recent call last):
  File "c:\python38\lib\site-packages\anyio\streams\memory.py", line 111, in receive
    return self.receive_nowait()
  File "c:\python38\lib\site-packages\anyio\streams\memory.py", line 106, in receive_nowait
    raise WouldBlock
anyio.WouldBlock

During handling of the above exception, another exception occurred:

Traceback (most recent call last):
  File "c:\python38\lib\site-packages\anyio\streams\memory.py", line 124, in receive
    return receiver.item
AttributeError: 'MemoryObjectItemReceiver' object has no attribute 'item'

During handling of the above exception, another exception occurred:

Traceback (most recent call last):
  File "c:\python38\lib\site-packages\starlette\middleware\base.py", line 157, in call_next
    message = await recv_stream.receive()
  File "c:\python38\lib\site-packages\anyio\streams\memory.py", line 126, in receive
    raise EndOfStream
anyio.EndOfStream

During handling of the above exception, another exception occurred:

Traceback (most recent call last):
  File "C:\Users\rrmsz\Rental-Management-System\backend\server.py", line 75, in catch_exceptions_middleware
    return await call_next(request)
  File "c:\python38\lib\site-packages\starlette\middleware\base.py", line 163, in call_next
    raise app_exc
  File "c:\python38\lib\site-packages\starlette\middleware\base.py", line 149, in coro
    await self.app(scope, receive_or_disconnect, send_no_error)
  File "c:\python38\lib\site-packages\starlette\middleware\cors.py", line 93, in __call__
    await self.simple_response(scope, receive, send, request_headers=headers)
  File "c:\python38\lib\site-packages\starlette\middleware\cors.py", line 144, in simple_response
    await self.app(scope, receive, send)
  File "c:\python38\lib\site-packages\starlette\middleware\exceptions.py", line 62, in __call__
    await wrap_app_handling_exceptions(self.app, conn)(scope, receive, send)
  File "c:\python38\lib\site-packages\starlette\_exception_handler.py", line 53, in wrapped_app
    raise exc
  File "c:\python38\lib\site-packages\starlette\_exception_handler.py", line 42, in wrapped_app
    await app(scope, receive, sender)
  File "c:\python38\lib\site-packages\fastapi\middleware\asyncexitstack.py", line 18, in __call__
    await self.app(scope, receive, send)
  File "c:\python38\lib\site-packages\starlette\routing.py", line 715, in __call__
    await self.middleware_stack(scope, receive, send)
  File "c:\python38\lib\site-packages\starlette\routing.py", line 735, in app
    await route.handle(scope, receive, send)
  File "c:\python38\lib\site-packages\starlette\routing.py", line 288, in handle
    await self.app(scope, receive, send)
  File "c:\python38\lib\site-packages\fastapi\routing.py", line 120, in app
    await wrap_app_handling_exceptions(app, request)(scope, receive, send)
  File "c:\python38\lib\site-packages\starlette\_exception_handler.py", line 53, in wrapped_app
    raise exc
  File "c:\python38\lib\site-packages\starlette\_exception_handler.py", line 42, in wrapped_app
    await app(scope, receive, sender)
  File "c:\python38\lib\site-packages\fastapi\routing.py", line 106, in app
    response = await f(request)
  File "c:\python38\lib\site-packages\fastapi\routing.py", line 430, in app
    raw_response = await run_endpoint_function(
  File "c:\python38\lib\site-packages\fastapi\routing.py", line 316, in run_endpoint_function
    return await dependant.call(**values)
  File "C:\Users\rrmsz\Rental-Management-System\backend\routers\reports.py", line 153, in get_dashboard_stats_v2
    return await reports_service.get_dashboard_stats()
  File "C:\Users\rrmsz\Rental-Management-System\backend\services\reports_service.py", line 19, in get_dashboard_stats
    today_revenue = sum(inv["total"] for inv in all_invoices if datetime.fromisoformat(inv["created_at"]) >= today_start)
  File "C:\Users\rrmsz\Rental-Management-System\backend\services\reports_service.py", line 19, in <genexpr>
    today_revenue = sum(inv["total"] for inv in all_invoices if datetime.fromisoformat(inv["created_at"]) >= today_start)
TypeError: can't compare offset-naive and offset-aware datetimes

Error on http://localhost:8001/api/reports/dashboard/v2:
Traceback (most recent call last):
  File "c:\python38\lib\site-packages\anyio\streams\memory.py", line 111, in receive
    return self.receive_nowait()
  File "c:\python38\lib\site-packages\anyio\streams\memory.py", line 106, in receive_nowait
    raise WouldBlock
anyio.WouldBlock

During handling of the above exception, another exception occurred:

Traceback (most recent call last):
  File "c:\python38\lib\site-packages\anyio\streams\memory.py", line 124, in receive
    return receiver.item
AttributeError: 'MemoryObjectItemReceiver' object has no attribute 'item'

During handling of the above exception, another exception occurred:

Traceback (most recent call last):
  File "c:\python38\lib\site-packages\starlette\middleware\base.py", line 157, in call_next
    message = await recv_stream.receive()
  File "c:\python38\lib\site-packages\anyio\streams\memory.py", line 126, in receive
    raise EndOfStream
anyio.EndOfStream

During handling of the above exception, another exception occurred:

Traceback (most recent call last):
  File "C:\Users\rrmsz\Rental-Management-System\backend\server.py", line 75, in catch_exceptions_middleware
    return await call_next(request)
  File "c:\python38\lib\site-packages\starlette\middleware\base.py", line 163, in call_next
    raise app_exc
  File "c:\python38\lib\site-packages\starlette\middleware\base.py", line 149, in coro
    await self.app(scope, receive_or_disconnect, send_no_error)
  File "c:\python38\lib\site-packages\starlette\middleware\cors.py", line 93, in __call__
    await self.simple_response(scope, receive, send, request_headers=headers)
  File "c:\python38\lib\site-packages\starlette\middleware\cors.py", line 144, in simple_response
    await self.app(scope, receive, send)
  File "c:\python38\lib\site-packages\starlette\middleware\exceptions.py", line 62, in __call__
    await wrap_app_handling_exceptions(self.app, conn)(scope, receive, send)
  File "c:\python38\lib\site-packages\starlette\_exception_handler.py", line 53, in wrapped_app
    raise exc
  File "c:\python38\lib\site-packages\starlette\_exception_handler.py", line 42, in wrapped_app
    await app(scope, receive, sender)
  File "c:\python38\lib\site-packages\fastapi\middleware\asyncexitstack.py", line 18, in __call__
    await self.app(scope, receive, send)
  File "c:\python38\lib\site-packages\starlette\routing.py", line 715, in __call__
    await self.middleware_stack(scope, receive, send)
  File "c:\python38\lib\site-packages\starlette\routing.py", line 735, in app
    await route.handle(scope, receive, send)
  File "c:\python38\lib\site-packages\starlette\routing.py", line 288, in handle
    await self.app(scope, receive, send)
  File "c:\python38\lib\site-packages\fastapi\routing.py", line 120, in app
    await wrap_app_handling_exceptions(app, request)(scope, receive, send)
  File "c:\python38\lib\site-packages\starlette\_exception_handler.py", line 53, in wrapped_app
    raise exc
  File "c:\python38\lib\site-packages\starlette\_exception_handler.py", line 42, in wrapped_app
    await app(scope, receive, sender)
  File "c:\python38\lib\site-packages\fastapi\routing.py", line 106, in app
    response = await f(request)
  File "c:\python38\lib\site-packages\fastapi\routing.py", line 430, in app
    raw_response = await run_endpoint_function(
  File "c:\python38\lib\site-packages\fastapi\routing.py", line 316, in run_endpoint_function
    return await dependant.call(**values)
  File "C:\Users\rrmsz\Rental-Management-System\backend\routers\reports.py", line 153, in get_dashboard_stats_v2
    return await reports_service.get_dashboard_stats()
  File "C:\Users\rrmsz\Rental-Management-System\backend\services\reports_service.py", line 19, in get_dashboard_stats
    today_revenue = sum(inv["total"] for inv in all_invoices if datetime.fromisoformat(inv["created_at"]) >= today_start)
  File "C:\Users\rrmsz\Rental-Management-System\backend\services\reports_service.py", line 19, in <genexpr>
    today_revenue = sum(inv["total"] for inv in all_invoices if datetime.fromisoformat(inv["created_at"]) >= today_start)
TypeError: can't compare offset-naive and offset-aware datetimes

Error on http://localhost:8001/api/reports/dashboard/v2:
Traceback (most recent call last):
  File "c:\python38\lib\site-packages\anyio\streams\memory.py", line 111, in receive
    return self.receive_nowait()
  File "c:\python38\lib\site-packages\anyio\streams\memory.py", line 106, in receive_nowait
    raise WouldBlock
anyio.WouldBlock

During handling of the above exception, another exception occurred:

Traceback (most recent call last):
  File "c:\python38\lib\site-packages\anyio\streams\memory.py", line 124, in receive
    return receiver.item
AttributeError: 'MemoryObjectItemReceiver' object has no attribute 'item'

During handling of the above exception, another exception occurred:

Traceback (most recent call last):
  File "c:\python38\lib\site-packages\starlette\middleware\base.py", line 157, in call_next
    message = await recv_stream.receive()
  File "c:\python38\lib\site-packages\anyio\streams\memory.py", line 126, in receive
    raise EndOfStream
anyio.EndOfStream

During handling of the above exception, another exception occurred:

Traceback (most recent call last):
  File "C:\Users\rrmsz\Rental-Management-System\backend\server.py", line 75, in catch_exceptions_middleware
    return await call_next(request)
  File "c:\python38\lib\site-packages\starlette\middleware\base.py", line 163, in call_next
    raise app_exc
  File "c:\python38\lib\site-packages\starlette\middleware\base.py", line 149, in coro
    await self.app(scope, receive_or_disconnect, send_no_error)
  File "c:\python38\lib\site-packages\starlette\middleware\cors.py", line 93, in __call__
    await self.simple_response(scope, receive, send, request_headers=headers)
  File "c:\python38\lib\site-packages\starlette\middleware\cors.py", line 144, in simple_response
    await self.app(scope, receive, send)
  File "c:\python38\lib\site-packages\starlette\middleware\exceptions.py", line 62, in __call__
    await wrap_app_handling_exceptions(self.app, conn)(scope, receive, send)
  File "c:\python38\lib\site-packages\starlette\_exception_handler.py", line 53, in wrapped_app
    raise exc
  File "c:\python38\lib\site-packages\starlette\_exception_handler.py", line 42, in wrapped_app
    await app(scope, receive, sender)
  File "c:\python38\lib\site-packages\fastapi\middleware\asyncexitstack.py", line 18, in __call__
    await self.app(scope, receive, send)
  File "c:\python38\lib\site-packages\starlette\routing.py", line 715, in __call__
    await self.middleware_stack(scope, receive, send)
  File "c:\python38\lib\site-packages\starlette\routing.py", line 735, in app
    await route.handle(scope, receive, send)
  File "c:\python38\lib\site-packages\starlette\routing.py", line 288, in handle
    await self.app(scope, receive, send)
  File "c:\python38\lib\site-packages\fastapi\routing.py", line 120, in app
    await wrap_app_handling_exceptions(app, request)(scope, receive, send)
  File "c:\python38\lib\site-packages\starlette\_exception_handler.py", line 53, in wrapped_app
    raise exc
  File "c:\python38\lib\site-packages\starlette\_exception_handler.py", line 42, in wrapped_app
    await app(scope, receive, sender)
  File "c:\python38\lib\site-packages\fastapi\routing.py", line 106, in app
    response = await f(request)
  File "c:\python38\lib\site-packages\fastapi\routing.py", line 430, in app
    raw_response = await run_endpoint_function(
  File "c:\python38\lib\site-packages\fastapi\routing.py", line 316, in run_endpoint_function
    return await dependant.call(**values)
  File "C:\Users\rrmsz\Rental-Management-System\backend\routers\reports.py", line 153, in get_dashboard_stats_v2
    return await reports_service.get_dashboard_stats()
  File "C:\Users\rrmsz\Rental-Management-System\backend\services\reports_service.py", line 19, in get_dashboard_stats
    today_revenue = sum(inv["total"] for inv in all_invoices if datetime.fromisoformat(inv["created_at"]) >= today_start)
  File "C:\Users\rrmsz\Rental-Management-System\backend\services\reports_service.py", line 19, in <genexpr>
    today_revenue = sum(inv["total"] for inv in all_invoices if datetime.fromisoformat(inv["created_at"]) >= today_start)
TypeError: can't compare offset-naive and offset-aware datetimes

Error on http://localhost:8001/api/reports/dashboard/v2:
Traceback (most recent call last):
  File "c:\python38\lib\site-packages\anyio\streams\memory.py", line 111, in receive
    return self.receive_nowait()
  File "c:\python38\lib\site-packages\anyio\streams\memory.py", line 106, in receive_nowait
    raise WouldBlock
anyio.WouldBlock

During handling of the above exception, another exception occurred:

Traceback (most recent call last):
  File "c:\python38\lib\site-packages\anyio\streams\memory.py", line 124, in receive
    return receiver.item
AttributeError: 'MemoryObjectItemReceiver' object has no attribute 'item'

During handling of the above exception, another exception occurred:

Traceback (most recent call last):
  File "c:\python38\lib\site-packages\starlette\middleware\base.py", line 157, in call_next
    message = await recv_stream.receive()
  File "c:\python38\lib\site-packages\anyio\streams\memory.py", line 126, in receive
    raise EndOfStream
anyio.EndOfStream

During handling of the above exception, another exception occurred:

Traceback (most recent call last):
  File "C:\Users\rrmsz\Rental-Management-System\backend\server.py", line 75, in catch_exceptions_middleware
    return await call_next(request)
  File "c:\python38\lib\site-packages\starlette\middleware\base.py", line 163, in call_next
    raise app_exc
  File "c:\python38\lib\site-packages\starlette\middleware\base.py", line 149, in coro
    await self.app(scope, receive_or_disconnect, send_no_error)
  File "c:\python38\lib\site-packages\starlette\middleware\cors.py", line 93, in __call__
    await self.simple_response(scope, receive, send, request_headers=headers)
  File "c:\python38\lib\site-packages\starlette\middleware\cors.py", line 144, in simple_response
    await self.app(scope, receive, send)
  File "c:\python38\lib\site-packages\starlette\middleware\exceptions.py", line 62, in __call__
    await wrap_app_handling_exceptions(self.app, conn)(scope, receive, send)
  File "c:\python38\lib\site-packages\starlette\_exception_handler.py", line 53, in wrapped_app
    raise exc
  File "c:\python38\lib\site-packages\starlette\_exception_handler.py", line 42, in wrapped_app
    await app(scope, receive, sender)
  File "c:\python38\lib\site-packages\fastapi\middleware\asyncexitstack.py", line 18, in __call__
    await self.app(scope, receive, send)
  File "c:\python38\lib\site-packages\starlette\routing.py", line 715, in __call__
    await self.middleware_stack(scope, receive, send)
  File "c:\python38\lib\site-packages\starlette\routing.py", line 735, in app
    await route.handle(scope, receive, send)
  File "c:\python38\lib\site-packages\starlette\routing.py", line 288, in handle
    await self.app(scope, receive, send)
  File "c:\python38\lib\site-packages\fastapi\routing.py", line 120, in app
    await wrap_app_handling_exceptions(app, request)(scope, receive, send)
  File "c:\python38\lib\site-packages\starlette\_exception_handler.py", line 53, in wrapped_app
    raise exc
  File "c:\python38\lib\site-packages\starlette\_exception_handler.py", line 42, in wrapped_app
    await app(scope, receive, sender)
  File "c:\python38\lib\site-packages\fastapi\routing.py", line 106, in app
    response = await f(request)
  File "c:\python38\lib\site-packages\fastapi\routing.py", line 430, in app
    raw_response = await run_endpoint_function(
  File "c:\python38\lib\site-packages\fastapi\routing.py", line 316, in run_endpoint_function
    return await dependant.call(**values)
  File "C:\Users\rrmsz\Rental-Management-System\backend\routers\reports.py", line 153, in get_dashboard_stats_v2
    return await reports_service.get_dashboard_stats()
  File "C:\Users\rrmsz\Rental-Management-System\backend\services\reports_service.py", line 19, in get_dashboard_stats
    today_revenue = sum(inv["total"] for inv in all_invoices if datetime.fromisoformat(inv.get("issue_date", inv.get("created_at", now.isoformat()))) >= today_start)
  File "C:\Users\rrmsz\Rental-Management-System\backend\services\reports_service.py", line 19, in <genexpr>
    today_revenue = sum(inv["total"] for inv in all_invoices if datetime.fromisoformat(inv.get("issue_date", inv.get("created_at", now.isoformat()))) >= today_start)
TypeError: can't compare offset-naive and offset-aware datetimes

Error on http://localhost:8001/api/reports/dashboard/v2:
Traceback (most recent call last):
  File "c:\python38\lib\site-packages\anyio\streams\memory.py", line 111, in receive
    return self.receive_nowait()
  File "c:\python38\lib\site-packages\anyio\streams\memory.py", line 106, in receive_nowait
    raise WouldBlock
anyio.WouldBlock

During handling of the above exception, another exception occurred:

Traceback (most recent call last):
  File "c:\python38\lib\site-packages\anyio\streams\memory.py", line 124, in receive
    return receiver.item
AttributeError: 'MemoryObjectItemReceiver' object has no attribute 'item'

During handling of the above exception, another exception occurred:

Traceback (most recent call last):
  File "c:\python38\lib\site-packages\starlette\middleware\base.py", line 157, in call_next
    message = await recv_stream.receive()
  File "c:\python38\lib\site-packages\anyio\streams\memory.py", line 126, in receive
    raise EndOfStream
anyio.EndOfStream

During handling of the above exception, another exception occurred:

Traceback (most recent call last):
  File "C:\Users\rrmsz\Rental-Management-System\backend\server.py", line 75, in catch_exceptions_middleware
    return await call_next(request)
  File "c:\python38\lib\site-packages\starlette\middleware\base.py", line 163, in call_next
    raise app_exc
  File "c:\python38\lib\site-packages\starlette\middleware\base.py", line 149, in coro
    await self.app(scope, receive_or_disconnect, send_no_error)
  File "c:\python38\lib\site-packages\starlette\middleware\cors.py", line 93, in __call__
    await self.simple_response(scope, receive, send, request_headers=headers)
  File "c:\python38\lib\site-packages\starlette\middleware\cors.py", line 144, in simple_response
    await self.app(scope, receive, send)
  File "c:\python38\lib\site-packages\starlette\middleware\exceptions.py", line 62, in __call__
    await wrap_app_handling_exceptions(self.app, conn)(scope, receive, send)
  File "c:\python38\lib\site-packages\starlette\_exception_handler.py", line 53, in wrapped_app
    raise exc
  File "c:\python38\lib\site-packages\starlette\_exception_handler.py", line 42, in wrapped_app
    await app(scope, receive, sender)
  File "c:\python38\lib\site-packages\fastapi\middleware\asyncexitstack.py", line 18, in __call__
    await self.app(scope, receive, send)
  File "c:\python38\lib\site-packages\starlette\routing.py", line 715, in __call__
    await self.middleware_stack(scope, receive, send)
  File "c:\python38\lib\site-packages\starlette\routing.py", line 735, in app
    await route.handle(scope, receive, send)
  File "c:\python38\lib\site-packages\starlette\routing.py", line 288, in handle
    await self.app(scope, receive, send)
  File "c:\python38\lib\site-packages\fastapi\routing.py", line 120, in app
    await wrap_app_handling_exceptions(app, request)(scope, receive, send)
  File "c:\python38\lib\site-packages\starlette\_exception_handler.py", line 53, in wrapped_app
    raise exc
  File "c:\python38\lib\site-packages\starlette\_exception_handler.py", line 42, in wrapped_app
    await app(scope, receive, sender)
  File "c:\python38\lib\site-packages\fastapi\routing.py", line 106, in app
    response = await f(request)
  File "c:\python38\lib\site-packages\fastapi\routing.py", line 430, in app
    raw_response = await run_endpoint_function(
  File "c:\python38\lib\site-packages\fastapi\routing.py", line 316, in run_endpoint_function
    return await dependant.call(**values)
  File "C:\Users\rrmsz\Rental-Management-System\backend\routers\reports.py", line 153, in get_dashboard_stats_v2
    return await reports_service.get_dashboard_stats()
  File "C:\Users\rrmsz\Rental-Management-System\backend\services\reports_service.py", line 19, in get_dashboard_stats
    today_revenue = sum(inv["total"] for inv in all_invoices if datetime.fromisoformat(inv.get("issue_date", inv.get("created_at", now.isoformat()))) >= today_start)
  File "C:\Users\rrmsz\Rental-Management-System\backend\services\reports_service.py", line 19, in <genexpr>
    today_revenue = sum(inv["total"] for inv in all_invoices if datetime.fromisoformat(inv.get("issue_date", inv.get("created_at", now.isoformat()))) >= today_start)
TypeError: can't compare offset-naive and offset-aware datetimes

Error on http://localhost:8001/api/reports/dashboard/v2:
Traceback (most recent call last):
  File "c:\python38\lib\site-packages\anyio\streams\memory.py", line 111, in receive
    return self.receive_nowait()
  File "c:\python38\lib\site-packages\anyio\streams\memory.py", line 106, in receive_nowait
    raise WouldBlock
anyio.WouldBlock

During handling of the above exception, another exception occurred:

Traceback (most recent call last):
  File "c:\python38\lib\site-packages\anyio\streams\memory.py", line 124, in receive
    return receiver.item
AttributeError: 'MemoryObjectItemReceiver' object has no attribute 'item'

During handling of the above exception, another exception occurred:

Traceback (most recent call last):
  File "c:\python38\lib\site-packages\starlette\middleware\base.py", line 157, in call_next
    message = await recv_stream.receive()
  File "c:\python38\lib\site-packages\anyio\streams\memory.py", line 126, in receive
    raise EndOfStream
anyio.EndOfStream

During handling of the above exception, another exception occurred:

Traceback (most recent call last):
  File "C:\Users\rrmsz\Rental-Management-System\backend\server.py", line 75, in catch_exceptions_middleware
    return await call_next(request)
  File "c:\python38\lib\site-packages\starlette\middleware\base.py", line 163, in call_next
    raise app_exc
  File "c:\python38\lib\site-packages\starlette\middleware\base.py", line 149, in coro
    await self.app(scope, receive_or_disconnect, send_no_error)
  File "c:\python38\lib\site-packages\starlette\middleware\cors.py", line 93, in __call__
    await self.simple_response(scope, receive, send, request_headers=headers)
  File "c:\python38\lib\site-packages\starlette\middleware\cors.py", line 144, in simple_response
    await self.app(scope, receive, send)
  File "c:\python38\lib\site-packages\starlette\middleware\exceptions.py", line 62, in __call__
    await wrap_app_handling_exceptions(self.app, conn)(scope, receive, send)
  File "c:\python38\lib\site-packages\starlette\_exception_handler.py", line 53, in wrapped_app
    raise exc
  File "c:\python38\lib\site-packages\starlette\_exception_handler.py", line 42, in wrapped_app
    await app(scope, receive, sender)
  File "c:\python38\lib\site-packages\fastapi\middleware\asyncexitstack.py", line 18, in __call__
    await self.app(scope, receive, send)
  File "c:\python38\lib\site-packages\starlette\routing.py", line 715, in __call__
    await self.middleware_stack(scope, receive, send)
  File "c:\python38\lib\site-packages\starlette\routing.py", line 735, in app
    await route.handle(scope, receive, send)
  File "c:\python38\lib\site-packages\starlette\routing.py", line 288, in handle
    await self.app(scope, receive, send)
  File "c:\python38\lib\site-packages\fastapi\routing.py", line 120, in app
    await wrap_app_handling_exceptions(app, request)(scope, receive, send)
  File "c:\python38\lib\site-packages\starlette\_exception_handler.py", line 53, in wrapped_app
    raise exc
  File "c:\python38\lib\site-packages\starlette\_exception_handler.py", line 42, in wrapped_app
    await app(scope, receive, sender)
  File "c:\python38\lib\site-packages\fastapi\routing.py", line 106, in app
    response = await f(request)
  File "c:\python38\lib\site-packages\fastapi\routing.py", line 430, in app
    raw_response = await run_endpoint_function(
  File "c:\python38\lib\site-packages\fastapi\routing.py", line 316, in run_endpoint_function
    return await dependant.call(**values)
  File "C:\Users\rrmsz\Rental-Management-System\backend\routers\reports.py", line 153, in get_dashboard_stats_v2
    return await reports_service.get_dashboard_stats()
  File "C:\Users\rrmsz\Rental-Management-System\backend\services\reports_service.py", line 19, in get_dashboard_stats
    today_revenue = sum(inv["total"] for inv in all_invoices if datetime.fromisoformat(inv.get("issue_date", inv.get("created_at", now.isoformat()))) >= today_start)
  File "C:\Users\rrmsz\Rental-Management-System\backend\services\reports_service.py", line 19, in <genexpr>
    today_revenue = sum(inv["total"] for inv in all_invoices if datetime.fromisoformat(inv.get("issue_date", inv.get("created_at", now.isoformat()))) >= today_start)
TypeError: can't compare offset-naive and offset-aware datetimes

Error on http://localhost:8001/api/reports/dashboard/v2:
Traceback (most recent call last):
  File "c:\python38\lib\site-packages\anyio\streams\memory.py", line 111, in receive
    return self.receive_nowait()
  File "c:\python38\lib\site-packages\anyio\streams\memory.py", line 106, in receive_nowait
    raise WouldBlock
anyio.WouldBlock

During handling of the above exception, another exception occurred:

Traceback (most recent call last):
  File "c:\python38\lib\site-packages\anyio\streams\memory.py", line 124, in receive
    return receiver.item
AttributeError: 'MemoryObjectItemReceiver' object has no attribute 'item'

During handling of the above exception, another exception occurred:

Traceback (most recent call last):
  File "c:\python38\lib\site-packages\starlette\middleware\base.py", line 157, in call_next
    message = await recv_stream.receive()
  File "c:\python38\lib\site-packages\anyio\streams\memory.py", line 126, in receive
    raise EndOfStream
anyio.EndOfStream

During handling of the above exception, another exception occurred:

Traceback (most recent call last):
  File "C:\Users\rrmsz\Rental-Management-System\backend\server.py", line 75, in catch_exceptions_middleware
    return await call_next(request)
  File "c:\python38\lib\site-packages\starlette\middleware\base.py", line 163, in call_next
    raise app_exc
  File "c:\python38\lib\site-packages\starlette\middleware\base.py", line 149, in coro
    await self.app(scope, receive_or_disconnect, send_no_error)
  File "c:\python38\lib\site-packages\starlette\middleware\cors.py", line 93, in __call__
    await self.simple_response(scope, receive, send, request_headers=headers)
  File "c:\python38\lib\site-packages\starlette\middleware\cors.py", line 144, in simple_response
    await self.app(scope, receive, send)
  File "c:\python38\lib\site-packages\starlette\middleware\exceptions.py", line 62, in __call__
    await wrap_app_handling_exceptions(self.app, conn)(scope, receive, send)
  File "c:\python38\lib\site-packages\starlette\_exception_handler.py", line 53, in wrapped_app
    raise exc
  File "c:\python38\lib\site-packages\starlette\_exception_handler.py", line 42, in wrapped_app
    await app(scope, receive, sender)
  File "c:\python38\lib\site-packages\fastapi\middleware\asyncexitstack.py", line 18, in __call__
    await self.app(scope, receive, send)
  File "c:\python38\lib\site-packages\starlette\routing.py", line 715, in __call__
    await self.middleware_stack(scope, receive, send)
  File "c:\python38\lib\site-packages\starlette\routing.py", line 735, in app
    await route.handle(scope, receive, send)
  File "c:\python38\lib\site-packages\starlette\routing.py", line 288, in handle
    await self.app(scope, receive, send)
  File "c:\python38\lib\site-packages\fastapi\routing.py", line 120, in app
    await wrap_app_handling_exceptions(app, request)(scope, receive, send)
  File "c:\python38\lib\site-packages\starlette\_exception_handler.py", line 53, in wrapped_app
    raise exc
  File "c:\python38\lib\site-packages\starlette\_exception_handler.py", line 42, in wrapped_app
    await app(scope, receive, sender)
  File "c:\python38\lib\site-packages\fastapi\routing.py", line 106, in app
    response = await f(request)
  File "c:\python38\lib\site-packages\fastapi\routing.py", line 430, in app
    raw_response = await run_endpoint_function(
  File "c:\python38\lib\site-packages\fastapi\routing.py", line 316, in run_endpoint_function
    return await dependant.call(**values)
  File "C:\Users\rrmsz\Rental-Management-System\backend\routers\reports.py", line 153, in get_dashboard_stats_v2
    return await reports_service.get_dashboard_stats()
  File "C:\Users\rrmsz\Rental-Management-System\backend\services\reports_service.py", line 19, in get_dashboard_stats
    today_revenue = sum(inv["total"] for inv in all_invoices if datetime.fromisoformat(inv.get("issue_date", inv.get("created_at", now.isoformat()))) >= today_start)
  File "C:\Users\rrmsz\Rental-Management-System\backend\services\reports_service.py", line 19, in <genexpr>
    today_revenue = sum(inv["total"] for inv in all_invoices if datetime.fromisoformat(inv.get("issue_date", inv.get("created_at", now.isoformat()))) >= today_start)
TypeError: can't compare offset-naive and offset-aware datetimes

Error on http://localhost:8001/api/reports/dashboard/v2:
Traceback (most recent call last):
  File "c:\python38\lib\site-packages\anyio\streams\memory.py", line 111, in receive
    return self.receive_nowait()
  File "c:\python38\lib\site-packages\anyio\streams\memory.py", line 106, in receive_nowait
    raise WouldBlock
anyio.WouldBlock

During handling of the above exception, another exception occurred:

Traceback (most recent call last):
  File "c:\python38\lib\site-packages\anyio\streams\memory.py", line 124, in receive
    return receiver.item
AttributeError: 'MemoryObjectItemReceiver' object has no attribute 'item'

During handling of the above exception, another exception occurred:

Traceback (most recent call last):
  File "c:\python38\lib\site-packages\starlette\middleware\base.py", line 157, in call_next
    message = await recv_stream.receive()
  File "c:\python38\lib\site-packages\anyio\streams\memory.py", line 126, in receive
    raise EndOfStream
anyio.EndOfStream

During handling of the above exception, another exception occurred:

Traceback (most recent call last):
  File "C:\Users\rrmsz\Rental-Management-System\backend\server.py", line 75, in catch_exceptions_middleware
    return await call_next(request)
  File "c:\python38\lib\site-packages\starlette\middleware\base.py", line 163, in call_next
    raise app_exc
  File "c:\python38\lib\site-packages\starlette\middleware\base.py", line 149, in coro
    await self.app(scope, receive_or_disconnect, send_no_error)
  File "c:\python38\lib\site-packages\starlette\middleware\cors.py", line 93, in __call__
    await self.simple_response(scope, receive, send, request_headers=headers)
  File "c:\python38\lib\site-packages\starlette\middleware\cors.py", line 144, in simple_response
    await self.app(scope, receive, send)
  File "c:\python38\lib\site-packages\starlette\middleware\exceptions.py", line 62, in __call__
    await wrap_app_handling_exceptions(self.app, conn)(scope, receive, send)
  File "c:\python38\lib\site-packages\starlette\_exception_handler.py", line 53, in wrapped_app
    raise exc
  File "c:\python38\lib\site-packages\starlette\_exception_handler.py", line 42, in wrapped_app
    await app(scope, receive, sender)
  File "c:\python38\lib\site-packages\fastapi\middleware\asyncexitstack.py", line 18, in __call__
    await self.app(scope, receive, send)
  File "c:\python38\lib\site-packages\starlette\routing.py", line 715, in __call__
    await self.middleware_stack(scope, receive, send)
  File "c:\python38\lib\site-packages\starlette\routing.py", line 735, in app
    await route.handle(scope, receive, send)
  File "c:\python38\lib\site-packages\starlette\routing.py", line 288, in handle
    await self.app(scope, receive, send)
  File "c:\python38\lib\site-packages\fastapi\routing.py", line 120, in app
    await wrap_app_handling_exceptions(app, request)(scope, receive, send)
  File "c:\python38\lib\site-packages\starlette\_exception_handler.py", line 53, in wrapped_app
    raise exc
  File "c:\python38\lib\site-packages\starlette\_exception_handler.py", line 42, in wrapped_app
    await app(scope, receive, sender)
  File "c:\python38\lib\site-packages\fastapi\routing.py", line 106, in app
    response = await f(request)
  File "c:\python38\lib\site-packages\fastapi\routing.py", line 430, in app
    raw_response = await run_endpoint_function(
  File "c:\python38\lib\site-packages\fastapi\routing.py", line 316, in run_endpoint_function
    return await dependant.call(**values)
  File "C:\Users\rrmsz\Rental-Management-System\backend\routers\reports.py", line 153, in get_dashboard_stats_v2
    return await reports_service.get_dashboard_stats()
  File "C:\Users\rrmsz\Rental-Management-System\backend\services\reports_service.py", line 19, in get_dashboard_stats
    today_revenue = sum(inv["total"] for inv in all_invoices if datetime.fromisoformat(inv.get("issue_date", inv.get("created_at", now.isoformat()))) >= today_start)
  File "C:\Users\rrmsz\Rental-Management-System\backend\services\reports_service.py", line 19, in <genexpr>
    today_revenue = sum(inv["total"] for inv in all_invoices if datetime.fromisoformat(inv.get("issue_date", inv.get("created_at", now.isoformat()))) >= today_start)
TypeError: can't compare offset-naive and offset-aware datetimes

Error on http://localhost:8001/api/reports/dashboard/v2:
Traceback (most recent call last):
  File "c:\python38\lib\site-packages\anyio\streams\memory.py", line 111, in receive
    return self.receive_nowait()
  File "c:\python38\lib\site-packages\anyio\streams\memory.py", line 106, in receive_nowait
    raise WouldBlock
anyio.WouldBlock

During handling of the above exception, another exception occurred:

Traceback (most recent call last):
  File "c:\python38\lib\site-packages\anyio\streams\memory.py", line 124, in receive
    return receiver.item
AttributeError: 'MemoryObjectItemReceiver' object has no attribute 'item'

During handling of the above exception, another exception occurred:

Traceback (most recent call last):
  File "c:\python38\lib\site-packages\starlette\middleware\base.py", line 157, in call_next
    message = await recv_stream.receive()
  File "c:\python38\lib\site-packages\anyio\streams\memory.py", line 126, in receive
    raise EndOfStream
anyio.EndOfStream

During handling of the above exception, another exception occurred:

Traceback (most recent call last):
  File "C:\Users\rrmsz\Rental-Management-System\backend\server.py", line 75, in catch_exceptions_middleware
    return await call_next(request)
  File "c:\python38\lib\site-packages\starlette\middleware\base.py", line 163, in call_next
    raise app_exc
  File "c:\python38\lib\site-packages\starlette\middleware\base.py", line 149, in coro
    await self.app(scope, receive_or_disconnect, send_no_error)
  File "c:\python38\lib\site-packages\starlette\middleware\cors.py", line 93, in __call__
    await self.simple_response(scope, receive, send, request_headers=headers)
  File "c:\python38\lib\site-packages\starlette\middleware\cors.py", line 144, in simple_response
    await self.app(scope, receive, send)
  File "c:\python38\lib\site-packages\starlette\middleware\exceptions.py", line 62, in __call__
    await wrap_app_handling_exceptions(self.app, conn)(scope, receive, send)
  File "c:\python38\lib\site-packages\starlette\_exception_handler.py", line 53, in wrapped_app
    raise exc
  File "c:\python38\lib\site-packages\starlette\_exception_handler.py", line 42, in wrapped_app
    await app(scope, receive, sender)
  File "c:\python38\lib\site-packages\fastapi\middleware\asyncexitstack.py", line 18, in __call__
    await self.app(scope, receive, send)
  File "c:\python38\lib\site-packages\starlette\routing.py", line 715, in __call__
    await self.middleware_stack(scope, receive, send)
  File "c:\python38\lib\site-packages\starlette\routing.py", line 735, in app
    await route.handle(scope, receive, send)
  File "c:\python38\lib\site-packages\starlette\routing.py", line 288, in handle
    await self.app(scope, receive, send)
  File "c:\python38\lib\site-packages\fastapi\routing.py", line 120, in app
    await wrap_app_handling_exceptions(app, request)(scope, receive, send)
  File "c:\python38\lib\site-packages\starlette\_exception_handler.py", line 53, in wrapped_app
    raise exc
  File "c:\python38\lib\site-packages\starlette\_exception_handler.py", line 42, in wrapped_app
    await app(scope, receive, sender)
  File "c:\python38\lib\site-packages\fastapi\routing.py", line 106, in app
    response = await f(request)
  File "c:\python38\lib\site-packages\fastapi\routing.py", line 430, in app
    raw_response = await run_endpoint_function(
  File "c:\python38\lib\site-packages\fastapi\routing.py", line 316, in run_endpoint_function
    return await dependant.call(**values)
  File "C:\Users\rrmsz\Rental-Management-System\backend\routers\reports.py", line 153, in get_dashboard_stats_v2
    return await reports_service.get_dashboard_stats()
  File "C:\Users\rrmsz\Rental-Management-System\backend\services\reports_service.py", line 19, in get_dashboard_stats
    today_revenue = sum(inv["total"] for inv in all_invoices if datetime.fromisoformat(inv.get("issue_date", inv.get("created_at", now.isoformat()))) >= today_start)
  File "C:\Users\rrmsz\Rental-Management-System\backend\services\reports_service.py", line 19, in <genexpr>
    today_revenue = sum(inv["total"] for inv in all_invoices if datetime.fromisoformat(inv.get("issue_date", inv.get("created_at", now.isoformat()))) >= today_start)
TypeError: can't compare offset-naive and offset-aware datetimes

Error on http://localhost:8001/api/reports/dashboard/v2:
Traceback (most recent call last):
  File "c:\python38\lib\site-packages\anyio\streams\memory.py", line 111, in receive
    return self.receive_nowait()
  File "c:\python38\lib\site-packages\anyio\streams\memory.py", line 106, in receive_nowait
    raise WouldBlock
anyio.WouldBlock

During handling of the above exception, another exception occurred:

Traceback (most recent call last):
  File "c:\python38\lib\site-packages\anyio\streams\memory.py", line 124, in receive
    return receiver.item
AttributeError: 'MemoryObjectItemReceiver' object has no attribute 'item'

During handling of the above exception, another exception occurred:

Traceback (most recent call last):
  File "c:\python38\lib\site-packages\starlette\middleware\base.py", line 157, in call_next
    message = await recv_stream.receive()
  File "c:\python38\lib\site-packages\anyio\streams\memory.py", line 126, in receive
    raise EndOfStream
anyio.EndOfStream

During handling of the above exception, another exception occurred:

Traceback (most recent call last):
  File "C:\Users\rrmsz\Rental-Management-System\backend\server.py", line 75, in catch_exceptions_middleware
    return await call_next(request)
  File "c:\python38\lib\site-packages\starlette\middleware\base.py", line 163, in call_next
    raise app_exc
  File "c:\python38\lib\site-packages\starlette\middleware\base.py", line 149, in coro
    await self.app(scope, receive_or_disconnect, send_no_error)
  File "c:\python38\lib\site-packages\starlette\middleware\cors.py", line 93, in __call__
    await self.simple_response(scope, receive, send, request_headers=headers)
  File "c:\python38\lib\site-packages\starlette\middleware\cors.py", line 144, in simple_response
    await self.app(scope, receive, send)
  File "c:\python38\lib\site-packages\starlette\middleware\exceptions.py", line 62, in __call__
    await wrap_app_handling_exceptions(self.app, conn)(scope, receive, send)
  File "c:\python38\lib\site-packages\starlette\_exception_handler.py", line 53, in wrapped_app
    raise exc
  File "c:\python38\lib\site-packages\starlette\_exception_handler.py", line 42, in wrapped_app
    await app(scope, receive, sender)
  File "c:\python38\lib\site-packages\fastapi\middleware\asyncexitstack.py", line 18, in __call__
    await self.app(scope, receive, send)
  File "c:\python38\lib\site-packages\starlette\routing.py", line 715, in __call__
    await self.middleware_stack(scope, receive, send)
  File "c:\python38\lib\site-packages\starlette\routing.py", line 735, in app
    await route.handle(scope, receive, send)
  File "c:\python38\lib\site-packages\starlette\routing.py", line 288, in handle
    await self.app(scope, receive, send)
  File "c:\python38\lib\site-packages\fastapi\routing.py", line 120, in app
    await wrap_app_handling_exceptions(app, request)(scope, receive, send)
  File "c:\python38\lib\site-packages\starlette\_exception_handler.py", line 53, in wrapped_app
    raise exc
  File "c:\python38\lib\site-packages\starlette\_exception_handler.py", line 42, in wrapped_app
    await app(scope, receive, sender)
  File "c:\python38\lib\site-packages\fastapi\routing.py", line 106, in app
    response = await f(request)
  File "c:\python38\lib\site-packages\fastapi\routing.py", line 430, in app
    raw_response = await run_endpoint_function(
  File "c:\python38\lib\site-packages\fastapi\routing.py", line 316, in run_endpoint_function
    return await dependant.call(**values)
  File "C:\Users\rrmsz\Rental-Management-System\backend\routers\reports.py", line 153, in get_dashboard_stats_v2
    return await reports_service.get_dashboard_stats()
  File "C:\Users\rrmsz\Rental-Management-System\backend\services\reports_service.py", line 19, in get_dashboard_stats
    today_revenue = sum(inv["total"] for inv in all_invoices if datetime.fromisoformat(inv.get("issue_date", inv.get("created_at", now.isoformat()))) >= today_start)
  File "C:\Users\rrmsz\Rental-Management-System\backend\services\reports_service.py", line 19, in <genexpr>
    today_revenue = sum(inv["total"] for inv in all_invoices if datetime.fromisoformat(inv.get("issue_date", inv.get("created_at", now.isoformat()))) >= today_start)
TypeError: can't compare offset-naive and offset-aware datetimes

Error on http://localhost:8001/api/reports/dashboard/v2:
Traceback (most recent call last):
  File "c:\python38\lib\site-packages\anyio\streams\memory.py", line 111, in receive
    return self.receive_nowait()
  File "c:\python38\lib\site-packages\anyio\streams\memory.py", line 106, in receive_nowait
    raise WouldBlock
anyio.WouldBlock

During handling of the above exception, another exception occurred:

Traceback (most recent call last):
  File "c:\python38\lib\site-packages\anyio\streams\memory.py", line 124, in receive
    return receiver.item
AttributeError: 'MemoryObjectItemReceiver' object has no attribute 'item'

During handling of the above exception, another exception occurred:

Traceback (most recent call last):
  File "c:\python38\lib\site-packages\starlette\middleware\base.py", line 157, in call_next
    message = await recv_stream.receive()
  File "c:\python38\lib\site-packages\anyio\streams\memory.py", line 126, in receive
    raise EndOfStream
anyio.EndOfStream

During handling of the above exception, another exception occurred:

Traceback (most recent call last):
  File "C:\Users\rrmsz\Rental-Management-System\backend\server.py", line 75, in catch_exceptions_middleware
    return await call_next(request)
  File "c:\python38\lib\site-packages\starlette\middleware\base.py", line 163, in call_next
    raise app_exc
  File "c:\python38\lib\site-packages\starlette\middleware\base.py", line 149, in coro
    await self.app(scope, receive_or_disconnect, send_no_error)
  File "c:\python38\lib\site-packages\starlette\middleware\cors.py", line 93, in __call__
    await self.simple_response(scope, receive, send, request_headers=headers)
  File "c:\python38\lib\site-packages\starlette\middleware\cors.py", line 144, in simple_response
    await self.app(scope, receive, send)
  File "c:\python38\lib\site-packages\starlette\middleware\exceptions.py", line 62, in __call__
    await wrap_app_handling_exceptions(self.app, conn)(scope, receive, send)
  File "c:\python38\lib\site-packages\starlette\_exception_handler.py", line 53, in wrapped_app
    raise exc
  File "c:\python38\lib\site-packages\starlette\_exception_handler.py", line 42, in wrapped_app
    await app(scope, receive, sender)
  File "c:\python38\lib\site-packages\fastapi\middleware\asyncexitstack.py", line 18, in __call__
    await self.app(scope, receive, send)
  File "c:\python38\lib\site-packages\starlette\routing.py", line 715, in __call__
    await self.middleware_stack(scope, receive, send)
  File "c:\python38\lib\site-packages\starlette\routing.py", line 735, in app
    await route.handle(scope, receive, send)
  File "c:\python38\lib\site-packages\starlette\routing.py", line 288, in handle
    await self.app(scope, receive, send)
  File "c:\python38\lib\site-packages\fastapi\routing.py", line 120, in app
    await wrap_app_handling_exceptions(app, request)(scope, receive, send)
  File "c:\python38\lib\site-packages\starlette\_exception_handler.py", line 53, in wrapped_app
    raise exc
  File "c:\python38\lib\site-packages\starlette\_exception_handler.py", line 42, in wrapped_app
    await app(scope, receive, sender)
  File "c:\python38\lib\site-packages\fastapi\routing.py", line 106, in app
    response = await f(request)
  File "c:\python38\lib\site-packages\fastapi\routing.py", line 430, in app
    raw_response = await run_endpoint_function(
  File "c:\python38\lib\site-packages\fastapi\routing.py", line 316, in run_endpoint_function
    return await dependant.call(**values)
  File "C:\Users\rrmsz\Rental-Management-System\backend\routers\reports.py", line 153, in get_dashboard_stats_v2
    return await reports_service.get_dashboard_stats()
  File "C:\Users\rrmsz\Rental-Management-System\backend\services\reports_service.py", line 19, in get_dashboard_stats
    today_revenue = sum(inv["total"] for inv in all_invoices if datetime.fromisoformat(inv.get("issue_date", inv.get("created_at", now.isoformat()))) >= today_start)
  File "C:\Users\rrmsz\Rental-Management-System\backend\services\reports_service.py", line 19, in <genexpr>
    today_revenue = sum(inv["total"] for inv in all_invoices if datetime.fromisoformat(inv.get("issue_date", inv.get("created_at", now.isoformat()))) >= today_start)
TypeError: can't compare offset-naive and offset-aware datetimes

Error on http://localhost:8001/api/reports/dashboard/v2:
Traceback (most recent call last):
  File "c:\python38\lib\site-packages\anyio\streams\memory.py", line 111, in receive
    return self.receive_nowait()
  File "c:\python38\lib\site-packages\anyio\streams\memory.py", line 106, in receive_nowait
    raise WouldBlock
anyio.WouldBlock

During handling of the above exception, another exception occurred:

Traceback (most recent call last):
  File "c:\python38\lib\site-packages\anyio\streams\memory.py", line 124, in receive
    return receiver.item
AttributeError: 'MemoryObjectItemReceiver' object has no attribute 'item'

During handling of the above exception, another exception occurred:

Traceback (most recent call last):
  File "c:\python38\lib\site-packages\starlette\middleware\base.py", line 157, in call_next
    message = await recv_stream.receive()
  File "c:\python38\lib\site-packages\anyio\streams\memory.py", line 126, in receive
    raise EndOfStream
anyio.EndOfStream

During handling of the above exception, another exception occurred:

Traceback (most recent call last):
  File "C:\Users\rrmsz\Rental-Management-System\backend\server.py", line 75, in catch_exceptions_middleware
    return await call_next(request)
  File "c:\python38\lib\site-packages\starlette\middleware\base.py", line 163, in call_next
    raise app_exc
  File "c:\python38\lib\site-packages\starlette\middleware\base.py", line 149, in coro
    await self.app(scope, receive_or_disconnect, send_no_error)
  File "c:\python38\lib\site-packages\starlette\middleware\cors.py", line 93, in __call__
    await self.simple_response(scope, receive, send, request_headers=headers)
  File "c:\python38\lib\site-packages\starlette\middleware\cors.py", line 144, in simple_response
    await self.app(scope, receive, send)
  File "c:\python38\lib\site-packages\starlette\middleware\exceptions.py", line 62, in __call__
    await wrap_app_handling_exceptions(self.app, conn)(scope, receive, send)
  File "c:\python38\lib\site-packages\starlette\_exception_handler.py", line 53, in wrapped_app
    raise exc
  File "c:\python38\lib\site-packages\starlette\_exception_handler.py", line 42, in wrapped_app
    await app(scope, receive, sender)
  File "c:\python38\lib\site-packages\fastapi\middleware\asyncexitstack.py", line 18, in __call__
    await self.app(scope, receive, send)
  File "c:\python38\lib\site-packages\starlette\routing.py", line 715, in __call__
    await self.middleware_stack(scope, receive, send)
  File "c:\python38\lib\site-packages\starlette\routing.py", line 735, in app
    await route.handle(scope, receive, send)
  File "c:\python38\lib\site-packages\starlette\routing.py", line 288, in handle
    await self.app(scope, receive, send)
  File "c:\python38\lib\site-packages\fastapi\routing.py", line 120, in app
    await wrap_app_handling_exceptions(app, request)(scope, receive, send)
  File "c:\python38\lib\site-packages\starlette\_exception_handler.py", line 53, in wrapped_app
    raise exc
  File "c:\python38\lib\site-packages\starlette\_exception_handler.py", line 42, in wrapped_app
    await app(scope, receive, sender)
  File "c:\python38\lib\site-packages\fastapi\routing.py", line 106, in app
    response = await f(request)
  File "c:\python38\lib\site-packages\fastapi\routing.py", line 430, in app
    raw_response = await run_endpoint_function(
  File "c:\python38\lib\site-packages\fastapi\routing.py", line 316, in run_endpoint_function
    return await dependant.call(**values)
  File "C:\Users\rrmsz\Rental-Management-System\backend\routers\reports.py", line 153, in get_dashboard_stats_v2
    return await reports_service.get_dashboard_stats()
  File "C:\Users\rrmsz\Rental-Management-System\backend\services\reports_service.py", line 19, in get_dashboard_stats
    today_revenue = sum(inv["total"] for inv in all_invoices if datetime.fromisoformat(inv.get("issue_date", inv.get("created_at", now.isoformat()))) >= today_start)
  File "C:\Users\rrmsz\Rental-Management-System\backend\services\reports_service.py", line 19, in <genexpr>
    today_revenue = sum(inv["total"] for inv in all_invoices if datetime.fromisoformat(inv.get("issue_date", inv.get("created_at", now.isoformat()))) >= today_start)
TypeError: can't compare offset-naive and offset-aware datetimes

Error on http://localhost:8001/api/reports/dashboard/v2:
Traceback (most recent call last):
  File "c:\python38\lib\site-packages\anyio\streams\memory.py", line 111, in receive
    return self.receive_nowait()
  File "c:\python38\lib\site-packages\anyio\streams\memory.py", line 106, in receive_nowait
    raise WouldBlock
anyio.WouldBlock

During handling of the above exception, another exception occurred:

Traceback (most recent call last):
  File "c:\python38\lib\site-packages\anyio\streams\memory.py", line 124, in receive
    return receiver.item
AttributeError: 'MemoryObjectItemReceiver' object has no attribute 'item'

During handling of the above exception, another exception occurred:

Traceback (most recent call last):
  File "c:\python38\lib\site-packages\starlette\middleware\base.py", line 157, in call_next
    message = await recv_stream.receive()
  File "c:\python38\lib\site-packages\anyio\streams\memory.py", line 126, in receive
    raise EndOfStream
anyio.EndOfStream

During handling of the above exception, another exception occurred:

Traceback (most recent call last):
  File "C:\Users\rrmsz\Rental-Management-System\backend\server.py", line 75, in catch_exceptions_middleware
    return await call_next(request)
  File "c:\python38\lib\site-packages\starlette\middleware\base.py", line 163, in call_next
    raise app_exc
  File "c:\python38\lib\site-packages\starlette\middleware\base.py", line 149, in coro
    await self.app(scope, receive_or_disconnect, send_no_error)
  File "c:\python38\lib\site-packages\starlette\middleware\cors.py", line 93, in __call__
    await self.simple_response(scope, receive, send, request_headers=headers)
  File "c:\python38\lib\site-packages\starlette\middleware\cors.py", line 144, in simple_response
    await self.app(scope, receive, send)
  File "c:\python38\lib\site-packages\starlette\middleware\exceptions.py", line 62, in __call__
    await wrap_app_handling_exceptions(self.app, conn)(scope, receive, send)
  File "c:\python38\lib\site-packages\starlette\_exception_handler.py", line 53, in wrapped_app
    raise exc
  File "c:\python38\lib\site-packages\starlette\_exception_handler.py", line 42, in wrapped_app
    await app(scope, receive, sender)
  File "c:\python38\lib\site-packages\fastapi\middleware\asyncexitstack.py", line 18, in __call__
    await self.app(scope, receive, send)
  File "c:\python38\lib\site-packages\starlette\routing.py", line 715, in __call__
    await self.middleware_stack(scope, receive, send)
  File "c:\python38\lib\site-packages\starlette\routing.py", line 735, in app
    await route.handle(scope, receive, send)
  File "c:\python38\lib\site-packages\starlette\routing.py", line 288, in handle
    await self.app(scope, receive, send)
  File "c:\python38\lib\site-packages\fastapi\routing.py", line 120, in app
    await wrap_app_handling_exceptions(app, request)(scope, receive, send)
  File "c:\python38\lib\site-packages\starlette\_exception_handler.py", line 53, in wrapped_app
    raise exc
  File "c:\python38\lib\site-packages\starlette\_exception_handler.py", line 42, in wrapped_app
    await app(scope, receive, sender)
  File "c:\python38\lib\site-packages\fastapi\routing.py", line 106, in app
    response = await f(request)
  File "c:\python38\lib\site-packages\fastapi\routing.py", line 430, in app
    raw_response = await run_endpoint_function(
  File "c:\python38\lib\site-packages\fastapi\routing.py", line 316, in run_endpoint_function
    return await dependant.call(**values)
  File "C:\Users\rrmsz\Rental-Management-System\backend\routers\reports.py", line 153, in get_dashboard_stats_v2
    return await reports_service.get_dashboard_stats()
  File "C:\Users\rrmsz\Rental-Management-System\backend\services\reports_service.py", line 19, in get_dashboard_stats
    today_revenue = sum(inv["total"] for inv in all_invoices if datetime.fromisoformat(inv.get("issue_date", inv.get("created_at", now.isoformat()))) >= today_start)
  File "C:\Users\rrmsz\Rental-Management-System\backend\services\reports_service.py", line 19, in <genexpr>
    today_revenue = sum(inv["total"] for inv in all_invoices if datetime.fromisoformat(inv.get("issue_date", inv.get("created_at", now.isoformat()))) >= today_start)
TypeError: can't compare offset-naive and offset-aware datetimes

Error on http://localhost:8001/api/reports/dashboard/v2:
Traceback (most recent call last):
  File "c:\python38\lib\site-packages\anyio\streams\memory.py", line 111, in receive
    return self.receive_nowait()
  File "c:\python38\lib\site-packages\anyio\streams\memory.py", line 106, in receive_nowait
    raise WouldBlock
anyio.WouldBlock

During handling of the above exception, another exception occurred:

Traceback (most recent call last):
  File "c:\python38\lib\site-packages\anyio\streams\memory.py", line 124, in receive
    return receiver.item
AttributeError: 'MemoryObjectItemReceiver' object has no attribute 'item'

During handling of the above exception, another exception occurred:

Traceback (most recent call last):
  File "c:\python38\lib\site-packages\starlette\middleware\base.py", line 157, in call_next
    message = await recv_stream.receive()
  File "c:\python38\lib\site-packages\anyio\streams\memory.py", line 126, in receive
    raise EndOfStream
anyio.EndOfStream

During handling of the above exception, another exception occurred:

Traceback (most recent call last):
  File "C:\Users\rrmsz\Rental-Management-System\backend\server.py", line 75, in catch_exceptions_middleware
    return await call_next(request)
  File "c:\python38\lib\site-packages\starlette\middleware\base.py", line 163, in call_next
    raise app_exc
  File "c:\python38\lib\site-packages\starlette\middleware\base.py", line 149, in coro
    await self.app(scope, receive_or_disconnect, send_no_error)
  File "c:\python38\lib\site-packages\starlette\middleware\cors.py", line 93, in __call__
    await self.simple_response(scope, receive, send, request_headers=headers)
  File "c:\python38\lib\site-packages\starlette\middleware\cors.py", line 144, in simple_response
    await self.app(scope, receive, send)
  File "c:\python38\lib\site-packages\starlette\middleware\exceptions.py", line 62, in __call__
    await wrap_app_handling_exceptions(self.app, conn)(scope, receive, send)
  File "c:\python38\lib\site-packages\starlette\_exception_handler.py", line 53, in wrapped_app
    raise exc
  File "c:\python38\lib\site-packages\starlette\_exception_handler.py", line 42, in wrapped_app
    await app(scope, receive, sender)
  File "c:\python38\lib\site-packages\fastapi\middleware\asyncexitstack.py", line 18, in __call__
    await self.app(scope, receive, send)
  File "c:\python38\lib\site-packages\starlette\routing.py", line 715, in __call__
    await self.middleware_stack(scope, receive, send)
  File "c:\python38\lib\site-packages\starlette\routing.py", line 735, in app
    await route.handle(scope, receive, send)
  File "c:\python38\lib\site-packages\starlette\routing.py", line 288, in handle
    await self.app(scope, receive, send)
  File "c:\python38\lib\site-packages\fastapi\routing.py", line 120, in app
    await wrap_app_handling_exceptions(app, request)(scope, receive, send)
  File "c:\python38\lib\site-packages\starlette\_exception_handler.py", line 53, in wrapped_app
    raise exc
  File "c:\python38\lib\site-packages\starlette\_exception_handler.py", line 42, in wrapped_app
    await app(scope, receive, sender)
  File "c:\python38\lib\site-packages\fastapi\routing.py", line 106, in app
    response = await f(request)
  File "c:\python38\lib\site-packages\fastapi\routing.py", line 430, in app
    raw_response = await run_endpoint_function(
  File "c:\python38\lib\site-packages\fastapi\routing.py", line 316, in run_endpoint_function
    return await dependant.call(**values)
  File "C:\Users\rrmsz\Rental-Management-System\backend\routers\reports.py", line 153, in get_dashboard_stats_v2
    return await reports_service.get_dashboard_stats()
  File "C:\Users\rrmsz\Rental-Management-System\backend\services\reports_service.py", line 19, in get_dashboard_stats
    today_revenue = sum(inv["total"] for inv in all_invoices if datetime.fromisoformat(inv.get("issue_date", inv.get("created_at", now.isoformat()))) >= today_start)
  File "C:\Users\rrmsz\Rental-Management-System\backend\services\reports_service.py", line 19, in <genexpr>
    today_revenue = sum(inv["total"] for inv in all_invoices if datetime.fromisoformat(inv.get("issue_date", inv.get("created_at", now.isoformat()))) >= today_start)
TypeError: can't compare offset-naive and offset-aware datetimes

Error on http://localhost:8001/api/reports/dashboard/v2:
Traceback (most recent call last):
  File "c:\python38\lib\site-packages\anyio\streams\memory.py", line 111, in receive
    return self.receive_nowait()
  File "c:\python38\lib\site-packages\anyio\streams\memory.py", line 106, in receive_nowait
    raise WouldBlock
anyio.WouldBlock

During handling of the above exception, another exception occurred:

Traceback (most recent call last):
  File "c:\python38\lib\site-packages\anyio\streams\memory.py", line 124, in receive
    return receiver.item
AttributeError: 'MemoryObjectItemReceiver' object has no attribute 'item'

During handling of the above exception, another exception occurred:

Traceback (most recent call last):
  File "c:\python38\lib\site-packages\starlette\middleware\base.py", line 157, in call_next
    message = await recv_stream.receive()
  File "c:\python38\lib\site-packages\anyio\streams\memory.py", line 126, in receive
    raise EndOfStream
anyio.EndOfStream

During handling of the above exception, another exception occurred:

Traceback (most recent call last):
  File "C:\Users\rrmsz\Rental-Management-System\backend\server.py", line 75, in catch_exceptions_middleware
    return await call_next(request)
  File "c:\python38\lib\site-packages\starlette\middleware\base.py", line 163, in call_next
    raise app_exc
  File "c:\python38\lib\site-packages\starlette\middleware\base.py", line 149, in coro
    await self.app(scope, receive_or_disconnect, send_no_error)
  File "c:\python38\lib\site-packages\starlette\middleware\cors.py", line 93, in __call__
    await self.simple_response(scope, receive, send, request_headers=headers)
  File "c:\python38\lib\site-packages\starlette\middleware\cors.py", line 144, in simple_response
    await self.app(scope, receive, send)
  File "c:\python38\lib\site-packages\starlette\middleware\exceptions.py", line 62, in __call__
    await wrap_app_handling_exceptions(self.app, conn)(scope, receive, send)
  File "c:\python38\lib\site-packages\starlette\_exception_handler.py", line 53, in wrapped_app
    raise exc
  File "c:\python38\lib\site-packages\starlette\_exception_handler.py", line 42, in wrapped_app
    await app(scope, receive, sender)
  File "c:\python38\lib\site-packages\fastapi\middleware\asyncexitstack.py", line 18, in __call__
    await self.app(scope, receive, send)
  File "c:\python38\lib\site-packages\starlette\routing.py", line 715, in __call__
    await self.middleware_stack(scope, receive, send)
  File "c:\python38\lib\site-packages\starlette\routing.py", line 735, in app
    await route.handle(scope, receive, send)
  File "c:\python38\lib\site-packages\starlette\routing.py", line 288, in handle
    await self.app(scope, receive, send)
  File "c:\python38\lib\site-packages\fastapi\routing.py", line 120, in app
    await wrap_app_handling_exceptions(app, request)(scope, receive, send)
  File "c:\python38\lib\site-packages\starlette\_exception_handler.py", line 53, in wrapped_app
    raise exc
  File "c:\python38\lib\site-packages\starlette\_exception_handler.py", line 42, in wrapped_app
    await app(scope, receive, sender)
  File "c:\python38\lib\site-packages\fastapi\routing.py", line 106, in app
    response = await f(request)
  File "c:\python38\lib\site-packages\fastapi\routing.py", line 430, in app
    raw_response = await run_endpoint_function(
  File "c:\python38\lib\site-packages\fastapi\routing.py", line 316, in run_endpoint_function
    return await dependant.call(**values)
  File "C:\Users\rrmsz\Rental-Management-System\backend\routers\reports.py", line 153, in get_dashboard_stats_v2
    return await reports_service.get_dashboard_stats()
  File "C:\Users\rrmsz\Rental-Management-System\backend\services\reports_service.py", line 19, in get_dashboard_stats
    today_revenue = sum(inv["total"] for inv in all_invoices if datetime.fromisoformat(inv.get("issue_date", inv.get("created_at", now.isoformat()))) >= today_start)
  File "C:\Users\rrmsz\Rental-Management-System\backend\services\reports_service.py", line 19, in <genexpr>
    today_revenue = sum(inv["total"] for inv in all_invoices if datetime.fromisoformat(inv.get("issue_date", inv.get("created_at", now.isoformat()))) >= today_start)
TypeError: can't compare offset-naive and offset-aware datetimes

Error on http://localhost:8001/api/reports/revenue/detailed:
Traceback (most recent call last):
  File "c:\python38\lib\site-packages\anyio\streams\memory.py", line 111, in receive
    return self.receive_nowait()
  File "c:\python38\lib\site-packages\anyio\streams\memory.py", line 106, in receive_nowait
    raise WouldBlock
anyio.WouldBlock

During handling of the above exception, another exception occurred:

Traceback (most recent call last):
  File "c:\python38\lib\site-packages\anyio\streams\memory.py", line 124, in receive
    return receiver.item
AttributeError: 'MemoryObjectItemReceiver' object has no attribute 'item'

During handling of the above exception, another exception occurred:

Traceback (most recent call last):
  File "c:\python38\lib\site-packages\starlette\middleware\base.py", line 157, in call_next
    message = await recv_stream.receive()
  File "c:\python38\lib\site-packages\anyio\streams\memory.py", line 126, in receive
    raise EndOfStream
anyio.EndOfStream

During handling of the above exception, another exception occurred:

Traceback (most recent call last):
  File "C:\Users\rrmsz\Rental-Management-System\backend\server.py", line 75, in catch_exceptions_middleware
    return await call_next(request)
  File "c:\python38\lib\site-packages\starlette\middleware\base.py", line 163, in call_next
    raise app_exc
  File "c:\python38\lib\site-packages\starlette\middleware\base.py", line 149, in coro
    await self.app(scope, receive_or_disconnect, send_no_error)
  File "c:\python38\lib\site-packages\starlette\middleware\cors.py", line 93, in __call__
    await self.simple_response(scope, receive, send, request_headers=headers)
  File "c:\python38\lib\site-packages\starlette\middleware\cors.py", line 144, in simple_response
    await self.app(scope, receive, send)
  File "c:\python38\lib\site-packages\starlette\middleware\exceptions.py", line 62, in __call__
    await wrap_app_handling_exceptions(self.app, conn)(scope, receive, send)
  File "c:\python38\lib\site-packages\starlette\_exception_handler.py", line 53, in wrapped_app
    raise exc
  File "c:\python38\lib\site-packages\starlette\_exception_handler.py", line 42, in wrapped_app
    await app(scope, receive, sender)
  File "c:\python38\lib\site-packages\fastapi\middleware\asyncexitstack.py", line 18, in __call__
    await self.app(scope, receive, send)
  File "c:\python38\lib\site-packages\starlette\routing.py", line 715, in __call__
    await self.middleware_stack(scope, receive, send)
  File "c:\python38\lib\site-packages\starlette\routing.py", line 735, in app
    await route.handle(scope, receive, send)
  File "c:\python38\lib\site-packages\starlette\routing.py", line 288, in handle
    await self.app(scope, receive, send)
  File "c:\python38\lib\site-packages\fastapi\routing.py", line 120, in app
    await wrap_app_handling_exceptions(app, request)(scope, receive, send)
  File "c:\python38\lib\site-packages\starlette\_exception_handler.py", line 53, in wrapped_app
    raise exc
  File "c:\python38\lib\site-packages\starlette\_exception_handler.py", line 42, in wrapped_app
    await app(scope, receive, sender)
  File "c:\python38\lib\site-packages\fastapi\routing.py", line 106, in app
    response = await f(request)
  File "c:\python38\lib\site-packages\fastapi\routing.py", line 430, in app
    raw_response = await run_endpoint_function(
  File "c:\python38\lib\site-packages\fastapi\routing.py", line 316, in run_endpoint_function
    return await dependant.call(**values)
  File "C:\Users\rrmsz\Rental-Management-System\backend\routers\reports.py", line 203, in get_revenue_detailed
    return await reports_service.get_revenue_report(start_date, end_date)
  File "C:\Users\rrmsz\Rental-Management-System\backend\services\reports_service.py", line 286, in get_revenue_report
    total_tax = sum(inv["tax_amount"] for inv in invoices)
  File "C:\Users\rrmsz\Rental-Management-System\backend\services\reports_service.py", line 286, in <genexpr>
    total_tax = sum(inv["tax_amount"] for inv in invoices)
KeyError: 'tax_amount'

Error on http://localhost:8001/api/reports/revenue/detailed:
Traceback (most recent call last):
  File "c:\python38\lib\site-packages\anyio\streams\memory.py", line 111, in receive
    return self.receive_nowait()
  File "c:\python38\lib\site-packages\anyio\streams\memory.py", line 106, in receive_nowait
    raise WouldBlock
anyio.WouldBlock

During handling of the above exception, another exception occurred:

Traceback (most recent call last):
  File "c:\python38\lib\site-packages\anyio\streams\memory.py", line 124, in receive
    return receiver.item
AttributeError: 'MemoryObjectItemReceiver' object has no attribute 'item'

During handling of the above exception, another exception occurred:

Traceback (most recent call last):
  File "c:\python38\lib\site-packages\starlette\middleware\base.py", line 157, in call_next
    message = await recv_stream.receive()
  File "c:\python38\lib\site-packages\anyio\streams\memory.py", line 126, in receive
    raise EndOfStream
anyio.EndOfStream

During handling of the above exception, another exception occurred:

Traceback (most recent call last):
  File "C:\Users\rrmsz\Rental-Management-System\backend\server.py", line 75, in catch_exceptions_middleware
    return await call_next(request)
  File "c:\python38\lib\site-packages\starlette\middleware\base.py", line 163, in call_next
    raise app_exc
  File "c:\python38\lib\site-packages\starlette\middleware\base.py", line 149, in coro
    await self.app(scope, receive_or_disconnect, send_no_error)
  File "c:\python38\lib\site-packages\starlette\middleware\cors.py", line 93, in __call__
    await self.simple_response(scope, receive, send, request_headers=headers)
  File "c:\python38\lib\site-packages\starlette\middleware\cors.py", line 144, in simple_response
    await self.app(scope, receive, send)
  File "c:\python38\lib\site-packages\starlette\middleware\exceptions.py", line 62, in __call__
    await wrap_app_handling_exceptions(self.app, conn)(scope, receive, send)
  File "c:\python38\lib\site-packages\starlette\_exception_handler.py", line 53, in wrapped_app
    raise exc
  File "c:\python38\lib\site-packages\starlette\_exception_handler.py", line 42, in wrapped_app
    await app(scope, receive, sender)
  File "c:\python38\lib\site-packages\fastapi\middleware\asyncexitstack.py", line 18, in __call__
    await self.app(scope, receive, send)
  File "c:\python38\lib\site-packages\starlette\routing.py", line 715, in __call__
    await self.middleware_stack(scope, receive, send)
  File "c:\python38\lib\site-packages\starlette\routing.py", line 735, in app
    await route.handle(scope, receive, send)
  File "c:\python38\lib\site-packages\starlette\routing.py", line 288, in handle
    await self.app(scope, receive, send)
  File "c:\python38\lib\site-packages\fastapi\routing.py", line 120, in app
    await wrap_app_handling_exceptions(app, request)(scope, receive, send)
  File "c:\python38\lib\site-packages\starlette\_exception_handler.py", line 53, in wrapped_app
    raise exc
  File "c:\python38\lib\site-packages\starlette\_exception_handler.py", line 42, in wrapped_app
    await app(scope, receive, sender)
  File "c:\python38\lib\site-packages\fastapi\routing.py", line 106, in app
    response = await f(request)
  File "c:\python38\lib\site-packages\fastapi\routing.py", line 430, in app
    raw_response = await run_endpoint_function(
  File "c:\python38\lib\site-packages\fastapi\routing.py", line 316, in run_endpoint_function
    return await dependant.call(**values)
  File "C:\Users\rrmsz\Rental-Management-System\backend\routers\reports.py", line 203, in get_revenue_detailed
    return await reports_service.get_revenue_report(start_date, end_date)
  File "C:\Users\rrmsz\Rental-Management-System\backend\services\reports_service.py", line 286, in get_revenue_report
    total_tax = sum(inv["tax_amount"] for inv in invoices)
  File "C:\Users\rrmsz\Rental-Management-System\backend\services\reports_service.py", line 286, in <genexpr>
    total_tax = sum(inv["tax_amount"] for inv in invoices)
KeyError: 'tax_amount'

Error on http://localhost:8001/api/reports/revenue/detailed:
Traceback (most recent call last):
  File "c:\python38\lib\site-packages\anyio\streams\memory.py", line 111, in receive
    return self.receive_nowait()
  File "c:\python38\lib\site-packages\anyio\streams\memory.py", line 106, in receive_nowait
    raise WouldBlock
anyio.WouldBlock

During handling of the above exception, another exception occurred:

Traceback (most recent call last):
  File "c:\python38\lib\site-packages\anyio\streams\memory.py", line 124, in receive
    return receiver.item
AttributeError: 'MemoryObjectItemReceiver' object has no attribute 'item'

During handling of the above exception, another exception occurred:

Traceback (most recent call last):
  File "c:\python38\lib\site-packages\starlette\middleware\base.py", line 157, in call_next
    message = await recv_stream.receive()
  File "c:\python38\lib\site-packages\anyio\streams\memory.py", line 126, in receive
    raise EndOfStream
anyio.EndOfStream

During handling of the above exception, another exception occurred:

Traceback (most recent call last):
  File "C:\Users\rrmsz\Rental-Management-System\backend\server.py", line 75, in catch_exceptions_middleware
    return await call_next(request)
  File "c:\python38\lib\site-packages\starlette\middleware\base.py", line 163, in call_next
    raise app_exc
  File "c:\python38\lib\site-packages\starlette\middleware\base.py", line 149, in coro
    await self.app(scope, receive_or_disconnect, send_no_error)
  File "c:\python38\lib\site-packages\starlette\middleware\cors.py", line 93, in __call__
    await self.simple_response(scope, receive, send, request_headers=headers)
  File "c:\python38\lib\site-packages\starlette\middleware\cors.py", line 144, in simple_response
    await self.app(scope, receive, send)
  File "c:\python38\lib\site-packages\starlette\middleware\exceptions.py", line 62, in __call__
    await wrap_app_handling_exceptions(self.app, conn)(scope, receive, send)
  File "c:\python38\lib\site-packages\starlette\_exception_handler.py", line 53, in wrapped_app
    raise exc
  File "c:\python38\lib\site-packages\starlette\_exception_handler.py", line 42, in wrapped_app
    await app(scope, receive, sender)
  File "c:\python38\lib\site-packages\fastapi\middleware\asyncexitstack.py", line 18, in __call__
    await self.app(scope, receive, send)
  File "c:\python38\lib\site-packages\starlette\routing.py", line 715, in __call__
    await self.middleware_stack(scope, receive, send)
  File "c:\python38\lib\site-packages\starlette\routing.py", line 735, in app
    await route.handle(scope, receive, send)
  File "c:\python38\lib\site-packages\starlette\routing.py", line 288, in handle
    await self.app(scope, receive, send)
  File "c:\python38\lib\site-packages\fastapi\routing.py", line 120, in app
    await wrap_app_handling_exceptions(app, request)(scope, receive, send)
  File "c:\python38\lib\site-packages\starlette\_exception_handler.py", line 53, in wrapped_app
    raise exc
  File "c:\python38\lib\site-packages\starlette\_exception_handler.py", line 42, in wrapped_app
    await app(scope, receive, sender)
  File "c:\python38\lib\site-packages\fastapi\routing.py", line 106, in app
    response = await f(request)
  File "c:\python38\lib\site-packages\fastapi\routing.py", line 430, in app
    raw_response = await run_endpoint_function(
  File "c:\python38\lib\site-packages\fastapi\routing.py", line 316, in run_endpoint_function
    return await dependant.call(**values)
  File "C:\Users\rrmsz\Rental-Management-System\backend\routers\reports.py", line 203, in get_revenue_detailed
    return await reports_service.get_revenue_report(start_date, end_date)
  File "C:\Users\rrmsz\Rental-Management-System\backend\services\reports_service.py", line 286, in get_revenue_report
    total_tax = sum(inv["tax_amount"] for inv in invoices)
  File "C:\Users\rrmsz\Rental-Management-System\backend\services\reports_service.py", line 286, in <genexpr>
    total_tax = sum(inv["tax_amount"] for inv in invoices)
KeyError: 'tax_amount'

Error on http://localhost:8001/api/reports/dashboard/v2:
Traceback (most recent call last):
  File "c:\python38\lib\site-packages\anyio\streams\memory.py", line 111, in receive
    return self.receive_nowait()
  File "c:\python38\lib\site-packages\anyio\streams\memory.py", line 106, in receive_nowait
    raise WouldBlock
anyio.WouldBlock

During handling of the above exception, another exception occurred:

Traceback (most recent call last):
  File "c:\python38\lib\site-packages\anyio\streams\memory.py", line 124, in receive
    return receiver.item
AttributeError: 'MemoryObjectItemReceiver' object has no attribute 'item'

During handling of the above exception, another exception occurred:

Traceback (most recent call last):
  File "c:\python38\lib\site-packages\starlette\middleware\base.py", line 157, in call_next
    message = await recv_stream.receive()
  File "c:\python38\lib\site-packages\anyio\streams\memory.py", line 126, in receive
    raise EndOfStream
anyio.EndOfStream

During handling of the above exception, another exception occurred:

Traceback (most recent call last):
  File "C:\Users\rrmsz\Rental-Management-System\backend\server.py", line 75, in catch_exceptions_middleware
    return await call_next(request)
  File "c:\python38\lib\site-packages\starlette\middleware\base.py", line 163, in call_next
    raise app_exc
  File "c:\python38\lib\site-packages\starlette\middleware\base.py", line 149, in coro
    await self.app(scope, receive_or_disconnect, send_no_error)
  File "c:\python38\lib\site-packages\starlette\middleware\cors.py", line 93, in __call__
    await self.simple_response(scope, receive, send, request_headers=headers)
  File "c:\python38\lib\site-packages\starlette\middleware\cors.py", line 144, in simple_response
    await self.app(scope, receive, send)
  File "c:\python38\lib\site-packages\starlette\middleware\exceptions.py", line 62, in __call__
    await wrap_app_handling_exceptions(self.app, conn)(scope, receive, send)
  File "c:\python38\lib\site-packages\starlette\_exception_handler.py", line 53, in wrapped_app
    raise exc
  File "c:\python38\lib\site-packages\starlette\_exception_handler.py", line 42, in wrapped_app
    await app(scope, receive, sender)
  File "c:\python38\lib\site-packages\fastapi\middleware\asyncexitstack.py", line 18, in __call__
    await self.app(scope, receive, send)
  File "c:\python38\lib\site-packages\starlette\routing.py", line 715, in __call__
    await self.middleware_stack(scope, receive, send)
  File "c:\python38\lib\site-packages\starlette\routing.py", line 735, in app
    await route.handle(scope, receive, send)
  File "c:\python38\lib\site-packages\starlette\routing.py", line 288, in handle
    await self.app(scope, receive, send)
  File "c:\python38\lib\site-packages\fastapi\routing.py", line 120, in app
    await wrap_app_handling_exceptions(app, request)(scope, receive, send)
  File "c:\python38\lib\site-packages\starlette\_exception_handler.py", line 53, in wrapped_app
    raise exc
  File "c:\python38\lib\site-packages\starlette\_exception_handler.py", line 42, in wrapped_app
    await app(scope, receive, sender)
  File "c:\python38\lib\site-packages\fastapi\routing.py", line 106, in app
    response = await f(request)
  File "c:\python38\lib\site-packages\fastapi\routing.py", line 430, in app
    raw_response = await run_endpoint_function(
  File "c:\python38\lib\site-packages\fastapi\routing.py", line 316, in run_endpoint_function
    return await dependant.call(**values)
  File "C:\Users\rrmsz\Rental-Management-System\backend\routers\reports.py", line 153, in get_dashboard_stats_v2
    return await reports_service.get_dashboard_stats()
  File "C:\Users\rrmsz\Rental-Management-System\backend\services\reports_service.py", line 19, in get_dashboard_stats
    today_revenue = sum(inv["total"] for inv in all_invoices if datetime.fromisoformat(inv.get("issue_date", inv.get("created_at", now.isoformat()))) >= today_start)
  File "C:\Users\rrmsz\Rental-Management-System\backend\services\reports_service.py", line 19, in <genexpr>
    today_revenue = sum(inv["total"] for inv in all_invoices if datetime.fromisoformat(inv.get("issue_date", inv.get("created_at", now.isoformat()))) >= today_start)
TypeError: can't compare offset-naive and offset-aware datetimes

Error on http://localhost:8001/api/reports/dashboard/v2:
Traceback (most recent call last):
  File "c:\python38\lib\site-packages\anyio\streams\memory.py", line 111, in receive
    return self.receive_nowait()
  File "c:\python38\lib\site-packages\anyio\streams\memory.py", line 106, in receive_nowait
    raise WouldBlock
anyio.WouldBlock

During handling of the above exception, another exception occurred:

Traceback (most recent call last):
  File "c:\python38\lib\site-packages\anyio\streams\memory.py", line 124, in receive
    return receiver.item
AttributeError: 'MemoryObjectItemReceiver' object has no attribute 'item'

During handling of the above exception, another exception occurred:

Traceback (most recent call last):
  File "c:\python38\lib\site-packages\starlette\middleware\base.py", line 157, in call_next
    message = await recv_stream.receive()
  File "c:\python38\lib\site-packages\anyio\streams\memory.py", line 126, in receive
    raise EndOfStream
anyio.EndOfStream

During handling of the above exception, another exception occurred:

Traceback (most recent call last):
  File "C:\Users\rrmsz\Rental-Management-System\backend\server.py", line 75, in catch_exceptions_middleware
    return await call_next(request)
  File "c:\python38\lib\site-packages\starlette\middleware\base.py", line 163, in call_next
    raise app_exc
  File "c:\python38\lib\site-packages\starlette\middleware\base.py", line 149, in coro
    await self.app(scope, receive_or_disconnect, send_no_error)
  File "c:\python38\lib\site-packages\starlette\middleware\cors.py", line 93, in __call__
    await self.simple_response(scope, receive, send, request_headers=headers)
  File "c:\python38\lib\site-packages\starlette\middleware\cors.py", line 144, in simple_response
    await self.app(scope, receive, send)
  File "c:\python38\lib\site-packages\starlette\middleware\exceptions.py", line 62, in __call__
    await wrap_app_handling_exceptions(self.app, conn)(scope, receive, send)
  File "c:\python38\lib\site-packages\starlette\_exception_handler.py", line 53, in wrapped_app
    raise exc
  File "c:\python38\lib\site-packages\starlette\_exception_handler.py", line 42, in wrapped_app
    await app(scope, receive, sender)
  File "c:\python38\lib\site-packages\fastapi\middleware\asyncexitstack.py", line 18, in __call__
    await self.app(scope, receive, send)
  File "c:\python38\lib\site-packages\starlette\routing.py", line 715, in __call__
    await self.middleware_stack(scope, receive, send)
  File "c:\python38\lib\site-packages\starlette\routing.py", line 735, in app
    await route.handle(scope, receive, send)
  File "c:\python38\lib\site-packages\starlette\routing.py", line 288, in handle
    await self.app(scope, receive, send)
  File "c:\python38\lib\site-packages\fastapi\routing.py", line 120, in app
    await wrap_app_handling_exceptions(app, request)(scope, receive, send)
  File "c:\python38\lib\site-packages\starlette\_exception_handler.py", line 53, in wrapped_app
    raise exc
  File "c:\python38\lib\site-packages\starlette\_exception_handler.py", line 42, in wrapped_app
    await app(scope, receive, sender)
  File "c:\python38\lib\site-packages\fastapi\routing.py", line 106, in app
    response = await f(request)
  File "c:\python38\lib\site-packages\fastapi\routing.py", line 430, in app
    raw_response = await run_endpoint_function(
  File "c:\python38\lib\site-packages\fastapi\routing.py", line 316, in run_endpoint_function
    return await dependant.call(**values)
  File "C:\Users\rrmsz\Rental-Management-System\backend\routers\reports.py", line 153, in get_dashboard_stats_v2
    return await reports_service.get_dashboard_stats()
  File "C:\Users\rrmsz\Rental-Management-System\backend\services\reports_service.py", line 19, in get_dashboard_stats
    today_revenue = sum(inv["total"] for inv in all_invoices if datetime.fromisoformat(inv.get("issue_date", inv.get("created_at", now.isoformat()))) >= today_start)
  File "C:\Users\rrmsz\Rental-Management-System\backend\services\reports_service.py", line 19, in <genexpr>
    today_revenue = sum(inv["total"] for inv in all_invoices if datetime.fromisoformat(inv.get("issue_date", inv.get("created_at", now.isoformat()))) >= today_start)
TypeError: can't compare offset-naive and offset-aware datetimes

Error on http://localhost:8001/api/reports/dashboard/v2:
Traceback (most recent call last):
  File "c:\python38\lib\site-packages\anyio\streams\memory.py", line 111, in receive
    return self.receive_nowait()
  File "c:\python38\lib\site-packages\anyio\streams\memory.py", line 106, in receive_nowait
    raise WouldBlock
anyio.WouldBlock

During handling of the above exception, another exception occurred:

Traceback (most recent call last):
  File "c:\python38\lib\site-packages\anyio\streams\memory.py", line 124, in receive
    return receiver.item
AttributeError: 'MemoryObjectItemReceiver' object has no attribute 'item'

During handling of the above exception, another exception occurred:

Traceback (most recent call last):
  File "c:\python38\lib\site-packages\starlette\middleware\base.py", line 157, in call_next
    message = await recv_stream.receive()
  File "c:\python38\lib\site-packages\anyio\streams\memory.py", line 126, in receive
    raise EndOfStream
anyio.EndOfStream

During handling of the above exception, another exception occurred:

Traceback (most recent call last):
  File "C:\Users\rrmsz\Rental-Management-System\backend\server.py", line 75, in catch_exceptions_middleware
    return await call_next(request)
  File "c:\python38\lib\site-packages\starlette\middleware\base.py", line 163, in call_next
    raise app_exc
  File "c:\python38\lib\site-packages\starlette\middleware\base.py", line 149, in coro
    await self.app(scope, receive_or_disconnect, send_no_error)
  File "c:\python38\lib\site-packages\starlette\middleware\cors.py", line 93, in __call__
    await self.simple_response(scope, receive, send, request_headers=headers)
  File "c:\python38\lib\site-packages\starlette\middleware\cors.py", line 144, in simple_response
    await self.app(scope, receive, send)
  File "c:\python38\lib\site-packages\starlette\middleware\exceptions.py", line 62, in __call__
    await wrap_app_handling_exceptions(self.app, conn)(scope, receive, send)
  File "c:\python38\lib\site-packages\starlette\_exception_handler.py", line 53, in wrapped_app
    raise exc
  File "c:\python38\lib\site-packages\starlette\_exception_handler.py", line 42, in wrapped_app
    await app(scope, receive, sender)
  File "c:\python38\lib\site-packages\fastapi\middleware\asyncexitstack.py", line 18, in __call__
    await self.app(scope, receive, send)
  File "c:\python38\lib\site-packages\starlette\routing.py", line 715, in __call__
    await self.middleware_stack(scope, receive, send)
  File "c:\python38\lib\site-packages\starlette\routing.py", line 735, in app
    await route.handle(scope, receive, send)
  File "c:\python38\lib\site-packages\starlette\routing.py", line 288, in handle
    await self.app(scope, receive, send)
  File "c:\python38\lib\site-packages\fastapi\routing.py", line 120, in app
    await wrap_app_handling_exceptions(app, request)(scope, receive, send)
  File "c:\python38\lib\site-packages\starlette\_exception_handler.py", line 53, in wrapped_app
    raise exc
  File "c:\python38\lib\site-packages\starlette\_exception_handler.py", line 42, in wrapped_app
    await app(scope, receive, sender)
  File "c:\python38\lib\site-packages\fastapi\routing.py", line 106, in app
    response = await f(request)
  File "c:\python38\lib\site-packages\fastapi\routing.py", line 430, in app
    raw_response = await run_endpoint_function(
  File "c:\python38\lib\site-packages\fastapi\routing.py", line 316, in run_endpoint_function
    return await dependant.call(**values)
  File "C:\Users\rrmsz\Rental-Management-System\backend\routers\reports.py", line 153, in get_dashboard_stats_v2
    return await reports_service.get_dashboard_stats()
  File "C:\Users\rrmsz\Rental-Management-System\backend\services\reports_service.py", line 19, in get_dashboard_stats
    today_revenue = sum(inv["total"] for inv in all_invoices if datetime.fromisoformat(inv.get("issue_date", inv.get("created_at", now.isoformat()))) >= today_start)
  File "C:\Users\rrmsz\Rental-Management-System\backend\services\reports_service.py", line 19, in <genexpr>
    today_revenue = sum(inv["total"] for inv in all_invoices if datetime.fromisoformat(inv.get("issue_date", inv.get("created_at", now.isoformat()))) >= today_start)
TypeError: can't compare offset-naive and offset-aware datetimes

Error on http://localhost:8001/api/reports/dashboard/v2:
Traceback (most recent call last):
  File "c:\python38\lib\site-packages\anyio\streams\memory.py", line 111, in receive
    return self.receive_nowait()
  File "c:\python38\lib\site-packages\anyio\streams\memory.py", line 106, in receive_nowait
    raise WouldBlock
anyio.WouldBlock

During handling of the above exception, another exception occurred:

Traceback (most recent call last):
  File "c:\python38\lib\site-packages\anyio\streams\memory.py", line 124, in receive
    return receiver.item
AttributeError: 'MemoryObjectItemReceiver' object has no attribute 'item'

During handling of the above exception, another exception occurred:

Traceback (most recent call last):
  File "c:\python38\lib\site-packages\starlette\middleware\base.py", line 157, in call_next
    message = await recv_stream.receive()
  File "c:\python38\lib\site-packages\anyio\streams\memory.py", line 126, in receive
    raise EndOfStream
anyio.EndOfStream

During handling of the above exception, another exception occurred:

Traceback (most recent call last):
  File "C:\Users\rrmsz\Rental-Management-System\backend\server.py", line 75, in catch_exceptions_middleware
    return await call_next(request)
  File "c:\python38\lib\site-packages\starlette\middleware\base.py", line 163, in call_next
    raise app_exc
  File "c:\python38\lib\site-packages\starlette\middleware\base.py", line 149, in coro
    await self.app(scope, receive_or_disconnect, send_no_error)
  File "c:\python38\lib\site-packages\starlette\middleware\cors.py", line 93, in __call__
    await self.simple_response(scope, receive, send, request_headers=headers)
  File "c:\python38\lib\site-packages\starlette\middleware\cors.py", line 144, in simple_response
    await self.app(scope, receive, send)
  File "c:\python38\lib\site-packages\starlette\middleware\exceptions.py", line 62, in __call__
    await wrap_app_handling_exceptions(self.app, conn)(scope, receive, send)
  File "c:\python38\lib\site-packages\starlette\_exception_handler.py", line 53, in wrapped_app
    raise exc
  File "c:\python38\lib\site-packages\starlette\_exception_handler.py", line 42, in wrapped_app
    await app(scope, receive, sender)
  File "c:\python38\lib\site-packages\fastapi\middleware\asyncexitstack.py", line 18, in __call__
    await self.app(scope, receive, send)
  File "c:\python38\lib\site-packages\starlette\routing.py", line 715, in __call__
    await self.middleware_stack(scope, receive, send)
  File "c:\python38\lib\site-packages\starlette\routing.py", line 735, in app
    await route.handle(scope, receive, send)
  File "c:\python38\lib\site-packages\starlette\routing.py", line 288, in handle
    await self.app(scope, receive, send)
  File "c:\python38\lib\site-packages\fastapi\routing.py", line 120, in app
    await wrap_app_handling_exceptions(app, request)(scope, receive, send)
  File "c:\python38\lib\site-packages\starlette\_exception_handler.py", line 53, in wrapped_app
    raise exc
  File "c:\python38\lib\site-packages\starlette\_exception_handler.py", line 42, in wrapped_app
    await app(scope, receive, sender)
  File "c:\python38\lib\site-packages\fastapi\routing.py", line 106, in app
    response = await f(request)
  File "c:\python38\lib\site-packages\fastapi\routing.py", line 430, in app
    raw_response = await run_endpoint_function(
  File "c:\python38\lib\site-packages\fastapi\routing.py", line 316, in run_endpoint_function
    return await dependant.call(**values)
  File "C:\Users\rrmsz\Rental-Management-System\backend\routers\reports.py", line 153, in get_dashboard_stats_v2
    return await reports_service.get_dashboard_stats()
  File "C:\Users\rrmsz\Rental-Management-System\backend\services\reports_service.py", line 19, in get_dashboard_stats
    today_revenue = sum(inv["total"] for inv in all_invoices if datetime.fromisoformat(inv.get("issue_date", inv.get("created_at", now.isoformat()))) >= today_start)
  File "C:\Users\rrmsz\Rental-Management-System\backend\services\reports_service.py", line 19, in <genexpr>
    today_revenue = sum(inv["total"] for inv in all_invoices if datetime.fromisoformat(inv.get("issue_date", inv.get("created_at", now.isoformat()))) >= today_start)
TypeError: can't compare offset-naive and offset-aware datetimes

Error on http://localhost:8001/api/reports/dashboard/v2:
Traceback (most recent call last):
  File "c:\python38\lib\site-packages\anyio\streams\memory.py", line 111, in receive
    return self.receive_nowait()
  File "c:\python38\lib\site-packages\anyio\streams\memory.py", line 106, in receive_nowait
    raise WouldBlock
anyio.WouldBlock

During handling of the above exception, another exception occurred:

Traceback (most recent call last):
  File "c:\python38\lib\site-packages\anyio\streams\memory.py", line 124, in receive
    return receiver.item
AttributeError: 'MemoryObjectItemReceiver' object has no attribute 'item'

During handling of the above exception, another exception occurred:

Traceback (most recent call last):
  File "c:\python38\lib\site-packages\starlette\middleware\base.py", line 157, in call_next
    message = await recv_stream.receive()
  File "c:\python38\lib\site-packages\anyio\streams\memory.py", line 126, in receive
    raise EndOfStream
anyio.EndOfStream

During handling of the above exception, another exception occurred:

Traceback (most recent call last):
  File "C:\Users\rrmsz\Rental-Management-System\backend\server.py", line 75, in catch_exceptions_middleware
    return await call_next(request)
  File "c:\python38\lib\site-packages\starlette\middleware\base.py", line 163, in call_next
    raise app_exc
  File "c:\python38\lib\site-packages\starlette\middleware\base.py", line 149, in coro
    await self.app(scope, receive_or_disconnect, send_no_error)
  File "c:\python38\lib\site-packages\starlette\middleware\cors.py", line 93, in __call__
    await self.simple_response(scope, receive, send, request_headers=headers)
  File "c:\python38\lib\site-packages\starlette\middleware\cors.py", line 144, in simple_response
    await self.app(scope, receive, send)
  File "c:\python38\lib\site-packages\starlette\middleware\exceptions.py", line 62, in __call__
    await wrap_app_handling_exceptions(self.app, conn)(scope, receive, send)
  File "c:\python38\lib\site-packages\starlette\_exception_handler.py", line 53, in wrapped_app
    raise exc
  File "c:\python38\lib\site-packages\starlette\_exception_handler.py", line 42, in wrapped_app
    await app(scope, receive, sender)
  File "c:\python38\lib\site-packages\fastapi\middleware\asyncexitstack.py", line 18, in __call__
    await self.app(scope, receive, send)
  File "c:\python38\lib\site-packages\starlette\routing.py", line 715, in __call__
    await self.middleware_stack(scope, receive, send)
  File "c:\python38\lib\site-packages\starlette\routing.py", line 735, in app
    await route.handle(scope, receive, send)
  File "c:\python38\lib\site-packages\starlette\routing.py", line 288, in handle
    await self.app(scope, receive, send)
  File "c:\python38\lib\site-packages\fastapi\routing.py", line 120, in app
    await wrap_app_handling_exceptions(app, request)(scope, receive, send)
  File "c:\python38\lib\site-packages\starlette\_exception_handler.py", line 53, in wrapped_app
    raise exc
  File "c:\python38\lib\site-packages\starlette\_exception_handler.py", line 42, in wrapped_app
    await app(scope, receive, sender)
  File "c:\python38\lib\site-packages\fastapi\routing.py", line 106, in app
    response = await f(request)
  File "c:\python38\lib\site-packages\fastapi\routing.py", line 430, in app
    raw_response = await run_endpoint_function(
  File "c:\python38\lib\site-packages\fastapi\routing.py", line 316, in run_endpoint_function
    return await dependant.call(**values)
  File "C:\Users\rrmsz\Rental-Management-System\backend\routers\reports.py", line 153, in get_dashboard_stats_v2
    return await reports_service.get_dashboard_stats()
  File "C:\Users\rrmsz\Rental-Management-System\backend\services\reports_service.py", line 19, in get_dashboard_stats
    today_revenue = sum(inv["total"] for inv in all_invoices if datetime.fromisoformat(inv.get("issue_date", inv.get("created_at", now.isoformat()))) >= today_start)
  File "C:\Users\rrmsz\Rental-Management-System\backend\services\reports_service.py", line 19, in <genexpr>
    today_revenue = sum(inv["total"] for inv in all_invoices if datetime.fromisoformat(inv.get("issue_date", inv.get("created_at", now.isoformat()))) >= today_start)
TypeError: can't compare offset-naive and offset-aware datetimes

Error on http://localhost:8001/api/reports/dashboard/v2:
Traceback (most recent call last):
  File "c:\python38\lib\site-packages\anyio\streams\memory.py", line 111, in receive
    return self.receive_nowait()
  File "c:\python38\lib\site-packages\anyio\streams\memory.py", line 106, in receive_nowait
    raise WouldBlock
anyio.WouldBlock

During handling of the above exception, another exception occurred:

Traceback (most recent call last):
  File "c:\python38\lib\site-packages\anyio\streams\memory.py", line 124, in receive
    return receiver.item
AttributeError: 'MemoryObjectItemReceiver' object has no attribute 'item'

During handling of the above exception, another exception occurred:

Traceback (most recent call last):
  File "c:\python38\lib\site-packages\starlette\middleware\base.py", line 157, in call_next
    message = await recv_stream.receive()
  File "c:\python38\lib\site-packages\anyio\streams\memory.py", line 126, in receive
    raise EndOfStream
anyio.EndOfStream

During handling of the above exception, another exception occurred:

Traceback (most recent call last):
  File "C:\Users\rrmsz\Rental-Management-System\backend\server.py", line 75, in catch_exceptions_middleware
    return await call_next(request)
  File "c:\python38\lib\site-packages\starlette\middleware\base.py", line 163, in call_next
    raise app_exc
  File "c:\python38\lib\site-packages\starlette\middleware\base.py", line 149, in coro
    await self.app(scope, receive_or_disconnect, send_no_error)
  File "c:\python38\lib\site-packages\starlette\middleware\cors.py", line 93, in __call__
    await self.simple_response(scope, receive, send, request_headers=headers)
  File "c:\python38\lib\site-packages\starlette\middleware\cors.py", line 144, in simple_response
    await self.app(scope, receive, send)
  File "c:\python38\lib\site-packages\starlette\middleware\exceptions.py", line 62, in __call__
    await wrap_app_handling_exceptions(self.app, conn)(scope, receive, send)
  File "c:\python38\lib\site-packages\starlette\_exception_handler.py", line 53, in wrapped_app
    raise exc
  File "c:\python38\lib\site-packages\starlette\_exception_handler.py", line 42, in wrapped_app
    await app(scope, receive, sender)
  File "c:\python38\lib\site-packages\fastapi\middleware\asyncexitstack.py", line 18, in __call__
    await self.app(scope, receive, send)
  File "c:\python38\lib\site-packages\starlette\routing.py", line 715, in __call__
    await self.middleware_stack(scope, receive, send)
  File "c:\python38\lib\site-packages\starlette\routing.py", line 735, in app
    await route.handle(scope, receive, send)
  File "c:\python38\lib\site-packages\starlette\routing.py", line 288, in handle
    await self.app(scope, receive, send)
  File "c:\python38\lib\site-packages\fastapi\routing.py", line 120, in app
    await wrap_app_handling_exceptions(app, request)(scope, receive, send)
  File "c:\python38\lib\site-packages\starlette\_exception_handler.py", line 53, in wrapped_app
    raise exc
  File "c:\python38\lib\site-packages\starlette\_exception_handler.py", line 42, in wrapped_app
    await app(scope, receive, sender)
  File "c:\python38\lib\site-packages\fastapi\routing.py", line 106, in app
    response = await f(request)
  File "c:\python38\lib\site-packages\fastapi\routing.py", line 430, in app
    raw_response = await run_endpoint_function(
  File "c:\python38\lib\site-packages\fastapi\routing.py", line 316, in run_endpoint_function
    return await dependant.call(**values)
  File "C:\Users\rrmsz\Rental-Management-System\backend\routers\reports.py", line 153, in get_dashboard_stats_v2
    return await reports_service.get_dashboard_stats()
  File "C:\Users\rrmsz\Rental-Management-System\backend\services\reports_service.py", line 19, in get_dashboard_stats
    today_revenue = sum(inv["total"] for inv in all_invoices if datetime.fromisoformat(inv.get("issue_date", inv.get("created_at", now.isoformat()))) >= today_start)
  File "C:\Users\rrmsz\Rental-Management-System\backend\services\reports_service.py", line 19, in <genexpr>
    today_revenue = sum(inv["total"] for inv in all_invoices if datetime.fromisoformat(inv.get("issue_date", inv.get("created_at", now.isoformat()))) >= today_start)
TypeError: can't compare offset-naive and offset-aware datetimes

Error on http://localhost:8001/api/reports/dashboard/v2:
Traceback (most recent call last):
  File "c:\python38\lib\site-packages\anyio\streams\memory.py", line 111, in receive
    return self.receive_nowait()
  File "c:\python38\lib\site-packages\anyio\streams\memory.py", line 106, in receive_nowait
    raise WouldBlock
anyio.WouldBlock

During handling of the above exception, another exception occurred:

Traceback (most recent call last):
  File "c:\python38\lib\site-packages\anyio\streams\memory.py", line 124, in receive
    return receiver.item
AttributeError: 'MemoryObjectItemReceiver' object has no attribute 'item'

During handling of the above exception, another exception occurred:

Traceback (most recent call last):
  File "c:\python38\lib\site-packages\starlette\middleware\base.py", line 157, in call_next
    message = await recv_stream.receive()
  File "c:\python38\lib\site-packages\anyio\streams\memory.py", line 126, in receive
    raise EndOfStream
anyio.EndOfStream

During handling of the above exception, another exception occurred:

Traceback (most recent call last):
  File "C:\Users\rrmsz\Rental-Management-System\backend\server.py", line 75, in catch_exceptions_middleware
    return await call_next(request)
  File "c:\python38\lib\site-packages\starlette\middleware\base.py", line 163, in call_next
    raise app_exc
  File "c:\python38\lib\site-packages\starlette\middleware\base.py", line 149, in coro
    await self.app(scope, receive_or_disconnect, send_no_error)
  File "c:\python38\lib\site-packages\starlette\middleware\cors.py", line 93, in __call__
    await self.simple_response(scope, receive, send, request_headers=headers)
  File "c:\python38\lib\site-packages\starlette\middleware\cors.py", line 144, in simple_response
    await self.app(scope, receive, send)
  File "c:\python38\lib\site-packages\starlette\middleware\exceptions.py", line 62, in __call__
    await wrap_app_handling_exceptions(self.app, conn)(scope, receive, send)
  File "c:\python38\lib\site-packages\starlette\_exception_handler.py", line 53, in wrapped_app
    raise exc
  File "c:\python38\lib\site-packages\starlette\_exception_handler.py", line 42, in wrapped_app
    await app(scope, receive, sender)
  File "c:\python38\lib\site-packages\fastapi\middleware\asyncexitstack.py", line 18, in __call__
    await self.app(scope, receive, send)
  File "c:\python38\lib\site-packages\starlette\routing.py", line 715, in __call__
    await self.middleware_stack(scope, receive, send)
  File "c:\python38\lib\site-packages\starlette\routing.py", line 735, in app
    await route.handle(scope, receive, send)
  File "c:\python38\lib\site-packages\starlette\routing.py", line 288, in handle
    await self.app(scope, receive, send)
  File "c:\python38\lib\site-packages\fastapi\routing.py", line 120, in app
    await wrap_app_handling_exceptions(app, request)(scope, receive, send)
  File "c:\python38\lib\site-packages\starlette\_exception_handler.py", line 53, in wrapped_app
    raise exc
  File "c:\python38\lib\site-packages\starlette\_exception_handler.py", line 42, in wrapped_app
    await app(scope, receive, sender)
  File "c:\python38\lib\site-packages\fastapi\routing.py", line 106, in app
    response = await f(request)
  File "c:\python38\lib\site-packages\fastapi\routing.py", line 430, in app
    raw_response = await run_endpoint_function(
  File "c:\python38\lib\site-packages\fastapi\routing.py", line 316, in run_endpoint_function
    return await dependant.call(**values)
  File "C:\Users\rrmsz\Rental-Management-System\backend\routers\reports.py", line 153, in get_dashboard_stats_v2
    return await reports_service.get_dashboard_stats()
  File "C:\Users\rrmsz\Rental-Management-System\backend\services\reports_service.py", line 19, in get_dashboard_stats
    today_revenue = sum(inv["total"] for inv in all_invoices if datetime.fromisoformat(inv.get("issue_date", inv.get("created_at", now.isoformat()))) >= today_start)
  File "C:\Users\rrmsz\Rental-Management-System\backend\services\reports_service.py", line 19, in <genexpr>
    today_revenue = sum(inv["total"] for inv in all_invoices if datetime.fromisoformat(inv.get("issue_date", inv.get("created_at", now.isoformat()))) >= today_start)
TypeError: can't compare offset-naive and offset-aware datetimes

Error on http://localhost:8001/api/reports/dashboard/v2:
Traceback (most recent call last):
  File "c:\python38\lib\site-packages\anyio\streams\memory.py", line 111, in receive
    return self.receive_nowait()
  File "c:\python38\lib\site-packages\anyio\streams\memory.py", line 106, in receive_nowait
    raise WouldBlock
anyio.WouldBlock

During handling of the above exception, another exception occurred:

Traceback (most recent call last):
  File "c:\python38\lib\site-packages\anyio\streams\memory.py", line 124, in receive
    return receiver.item
AttributeError: 'MemoryObjectItemReceiver' object has no attribute 'item'

During handling of the above exception, another exception occurred:

Traceback (most recent call last):
  File "c:\python38\lib\site-packages\starlette\middleware\base.py", line 157, in call_next
    message = await recv_stream.receive()
  File "c:\python38\lib\site-packages\anyio\streams\memory.py", line 126, in receive
    raise EndOfStream
anyio.EndOfStream

During handling of the above exception, another exception occurred:

Traceback (most recent call last):
  File "C:\Users\rrmsz\Rental-Management-System\backend\server.py", line 75, in catch_exceptions_middleware
    return await call_next(request)
  File "c:\python38\lib\site-packages\starlette\middleware\base.py", line 163, in call_next
    raise app_exc
  File "c:\python38\lib\site-packages\starlette\middleware\base.py", line 149, in coro
    await self.app(scope, receive_or_disconnect, send_no_error)
  File "c:\python38\lib\site-packages\starlette\middleware\cors.py", line 93, in __call__
    await self.simple_response(scope, receive, send, request_headers=headers)
  File "c:\python38\lib\site-packages\starlette\middleware\cors.py", line 144, in simple_response
    await self.app(scope, receive, send)
  File "c:\python38\lib\site-packages\starlette\middleware\exceptions.py", line 62, in __call__
    await wrap_app_handling_exceptions(self.app, conn)(scope, receive, send)
  File "c:\python38\lib\site-packages\starlette\_exception_handler.py", line 53, in wrapped_app
    raise exc
  File "c:\python38\lib\site-packages\starlette\_exception_handler.py", line 42, in wrapped_app
    await app(scope, receive, sender)
  File "c:\python38\lib\site-packages\fastapi\middleware\asyncexitstack.py", line 18, in __call__
    await self.app(scope, receive, send)
  File "c:\python38\lib\site-packages\starlette\routing.py", line 715, in __call__
    await self.middleware_stack(scope, receive, send)
  File "c:\python38\lib\site-packages\starlette\routing.py", line 735, in app
    await route.handle(scope, receive, send)
  File "c:\python38\lib\site-packages\starlette\routing.py", line 288, in handle
    await self.app(scope, receive, send)
  File "c:\python38\lib\site-packages\fastapi\routing.py", line 120, in app
    await wrap_app_handling_exceptions(app, request)(scope, receive, send)
  File "c:\python38\lib\site-packages\starlette\_exception_handler.py", line 53, in wrapped_app
    raise exc
  File "c:\python38\lib\site-packages\starlette\_exception_handler.py", line 42, in wrapped_app
    await app(scope, receive, sender)
  File "c:\python38\lib\site-packages\fastapi\routing.py", line 106, in app
    response = await f(request)
  File "c:\python38\lib\site-packages\fastapi\routing.py", line 430, in app
    raw_response = await run_endpoint_function(
  File "c:\python38\lib\site-packages\fastapi\routing.py", line 316, in run_endpoint_function
    return await dependant.call(**values)
  File "C:\Users\rrmsz\Rental-Management-System\backend\routers\reports.py", line 153, in get_dashboard_stats_v2
    return await reports_service.get_dashboard_stats()
  File "C:\Users\rrmsz\Rental-Management-System\backend\services\reports_service.py", line 19, in get_dashboard_stats
    today_revenue = sum(inv["total"] for inv in all_invoices if datetime.fromisoformat(inv.get("issue_date", inv.get("created_at", now.isoformat()))) >= today_start)
  File "C:\Users\rrmsz\Rental-Management-System\backend\services\reports_service.py", line 19, in <genexpr>
    today_revenue = sum(inv["total"] for inv in all_invoices if datetime.fromisoformat(inv.get("issue_date", inv.get("created_at", now.isoformat()))) >= today_start)
TypeError: can't compare offset-naive and offset-aware datetimes

Error on http://localhost:8001/api/reports/dashboard/v2:
Traceback (most recent call last):
  File "c:\python38\lib\site-packages\anyio\streams\memory.py", line 111, in receive
    return self.receive_nowait()
  File "c:\python38\lib\site-packages\anyio\streams\memory.py", line 106, in receive_nowait
    raise WouldBlock
anyio.WouldBlock

During handling of the above exception, another exception occurred:

Traceback (most recent call last):
  File "c:\python38\lib\site-packages\anyio\streams\memory.py", line 124, in receive
    return receiver.item
AttributeError: 'MemoryObjectItemReceiver' object has no attribute 'item'

During handling of the above exception, another exception occurred:

Traceback (most recent call last):
  File "c:\python38\lib\site-packages\starlette\middleware\base.py", line 157, in call_next
    message = await recv_stream.receive()
  File "c:\python38\lib\site-packages\anyio\streams\memory.py", line 126, in receive
    raise EndOfStream
anyio.EndOfStream

During handling of the above exception, another exception occurred:

Traceback (most recent call last):
  File "C:\Users\rrmsz\Rental-Management-System\backend\server.py", line 75, in catch_exceptions_middleware
    return await call_next(request)
  File "c:\python38\lib\site-packages\starlette\middleware\base.py", line 163, in call_next
    raise app_exc
  File "c:\python38\lib\site-packages\starlette\middleware\base.py", line 149, in coro
    await self.app(scope, receive_or_disconnect, send_no_error)
  File "c:\python38\lib\site-packages\starlette\middleware\cors.py", line 93, in __call__
    await self.simple_response(scope, receive, send, request_headers=headers)
  File "c:\python38\lib\site-packages\starlette\middleware\cors.py", line 144, in simple_response
    await self.app(scope, receive, send)
  File "c:\python38\lib\site-packages\starlette\middleware\exceptions.py", line 62, in __call__
    await wrap_app_handling_exceptions(self.app, conn)(scope, receive, send)
  File "c:\python38\lib\site-packages\starlette\_exception_handler.py", line 53, in wrapped_app
    raise exc
  File "c:\python38\lib\site-packages\starlette\_exception_handler.py", line 42, in wrapped_app
    await app(scope, receive, sender)
  File "c:\python38\lib\site-packages\fastapi\middleware\asyncexitstack.py", line 18, in __call__
    await self.app(scope, receive, send)
  File "c:\python38\lib\site-packages\starlette\routing.py", line 715, in __call__
    await self.middleware_stack(scope, receive, send)
  File "c:\python38\lib\site-packages\starlette\routing.py", line 735, in app
    await route.handle(scope, receive, send)
  File "c:\python38\lib\site-packages\starlette\routing.py", line 288, in handle
    await self.app(scope, receive, send)
  File "c:\python38\lib\site-packages\fastapi\routing.py", line 120, in app
    await wrap_app_handling_exceptions(app, request)(scope, receive, send)
  File "c:\python38\lib\site-packages\starlette\_exception_handler.py", line 53, in wrapped_app
    raise exc
  File "c:\python38\lib\site-packages\starlette\_exception_handler.py", line 42, in wrapped_app
    await app(scope, receive, sender)
  File "c:\python38\lib\site-packages\fastapi\routing.py", line 106, in app
    response = await f(request)
  File "c:\python38\lib\site-packages\fastapi\routing.py", line 430, in app
    raw_response = await run_endpoint_function(
  File "c:\python38\lib\site-packages\fastapi\routing.py", line 316, in run_endpoint_function
    return await dependant.call(**values)
  File "C:\Users\rrmsz\Rental-Management-System\backend\routers\reports.py", line 153, in get_dashboard_stats_v2
    return await reports_service.get_dashboard_stats()
  File "C:\Users\rrmsz\Rental-Management-System\backend\services\reports_service.py", line 19, in get_dashboard_stats
    today_revenue = sum(inv["total"] for inv in all_invoices if datetime.fromisoformat(inv.get("issue_date", inv.get("created_at", now.isoformat()))) >= today_start)
  File "C:\Users\rrmsz\Rental-Management-System\backend\services\reports_service.py", line 19, in <genexpr>
    today_revenue = sum(inv["total"] for inv in all_invoices if datetime.fromisoformat(inv.get("issue_date", inv.get("created_at", now.isoformat()))) >= today_start)
TypeError: can't compare offset-naive and offset-aware datetimes

Error on http://localhost:8001/api/reports/dashboard/v2:
Traceback (most recent call last):
  File "c:\python38\lib\site-packages\anyio\streams\memory.py", line 111, in receive
    return self.receive_nowait()
  File "c:\python38\lib\site-packages\anyio\streams\memory.py", line 106, in receive_nowait
    raise WouldBlock
anyio.WouldBlock

During handling of the above exception, another exception occurred:

Traceback (most recent call last):
  File "c:\python38\lib\site-packages\anyio\streams\memory.py", line 124, in receive
    return receiver.item
AttributeError: 'MemoryObjectItemReceiver' object has no attribute 'item'

During handling of the above exception, another exception occurred:

Traceback (most recent call last):
  File "c:\python38\lib\site-packages\starlette\middleware\base.py", line 157, in call_next
    message = await recv_stream.receive()
  File "c:\python38\lib\site-packages\anyio\streams\memory.py", line 126, in receive
    raise EndOfStream
anyio.EndOfStream

During handling of the above exception, another exception occurred:

Traceback (most recent call last):
  File "C:\Users\rrmsz\Rental-Management-System\backend\server.py", line 75, in catch_exceptions_middleware
    return await call_next(request)
  File "c:\python38\lib\site-packages\starlette\middleware\base.py", line 163, in call_next
    raise app_exc
  File "c:\python38\lib\site-packages\starlette\middleware\base.py", line 149, in coro
    await self.app(scope, receive_or_disconnect, send_no_error)
  File "c:\python38\lib\site-packages\starlette\middleware\cors.py", line 93, in __call__
    await self.simple_response(scope, receive, send, request_headers=headers)
  File "c:\python38\lib\site-packages\starlette\middleware\cors.py", line 144, in simple_response
    await self.app(scope, receive, send)
  File "c:\python38\lib\site-packages\starlette\middleware\exceptions.py", line 62, in __call__
    await wrap_app_handling_exceptions(self.app, conn)(scope, receive, send)
  File "c:\python38\lib\site-packages\starlette\_exception_handler.py", line 53, in wrapped_app
    raise exc
  File "c:\python38\lib\site-packages\starlette\_exception_handler.py", line 42, in wrapped_app
    await app(scope, receive, sender)
  File "c:\python38\lib\site-packages\fastapi\middleware\asyncexitstack.py", line 18, in __call__
    await self.app(scope, receive, send)
  File "c:\python38\lib\site-packages\starlette\routing.py", line 715, in __call__
    await self.middleware_stack(scope, receive, send)
  File "c:\python38\lib\site-packages\starlette\routing.py", line 735, in app
    await route.handle(scope, receive, send)
  File "c:\python38\lib\site-packages\starlette\routing.py", line 288, in handle
    await self.app(scope, receive, send)
  File "c:\python38\lib\site-packages\fastapi\routing.py", line 120, in app
    await wrap_app_handling_exceptions(app, request)(scope, receive, send)
  File "c:\python38\lib\site-packages\starlette\_exception_handler.py", line 53, in wrapped_app
    raise exc
  File "c:\python38\lib\site-packages\starlette\_exception_handler.py", line 42, in wrapped_app
    await app(scope, receive, sender)
  File "c:\python38\lib\site-packages\fastapi\routing.py", line 106, in app
    response = await f(request)
  File "c:\python38\lib\site-packages\fastapi\routing.py", line 430, in app
    raw_response = await run_endpoint_function(
  File "c:\python38\lib\site-packages\fastapi\routing.py", line 316, in run_endpoint_function
    return await dependant.call(**values)
  File "C:\Users\rrmsz\Rental-Management-System\backend\routers\reports.py", line 153, in get_dashboard_stats_v2
    return await reports_service.get_dashboard_stats()
  File "C:\Users\rrmsz\Rental-Management-System\backend\services\reports_service.py", line 19, in get_dashboard_stats
    today_revenue = sum(inv["total"] for inv in all_invoices if datetime.fromisoformat(inv.get("issue_date", inv.get("created_at", now.isoformat()))) >= today_start)
  File "C:\Users\rrmsz\Rental-Management-System\backend\services\reports_service.py", line 19, in <genexpr>
    today_revenue = sum(inv["total"] for inv in all_invoices if datetime.fromisoformat(inv.get("issue_date", inv.get("created_at", now.isoformat()))) >= today_start)
TypeError: can't compare offset-naive and offset-aware datetimes

Error on http://127.0.0.1:8001/api/reports/dashboard/v2:
Traceback (most recent call last):
  File "c:\python38\lib\site-packages\anyio\streams\memory.py", line 111, in receive
    return self.receive_nowait()
  File "c:\python38\lib\site-packages\anyio\streams\memory.py", line 106, in receive_nowait
    raise WouldBlock
anyio.WouldBlock

During handling of the above exception, another exception occurred:

Traceback (most recent call last):
  File "c:\python38\lib\site-packages\anyio\streams\memory.py", line 124, in receive
    return receiver.item
AttributeError: 'MemoryObjectItemReceiver' object has no attribute 'item'

During handling of the above exception, another exception occurred:

Traceback (most recent call last):
  File "c:\python38\lib\site-packages\starlette\middleware\base.py", line 157, in call_next
    message = await recv_stream.receive()
  File "c:\python38\lib\site-packages\anyio\streams\memory.py", line 126, in receive
    raise EndOfStream
anyio.EndOfStream

During handling of the above exception, another exception occurred:

Traceback (most recent call last):
  File "C:\Users\rrmsz\Rental-Management-System\backend\server.py", line 75, in catch_exceptions_middleware
    return await call_next(request)
  File "c:\python38\lib\site-packages\starlette\middleware\base.py", line 163, in call_next
    raise app_exc
  File "c:\python38\lib\site-packages\starlette\middleware\base.py", line 149, in coro
    await self.app(scope, receive_or_disconnect, send_no_error)
  File "c:\python38\lib\site-packages\starlette\middleware\cors.py", line 85, in __call__
    await self.app(scope, receive, send)
  File "c:\python38\lib\site-packages\starlette\middleware\exceptions.py", line 62, in __call__
    await wrap_app_handling_exceptions(self.app, conn)(scope, receive, send)
  File "c:\python38\lib\site-packages\starlette\_exception_handler.py", line 53, in wrapped_app
    raise exc
  File "c:\python38\lib\site-packages\starlette\_exception_handler.py", line 42, in wrapped_app
    await app(scope, receive, sender)
  File "c:\python38\lib\site-packages\fastapi\middleware\asyncexitstack.py", line 18, in __call__
    await self.app(scope, receive, send)
  File "c:\python38\lib\site-packages\starlette\routing.py", line 715, in __call__
    await self.middleware_stack(scope, receive, send)
  File "c:\python38\lib\site-packages\starlette\routing.py", line 735, in app
    await route.handle(scope, receive, send)
  File "c:\python38\lib\site-packages\starlette\routing.py", line 288, in handle
    await self.app(scope, receive, send)
  File "c:\python38\lib\site-packages\fastapi\routing.py", line 120, in app
    await wrap_app_handling_exceptions(app, request)(scope, receive, send)
  File "c:\python38\lib\site-packages\starlette\_exception_handler.py", line 53, in wrapped_app
    raise exc
  File "c:\python38\lib\site-packages\starlette\_exception_handler.py", line 42, in wrapped_app
    await app(scope, receive, sender)
  File "c:\python38\lib\site-packages\fastapi\routing.py", line 106, in app
    response = await f(request)
  File "c:\python38\lib\site-packages\fastapi\routing.py", line 430, in app
    raw_response = await run_endpoint_function(
  File "c:\python38\lib\site-packages\fastapi\routing.py", line 316, in run_endpoint_function
    return await dependant.call(**values)
  File "C:\Users\rrmsz\Rental-Management-System\backend\routers\reports.py", line 153, in get_dashboard_stats_v2
    return await reports_service.get_dashboard_stats()
  File "C:\Users\rrmsz\Rental-Management-System\backend\services\reports_service.py", line 19, in get_dashboard_stats
    today_revenue = sum(inv["total"] for inv in all_invoices if datetime.fromisoformat(inv.get("issue_date", inv.get("created_at", now.isoformat()))) >= today_start)
  File "C:\Users\rrmsz\Rental-Management-System\backend\services\reports_service.py", line 19, in <genexpr>
    today_revenue = sum(inv["total"] for inv in all_invoices if datetime.fromisoformat(inv.get("issue_date", inv.get("created_at", now.isoformat()))) >= today_start)
TypeError: can't compare offset-naive and offset-aware datetimes

Error on http://localhost:8001/api/reports/dashboard/v2:
Traceback (most recent call last):
  File "c:\python38\lib\site-packages\anyio\streams\memory.py", line 111, in receive
    return self.receive_nowait()
  File "c:\python38\lib\site-packages\anyio\streams\memory.py", line 106, in receive_nowait
    raise WouldBlock
anyio.WouldBlock

During handling of the above exception, another exception occurred:

Traceback (most recent call last):
  File "c:\python38\lib\site-packages\anyio\streams\memory.py", line 124, in receive
    return receiver.item
AttributeError: 'MemoryObjectItemReceiver' object has no attribute 'item'

During handling of the above exception, another exception occurred:

Traceback (most recent call last):
  File "c:\python38\lib\site-packages\starlette\middleware\base.py", line 157, in call_next
    message = await recv_stream.receive()
  File "c:\python38\lib\site-packages\anyio\streams\memory.py", line 126, in receive
    raise EndOfStream
anyio.EndOfStream

During handling of the above exception, another exception occurred:

Traceback (most recent call last):
  File "C:\Users\rrmsz\Rental-Management-System\backend\server.py", line 75, in catch_exceptions_middleware
    return await call_next(request)
  File "c:\python38\lib\site-packages\starlette\middleware\base.py", line 163, in call_next
    raise app_exc
  File "c:\python38\lib\site-packages\starlette\middleware\base.py", line 149, in coro
    await self.app(scope, receive_or_disconnect, send_no_error)
  File "c:\python38\lib\site-packages\starlette\middleware\cors.py", line 93, in __call__
    await self.simple_response(scope, receive, send, request_headers=headers)
  File "c:\python38\lib\site-packages\starlette\middleware\cors.py", line 144, in simple_response
    await self.app(scope, receive, send)
  File "c:\python38\lib\site-packages\starlette\middleware\exceptions.py", line 62, in __call__
    await wrap_app_handling_exceptions(self.app, conn)(scope, receive, send)
  File "c:\python38\lib\site-packages\starlette\_exception_handler.py", line 53, in wrapped_app
    raise exc
  File "c:\python38\lib\site-packages\starlette\_exception_handler.py", line 42, in wrapped_app
    await app(scope, receive, sender)
  File "c:\python38\lib\site-packages\fastapi\middleware\asyncexitstack.py", line 18, in __call__
    await self.app(scope, receive, send)
  File "c:\python38\lib\site-packages\starlette\routing.py", line 715, in __call__
    await self.middleware_stack(scope, receive, send)
  File "c:\python38\lib\site-packages\starlette\routing.py", line 735, in app
    await route.handle(scope, receive, send)
  File "c:\python38\lib\site-packages\starlette\routing.py", line 288, in handle
    await self.app(scope, receive, send)
  File "c:\python38\lib\site-packages\fastapi\routing.py", line 120, in app
    await wrap_app_handling_exceptions(app, request)(scope, receive, send)
  File "c:\python38\lib\site-packages\starlette\_exception_handler.py", line 53, in wrapped_app
    raise exc
  File "c:\python38\lib\site-packages\starlette\_exception_handler.py", line 42, in wrapped_app
    await app(scope, receive, sender)
  File "c:\python38\lib\site-packages\fastapi\routing.py", line 106, in app
    response = await f(request)
  File "c:\python38\lib\site-packages\fastapi\routing.py", line 430, in app
    raw_response = await run_endpoint_function(
  File "c:\python38\lib\site-packages\fastapi\routing.py", line 316, in run_endpoint_function
    return await dependant.call(**values)
  File "C:\Users\rrmsz\Rental-Management-System\backend\routers\reports.py", line 153, in get_dashboard_stats_v2
    return await reports_service.get_dashboard_stats()
  File "C:\Users\rrmsz\Rental-Management-System\backend\services\reports_service.py", line 19, in get_dashboard_stats
    async def get_dashboard_stats(self) -> Dict[str, Any]:
  File "C:\Users\rrmsz\Rental-Management-System\backend\services\reports_service.py", line 19, in <genexpr>
    async def get_dashboard_stats(self) -> Dict[str, Any]:
TypeError: can't compare offset-naive and offset-aware datetimes

Error on http://localhost:8001/api/reports/dashboard/v2:
Traceback (most recent call last):
  File "c:\python38\lib\site-packages\anyio\streams\memory.py", line 111, in receive
    return self.receive_nowait()
  File "c:\python38\lib\site-packages\anyio\streams\memory.py", line 106, in receive_nowait
    raise WouldBlock
anyio.WouldBlock

During handling of the above exception, another exception occurred:

Traceback (most recent call last):
  File "c:\python38\lib\site-packages\anyio\streams\memory.py", line 124, in receive
    return receiver.item
AttributeError: 'MemoryObjectItemReceiver' object has no attribute 'item'

During handling of the above exception, another exception occurred:

Traceback (most recent call last):
  File "c:\python38\lib\site-packages\starlette\middleware\base.py", line 157, in call_next
    message = await recv_stream.receive()
  File "c:\python38\lib\site-packages\anyio\streams\memory.py", line 126, in receive
    raise EndOfStream
anyio.EndOfStream

During handling of the above exception, another exception occurred:

Traceback (most recent call last):
  File "C:\Users\rrmsz\Rental-Management-System\backend\server.py", line 75, in catch_exceptions_middleware
    return await call_next(request)
  File "c:\python38\lib\site-packages\starlette\middleware\base.py", line 163, in call_next
    raise app_exc
  File "c:\python38\lib\site-packages\starlette\middleware\base.py", line 149, in coro
    await self.app(scope, receive_or_disconnect, send_no_error)
  File "c:\python38\lib\site-packages\starlette\middleware\cors.py", line 93, in __call__
    await self.simple_response(scope, receive, send, request_headers=headers)
  File "c:\python38\lib\site-packages\starlette\middleware\cors.py", line 144, in simple_response
    await self.app(scope, receive, send)
  File "c:\python38\lib\site-packages\starlette\middleware\exceptions.py", line 62, in __call__
    await wrap_app_handling_exceptions(self.app, conn)(scope, receive, send)
  File "c:\python38\lib\site-packages\starlette\_exception_handler.py", line 53, in wrapped_app
    raise exc
  File "c:\python38\lib\site-packages\starlette\_exception_handler.py", line 42, in wrapped_app
    await app(scope, receive, sender)
  File "c:\python38\lib\site-packages\fastapi\middleware\asyncexitstack.py", line 18, in __call__
    await self.app(scope, receive, send)
  File "c:\python38\lib\site-packages\starlette\routing.py", line 715, in __call__
    await self.middleware_stack(scope, receive, send)
  File "c:\python38\lib\site-packages\starlette\routing.py", line 735, in app
    await route.handle(scope, receive, send)
  File "c:\python38\lib\site-packages\starlette\routing.py", line 288, in handle
    await self.app(scope, receive, send)
  File "c:\python38\lib\site-packages\fastapi\routing.py", line 120, in app
    await wrap_app_handling_exceptions(app, request)(scope, receive, send)
  File "c:\python38\lib\site-packages\starlette\_exception_handler.py", line 53, in wrapped_app
    raise exc
  File "c:\python38\lib\site-packages\starlette\_exception_handler.py", line 42, in wrapped_app
    await app(scope, receive, sender)
  File "c:\python38\lib\site-packages\fastapi\routing.py", line 106, in app
    response = await f(request)
  File "c:\python38\lib\site-packages\fastapi\routing.py", line 430, in app
    raw_response = await run_endpoint_function(
  File "c:\python38\lib\site-packages\fastapi\routing.py", line 316, in run_endpoint_function
    return await dependant.call(**values)
  File "C:\Users\rrmsz\Rental-Management-System\backend\routers\reports.py", line 153, in get_dashboard_stats_v2
    return await reports_service.get_dashboard_stats()
  File "C:\Users\rrmsz\Rental-Management-System\backend\services\reports_service.py", line 19, in get_dashboard_stats
    async def get_dashboard_stats(self) -> Dict[str, Any]:
  File "C:\Users\rrmsz\Rental-Management-System\backend\services\reports_service.py", line 19, in <genexpr>
    async def get_dashboard_stats(self) -> Dict[str, Any]:
TypeError: can't compare offset-naive and offset-aware datetimes

Error on http://localhost:8001/api/reports/dashboard/v2:
Traceback (most recent call last):
  File "c:\python38\lib\site-packages\anyio\streams\memory.py", line 111, in receive
    return self.receive_nowait()
  File "c:\python38\lib\site-packages\anyio\streams\memory.py", line 106, in receive_nowait
    raise WouldBlock
anyio.WouldBlock

During handling of the above exception, another exception occurred:

Traceback (most recent call last):
  File "c:\python38\lib\site-packages\anyio\streams\memory.py", line 124, in receive
    return receiver.item
AttributeError: 'MemoryObjectItemReceiver' object has no attribute 'item'

During handling of the above exception, another exception occurred:

Traceback (most recent call last):
  File "c:\python38\lib\site-packages\starlette\middleware\base.py", line 157, in call_next
    message = await recv_stream.receive()
  File "c:\python38\lib\site-packages\anyio\streams\memory.py", line 126, in receive
    raise EndOfStream
anyio.EndOfStream

During handling of the above exception, another exception occurred:

Traceback (most recent call last):
  File "C:\Users\rrmsz\Rental-Management-System\backend\server.py", line 75, in catch_exceptions_middleware
    return await call_next(request)
  File "c:\python38\lib\site-packages\starlette\middleware\base.py", line 163, in call_next
    raise app_exc
  File "c:\python38\lib\site-packages\starlette\middleware\base.py", line 149, in coro
    await self.app(scope, receive_or_disconnect, send_no_error)
  File "c:\python38\lib\site-packages\starlette\middleware\cors.py", line 93, in __call__
    await self.simple_response(scope, receive, send, request_headers=headers)
  File "c:\python38\lib\site-packages\starlette\middleware\cors.py", line 144, in simple_response
    await self.app(scope, receive, send)
  File "c:\python38\lib\site-packages\starlette\middleware\exceptions.py", line 62, in __call__
    await wrap_app_handling_exceptions(self.app, conn)(scope, receive, send)
  File "c:\python38\lib\site-packages\starlette\_exception_handler.py", line 53, in wrapped_app
    raise exc
  File "c:\python38\lib\site-packages\starlette\_exception_handler.py", line 42, in wrapped_app
    await app(scope, receive, sender)
  File "c:\python38\lib\site-packages\fastapi\middleware\asyncexitstack.py", line 18, in __call__
    await self.app(scope, receive, send)
  File "c:\python38\lib\site-packages\starlette\routing.py", line 715, in __call__
    await self.middleware_stack(scope, receive, send)
  File "c:\python38\lib\site-packages\starlette\routing.py", line 735, in app
    await route.handle(scope, receive, send)
  File "c:\python38\lib\site-packages\starlette\routing.py", line 288, in handle
    await self.app(scope, receive, send)
  File "c:\python38\lib\site-packages\fastapi\routing.py", line 120, in app
    await wrap_app_handling_exceptions(app, request)(scope, receive, send)
  File "c:\python38\lib\site-packages\starlette\_exception_handler.py", line 53, in wrapped_app
    raise exc
  File "c:\python38\lib\site-packages\starlette\_exception_handler.py", line 42, in wrapped_app
    await app(scope, receive, sender)
  File "c:\python38\lib\site-packages\fastapi\routing.py", line 106, in app
    response = await f(request)
  File "c:\python38\lib\site-packages\fastapi\routing.py", line 430, in app
    raw_response = await run_endpoint_function(
  File "c:\python38\lib\site-packages\fastapi\routing.py", line 316, in run_endpoint_function
    return await dependant.call(**values)
  File "C:\Users\rrmsz\Rental-Management-System\backend\routers\reports.py", line 153, in get_dashboard_stats_v2
    return await reports_service.get_dashboard_stats()
  File "C:\Users\rrmsz\Rental-Management-System\backend\services\reports_service.py", line 19, in get_dashboard_stats
    async def get_dashboard_stats(self) -> Dict[str, Any]:
  File "C:\Users\rrmsz\Rental-Management-System\backend\services\reports_service.py", line 19, in <genexpr>
    async def get_dashboard_stats(self) -> Dict[str, Any]:
TypeError: can't compare offset-naive and offset-aware datetimes

Error on http://localhost:8001/api/reports/dashboard/v2:
Traceback (most recent call last):
  File "c:\python38\lib\site-packages\anyio\streams\memory.py", line 111, in receive
    return self.receive_nowait()
  File "c:\python38\lib\site-packages\anyio\streams\memory.py", line 106, in receive_nowait
    raise WouldBlock
anyio.WouldBlock

During handling of the above exception, another exception occurred:

Traceback (most recent call last):
  File "c:\python38\lib\site-packages\anyio\streams\memory.py", line 124, in receive
    return receiver.item
AttributeError: 'MemoryObjectItemReceiver' object has no attribute 'item'

During handling of the above exception, another exception occurred:

Traceback (most recent call last):
  File "c:\python38\lib\site-packages\starlette\middleware\base.py", line 157, in call_next
    message = await recv_stream.receive()
  File "c:\python38\lib\site-packages\anyio\streams\memory.py", line 126, in receive
    raise EndOfStream
anyio.EndOfStream

During handling of the above exception, another exception occurred:

Traceback (most recent call last):
  File "C:\Users\rrmsz\Rental-Management-System\backend\server.py", line 75, in catch_exceptions_middleware
    return await call_next(request)
  File "c:\python38\lib\site-packages\starlette\middleware\base.py", line 163, in call_next
    raise app_exc
  File "c:\python38\lib\site-packages\starlette\middleware\base.py", line 149, in coro
    await self.app(scope, receive_or_disconnect, send_no_error)
  File "c:\python38\lib\site-packages\starlette\middleware\cors.py", line 93, in __call__
    await self.simple_response(scope, receive, send, request_headers=headers)
  File "c:\python38\lib\site-packages\starlette\middleware\cors.py", line 144, in simple_response
    await self.app(scope, receive, send)
  File "c:\python38\lib\site-packages\starlette\middleware\exceptions.py", line 62, in __call__
    await wrap_app_handling_exceptions(self.app, conn)(scope, receive, send)
  File "c:\python38\lib\site-packages\starlette\_exception_handler.py", line 53, in wrapped_app
    raise exc
  File "c:\python38\lib\site-packages\starlette\_exception_handler.py", line 42, in wrapped_app
    await app(scope, receive, sender)
  File "c:\python38\lib\site-packages\fastapi\middleware\asyncexitstack.py", line 18, in __call__
    await self.app(scope, receive, send)
  File "c:\python38\lib\site-packages\starlette\routing.py", line 715, in __call__
    await self.middleware_stack(scope, receive, send)
  File "c:\python38\lib\site-packages\starlette\routing.py", line 735, in app
    await route.handle(scope, receive, send)
  File "c:\python38\lib\site-packages\starlette\routing.py", line 288, in handle
    await self.app(scope, receive, send)
  File "c:\python38\lib\site-packages\fastapi\routing.py", line 120, in app
    await wrap_app_handling_exceptions(app, request)(scope, receive, send)
  File "c:\python38\lib\site-packages\starlette\_exception_handler.py", line 53, in wrapped_app
    raise exc
  File "c:\python38\lib\site-packages\starlette\_exception_handler.py", line 42, in wrapped_app
    await app(scope, receive, sender)
  File "c:\python38\lib\site-packages\fastapi\routing.py", line 106, in app
    response = await f(request)
  File "c:\python38\lib\site-packages\fastapi\routing.py", line 430, in app
    raw_response = await run_endpoint_function(
  File "c:\python38\lib\site-packages\fastapi\routing.py", line 316, in run_endpoint_function
    return await dependant.call(**values)
  File "C:\Users\rrmsz\Rental-Management-System\backend\routers\reports.py", line 153, in get_dashboard_stats_v2
    return await reports_service.get_dashboard_stats()
  File "C:\Users\rrmsz\Rental-Management-System\backend\services\reports_service.py", line 19, in get_dashboard_stats
    async def get_dashboard_stats(self) -> Dict[str, Any]:
  File "C:\Users\rrmsz\Rental-Management-System\backend\services\reports_service.py", line 19, in <genexpr>
    async def get_dashboard_stats(self) -> Dict[str, Any]:
TypeError: can't compare offset-naive and offset-aware datetimes

Error on http://localhost:8001/api/reports/dashboard/v2:
Traceback (most recent call last):
  File "c:\python38\lib\site-packages\anyio\streams\memory.py", line 111, in receive
    return self.receive_nowait()
  File "c:\python38\lib\site-packages\anyio\streams\memory.py", line 106, in receive_nowait
    raise WouldBlock
anyio.WouldBlock

During handling of the above exception, another exception occurred:

Traceback (most recent call last):
  File "c:\python38\lib\site-packages\anyio\streams\memory.py", line 124, in receive
    return receiver.item
AttributeError: 'MemoryObjectItemReceiver' object has no attribute 'item'

During handling of the above exception, another exception occurred:

Traceback (most recent call last):
  File "c:\python38\lib\site-packages\starlette\middleware\base.py", line 157, in call_next
    message = await recv_stream.receive()
  File "c:\python38\lib\site-packages\anyio\streams\memory.py", line 126, in receive
    raise EndOfStream
anyio.EndOfStream

During handling of the above exception, another exception occurred:

Traceback (most recent call last):
  File "C:\Users\rrmsz\Rental-Management-System\backend\server.py", line 75, in catch_exceptions_middleware
    return await call_next(request)
  File "c:\python38\lib\site-packages\starlette\middleware\base.py", line 163, in call_next
    raise app_exc
  File "c:\python38\lib\site-packages\starlette\middleware\base.py", line 149, in coro
    await self.app(scope, receive_or_disconnect, send_no_error)
  File "c:\python38\lib\site-packages\starlette\middleware\cors.py", line 93, in __call__
    await self.simple_response(scope, receive, send, request_headers=headers)
  File "c:\python38\lib\site-packages\starlette\middleware\cors.py", line 144, in simple_response
    await self.app(scope, receive, send)
  File "c:\python38\lib\site-packages\starlette\middleware\exceptions.py", line 62, in __call__
    await wrap_app_handling_exceptions(self.app, conn)(scope, receive, send)
  File "c:\python38\lib\site-packages\starlette\_exception_handler.py", line 53, in wrapped_app
    raise exc
  File "c:\python38\lib\site-packages\starlette\_exception_handler.py", line 42, in wrapped_app
    await app(scope, receive, sender)
  File "c:\python38\lib\site-packages\fastapi\middleware\asyncexitstack.py", line 18, in __call__
    await self.app(scope, receive, send)
  File "c:\python38\lib\site-packages\starlette\routing.py", line 715, in __call__
    await self.middleware_stack(scope, receive, send)
  File "c:\python38\lib\site-packages\starlette\routing.py", line 735, in app
    await route.handle(scope, receive, send)
  File "c:\python38\lib\site-packages\starlette\routing.py", line 288, in handle
    await self.app(scope, receive, send)
  File "c:\python38\lib\site-packages\fastapi\routing.py", line 120, in app
    await wrap_app_handling_exceptions(app, request)(scope, receive, send)
  File "c:\python38\lib\site-packages\starlette\_exception_handler.py", line 53, in wrapped_app
    raise exc
  File "c:\python38\lib\site-packages\starlette\_exception_handler.py", line 42, in wrapped_app
    await app(scope, receive, sender)
  File "c:\python38\lib\site-packages\fastapi\routing.py", line 106, in app
    response = await f(request)
  File "c:\python38\lib\site-packages\fastapi\routing.py", line 430, in app
    raw_response = await run_endpoint_function(
  File "c:\python38\lib\site-packages\fastapi\routing.py", line 316, in run_endpoint_function
    return await dependant.call(**values)
  File "C:\Users\rrmsz\Rental-Management-System\backend\routers\reports.py", line 153, in get_dashboard_stats_v2
    return await reports_service.get_dashboard_stats()
  File "C:\Users\rrmsz\Rental-Management-System\backend\services\reports_service.py", line 19, in get_dashboard_stats
    async def get_dashboard_stats(self) -> Dict[str, Any]:
  File "C:\Users\rrmsz\Rental-Management-System\backend\services\reports_service.py", line 19, in <genexpr>
    async def get_dashboard_stats(self) -> Dict[str, Any]:
TypeError: can't compare offset-naive and offset-aware datetimes

Error on http://localhost:8001/api/reports/dashboard/v2:
Traceback (most recent call last):
  File "c:\python38\lib\site-packages\anyio\streams\memory.py", line 111, in receive
    return self.receive_nowait()
  File "c:\python38\lib\site-packages\anyio\streams\memory.py", line 106, in receive_nowait
    raise WouldBlock
anyio.WouldBlock

During handling of the above exception, another exception occurred:

Traceback (most recent call last):
  File "c:\python38\lib\site-packages\anyio\streams\memory.py", line 124, in receive
    return receiver.item
AttributeError: 'MemoryObjectItemReceiver' object has no attribute 'item'

During handling of the above exception, another exception occurred:

Traceback (most recent call last):
  File "c:\python38\lib\site-packages\starlette\middleware\base.py", line 157, in call_next
    message = await recv_stream.receive()
  File "c:\python38\lib\site-packages\anyio\streams\memory.py", line 126, in receive
    raise EndOfStream
anyio.EndOfStream

During handling of the above exception, another exception occurred:

Traceback (most recent call last):
  File "C:\Users\rrmsz\Rental-Management-System\backend\server.py", line 75, in catch_exceptions_middleware
    return await call_next(request)
  File "c:\python38\lib\site-packages\starlette\middleware\base.py", line 163, in call_next
    raise app_exc
  File "c:\python38\lib\site-packages\starlette\middleware\base.py", line 149, in coro
    await self.app(scope, receive_or_disconnect, send_no_error)
  File "c:\python38\lib\site-packages\starlette\middleware\cors.py", line 93, in __call__
    await self.simple_response(scope, receive, send, request_headers=headers)
  File "c:\python38\lib\site-packages\starlette\middleware\cors.py", line 144, in simple_response
    await self.app(scope, receive, send)
  File "c:\python38\lib\site-packages\starlette\middleware\exceptions.py", line 62, in __call__
    await wrap_app_handling_exceptions(self.app, conn)(scope, receive, send)
  File "c:\python38\lib\site-packages\starlette\_exception_handler.py", line 53, in wrapped_app
    raise exc
  File "c:\python38\lib\site-packages\starlette\_exception_handler.py", line 42, in wrapped_app
    await app(scope, receive, sender)
  File "c:\python38\lib\site-packages\fastapi\middleware\asyncexitstack.py", line 18, in __call__
    await self.app(scope, receive, send)
  File "c:\python38\lib\site-packages\starlette\routing.py", line 715, in __call__
    await self.middleware_stack(scope, receive, send)
  File "c:\python38\lib\site-packages\starlette\routing.py", line 735, in app
    await route.handle(scope, receive, send)
  File "c:\python38\lib\site-packages\starlette\routing.py", line 288, in handle
    await self.app(scope, receive, send)
  File "c:\python38\lib\site-packages\fastapi\routing.py", line 120, in app
    await wrap_app_handling_exceptions(app, request)(scope, receive, send)
  File "c:\python38\lib\site-packages\starlette\_exception_handler.py", line 53, in wrapped_app
    raise exc
  File "c:\python38\lib\site-packages\starlette\_exception_handler.py", line 42, in wrapped_app
    await app(scope, receive, sender)
  File "c:\python38\lib\site-packages\fastapi\routing.py", line 106, in app
    response = await f(request)
  File "c:\python38\lib\site-packages\fastapi\routing.py", line 430, in app
    raw_response = await run_endpoint_function(
  File "c:\python38\lib\site-packages\fastapi\routing.py", line 316, in run_endpoint_function
    return await dependant.call(**values)
  File "C:\Users\rrmsz\Rental-Management-System\backend\routers\reports.py", line 153, in get_dashboard_stats_v2
    return await reports_service.get_dashboard_stats()
  File "C:\Users\rrmsz\Rental-Management-System\backend\services\reports_service.py", line 19, in get_dashboard_stats
    async def get_dashboard_stats(self) -> Dict[str, Any]:
  File "C:\Users\rrmsz\Rental-Management-System\backend\services\reports_service.py", line 19, in <genexpr>
    async def get_dashboard_stats(self) -> Dict[str, Any]:
TypeError: can't compare offset-naive and offset-aware datetimes

Error on http://127.0.0.1:8001/api/reports/dashboard/v2:
Traceback (most recent call last):
  File "c:\python38\lib\site-packages\anyio\streams\memory.py", line 111, in receive
    return self.receive_nowait()
  File "c:\python38\lib\site-packages\anyio\streams\memory.py", line 106, in receive_nowait
    raise WouldBlock
anyio.WouldBlock

During handling of the above exception, another exception occurred:

Traceback (most recent call last):
  File "c:\python38\lib\site-packages\anyio\streams\memory.py", line 124, in receive
    return receiver.item
AttributeError: 'MemoryObjectItemReceiver' object has no attribute 'item'

During handling of the above exception, another exception occurred:

Traceback (most recent call last):
  File "c:\python38\lib\site-packages\starlette\middleware\base.py", line 157, in call_next
    message = await recv_stream.receive()
  File "c:\python38\lib\site-packages\anyio\streams\memory.py", line 126, in receive
    raise EndOfStream
anyio.EndOfStream

During handling of the above exception, another exception occurred:

Traceback (most recent call last):
  File "C:\Users\rrmsz\Rental-Management-System\backend\server.py", line 75, in catch_exceptions_middleware
    return await call_next(request)
  File "c:\python38\lib\site-packages\starlette\middleware\base.py", line 163, in call_next
    raise app_exc
  File "c:\python38\lib\site-packages\starlette\middleware\base.py", line 149, in coro
    await self.app(scope, receive_or_disconnect, send_no_error)
  File "c:\python38\lib\site-packages\starlette\middleware\cors.py", line 85, in __call__
    await self.app(scope, receive, send)
  File "c:\python38\lib\site-packages\starlette\middleware\exceptions.py", line 62, in __call__
    await wrap_app_handling_exceptions(self.app, conn)(scope, receive, send)
  File "c:\python38\lib\site-packages\starlette\_exception_handler.py", line 53, in wrapped_app
    raise exc
  File "c:\python38\lib\site-packages\starlette\_exception_handler.py", line 42, in wrapped_app
    await app(scope, receive, sender)
  File "c:\python38\lib\site-packages\fastapi\middleware\asyncexitstack.py", line 18, in __call__
    await self.app(scope, receive, send)
  File "c:\python38\lib\site-packages\starlette\routing.py", line 715, in __call__
    await self.middleware_stack(scope, receive, send)
  File "c:\python38\lib\site-packages\starlette\routing.py", line 735, in app
    await route.handle(scope, receive, send)
  File "c:\python38\lib\site-packages\starlette\routing.py", line 288, in handle
    await self.app(scope, receive, send)
  File "c:\python38\lib\site-packages\fastapi\routing.py", line 120, in app
    await wrap_app_handling_exceptions(app, request)(scope, receive, send)
  File "c:\python38\lib\site-packages\starlette\_exception_handler.py", line 53, in wrapped_app
    raise exc
  File "c:\python38\lib\site-packages\starlette\_exception_handler.py", line 42, in wrapped_app
    await app(scope, receive, sender)
  File "c:\python38\lib\site-packages\fastapi\routing.py", line 106, in app
    response = await f(request)
  File "c:\python38\lib\site-packages\fastapi\routing.py", line 430, in app
    raw_response = await run_endpoint_function(
  File "c:\python38\lib\site-packages\fastapi\routing.py", line 316, in run_endpoint_function
    return await dependant.call(**values)
  File "C:\Users\rrmsz\Rental-Management-System\backend\routers\reports.py", line 153, in get_dashboard_stats_v2
    return await reports_service.get_dashboard_stats()
  File "C:\Users\rrmsz\Rental-Management-System\backend\services\reports_service.py", line 19, in get_dashboard_stats
    async def get_dashboard_stats(self) -> Dict[str, Any]:
  File "C:\Users\rrmsz\Rental-Management-System\backend\services\reports_service.py", line 19, in <genexpr>
    async def get_dashboard_stats(self) -> Dict[str, Any]:
TypeError: can't compare offset-naive and offset-aware datetimes

Error on http://localhost:8001/api/reports/dashboard/v2:
Traceback (most recent call last):
  File "c:\python38\lib\site-packages\anyio\streams\memory.py", line 111, in receive
    return self.receive_nowait()
  File "c:\python38\lib\site-packages\anyio\streams\memory.py", line 106, in receive_nowait
    raise WouldBlock
anyio.WouldBlock

During handling of the above exception, another exception occurred:

Traceback (most recent call last):
  File "c:\python38\lib\site-packages\anyio\streams\memory.py", line 124, in receive
    return receiver.item
AttributeError: 'MemoryObjectItemReceiver' object has no attribute 'item'

During handling of the above exception, another exception occurred:

Traceback (most recent call last):
  File "c:\python38\lib\site-packages\starlette\middleware\base.py", line 157, in call_next
    message = await recv_stream.receive()
  File "c:\python38\lib\site-packages\anyio\streams\memory.py", line 126, in receive
    raise EndOfStream
anyio.EndOfStream

During handling of the above exception, another exception occurred:

Traceback (most recent call last):
  File "C:\Users\rrmsz\Rental-Management-System\backend\server.py", line 75, in catch_exceptions_middleware
    return await call_next(request)
  File "c:\python38\lib\site-packages\starlette\middleware\base.py", line 163, in call_next
    raise app_exc
  File "c:\python38\lib\site-packages\starlette\middleware\base.py", line 149, in coro
    await self.app(scope, receive_or_disconnect, send_no_error)
  File "c:\python38\lib\site-packages\starlette\middleware\cors.py", line 93, in __call__
    await self.simple_response(scope, receive, send, request_headers=headers)
  File "c:\python38\lib\site-packages\starlette\middleware\cors.py", line 144, in simple_response
    await self.app(scope, receive, send)
  File "c:\python38\lib\site-packages\starlette\middleware\exceptions.py", line 62, in __call__
    await wrap_app_handling_exceptions(self.app, conn)(scope, receive, send)
  File "c:\python38\lib\site-packages\starlette\_exception_handler.py", line 53, in wrapped_app
    raise exc
  File "c:\python38\lib\site-packages\starlette\_exception_handler.py", line 42, in wrapped_app
    await app(scope, receive, sender)
  File "c:\python38\lib\site-packages\fastapi\middleware\asyncexitstack.py", line 18, in __call__
    await self.app(scope, receive, send)
  File "c:\python38\lib\site-packages\starlette\routing.py", line 715, in __call__
    await self.middleware_stack(scope, receive, send)
  File "c:\python38\lib\site-packages\starlette\routing.py", line 735, in app
    await route.handle(scope, receive, send)
  File "c:\python38\lib\site-packages\starlette\routing.py", line 288, in handle
    await self.app(scope, receive, send)
  File "c:\python38\lib\site-packages\fastapi\routing.py", line 120, in app
    await wrap_app_handling_exceptions(app, request)(scope, receive, send)
  File "c:\python38\lib\site-packages\starlette\_exception_handler.py", line 53, in wrapped_app
    raise exc
  File "c:\python38\lib\site-packages\starlette\_exception_handler.py", line 42, in wrapped_app
    await app(scope, receive, sender)
  File "c:\python38\lib\site-packages\fastapi\routing.py", line 106, in app
    response = await f(request)
  File "c:\python38\lib\site-packages\fastapi\routing.py", line 430, in app
    raw_response = await run_endpoint_function(
  File "c:\python38\lib\site-packages\fastapi\routing.py", line 316, in run_endpoint_function
    return await dependant.call(**values)
  File "C:\Users\rrmsz\Rental-Management-System\backend\routers\reports.py", line 153, in get_dashboard_stats_v2
    return await reports_service.get_dashboard_stats()
  File "C:\Users\rrmsz\Rental-Management-System\backend\services\reports_service.py", line 19, in get_dashboard_stats
    async def get_dashboard_stats(self) -> Dict[str, Any]:
  File "C:\Users\rrmsz\Rental-Management-System\backend\services\reports_service.py", line 19, in <genexpr>
    async def get_dashboard_stats(self) -> Dict[str, Any]:
TypeError: can't compare offset-naive and offset-aware datetimes

Error on http://localhost:8001/api/reports/dashboard/v2:
Traceback (most recent call last):
  File "c:\python38\lib\site-packages\anyio\streams\memory.py", line 111, in receive
    return self.receive_nowait()
  File "c:\python38\lib\site-packages\anyio\streams\memory.py", line 106, in receive_nowait
    raise WouldBlock
anyio.WouldBlock

During handling of the above exception, another exception occurred:

Traceback (most recent call last):
  File "c:\python38\lib\site-packages\anyio\streams\memory.py", line 124, in receive
    return receiver.item
AttributeError: 'MemoryObjectItemReceiver' object has no attribute 'item'

During handling of the above exception, another exception occurred:

Traceback (most recent call last):
  File "c:\python38\lib\site-packages\starlette\middleware\base.py", line 157, in call_next
    message = await recv_stream.receive()
  File "c:\python38\lib\site-packages\anyio\streams\memory.py", line 126, in receive
    raise EndOfStream
anyio.EndOfStream

During handling of the above exception, another exception occurred:

Traceback (most recent call last):
  File "C:\Users\rrmsz\Rental-Management-System\backend\server.py", line 75, in catch_exceptions_middleware
    return await call_next(request)
  File "c:\python38\lib\site-packages\starlette\middleware\base.py", line 163, in call_next
    raise app_exc
  File "c:\python38\lib\site-packages\starlette\middleware\base.py", line 149, in coro
    await self.app(scope, receive_or_disconnect, send_no_error)
  File "c:\python38\lib\site-packages\starlette\middleware\cors.py", line 93, in __call__
    await self.simple_response(scope, receive, send, request_headers=headers)
  File "c:\python38\lib\site-packages\starlette\middleware\cors.py", line 144, in simple_response
    await self.app(scope, receive, send)
  File "c:\python38\lib\site-packages\starlette\middleware\exceptions.py", line 62, in __call__
    await wrap_app_handling_exceptions(self.app, conn)(scope, receive, send)
  File "c:\python38\lib\site-packages\starlette\_exception_handler.py", line 53, in wrapped_app
    raise exc
  File "c:\python38\lib\site-packages\starlette\_exception_handler.py", line 42, in wrapped_app
    await app(scope, receive, sender)
  File "c:\python38\lib\site-packages\fastapi\middleware\asyncexitstack.py", line 18, in __call__
    await self.app(scope, receive, send)
  File "c:\python38\lib\site-packages\starlette\routing.py", line 715, in __call__
    await self.middleware_stack(scope, receive, send)
  File "c:\python38\lib\site-packages\starlette\routing.py", line 735, in app
    await route.handle(scope, receive, send)
  File "c:\python38\lib\site-packages\starlette\routing.py", line 288, in handle
    await self.app(scope, receive, send)
  File "c:\python38\lib\site-packages\fastapi\routing.py", line 120, in app
    await wrap_app_handling_exceptions(app, request)(scope, receive, send)
  File "c:\python38\lib\site-packages\starlette\_exception_handler.py", line 53, in wrapped_app
    raise exc
  File "c:\python38\lib\site-packages\starlette\_exception_handler.py", line 42, in wrapped_app
    await app(scope, receive, sender)
  File "c:\python38\lib\site-packages\fastapi\routing.py", line 106, in app
    response = await f(request)
  File "c:\python38\lib\site-packages\fastapi\routing.py", line 430, in app
    raw_response = await run_endpoint_function(
  File "c:\python38\lib\site-packages\fastapi\routing.py", line 316, in run_endpoint_function
    return await dependant.call(**values)
  File "C:\Users\rrmsz\Rental-Management-System\backend\routers\reports.py", line 153, in get_dashboard_stats_v2
    return await reports_service.get_dashboard_stats()
  File "C:\Users\rrmsz\Rental-Management-System\backend\services\reports_service.py", line 19, in get_dashboard_stats
    async def get_dashboard_stats(self) -> Dict[str, Any]:
  File "C:\Users\rrmsz\Rental-Management-System\backend\services\reports_service.py", line 19, in <genexpr>
    async def get_dashboard_stats(self) -> Dict[str, Any]:
TypeError: can't compare offset-naive and offset-aware datetimes

Error on http://testserver/api/reports/dashboard/v2:
Traceback (most recent call last):
  File "C:\Python38\lib\site-packages\anyio\streams\memory.py", line 111, in receive
    return self.receive_nowait()
  File "C:\Python38\lib\site-packages\anyio\streams\memory.py", line 106, in receive_nowait
    raise WouldBlock
anyio.WouldBlock

During handling of the above exception, another exception occurred:

Traceback (most recent call last):
  File "C:\Python38\lib\site-packages\anyio\streams\memory.py", line 124, in receive
    return receiver.item
AttributeError: 'MemoryObjectItemReceiver' object has no attribute 'item'

During handling of the above exception, another exception occurred:

Traceback (most recent call last):
  File "C:\Python38\lib\site-packages\starlette\middleware\base.py", line 157, in call_next
    message = await recv_stream.receive()
  File "C:\Python38\lib\site-packages\anyio\streams\memory.py", line 126, in receive
    raise EndOfStream
anyio.EndOfStream

During handling of the above exception, another exception occurred:

Traceback (most recent call last):
  File "C:\Users\rrmsz\Rental-Management-System\backend\server.py", line 75, in catch_exceptions_middleware
    return await call_next(request)
  File "C:\Python38\lib\site-packages\starlette\middleware\base.py", line 163, in call_next
    raise app_exc
  File "C:\Python38\lib\site-packages\starlette\middleware\base.py", line 149, in coro
    await self.app(scope, receive_or_disconnect, send_no_error)
  File "C:\Python38\lib\site-packages\starlette\middleware\cors.py", line 85, in __call__
    await self.app(scope, receive, send)
  File "C:\Python38\lib\site-packages\starlette\middleware\exceptions.py", line 62, in __call__
    await wrap_app_handling_exceptions(self.app, conn)(scope, receive, send)
  File "C:\Python38\lib\site-packages\starlette\_exception_handler.py", line 53, in wrapped_app
    raise exc
  File "C:\Python38\lib\site-packages\starlette\_exception_handler.py", line 42, in wrapped_app
    await app(scope, receive, sender)
  File "C:\Python38\lib\site-packages\fastapi\middleware\asyncexitstack.py", line 18, in __call__
    await self.app(scope, receive, send)
  File "C:\Python38\lib\site-packages\starlette\routing.py", line 715, in __call__
    await self.middleware_stack(scope, receive, send)
  File "C:\Python38\lib\site-packages\starlette\routing.py", line 735, in app
    await route.handle(scope, receive, send)
  File "C:\Python38\lib\site-packages\starlette\routing.py", line 288, in handle
    await self.app(scope, receive, send)
  File "C:\Python38\lib\site-packages\fastapi\routing.py", line 120, in app
    await wrap_app_handling_exceptions(app, request)(scope, receive, send)
  File "C:\Python38\lib\site-packages\starlette\_exception_handler.py", line 53, in wrapped_app
    raise exc
  File "C:\Python38\lib\site-packages\starlette\_exception_handler.py", line 42, in wrapped_app
    await app(scope, receive, sender)
  File "C:\Python38\lib\site-packages\fastapi\routing.py", line 106, in app
    response = await f(request)
  File "C:\Python38\lib\site-packages\fastapi\routing.py", line 430, in app
    raw_response = await run_endpoint_function(
  File "C:\Python38\lib\site-packages\fastapi\routing.py", line 316, in run_endpoint_function
    return await dependant.call(**values)
  File "C:\Users\rrmsz\Rental-Management-System\backend\routers\reports.py", line 153, in get_dashboard_stats_v2
    return await reports_service.get_dashboard_stats()
  File "C:\Users\rrmsz\Rental-Management-System\backend\services\reports_service.py", line 27, in get_dashboard_stats
    all_invoices = await self.db.invoices.find({"paid": True}).to_list(10000)
  File "C:\Python38\lib\site-packages\motor\core.py", line 1683, in to_list
    self._get_more(),
  File "C:\Python38\lib\site-packages\motor\core.py", line 1446, in _get_more
    return self._refresh()
  File "C:\Python38\lib\site-packages\motor\metaprogramming.py", line 75, in method
    return framework.run_on_executor(
  File "C:\Python38\lib\site-packages\motor\frameworks\asyncio\__init__.py", line 85, in run_on_executor
    return loop.run_in_executor(_EXECUTOR, functools.partial(fn, *args, **kwargs))
  File "C:\Python38\lib\asyncio\base_events.py", line 774, in run_in_executor
    self._check_closed()
  File "C:\Python38\lib\asyncio\base_events.py", line 508, in _check_closed
    raise RuntimeError('Event loop is closed')
RuntimeError: Event loop is closed

Error on http://127.0.0.1:8001/api/reports/dashboard/v2:
Traceback (most recent call last):
  File "c:\python38\lib\site-packages\anyio\streams\memory.py", line 111, in receive
    return self.receive_nowait()
  File "c:\python38\lib\site-packages\anyio\streams\memory.py", line 106, in receive_nowait
    raise WouldBlock
anyio.WouldBlock

During handling of the above exception, another exception occurred:

Traceback (most recent call last):
  File "c:\python38\lib\site-packages\anyio\streams\memory.py", line 124, in receive
    return receiver.item
AttributeError: 'MemoryObjectItemReceiver' object has no attribute 'item'

During handling of the above exception, another exception occurred:

Traceback (most recent call last):
  File "c:\python38\lib\site-packages\starlette\middleware\base.py", line 157, in call_next
    message = await recv_stream.receive()
  File "c:\python38\lib\site-packages\anyio\streams\memory.py", line 126, in receive
    raise EndOfStream
anyio.EndOfStream

During handling of the above exception, another exception occurred:

Traceback (most recent call last):
  File "C:\Users\rrmsz\Rental-Management-System\backend\server.py", line 75, in catch_exceptions_middleware
    return await call_next(request)
  File "c:\python38\lib\site-packages\starlette\middleware\base.py", line 163, in call_next
    raise app_exc
  File "c:\python38\lib\site-packages\starlette\middleware\base.py", line 149, in coro
    await self.app(scope, receive_or_disconnect, send_no_error)
  File "c:\python38\lib\site-packages\starlette\middleware\cors.py", line 85, in __call__
    await self.app(scope, receive, send)
  File "c:\python38\lib\site-packages\starlette\middleware\exceptions.py", line 62, in __call__
    await wrap_app_handling_exceptions(self.app, conn)(scope, receive, send)
  File "c:\python38\lib\site-packages\starlette\_exception_handler.py", line 53, in wrapped_app
    raise exc
  File "c:\python38\lib\site-packages\starlette\_exception_handler.py", line 42, in wrapped_app
    await app(scope, receive, sender)
  File "c:\python38\lib\site-packages\fastapi\middleware\asyncexitstack.py", line 18, in __call__
    await self.app(scope, receive, send)
  File "c:\python38\lib\site-packages\starlette\routing.py", line 715, in __call__
    await self.middleware_stack(scope, receive, send)
  File "c:\python38\lib\site-packages\starlette\routing.py", line 735, in app
    await route.handle(scope, receive, send)
  File "c:\python38\lib\site-packages\starlette\routing.py", line 288, in handle
    await self.app(scope, receive, send)
  File "c:\python38\lib\site-packages\fastapi\routing.py", line 120, in app
    await wrap_app_handling_exceptions(app, request)(scope, receive, send)
  File "c:\python38\lib\site-packages\starlette\_exception_handler.py", line 53, in wrapped_app
    raise exc
  File "c:\python38\lib\site-packages\starlette\_exception_handler.py", line 42, in wrapped_app
    await app(scope, receive, sender)
  File "c:\python38\lib\site-packages\fastapi\routing.py", line 106, in app
    response = await f(request)
  File "c:\python38\lib\site-packages\fastapi\routing.py", line 430, in app
    raw_response = await run_endpoint_function(
  File "c:\python38\lib\site-packages\fastapi\routing.py", line 316, in run_endpoint_function
    return await dependant.call(**values)
  File "C:\Users\rrmsz\Rental-Management-System\backend\routers\reports.py", line 153, in get_dashboard_stats_v2
    return await reports_service.get_dashboard_stats()
  File "C:\Users\rrmsz\Rental-Management-System\backend\services\reports_service.py", line 19, in get_dashboard_stats
    async def get_dashboard_stats(self) -> Dict[str, Any]:
  File "C:\Users\rrmsz\Rental-Management-System\backend\services\reports_service.py", line 19, in <genexpr>
    async def get_dashboard_stats(self) -> Dict[str, Any]:
TypeError: can't compare offset-naive and offset-aware datetimes

Error on http://localhost:8001/api/reports/dashboard/v2:
Traceback (most recent call last):
  File "c:\python38\lib\site-packages\anyio\streams\memory.py", line 111, in receive
    return self.receive_nowait()
  File "c:\python38\lib\site-packages\anyio\streams\memory.py", line 106, in receive_nowait
    raise WouldBlock
anyio.WouldBlock

During handling of the above exception, another exception occurred:

Traceback (most recent call last):
  File "c:\python38\lib\site-packages\anyio\streams\memory.py", line 124, in receive
    return receiver.item
AttributeError: 'MemoryObjectItemReceiver' object has no attribute 'item'

During handling of the above exception, another exception occurred:

Traceback (most recent call last):
  File "c:\python38\lib\site-packages\starlette\middleware\base.py", line 157, in call_next
    message = await recv_stream.receive()
  File "c:\python38\lib\site-packages\anyio\streams\memory.py", line 126, in receive
    raise EndOfStream
anyio.EndOfStream

During handling of the above exception, another exception occurred:

Traceback (most recent call last):
  File "C:\Users\rrmsz\Rental-Management-System\backend\server.py", line 75, in catch_exceptions_middleware
    return await call_next(request)
  File "c:\python38\lib\site-packages\starlette\middleware\base.py", line 163, in call_next
    raise app_exc
  File "c:\python38\lib\site-packages\starlette\middleware\base.py", line 149, in coro
    await self.app(scope, receive_or_disconnect, send_no_error)
  File "c:\python38\lib\site-packages\starlette\middleware\cors.py", line 93, in __call__
    await self.simple_response(scope, receive, send, request_headers=headers)
  File "c:\python38\lib\site-packages\starlette\middleware\cors.py", line 144, in simple_response
    await self.app(scope, receive, send)
  File "c:\python38\lib\site-packages\starlette\middleware\exceptions.py", line 62, in __call__
    await wrap_app_handling_exceptions(self.app, conn)(scope, receive, send)
  File "c:\python38\lib\site-packages\starlette\_exception_handler.py", line 53, in wrapped_app
    raise exc
  File "c:\python38\lib\site-packages\starlette\_exception_handler.py", line 42, in wrapped_app
    await app(scope, receive, sender)
  File "c:\python38\lib\site-packages\fastapi\middleware\asyncexitstack.py", line 18, in __call__
    await self.app(scope, receive, send)
  File "c:\python38\lib\site-packages\starlette\routing.py", line 715, in __call__
    await self.middleware_stack(scope, receive, send)
  File "c:\python38\lib\site-packages\starlette\routing.py", line 735, in app
    await route.handle(scope, receive, send)
  File "c:\python38\lib\site-packages\starlette\routing.py", line 288, in handle
    await self.app(scope, receive, send)
  File "c:\python38\lib\site-packages\fastapi\routing.py", line 120, in app
    await wrap_app_handling_exceptions(app, request)(scope, receive, send)
  File "c:\python38\lib\site-packages\starlette\_exception_handler.py", line 53, in wrapped_app
    raise exc
  File "c:\python38\lib\site-packages\starlette\_exception_handler.py", line 42, in wrapped_app
    await app(scope, receive, sender)
  File "c:\python38\lib\site-packages\fastapi\routing.py", line 106, in app
    response = await f(request)
  File "c:\python38\lib\site-packages\fastapi\routing.py", line 430, in app
    raw_response = await run_endpoint_function(
  File "c:\python38\lib\site-packages\fastapi\routing.py", line 316, in run_endpoint_function
    return await dependant.call(**values)
  File "C:\Users\rrmsz\Rental-Management-System\backend\routers\reports.py", line 153, in get_dashboard_stats_v2
    return await reports_service.get_dashboard_stats()
  File "C:\Users\rrmsz\Rental-Management-System\backend\services\reports_service.py", line 19, in get_dashboard_stats
    async def get_dashboard_stats(self) -> Dict[str, Any]:
  File "C:\Users\rrmsz\Rental-Management-System\backend\services\reports_service.py", line 19, in <genexpr>
    async def get_dashboard_stats(self) -> Dict[str, Any]:
TypeError: can't compare offset-naive and offset-aware datetimes

Error on http://localhost:8001/api/reports/dashboard/v2:
Traceback (most recent call last):
  File "c:\python38\lib\site-packages\anyio\streams\memory.py", line 111, in receive
    return self.receive_nowait()
  File "c:\python38\lib\site-packages\anyio\streams\memory.py", line 106, in receive_nowait
    raise WouldBlock
anyio.WouldBlock

During handling of the above exception, another exception occurred:

Traceback (most recent call last):
  File "c:\python38\lib\site-packages\anyio\streams\memory.py", line 124, in receive
    return receiver.item
AttributeError: 'MemoryObjectItemReceiver' object has no attribute 'item'

During handling of the above exception, another exception occurred:

Traceback (most recent call last):
  File "c:\python38\lib\site-packages\starlette\middleware\base.py", line 157, in call_next
    message = await recv_stream.receive()
  File "c:\python38\lib\site-packages\anyio\streams\memory.py", line 126, in receive
    raise EndOfStream
anyio.EndOfStream

During handling of the above exception, another exception occurred:

Traceback (most recent call last):
  File "C:\Users\rrmsz\Rental-Management-System\backend\server.py", line 75, in catch_exceptions_middleware
    return await call_next(request)
  File "c:\python38\lib\site-packages\starlette\middleware\base.py", line 163, in call_next
    raise app_exc
  File "c:\python38\lib\site-packages\starlette\middleware\base.py", line 149, in coro
    await self.app(scope, receive_or_disconnect, send_no_error)
  File "c:\python38\lib\site-packages\starlette\middleware\cors.py", line 93, in __call__
    await self.simple_response(scope, receive, send, request_headers=headers)
  File "c:\python38\lib\site-packages\starlette\middleware\cors.py", line 144, in simple_response
    await self.app(scope, receive, send)
  File "c:\python38\lib\site-packages\starlette\middleware\exceptions.py", line 62, in __call__
    await wrap_app_handling_exceptions(self.app, conn)(scope, receive, send)
  File "c:\python38\lib\site-packages\starlette\_exception_handler.py", line 53, in wrapped_app
    raise exc
  File "c:\python38\lib\site-packages\starlette\_exception_handler.py", line 42, in wrapped_app
    await app(scope, receive, sender)
  File "c:\python38\lib\site-packages\fastapi\middleware\asyncexitstack.py", line 18, in __call__
    await self.app(scope, receive, send)
  File "c:\python38\lib\site-packages\starlette\routing.py", line 715, in __call__
    await self.middleware_stack(scope, receive, send)
  File "c:\python38\lib\site-packages\starlette\routing.py", line 735, in app
    await route.handle(scope, receive, send)
  File "c:\python38\lib\site-packages\starlette\routing.py", line 288, in handle
    await self.app(scope, receive, send)
  File "c:\python38\lib\site-packages\fastapi\routing.py", line 120, in app
    await wrap_app_handling_exceptions(app, request)(scope, receive, send)
  File "c:\python38\lib\site-packages\starlette\_exception_handler.py", line 53, in wrapped_app
    raise exc
  File "c:\python38\lib\site-packages\starlette\_exception_handler.py", line 42, in wrapped_app
    await app(scope, receive, sender)
  File "c:\python38\lib\site-packages\fastapi\routing.py", line 106, in app
    response = await f(request)
  File "c:\python38\lib\site-packages\fastapi\routing.py", line 430, in app
    raw_response = await run_endpoint_function(
  File "c:\python38\lib\site-packages\fastapi\routing.py", line 316, in run_endpoint_function
    return await dependant.call(**values)
  File "C:\Users\rrmsz\Rental-Management-System\backend\routers\reports.py", line 153, in get_dashboard_stats_v2
    return await reports_service.get_dashboard_stats()
  File "C:\Users\rrmsz\Rental-Management-System\backend\services\reports_service.py", line 19, in get_dashboard_stats
    async def get_dashboard_stats(self) -> Dict[str, Any]:
  File "C:\Users\rrmsz\Rental-Management-System\backend\services\reports_service.py", line 19, in <genexpr>
    async def get_dashboard_stats(self) -> Dict[str, Any]:
TypeError: can't compare offset-naive and offset-aware datetimes

Error on http://localhost:8001/api/reports/dashboard/v2:
Traceback (most recent call last):
  File "c:\python38\lib\site-packages\anyio\streams\memory.py", line 111, in receive
    return self.receive_nowait()
  File "c:\python38\lib\site-packages\anyio\streams\memory.py", line 106, in receive_nowait
    raise WouldBlock
anyio.WouldBlock

During handling of the above exception, another exception occurred:

Traceback (most recent call last):
  File "c:\python38\lib\site-packages\anyio\streams\memory.py", line 124, in receive
    return receiver.item
AttributeError: 'MemoryObjectItemReceiver' object has no attribute 'item'

During handling of the above exception, another exception occurred:

Traceback (most recent call last):
  File "c:\python38\lib\site-packages\starlette\middleware\base.py", line 157, in call_next
    message = await recv_stream.receive()
  File "c:\python38\lib\site-packages\anyio\streams\memory.py", line 126, in receive
    raise EndOfStream
anyio.EndOfStream

During handling of the above exception, another exception occurred:

Traceback (most recent call last):
  File "C:\Users\rrmsz\Rental-Management-System\backend\server.py", line 75, in catch_exceptions_middleware
    return await call_next(request)
  File "c:\python38\lib\site-packages\starlette\middleware\base.py", line 163, in call_next
    raise app_exc
  File "c:\python38\lib\site-packages\starlette\middleware\base.py", line 149, in coro
    await self.app(scope, receive_or_disconnect, send_no_error)
  File "c:\python38\lib\site-packages\starlette\middleware\cors.py", line 93, in __call__
    await self.simple_response(scope, receive, send, request_headers=headers)
  File "c:\python38\lib\site-packages\starlette\middleware\cors.py", line 144, in simple_response
    await self.app(scope, receive, send)
  File "c:\python38\lib\site-packages\starlette\middleware\exceptions.py", line 62, in __call__
    await wrap_app_handling_exceptions(self.app, conn)(scope, receive, send)
  File "c:\python38\lib\site-packages\starlette\_exception_handler.py", line 53, in wrapped_app
    raise exc
  File "c:\python38\lib\site-packages\starlette\_exception_handler.py", line 42, in wrapped_app
    await app(scope, receive, sender)
  File "c:\python38\lib\site-packages\fastapi\middleware\asyncexitstack.py", line 18, in __call__
    await self.app(scope, receive, send)
  File "c:\python38\lib\site-packages\starlette\routing.py", line 715, in __call__
    await self.middleware_stack(scope, receive, send)
  File "c:\python38\lib\site-packages\starlette\routing.py", line 735, in app
    await route.handle(scope, receive, send)
  File "c:\python38\lib\site-packages\starlette\routing.py", line 288, in handle
    await self.app(scope, receive, send)
  File "c:\python38\lib\site-packages\fastapi\routing.py", line 120, in app
    await wrap_app_handling_exceptions(app, request)(scope, receive, send)
  File "c:\python38\lib\site-packages\starlette\_exception_handler.py", line 53, in wrapped_app
    raise exc
  File "c:\python38\lib\site-packages\starlette\_exception_handler.py", line 42, in wrapped_app
    await app(scope, receive, sender)
  File "c:\python38\lib\site-packages\fastapi\routing.py", line 106, in app
    response = await f(request)
  File "c:\python38\lib\site-packages\fastapi\routing.py", line 430, in app
    raw_response = await run_endpoint_function(
  File "c:\python38\lib\site-packages\fastapi\routing.py", line 316, in run_endpoint_function
    return await dependant.call(**values)
  File "C:\Users\rrmsz\Rental-Management-System\backend\routers\reports.py", line 153, in get_dashboard_stats_v2
    return await reports_service.get_dashboard_stats()
  File "C:\Users\rrmsz\Rental-Management-System\backend\services\reports_service.py", line 19, in get_dashboard_stats
    async def get_dashboard_stats(self) -> Dict[str, Any]:
  File "C:\Users\rrmsz\Rental-Management-System\backend\services\reports_service.py", line 19, in <genexpr>
    async def get_dashboard_stats(self) -> Dict[str, Any]:
TypeError: can't compare offset-naive and offset-aware datetimes

Error on http://localhost:8001/api/reports/dashboard/v2:
Traceback (most recent call last):
  File "c:\python38\lib\site-packages\anyio\streams\memory.py", line 111, in receive
    return self.receive_nowait()
  File "c:\python38\lib\site-packages\anyio\streams\memory.py", line 106, in receive_nowait
    raise WouldBlock
anyio.WouldBlock

During handling of the above exception, another exception occurred:

Traceback (most recent call last):
  File "c:\python38\lib\site-packages\anyio\streams\memory.py", line 124, in receive
    return receiver.item
AttributeError: 'MemoryObjectItemReceiver' object has no attribute 'item'

During handling of the above exception, another exception occurred:

Traceback (most recent call last):
  File "c:\python38\lib\site-packages\starlette\middleware\base.py", line 157, in call_next
    message = await recv_stream.receive()
  File "c:\python38\lib\site-packages\anyio\streams\memory.py", line 126, in receive
    raise EndOfStream
anyio.EndOfStream

During handling of the above exception, another exception occurred:

Traceback (most recent call last):
  File "C:\Users\rrmsz\Rental-Management-System\backend\server.py", line 75, in catch_exceptions_middleware
    return await call_next(request)
  File "c:\python38\lib\site-packages\starlette\middleware\base.py", line 163, in call_next
    raise app_exc
  File "c:\python38\lib\site-packages\starlette\middleware\base.py", line 149, in coro
    await self.app(scope, receive_or_disconnect, send_no_error)
  File "c:\python38\lib\site-packages\starlette\middleware\cors.py", line 93, in __call__
    await self.simple_response(scope, receive, send, request_headers=headers)
  File "c:\python38\lib\site-packages\starlette\middleware\cors.py", line 144, in simple_response
    await self.app(scope, receive, send)
  File "c:\python38\lib\site-packages\starlette\middleware\exceptions.py", line 62, in __call__
    await wrap_app_handling_exceptions(self.app, conn)(scope, receive, send)
  File "c:\python38\lib\site-packages\starlette\_exception_handler.py", line 53, in wrapped_app
    raise exc
  File "c:\python38\lib\site-packages\starlette\_exception_handler.py", line 42, in wrapped_app
    await app(scope, receive, sender)
  File "c:\python38\lib\site-packages\fastapi\middleware\asyncexitstack.py", line 18, in __call__
    await self.app(scope, receive, send)
  File "c:\python38\lib\site-packages\starlette\routing.py", line 715, in __call__
    await self.middleware_stack(scope, receive, send)
  File "c:\python38\lib\site-packages\starlette\routing.py", line 735, in app
    await route.handle(scope, receive, send)
  File "c:\python38\lib\site-packages\starlette\routing.py", line 288, in handle
    await self.app(scope, receive, send)
  File "c:\python38\lib\site-packages\fastapi\routing.py", line 120, in app
    await wrap_app_handling_exceptions(app, request)(scope, receive, send)
  File "c:\python38\lib\site-packages\starlette\_exception_handler.py", line 53, in wrapped_app
    raise exc
  File "c:\python38\lib\site-packages\starlette\_exception_handler.py", line 42, in wrapped_app
    await app(scope, receive, sender)
  File "c:\python38\lib\site-packages\fastapi\routing.py", line 106, in app
    response = await f(request)
  File "c:\python38\lib\site-packages\fastapi\routing.py", line 430, in app
    raw_response = await run_endpoint_function(
  File "c:\python38\lib\site-packages\fastapi\routing.py", line 316, in run_endpoint_function
    return await dependant.call(**values)
  File "C:\Users\rrmsz\Rental-Management-System\backend\routers\reports.py", line 153, in get_dashboard_stats_v2
    return await reports_service.get_dashboard_stats()
  File "C:\Users\rrmsz\Rental-Management-System\backend\services\reports_service.py", line 19, in get_dashboard_stats
    async def get_dashboard_stats(self) -> Dict[str, Any]:
  File "C:\Users\rrmsz\Rental-Management-System\backend\services\reports_service.py", line 19, in <genexpr>
    async def get_dashboard_stats(self) -> Dict[str, Any]:
TypeError: can't compare offset-naive and offset-aware datetimes

Error on http://localhost:8001/api/reports/dashboard/v2:
Traceback (most recent call last):
  File "c:\python38\lib\site-packages\anyio\streams\memory.py", line 111, in receive
    return self.receive_nowait()
  File "c:\python38\lib\site-packages\anyio\streams\memory.py", line 106, in receive_nowait
    raise WouldBlock
anyio.WouldBlock

During handling of the above exception, another exception occurred:

Traceback (most recent call last):
  File "c:\python38\lib\site-packages\anyio\streams\memory.py", line 124, in receive
    return receiver.item
AttributeError: 'MemoryObjectItemReceiver' object has no attribute 'item'

During handling of the above exception, another exception occurred:

Traceback (most recent call last):
  File "c:\python38\lib\site-packages\starlette\middleware\base.py", line 157, in call_next
    message = await recv_stream.receive()
  File "c:\python38\lib\site-packages\anyio\streams\memory.py", line 126, in receive
    raise EndOfStream
anyio.EndOfStream

During handling of the above exception, another exception occurred:

Traceback (most recent call last):
  File "C:\Users\rrmsz\Rental-Management-System\backend\server.py", line 75, in catch_exceptions_middleware
    return await call_next(request)
  File "c:\python38\lib\site-packages\starlette\middleware\base.py", line 163, in call_next
    raise app_exc
  File "c:\python38\lib\site-packages\starlette\middleware\base.py", line 149, in coro
    await self.app(scope, receive_or_disconnect, send_no_error)
  File "c:\python38\lib\site-packages\starlette\middleware\cors.py", line 93, in __call__
    await self.simple_response(scope, receive, send, request_headers=headers)
  File "c:\python38\lib\site-packages\starlette\middleware\cors.py", line 144, in simple_response
    await self.app(scope, receive, send)
  File "c:\python38\lib\site-packages\starlette\middleware\exceptions.py", line 62, in __call__
    await wrap_app_handling_exceptions(self.app, conn)(scope, receive, send)
  File "c:\python38\lib\site-packages\starlette\_exception_handler.py", line 53, in wrapped_app
    raise exc
  File "c:\python38\lib\site-packages\starlette\_exception_handler.py", line 42, in wrapped_app
    await app(scope, receive, sender)
  File "c:\python38\lib\site-packages\fastapi\middleware\asyncexitstack.py", line 18, in __call__
    await self.app(scope, receive, send)
  File "c:\python38\lib\site-packages\starlette\routing.py", line 715, in __call__
    await self.middleware_stack(scope, receive, send)
  File "c:\python38\lib\site-packages\starlette\routing.py", line 735, in app
    await route.handle(scope, receive, send)
  File "c:\python38\lib\site-packages\starlette\routing.py", line 288, in handle
    await self.app(scope, receive, send)
  File "c:\python38\lib\site-packages\fastapi\routing.py", line 120, in app
    await wrap_app_handling_exceptions(app, request)(scope, receive, send)
  File "c:\python38\lib\site-packages\starlette\_exception_handler.py", line 53, in wrapped_app
    raise exc
  File "c:\python38\lib\site-packages\starlette\_exception_handler.py", line 42, in wrapped_app
    await app(scope, receive, sender)
  File "c:\python38\lib\site-packages\fastapi\routing.py", line 106, in app
    response = await f(request)
  File "c:\python38\lib\site-packages\fastapi\routing.py", line 430, in app
    raw_response = await run_endpoint_function(
  File "c:\python38\lib\site-packages\fastapi\routing.py", line 316, in run_endpoint_function
    return await dependant.call(**values)
  File "C:\Users\rrmsz\Rental-Management-System\backend\routers\reports.py", line 153, in get_dashboard_stats_v2
    return await reports_service.get_dashboard_stats()
  File "C:\Users\rrmsz\Rental-Management-System\backend\services\reports_service.py", line 19, in get_dashboard_stats
    async def get_dashboard_stats(self) -> Dict[str, Any]:
  File "C:\Users\rrmsz\Rental-Management-System\backend\services\reports_service.py", line 19, in <genexpr>
    async def get_dashboard_stats(self) -> Dict[str, Any]:
TypeError: can't compare offset-naive and offset-aware datetimes

Error on http://localhost:8001/api/reports/dashboard/v2:
Traceback (most recent call last):
  File "c:\python38\lib\site-packages\anyio\streams\memory.py", line 111, in receive
    return self.receive_nowait()
  File "c:\python38\lib\site-packages\anyio\streams\memory.py", line 106, in receive_nowait
    raise WouldBlock
anyio.WouldBlock

During handling of the above exception, another exception occurred:

Traceback (most recent call last):
  File "c:\python38\lib\site-packages\anyio\streams\memory.py", line 124, in receive
    return receiver.item
AttributeError: 'MemoryObjectItemReceiver' object has no attribute 'item'

During handling of the above exception, another exception occurred:

Traceback (most recent call last):
  File "c:\python38\lib\site-packages\starlette\middleware\base.py", line 157, in call_next
    message = await recv_stream.receive()
  File "c:\python38\lib\site-packages\anyio\streams\memory.py", line 126, in receive
    raise EndOfStream
anyio.EndOfStream

During handling of the above exception, another exception occurred:

Traceback (most recent call last):
  File "C:\Users\rrmsz\Rental-Management-System\backend\server.py", line 75, in catch_exceptions_middleware
    return await call_next(request)
  File "c:\python38\lib\site-packages\starlette\middleware\base.py", line 163, in call_next
    raise app_exc
  File "c:\python38\lib\site-packages\starlette\middleware\base.py", line 149, in coro
    await self.app(scope, receive_or_disconnect, send_no_error)
  File "c:\python38\lib\site-packages\starlette\middleware\cors.py", line 93, in __call__
    await self.simple_response(scope, receive, send, request_headers=headers)
  File "c:\python38\lib\site-packages\starlette\middleware\cors.py", line 144, in simple_response
    await self.app(scope, receive, send)
  File "c:\python38\lib\site-packages\starlette\middleware\exceptions.py", line 62, in __call__
    await wrap_app_handling_exceptions(self.app, conn)(scope, receive, send)
  File "c:\python38\lib\site-packages\starlette\_exception_handler.py", line 53, in wrapped_app
    raise exc
  File "c:\python38\lib\site-packages\starlette\_exception_handler.py", line 42, in wrapped_app
    await app(scope, receive, sender)
  File "c:\python38\lib\site-packages\fastapi\middleware\asyncexitstack.py", line 18, in __call__
    await self.app(scope, receive, send)
  File "c:\python38\lib\site-packages\starlette\routing.py", line 715, in __call__
    await self.middleware_stack(scope, receive, send)
  File "c:\python38\lib\site-packages\starlette\routing.py", line 735, in app
    await route.handle(scope, receive, send)
  File "c:\python38\lib\site-packages\starlette\routing.py", line 288, in handle
    await self.app(scope, receive, send)
  File "c:\python38\lib\site-packages\fastapi\routing.py", line 120, in app
    await wrap_app_handling_exceptions(app, request)(scope, receive, send)
  File "c:\python38\lib\site-packages\starlette\_exception_handler.py", line 53, in wrapped_app
    raise exc
  File "c:\python38\lib\site-packages\starlette\_exception_handler.py", line 42, in wrapped_app
    await app(scope, receive, sender)
  File "c:\python38\lib\site-packages\fastapi\routing.py", line 106, in app
    response = await f(request)
  File "c:\python38\lib\site-packages\fastapi\routing.py", line 430, in app
    raw_response = await run_endpoint_function(
  File "c:\python38\lib\site-packages\fastapi\routing.py", line 316, in run_endpoint_function
    return await dependant.call(**values)
  File "C:\Users\rrmsz\Rental-Management-System\backend\routers\reports.py", line 153, in get_dashboard_stats_v2
    return await reports_service.get_dashboard_stats()
  File "C:\Users\rrmsz\Rental-Management-System\backend\services\reports_service.py", line 19, in get_dashboard_stats
    async def get_dashboard_stats(self) -> Dict[str, Any]:
  File "C:\Users\rrmsz\Rental-Management-System\backend\services\reports_service.py", line 19, in <genexpr>
    async def get_dashboard_stats(self) -> Dict[str, Any]:
TypeError: can't compare offset-naive and offset-aware datetimes

Error on http://localhost:8001/api/reports/dashboard/v2:
Traceback (most recent call last):
  File "c:\python38\lib\site-packages\anyio\streams\memory.py", line 111, in receive
    return self.receive_nowait()
  File "c:\python38\lib\site-packages\anyio\streams\memory.py", line 106, in receive_nowait
    raise WouldBlock
anyio.WouldBlock

During handling of the above exception, another exception occurred:

Traceback (most recent call last):
  File "c:\python38\lib\site-packages\anyio\streams\memory.py", line 124, in receive
    return receiver.item
AttributeError: 'MemoryObjectItemReceiver' object has no attribute 'item'

During handling of the above exception, another exception occurred:

Traceback (most recent call last):
  File "c:\python38\lib\site-packages\starlette\middleware\base.py", line 157, in call_next
    message = await recv_stream.receive()
  File "c:\python38\lib\site-packages\anyio\streams\memory.py", line 126, in receive
    raise EndOfStream
anyio.EndOfStream

During handling of the above exception, another exception occurred:

Traceback (most recent call last):
  File "C:\Users\rrmsz\Rental-Management-System\backend\server.py", line 75, in catch_exceptions_middleware
    return await call_next(request)
  File "c:\python38\lib\site-packages\starlette\middleware\base.py", line 163, in call_next
    raise app_exc
  File "c:\python38\lib\site-packages\starlette\middleware\base.py", line 149, in coro
    await self.app(scope, receive_or_disconnect, send_no_error)
  File "c:\python38\lib\site-packages\starlette\middleware\cors.py", line 93, in __call__
    await self.simple_response(scope, receive, send, request_headers=headers)
  File "c:\python38\lib\site-packages\starlette\middleware\cors.py", line 144, in simple_response
    await self.app(scope, receive, send)
  File "c:\python38\lib\site-packages\starlette\middleware\exceptions.py", line 62, in __call__
    await wrap_app_handling_exceptions(self.app, conn)(scope, receive, send)
  File "c:\python38\lib\site-packages\starlette\_exception_handler.py", line 53, in wrapped_app
    raise exc
  File "c:\python38\lib\site-packages\starlette\_exception_handler.py", line 42, in wrapped_app
    await app(scope, receive, sender)
  File "c:\python38\lib\site-packages\fastapi\middleware\asyncexitstack.py", line 18, in __call__
    await self.app(scope, receive, send)
  File "c:\python38\lib\site-packages\starlette\routing.py", line 715, in __call__
    await self.middleware_stack(scope, receive, send)
  File "c:\python38\lib\site-packages\starlette\routing.py", line 735, in app
    await route.handle(scope, receive, send)
  File "c:\python38\lib\site-packages\starlette\routing.py", line 288, in handle
    await self.app(scope, receive, send)
  File "c:\python38\lib\site-packages\fastapi\routing.py", line 120, in app
    await wrap_app_handling_exceptions(app, request)(scope, receive, send)
  File "c:\python38\lib\site-packages\starlette\_exception_handler.py", line 53, in wrapped_app
    raise exc
  File "c:\python38\lib\site-packages\starlette\_exception_handler.py", line 42, in wrapped_app
    await app(scope, receive, sender)
  File "c:\python38\lib\site-packages\fastapi\routing.py", line 106, in app
    response = await f(request)
  File "c:\python38\lib\site-packages\fastapi\routing.py", line 430, in app
    raw_response = await run_endpoint_function(
  File "c:\python38\lib\site-packages\fastapi\routing.py", line 316, in run_endpoint_function
    return await dependant.call(**values)
  File "C:\Users\rrmsz\Rental-Management-System\backend\routers\reports.py", line 153, in get_dashboard_stats_v2
    return await reports_service.get_dashboard_stats()
  File "C:\Users\rrmsz\Rental-Management-System\backend\services\reports_service.py", line 19, in get_dashboard_stats
    async def get_dashboard_stats(self) -> Dict[str, Any]:
  File "C:\Users\rrmsz\Rental-Management-System\backend\services\reports_service.py", line 19, in <genexpr>
    async def get_dashboard_stats(self) -> Dict[str, Any]:
TypeError: can't compare offset-naive and offset-aware datetimes

Error on http://localhost:8001/api/reports/dashboard/v2:
Traceback (most recent call last):
  File "c:\python38\lib\site-packages\anyio\streams\memory.py", line 111, in receive
    return self.receive_nowait()
  File "c:\python38\lib\site-packages\anyio\streams\memory.py", line 106, in receive_nowait
    raise WouldBlock
anyio.WouldBlock

During handling of the above exception, another exception occurred:

Traceback (most recent call last):
  File "c:\python38\lib\site-packages\anyio\streams\memory.py", line 124, in receive
    return receiver.item
AttributeError: 'MemoryObjectItemReceiver' object has no attribute 'item'

During handling of the above exception, another exception occurred:

Traceback (most recent call last):
  File "c:\python38\lib\site-packages\starlette\middleware\base.py", line 157, in call_next
    message = await recv_stream.receive()
  File "c:\python38\lib\site-packages\anyio\streams\memory.py", line 126, in receive
    raise EndOfStream
anyio.EndOfStream

During handling of the above exception, another exception occurred:

Traceback (most recent call last):
  File "C:\Users\rrmsz\Rental-Management-System\backend\server.py", line 75, in catch_exceptions_middleware
    return await call_next(request)
  File "c:\python38\lib\site-packages\starlette\middleware\base.py", line 163, in call_next
    raise app_exc
  File "c:\python38\lib\site-packages\starlette\middleware\base.py", line 149, in coro
    await self.app(scope, receive_or_disconnect, send_no_error)
  File "c:\python38\lib\site-packages\starlette\middleware\cors.py", line 93, in __call__
    await self.simple_response(scope, receive, send, request_headers=headers)
  File "c:\python38\lib\site-packages\starlette\middleware\cors.py", line 144, in simple_response
    await self.app(scope, receive, send)
  File "c:\python38\lib\site-packages\starlette\middleware\exceptions.py", line 62, in __call__
    await wrap_app_handling_exceptions(self.app, conn)(scope, receive, send)
  File "c:\python38\lib\site-packages\starlette\_exception_handler.py", line 53, in wrapped_app
    raise exc
  File "c:\python38\lib\site-packages\starlette\_exception_handler.py", line 42, in wrapped_app
    await app(scope, receive, sender)
  File "c:\python38\lib\site-packages\fastapi\middleware\asyncexitstack.py", line 18, in __call__
    await self.app(scope, receive, send)
  File "c:\python38\lib\site-packages\starlette\routing.py", line 715, in __call__
    await self.middleware_stack(scope, receive, send)
  File "c:\python38\lib\site-packages\starlette\routing.py", line 735, in app
    await route.handle(scope, receive, send)
  File "c:\python38\lib\site-packages\starlette\routing.py", line 288, in handle
    await self.app(scope, receive, send)
  File "c:\python38\lib\site-packages\fastapi\routing.py", line 120, in app
    await wrap_app_handling_exceptions(app, request)(scope, receive, send)
  File "c:\python38\lib\site-packages\starlette\_exception_handler.py", line 53, in wrapped_app
    raise exc
  File "c:\python38\lib\site-packages\starlette\_exception_handler.py", line 42, in wrapped_app
    await app(scope, receive, sender)
  File "c:\python38\lib\site-packages\fastapi\routing.py", line 106, in app
    response = await f(request)
  File "c:\python38\lib\site-packages\fastapi\routing.py", line 430, in app
    raw_response = await run_endpoint_function(
  File "c:\python38\lib\site-packages\fastapi\routing.py", line 316, in run_endpoint_function
    return await dependant.call(**values)
  File "C:\Users\rrmsz\Rental-Management-System\backend\routers\reports.py", line 153, in get_dashboard_stats_v2
    return await reports_service.get_dashboard_stats()
  File "C:\Users\rrmsz\Rental-Management-System\backend\services\reports_service.py", line 19, in get_dashboard_stats
    async def get_dashboard_stats(self) -> Dict[str, Any]:
  File "C:\Users\rrmsz\Rental-Management-System\backend\services\reports_service.py", line 19, in <genexpr>
    async def get_dashboard_stats(self) -> Dict[str, Any]:
TypeError: can't compare offset-naive and offset-aware datetimes

Error on http://localhost:8001/api/reports/dashboard/v2:
Traceback (most recent call last):
  File "c:\python38\lib\site-packages\anyio\streams\memory.py", line 111, in receive
    return self.receive_nowait()
  File "c:\python38\lib\site-packages\anyio\streams\memory.py", line 106, in receive_nowait
    raise WouldBlock
anyio.WouldBlock

During handling of the above exception, another exception occurred:

Traceback (most recent call last):
  File "c:\python38\lib\site-packages\anyio\streams\memory.py", line 124, in receive
    return receiver.item
AttributeError: 'MemoryObjectItemReceiver' object has no attribute 'item'

During handling of the above exception, another exception occurred:

Traceback (most recent call last):
  File "c:\python38\lib\site-packages\starlette\middleware\base.py", line 157, in call_next
    message = await recv_stream.receive()
  File "c:\python38\lib\site-packages\anyio\streams\memory.py", line 126, in receive
    raise EndOfStream
anyio.EndOfStream

During handling of the above exception, another exception occurred:

Traceback (most recent call last):
  File "C:\Users\rrmsz\Rental-Management-System\backend\server.py", line 75, in catch_exceptions_middleware
    return await call_next(request)
  File "c:\python38\lib\site-packages\starlette\middleware\base.py", line 163, in call_next
    raise app_exc
  File "c:\python38\lib\site-packages\starlette\middleware\base.py", line 149, in coro
    await self.app(scope, receive_or_disconnect, send_no_error)
  File "c:\python38\lib\site-packages\starlette\middleware\cors.py", line 93, in __call__
    await self.simple_response(scope, receive, send, request_headers=headers)
  File "c:\python38\lib\site-packages\starlette\middleware\cors.py", line 144, in simple_response
    await self.app(scope, receive, send)
  File "c:\python38\lib\site-packages\starlette\middleware\exceptions.py", line 62, in __call__
    await wrap_app_handling_exceptions(self.app, conn)(scope, receive, send)
  File "c:\python38\lib\site-packages\starlette\_exception_handler.py", line 53, in wrapped_app
    raise exc
  File "c:\python38\lib\site-packages\starlette\_exception_handler.py", line 42, in wrapped_app
    await app(scope, receive, sender)
  File "c:\python38\lib\site-packages\fastapi\middleware\asyncexitstack.py", line 18, in __call__
    await self.app(scope, receive, send)
  File "c:\python38\lib\site-packages\starlette\routing.py", line 715, in __call__
    await self.middleware_stack(scope, receive, send)
  File "c:\python38\lib\site-packages\starlette\routing.py", line 735, in app
    await route.handle(scope, receive, send)
  File "c:\python38\lib\site-packages\starlette\routing.py", line 288, in handle
    await self.app(scope, receive, send)
  File "c:\python38\lib\site-packages\fastapi\routing.py", line 120, in app
    await wrap_app_handling_exceptions(app, request)(scope, receive, send)
  File "c:\python38\lib\site-packages\starlette\_exception_handler.py", line 53, in wrapped_app
    raise exc
  File "c:\python38\lib\site-packages\starlette\_exception_handler.py", line 42, in wrapped_app
    await app(scope, receive, sender)
  File "c:\python38\lib\site-packages\fastapi\routing.py", line 106, in app
    response = await f(request)
  File "c:\python38\lib\site-packages\fastapi\routing.py", line 430, in app
    raw_response = await run_endpoint_function(
  File "c:\python38\lib\site-packages\fastapi\routing.py", line 316, in run_endpoint_function
    return await dependant.call(**values)
  File "C:\Users\rrmsz\Rental-Management-System\backend\routers\reports.py", line 153, in get_dashboard_stats_v2
    return await reports_service.get_dashboard_stats()
  File "C:\Users\rrmsz\Rental-Management-System\backend\services\reports_service.py", line 19, in get_dashboard_stats
    async def get_dashboard_stats(self) -> Dict[str, Any]:
  File "C:\Users\rrmsz\Rental-Management-System\backend\services\reports_service.py", line 19, in <genexpr>
    async def get_dashboard_stats(self) -> Dict[str, Any]:
TypeError: can't compare offset-naive and offset-aware datetimes

Error on http://localhost:8001/api/reports/dashboard/v2:
Traceback (most recent call last):
  File "c:\python38\lib\site-packages\anyio\streams\memory.py", line 111, in receive
    return self.receive_nowait()
  File "c:\python38\lib\site-packages\anyio\streams\memory.py", line 106, in receive_nowait
    raise WouldBlock
anyio.WouldBlock

During handling of the above exception, another exception occurred:

Traceback (most recent call last):
  File "c:\python38\lib\site-packages\anyio\streams\memory.py", line 124, in receive
    return receiver.item
AttributeError: 'MemoryObjectItemReceiver' object has no attribute 'item'

During handling of the above exception, another exception occurred:

Traceback (most recent call last):
  File "c:\python38\lib\site-packages\starlette\middleware\base.py", line 157, in call_next
    message = await recv_stream.receive()
  File "c:\python38\lib\site-packages\anyio\streams\memory.py", line 126, in receive
    raise EndOfStream
anyio.EndOfStream

During handling of the above exception, another exception occurred:

Traceback (most recent call last):
  File "C:\Users\rrmsz\Rental-Management-System\backend\server.py", line 75, in catch_exceptions_middleware
    return await call_next(request)
  File "c:\python38\lib\site-packages\starlette\middleware\base.py", line 163, in call_next
    raise app_exc
  File "c:\python38\lib\site-packages\starlette\middleware\base.py", line 149, in coro
    await self.app(scope, receive_or_disconnect, send_no_error)
  File "c:\python38\lib\site-packages\starlette\middleware\cors.py", line 93, in __call__
    await self.simple_response(scope, receive, send, request_headers=headers)
  File "c:\python38\lib\site-packages\starlette\middleware\cors.py", line 144, in simple_response
    await self.app(scope, receive, send)
  File "c:\python38\lib\site-packages\starlette\middleware\exceptions.py", line 62, in __call__
    await wrap_app_handling_exceptions(self.app, conn)(scope, receive, send)
  File "c:\python38\lib\site-packages\starlette\_exception_handler.py", line 53, in wrapped_app
    raise exc
  File "c:\python38\lib\site-packages\starlette\_exception_handler.py", line 42, in wrapped_app
    await app(scope, receive, sender)
  File "c:\python38\lib\site-packages\fastapi\middleware\asyncexitstack.py", line 18, in __call__
    await self.app(scope, receive, send)
  File "c:\python38\lib\site-packages\starlette\routing.py", line 715, in __call__
    await self.middleware_stack(scope, receive, send)
  File "c:\python38\lib\site-packages\starlette\routing.py", line 735, in app
    await route.handle(scope, receive, send)
  File "c:\python38\lib\site-packages\starlette\routing.py", line 288, in handle
    await self.app(scope, receive, send)
  File "c:\python38\lib\site-packages\fastapi\routing.py", line 120, in app
    await wrap_app_handling_exceptions(app, request)(scope, receive, send)
  File "c:\python38\lib\site-packages\starlette\_exception_handler.py", line 53, in wrapped_app
    raise exc
  File "c:\python38\lib\site-packages\starlette\_exception_handler.py", line 42, in wrapped_app
    await app(scope, receive, sender)
  File "c:\python38\lib\site-packages\fastapi\routing.py", line 106, in app
    response = await f(request)
  File "c:\python38\lib\site-packages\fastapi\routing.py", line 430, in app
    raw_response = await run_endpoint_function(
  File "c:\python38\lib\site-packages\fastapi\routing.py", line 316, in run_endpoint_function
    return await dependant.call(**values)
  File "C:\Users\rrmsz\Rental-Management-System\backend\routers\reports.py", line 153, in get_dashboard_stats_v2
    return await reports_service.get_dashboard_stats()
  File "C:\Users\rrmsz\Rental-Management-System\backend\services\reports_service.py", line 19, in get_dashboard_stats
    async def get_dashboard_stats(self) -> Dict[str, Any]:
  File "C:\Users\rrmsz\Rental-Management-System\backend\services\reports_service.py", line 19, in <genexpr>
    async def get_dashboard_stats(self) -> Dict[str, Any]:
TypeError: can't compare offset-naive and offset-aware datetimes

Error on http://localhost:8001/api/reports/dashboard/v2:
Traceback (most recent call last):
  File "c:\python38\lib\site-packages\anyio\streams\memory.py", line 111, in receive
    return self.receive_nowait()
  File "c:\python38\lib\site-packages\anyio\streams\memory.py", line 106, in receive_nowait
    raise WouldBlock
anyio.WouldBlock

During handling of the above exception, another exception occurred:

Traceback (most recent call last):
  File "c:\python38\lib\site-packages\anyio\streams\memory.py", line 124, in receive
    return receiver.item
AttributeError: 'MemoryObjectItemReceiver' object has no attribute 'item'

During handling of the above exception, another exception occurred:

Traceback (most recent call last):
  File "c:\python38\lib\site-packages\starlette\middleware\base.py", line 157, in call_next
    message = await recv_stream.receive()
  File "c:\python38\lib\site-packages\anyio\streams\memory.py", line 126, in receive
    raise EndOfStream
anyio.EndOfStream

During handling of the above exception, another exception occurred:

Traceback (most recent call last):
  File "C:\Users\rrmsz\Rental-Management-System\backend\server.py", line 75, in catch_exceptions_middleware
    return await call_next(request)
  File "c:\python38\lib\site-packages\starlette\middleware\base.py", line 163, in call_next
    raise app_exc
  File "c:\python38\lib\site-packages\starlette\middleware\base.py", line 149, in coro
    await self.app(scope, receive_or_disconnect, send_no_error)
  File "c:\python38\lib\site-packages\starlette\middleware\cors.py", line 93, in __call__
    await self.simple_response(scope, receive, send, request_headers=headers)
  File "c:\python38\lib\site-packages\starlette\middleware\cors.py", line 144, in simple_response
    await self.app(scope, receive, send)
  File "c:\python38\lib\site-packages\starlette\middleware\exceptions.py", line 62, in __call__
    await wrap_app_handling_exceptions(self.app, conn)(scope, receive, send)
  File "c:\python38\lib\site-packages\starlette\_exception_handler.py", line 53, in wrapped_app
    raise exc
  File "c:\python38\lib\site-packages\starlette\_exception_handler.py", line 42, in wrapped_app
    await app(scope, receive, sender)
  File "c:\python38\lib\site-packages\fastapi\middleware\asyncexitstack.py", line 18, in __call__
    await self.app(scope, receive, send)
  File "c:\python38\lib\site-packages\starlette\routing.py", line 715, in __call__
    await self.middleware_stack(scope, receive, send)
  File "c:\python38\lib\site-packages\starlette\routing.py", line 735, in app
    await route.handle(scope, receive, send)
  File "c:\python38\lib\site-packages\starlette\routing.py", line 288, in handle
    await self.app(scope, receive, send)
  File "c:\python38\lib\site-packages\fastapi\routing.py", line 120, in app
    await wrap_app_handling_exceptions(app, request)(scope, receive, send)
  File "c:\python38\lib\site-packages\starlette\_exception_handler.py", line 53, in wrapped_app
    raise exc
  File "c:\python38\lib\site-packages\starlette\_exception_handler.py", line 42, in wrapped_app
    await app(scope, receive, sender)
  File "c:\python38\lib\site-packages\fastapi\routing.py", line 106, in app
    response = await f(request)
  File "c:\python38\lib\site-packages\fastapi\routing.py", line 430, in app
    raw_response = await run_endpoint_function(
  File "c:\python38\lib\site-packages\fastapi\routing.py", line 316, in run_endpoint_function
    return await dependant.call(**values)
  File "C:\Users\rrmsz\Rental-Management-System\backend\routers\reports.py", line 153, in get_dashboard_stats_v2
    return await reports_service.get_dashboard_stats()
  File "C:\Users\rrmsz\Rental-Management-System\backend\services\reports_service.py", line 19, in get_dashboard_stats
    async def get_dashboard_stats(self) -> Dict[str, Any]:
  File "C:\Users\rrmsz\Rental-Management-System\backend\services\reports_service.py", line 19, in <genexpr>
    async def get_dashboard_stats(self) -> Dict[str, Any]:
TypeError: can't compare offset-naive and offset-aware datetimes

Error on http://localhost:8001/api/reports/dashboard/v2:
Traceback (most recent call last):
  File "c:\python38\lib\site-packages\anyio\streams\memory.py", line 111, in receive
    return self.receive_nowait()
  File "c:\python38\lib\site-packages\anyio\streams\memory.py", line 106, in receive_nowait
    raise WouldBlock
anyio.WouldBlock

During handling of the above exception, another exception occurred:

Traceback (most recent call last):
  File "c:\python38\lib\site-packages\anyio\streams\memory.py", line 124, in receive
    return receiver.item
AttributeError: 'MemoryObjectItemReceiver' object has no attribute 'item'

During handling of the above exception, another exception occurred:

Traceback (most recent call last):
  File "c:\python38\lib\site-packages\starlette\middleware\base.py", line 157, in call_next
    message = await recv_stream.receive()
  File "c:\python38\lib\site-packages\anyio\streams\memory.py", line 126, in receive
    raise EndOfStream
anyio.EndOfStream

During handling of the above exception, another exception occurred:

Traceback (most recent call last):
  File "C:\Users\rrmsz\Rental-Management-System\backend\server.py", line 75, in catch_exceptions_middleware
    return await call_next(request)
  File "c:\python38\lib\site-packages\starlette\middleware\base.py", line 163, in call_next
    raise app_exc
  File "c:\python38\lib\site-packages\starlette\middleware\base.py", line 149, in coro
    await self.app(scope, receive_or_disconnect, send_no_error)
  File "c:\python38\lib\site-packages\starlette\middleware\cors.py", line 93, in __call__
    await self.simple_response(scope, receive, send, request_headers=headers)
  File "c:\python38\lib\site-packages\starlette\middleware\cors.py", line 144, in simple_response
    await self.app(scope, receive, send)
  File "c:\python38\lib\site-packages\starlette\middleware\exceptions.py", line 62, in __call__
    await wrap_app_handling_exceptions(self.app, conn)(scope, receive, send)
  File "c:\python38\lib\site-packages\starlette\_exception_handler.py", line 53, in wrapped_app
    raise exc
  File "c:\python38\lib\site-packages\starlette\_exception_handler.py", line 42, in wrapped_app
    await app(scope, receive, sender)
  File "c:\python38\lib\site-packages\fastapi\middleware\asyncexitstack.py", line 18, in __call__
    await self.app(scope, receive, send)
  File "c:\python38\lib\site-packages\starlette\routing.py", line 715, in __call__
    await self.middleware_stack(scope, receive, send)
  File "c:\python38\lib\site-packages\starlette\routing.py", line 735, in app
    await route.handle(scope, receive, send)
  File "c:\python38\lib\site-packages\starlette\routing.py", line 288, in handle
    await self.app(scope, receive, send)
  File "c:\python38\lib\site-packages\fastapi\routing.py", line 120, in app
    await wrap_app_handling_exceptions(app, request)(scope, receive, send)
  File "c:\python38\lib\site-packages\starlette\_exception_handler.py", line 53, in wrapped_app
    raise exc
  File "c:\python38\lib\site-packages\starlette\_exception_handler.py", line 42, in wrapped_app
    await app(scope, receive, sender)
  File "c:\python38\lib\site-packages\fastapi\routing.py", line 106, in app
    response = await f(request)
  File "c:\python38\lib\site-packages\fastapi\routing.py", line 430, in app
    raw_response = await run_endpoint_function(
  File "c:\python38\lib\site-packages\fastapi\routing.py", line 316, in run_endpoint_function
    return await dependant.call(**values)
  File "C:\Users\rrmsz\Rental-Management-System\backend\routers\reports.py", line 153, in get_dashboard_stats_v2
    return await reports_service.get_dashboard_stats()
  File "C:\Users\rrmsz\Rental-Management-System\backend\services\reports_service.py", line 19, in get_dashboard_stats
    async def get_dashboard_stats(self) -> Dict[str, Any]:
  File "C:\Users\rrmsz\Rental-Management-System\backend\services\reports_service.py", line 19, in <genexpr>
    async def get_dashboard_stats(self) -> Dict[str, Any]:
TypeError: can't compare offset-naive and offset-aware datetimes

Error on http://localhost:8001/api/reports/dashboard/v2:
Traceback (most recent call last):
  File "c:\python38\lib\site-packages\anyio\streams\memory.py", line 111, in receive
    return self.receive_nowait()
  File "c:\python38\lib\site-packages\anyio\streams\memory.py", line 106, in receive_nowait
    raise WouldBlock
anyio.WouldBlock

During handling of the above exception, another exception occurred:

Traceback (most recent call last):
  File "c:\python38\lib\site-packages\anyio\streams\memory.py", line 124, in receive
    return receiver.item
AttributeError: 'MemoryObjectItemReceiver' object has no attribute 'item'

During handling of the above exception, another exception occurred:

Traceback (most recent call last):
  File "c:\python38\lib\site-packages\starlette\middleware\base.py", line 157, in call_next
    message = await recv_stream.receive()
  File "c:\python38\lib\site-packages\anyio\streams\memory.py", line 126, in receive
    raise EndOfStream
anyio.EndOfStream

During handling of the above exception, another exception occurred:

Traceback (most recent call last):
  File "C:\Users\rrmsz\Rental-Management-System\backend\server.py", line 75, in catch_exceptions_middleware
    return await call_next(request)
  File "c:\python38\lib\site-packages\starlette\middleware\base.py", line 163, in call_next
    raise app_exc
  File "c:\python38\lib\site-packages\starlette\middleware\base.py", line 149, in coro
    await self.app(scope, receive_or_disconnect, send_no_error)
  File "c:\python38\lib\site-packages\starlette\middleware\cors.py", line 93, in __call__
    await self.simple_response(scope, receive, send, request_headers=headers)
  File "c:\python38\lib\site-packages\starlette\middleware\cors.py", line 144, in simple_response
    await self.app(scope, receive, send)
  File "c:\python38\lib\site-packages\starlette\middleware\exceptions.py", line 62, in __call__
    await wrap_app_handling_exceptions(self.app, conn)(scope, receive, send)
  File "c:\python38\lib\site-packages\starlette\_exception_handler.py", line 53, in wrapped_app
    raise exc
  File "c:\python38\lib\site-packages\starlette\_exception_handler.py", line 42, in wrapped_app
    await app(scope, receive, sender)
  File "c:\python38\lib\site-packages\fastapi\middleware\asyncexitstack.py", line 18, in __call__
    await self.app(scope, receive, send)
  File "c:\python38\lib\site-packages\starlette\routing.py", line 715, in __call__
    await self.middleware_stack(scope, receive, send)
  File "c:\python38\lib\site-packages\starlette\routing.py", line 735, in app
    await route.handle(scope, receive, send)
  File "c:\python38\lib\site-packages\starlette\routing.py", line 288, in handle
    await self.app(scope, receive, send)
  File "c:\python38\lib\site-packages\fastapi\routing.py", line 120, in app
    await wrap_app_handling_exceptions(app, request)(scope, receive, send)
  File "c:\python38\lib\site-packages\starlette\_exception_handler.py", line 53, in wrapped_app
    raise exc
  File "c:\python38\lib\site-packages\starlette\_exception_handler.py", line 42, in wrapped_app
    await app(scope, receive, sender)
  File "c:\python38\lib\site-packages\fastapi\routing.py", line 106, in app
    response = await f(request)
  File "c:\python38\lib\site-packages\fastapi\routing.py", line 430, in app
    raw_response = await run_endpoint_function(
  File "c:\python38\lib\site-packages\fastapi\routing.py", line 316, in run_endpoint_function
    return await dependant.call(**values)
  File "C:\Users\rrmsz\Rental-Management-System\backend\routers\reports.py", line 153, in get_dashboard_stats_v2
    return await reports_service.get_dashboard_stats()
  File "C:\Users\rrmsz\Rental-Management-System\backend\services\reports_service.py", line 19, in get_dashboard_stats
    async def get_dashboard_stats(self) -> Dict[str, Any]:
  File "C:\Users\rrmsz\Rental-Management-System\backend\services\reports_service.py", line 19, in <genexpr>
    async def get_dashboard_stats(self) -> Dict[str, Any]:
TypeError: can't compare offset-naive and offset-aware datetimes

Error on http://localhost:8001/api/users/:
Traceback (most recent call last):
  File "c:\python38\lib\site-packages\anyio\streams\memory.py", line 111, in receive
    return self.receive_nowait()
  File "c:\python38\lib\site-packages\anyio\streams\memory.py", line 106, in receive_nowait
    raise WouldBlock
anyio.WouldBlock

During handling of the above exception, another exception occurred:

Traceback (most recent call last):
  File "c:\python38\lib\site-packages\anyio\streams\memory.py", line 124, in receive
    return receiver.item
AttributeError: 'MemoryObjectItemReceiver' object has no attribute 'item'

During handling of the above exception, another exception occurred:

Traceback (most recent call last):
  File "c:\python38\lib\site-packages\starlette\middleware\base.py", line 157, in call_next
    message = await recv_stream.receive()
  File "c:\python38\lib\site-packages\anyio\streams\memory.py", line 126, in receive
    raise EndOfStream
anyio.EndOfStream

During handling of the above exception, another exception occurred:

Traceback (most recent call last):
  File "C:\Users\rrmsz\Rental-Management-System\backend\server.py", line 75, in catch_exceptions_middleware
    return await call_next(request)
  File "c:\python38\lib\site-packages\starlette\middleware\base.py", line 163, in call_next
    raise app_exc
  File "c:\python38\lib\site-packages\starlette\middleware\base.py", line 149, in coro
    await self.app(scope, receive_or_disconnect, send_no_error)
  File "c:\python38\lib\site-packages\starlette\middleware\cors.py", line 93, in __call__
    await self.simple_response(scope, receive, send, request_headers=headers)
  File "c:\python38\lib\site-packages\starlette\middleware\cors.py", line 144, in simple_response
    await self.app(scope, receive, send)
  File "c:\python38\lib\site-packages\starlette\middleware\exceptions.py", line 62, in __call__
    await wrap_app_handling_exceptions(self.app, conn)(scope, receive, send)
  File "c:\python38\lib\site-packages\starlette\_exception_handler.py", line 53, in wrapped_app
    raise exc
  File "c:\python38\lib\site-packages\starlette\_exception_handler.py", line 42, in wrapped_app
    await app(scope, receive, sender)
  File "c:\python38\lib\site-packages\fastapi\middleware\asyncexitstack.py", line 18, in __call__
    await self.app(scope, receive, send)
  File "c:\python38\lib\site-packages\starlette\routing.py", line 715, in __call__
    await self.middleware_stack(scope, receive, send)
  File "c:\python38\lib\site-packages\starlette\routing.py", line 735, in app
    await route.handle(scope, receive, send)
  File "c:\python38\lib\site-packages\starlette\routing.py", line 288, in handle
    await self.app(scope, receive, send)
  File "c:\python38\lib\site-packages\fastapi\routing.py", line 120, in app
    await wrap_app_handling_exceptions(app, request)(scope, receive, send)
  File "c:\python38\lib\site-packages\starlette\_exception_handler.py", line 53, in wrapped_app
    raise exc
  File "c:\python38\lib\site-packages\starlette\_exception_handler.py", line 42, in wrapped_app
    await app(scope, receive, sender)
  File "c:\python38\lib\site-packages\fastapi\routing.py", line 106, in app
    response = await f(request)
  File "c:\python38\lib\site-packages\fastapi\routing.py", line 452, in app
    content = await serialize_response(
  File "c:\python38\lib\site-packages\fastapi\routing.py", line 278, in serialize_response
    raise ResponseValidationError(
fastapi.exceptions.ResponseValidationError: 4 validation errors:
  {'type': 'enum', 'loc': ('response', 2, 'role'), 'msg': "Input should be 'admin', 'employee' or 'accountant'", 'input': 'customer', 'ctx': {'expected': "'admin', 'employee' or 'accountant'"}}
  {'type': 'missing', 'loc': ('response', 3, 'full_name'), 'msg': 'Field required', 'input': {'_id': ObjectId('69a36c6c898cf30f1d116e95'), 'name': 'System Admin', 'phone': '+96892345218', 'username': 'admin', 'role': 'admin', 'password': '$pbkdf2-sha256$29000$mNMaY8z5H8MYQ0gphRAiBA$9uV//VqSj1jEeGDXPS4DcsIeqYP2Tv.crbwTfFEvE5k', 'password_hash': '$pbkdf2-sha256$29000$mNMaY8z5H8MYQ0gphRAiBA$9uV//VqSj1jEeGDXPS4DcsIeqYP2Tv.crbwTfFEvE5k', 'is_active': True, 'email': 'admin@rental-system.com', 'created_at': datetime.datetime(2026, 2, 28, 22, 30, 4, 296000)}}
  {'type': 'missing', 'loc': ('response', 3, 'id'), 'msg': 'Field required', 'input': {'_id': ObjectId('69a36c6c898cf30f1d116e95'), 'name': 'System Admin', 'phone': '+96892345218', 'username': 'admin', 'role': 'admin', 'password': '$pbkdf2-sha256$29000$mNMaY8z5H8MYQ0gphRAiBA$9uV//VqSj1jEeGDXPS4DcsIeqYP2Tv.crbwTfFEvE5k', 'password_hash': '$pbkdf2-sha256$29000$mNMaY8z5H8MYQ0gphRAiBA$9uV//VqSj1jEeGDXPS4DcsIeqYP2Tv.crbwTfFEvE5k', 'is_active': True, 'email': 'admin@rental-system.com', 'created_at': datetime.datetime(2026, 2, 28, 22, 30, 4, 296000)}}
  {'type': 'string_type', 'loc': ('response', 3, 'created_at'), 'msg': 'Input should be a valid string', 'input': datetime.datetime(2026, 2, 28, 22, 30, 4, 296000)}

  File "C:\Users\rrmsz\Rental-Management-System\backend\routers\users.py", line 11, in get_users
    GET /api/users/

Error on http://localhost:8001/api/users/:
Traceback (most recent call last):
  File "c:\python38\lib\site-packages\anyio\streams\memory.py", line 111, in receive
    return self.receive_nowait()
  File "c:\python38\lib\site-packages\anyio\streams\memory.py", line 106, in receive_nowait
    raise WouldBlock
anyio.WouldBlock

During handling of the above exception, another exception occurred:

Traceback (most recent call last):
  File "c:\python38\lib\site-packages\anyio\streams\memory.py", line 124, in receive
    return receiver.item
AttributeError: 'MemoryObjectItemReceiver' object has no attribute 'item'

During handling of the above exception, another exception occurred:

Traceback (most recent call last):
  File "c:\python38\lib\site-packages\starlette\middleware\base.py", line 157, in call_next
    message = await recv_stream.receive()
  File "c:\python38\lib\site-packages\anyio\streams\memory.py", line 126, in receive
    raise EndOfStream
anyio.EndOfStream

During handling of the above exception, another exception occurred:

Traceback (most recent call last):
  File "C:\Users\rrmsz\Rental-Management-System\backend\server.py", line 75, in catch_exceptions_middleware
    return await call_next(request)
  File "c:\python38\lib\site-packages\starlette\middleware\base.py", line 163, in call_next
    raise app_exc
  File "c:\python38\lib\site-packages\starlette\middleware\base.py", line 149, in coro
    await self.app(scope, receive_or_disconnect, send_no_error)
  File "c:\python38\lib\site-packages\starlette\middleware\cors.py", line 93, in __call__
    await self.simple_response(scope, receive, send, request_headers=headers)
  File "c:\python38\lib\site-packages\starlette\middleware\cors.py", line 144, in simple_response
    await self.app(scope, receive, send)
  File "c:\python38\lib\site-packages\starlette\middleware\exceptions.py", line 62, in __call__
    await wrap_app_handling_exceptions(self.app, conn)(scope, receive, send)
  File "c:\python38\lib\site-packages\starlette\_exception_handler.py", line 53, in wrapped_app
    raise exc
  File "c:\python38\lib\site-packages\starlette\_exception_handler.py", line 42, in wrapped_app
    await app(scope, receive, sender)
  File "c:\python38\lib\site-packages\fastapi\middleware\asyncexitstack.py", line 18, in __call__
    await self.app(scope, receive, send)
  File "c:\python38\lib\site-packages\starlette\routing.py", line 715, in __call__
    await self.middleware_stack(scope, receive, send)
  File "c:\python38\lib\site-packages\starlette\routing.py", line 735, in app
    await route.handle(scope, receive, send)
  File "c:\python38\lib\site-packages\starlette\routing.py", line 288, in handle
    await self.app(scope, receive, send)
  File "c:\python38\lib\site-packages\fastapi\routing.py", line 120, in app
    await wrap_app_handling_exceptions(app, request)(scope, receive, send)
  File "c:\python38\lib\site-packages\starlette\_exception_handler.py", line 53, in wrapped_app
    raise exc
  File "c:\python38\lib\site-packages\starlette\_exception_handler.py", line 42, in wrapped_app
    await app(scope, receive, sender)
  File "c:\python38\lib\site-packages\fastapi\routing.py", line 106, in app
    response = await f(request)
  File "c:\python38\lib\site-packages\fastapi\routing.py", line 452, in app
    content = await serialize_response(
  File "c:\python38\lib\site-packages\fastapi\routing.py", line 278, in serialize_response
    raise ResponseValidationError(
fastapi.exceptions.ResponseValidationError: 4 validation errors:
  {'type': 'enum', 'loc': ('response', 2, 'role'), 'msg': "Input should be 'admin', 'employee' or 'accountant'", 'input': 'customer', 'ctx': {'expected': "'admin', 'employee' or 'accountant'"}}
  {'type': 'missing', 'loc': ('response', 3, 'full_name'), 'msg': 'Field required', 'input': {'_id': ObjectId('69a36c6c898cf30f1d116e95'), 'name': 'System Admin', 'phone': '+96892345218', 'username': 'admin', 'role': 'admin', 'password': '$pbkdf2-sha256$29000$mNMaY8z5H8MYQ0gphRAiBA$9uV//VqSj1jEeGDXPS4DcsIeqYP2Tv.crbwTfFEvE5k', 'password_hash': '$pbkdf2-sha256$29000$mNMaY8z5H8MYQ0gphRAiBA$9uV//VqSj1jEeGDXPS4DcsIeqYP2Tv.crbwTfFEvE5k', 'is_active': True, 'email': 'admin@rental-system.com', 'created_at': datetime.datetime(2026, 2, 28, 22, 30, 4, 296000)}}
  {'type': 'missing', 'loc': ('response', 3, 'id'), 'msg': 'Field required', 'input': {'_id': ObjectId('69a36c6c898cf30f1d116e95'), 'name': 'System Admin', 'phone': '+96892345218', 'username': 'admin', 'role': 'admin', 'password': '$pbkdf2-sha256$29000$mNMaY8z5H8MYQ0gphRAiBA$9uV//VqSj1jEeGDXPS4DcsIeqYP2Tv.crbwTfFEvE5k', 'password_hash': '$pbkdf2-sha256$29000$mNMaY8z5H8MYQ0gphRAiBA$9uV//VqSj1jEeGDXPS4DcsIeqYP2Tv.crbwTfFEvE5k', 'is_active': True, 'email': 'admin@rental-system.com', 'created_at': datetime.datetime(2026, 2, 28, 22, 30, 4, 296000)}}
  {'type': 'string_type', 'loc': ('response', 3, 'created_at'), 'msg': 'Input should be a valid string', 'input': datetime.datetime(2026, 2, 28, 22, 30, 4, 296000)}

  File "C:\Users\rrmsz\Rental-Management-System\backend\routers\users.py", line 11, in get_users
    GET /api/users/

Error on http://localhost:8001/api/reports/revenue/detailed:
Traceback (most recent call last):
  File "c:\python38\lib\site-packages\anyio\streams\memory.py", line 111, in receive
    return self.receive_nowait()
  File "c:\python38\lib\site-packages\anyio\streams\memory.py", line 106, in receive_nowait
    raise WouldBlock
anyio.WouldBlock

During handling of the above exception, another exception occurred:

Traceback (most recent call last):
  File "c:\python38\lib\site-packages\anyio\streams\memory.py", line 124, in receive
    return receiver.item
AttributeError: 'MemoryObjectItemReceiver' object has no attribute 'item'

During handling of the above exception, another exception occurred:

Traceback (most recent call last):
  File "c:\python38\lib\site-packages\starlette\middleware\base.py", line 157, in call_next
    message = await recv_stream.receive()
  File "c:\python38\lib\site-packages\anyio\streams\memory.py", line 126, in receive
    raise EndOfStream
anyio.EndOfStream

During handling of the above exception, another exception occurred:

Traceback (most recent call last):
  File "C:\Users\rrmsz\Rental-Management-System\backend\server.py", line 75, in catch_exceptions_middleware
    return await call_next(request)
  File "c:\python38\lib\site-packages\starlette\middleware\base.py", line 163, in call_next
    raise app_exc
  File "c:\python38\lib\site-packages\starlette\middleware\base.py", line 149, in coro
    await self.app(scope, receive_or_disconnect, send_no_error)
  File "c:\python38\lib\site-packages\starlette\middleware\cors.py", line 93, in __call__
    await self.simple_response(scope, receive, send, request_headers=headers)
  File "c:\python38\lib\site-packages\starlette\middleware\cors.py", line 144, in simple_response
    await self.app(scope, receive, send)
  File "c:\python38\lib\site-packages\starlette\middleware\exceptions.py", line 62, in __call__
    await wrap_app_handling_exceptions(self.app, conn)(scope, receive, send)
  File "c:\python38\lib\site-packages\starlette\_exception_handler.py", line 53, in wrapped_app
    raise exc
  File "c:\python38\lib\site-packages\starlette\_exception_handler.py", line 42, in wrapped_app
    await app(scope, receive, sender)
  File "c:\python38\lib\site-packages\fastapi\middleware\asyncexitstack.py", line 18, in __call__
    await self.app(scope, receive, send)
  File "c:\python38\lib\site-packages\starlette\routing.py", line 715, in __call__
    await self.middleware_stack(scope, receive, send)
  File "c:\python38\lib\site-packages\starlette\routing.py", line 735, in app
    await route.handle(scope, receive, send)
  File "c:\python38\lib\site-packages\starlette\routing.py", line 288, in handle
    await self.app(scope, receive, send)
  File "c:\python38\lib\site-packages\fastapi\routing.py", line 120, in app
    await wrap_app_handling_exceptions(app, request)(scope, receive, send)
  File "c:\python38\lib\site-packages\starlette\_exception_handler.py", line 53, in wrapped_app
    raise exc
  File "c:\python38\lib\site-packages\starlette\_exception_handler.py", line 42, in wrapped_app
    await app(scope, receive, sender)
  File "c:\python38\lib\site-packages\fastapi\routing.py", line 106, in app
    response = await f(request)
  File "c:\python38\lib\site-packages\fastapi\routing.py", line 430, in app
    raw_response = await run_endpoint_function(
  File "c:\python38\lib\site-packages\fastapi\routing.py", line 316, in run_endpoint_function
    return await dependant.call(**values)
  File "C:\Users\rrmsz\Rental-Management-System\backend\routers\reports.py", line 203, in get_revenue_detailed
    return await reports_service.get_revenue_report(start_date, end_date)
  File "C:\Users\rrmsz\Rental-Management-System\backend\services\reports_service.py", line 286, in get_revenue_report
    if end_date:
  File "C:\Users\rrmsz\Rental-Management-System\backend\services\reports_service.py", line 286, in <genexpr>
    if end_date:
KeyError: 'tax_amount'

Error on http://localhost:8001/api/reports/revenue/detailed:
Traceback (most recent call last):
  File "c:\python38\lib\site-packages\anyio\streams\memory.py", line 111, in receive
    return self.receive_nowait()
  File "c:\python38\lib\site-packages\anyio\streams\memory.py", line 106, in receive_nowait
    raise WouldBlock
anyio.WouldBlock

During handling of the above exception, another exception occurred:

Traceback (most recent call last):
  File "c:\python38\lib\site-packages\anyio\streams\memory.py", line 124, in receive
    return receiver.item
AttributeError: 'MemoryObjectItemReceiver' object has no attribute 'item'

During handling of the above exception, another exception occurred:

Traceback (most recent call last):
  File "c:\python38\lib\site-packages\starlette\middleware\base.py", line 157, in call_next
    message = await recv_stream.receive()
  File "c:\python38\lib\site-packages\anyio\streams\memory.py", line 126, in receive
    raise EndOfStream
anyio.EndOfStream

During handling of the above exception, another exception occurred:

Traceback (most recent call last):
  File "C:\Users\rrmsz\Rental-Management-System\backend\server.py", line 75, in catch_exceptions_middleware
    return await call_next(request)
  File "c:\python38\lib\site-packages\starlette\middleware\base.py", line 163, in call_next
    raise app_exc
  File "c:\python38\lib\site-packages\starlette\middleware\base.py", line 149, in coro
    await self.app(scope, receive_or_disconnect, send_no_error)
  File "c:\python38\lib\site-packages\starlette\middleware\cors.py", line 93, in __call__
    await self.simple_response(scope, receive, send, request_headers=headers)
  File "c:\python38\lib\site-packages\starlette\middleware\cors.py", line 144, in simple_response
    await self.app(scope, receive, send)
  File "c:\python38\lib\site-packages\starlette\middleware\exceptions.py", line 62, in __call__
    await wrap_app_handling_exceptions(self.app, conn)(scope, receive, send)
  File "c:\python38\lib\site-packages\starlette\_exception_handler.py", line 53, in wrapped_app
    raise exc
  File "c:\python38\lib\site-packages\starlette\_exception_handler.py", line 42, in wrapped_app
    await app(scope, receive, sender)
  File "c:\python38\lib\site-packages\fastapi\middleware\asyncexitstack.py", line 18, in __call__
    await self.app(scope, receive, send)
  File "c:\python38\lib\site-packages\starlette\routing.py", line 715, in __call__
    await self.middleware_stack(scope, receive, send)
  File "c:\python38\lib\site-packages\starlette\routing.py", line 735, in app
    await route.handle(scope, receive, send)
  File "c:\python38\lib\site-packages\starlette\routing.py", line 288, in handle
    await self.app(scope, receive, send)
  File "c:\python38\lib\site-packages\fastapi\routing.py", line 120, in app
    await wrap_app_handling_exceptions(app, request)(scope, receive, send)
  File "c:\python38\lib\site-packages\starlette\_exception_handler.py", line 53, in wrapped_app
    raise exc
  File "c:\python38\lib\site-packages\starlette\_exception_handler.py", line 42, in wrapped_app
    await app(scope, receive, sender)
  File "c:\python38\lib\site-packages\fastapi\routing.py", line 106, in app
    response = await f(request)
  File "c:\python38\lib\site-packages\fastapi\routing.py", line 430, in app
    raw_response = await run_endpoint_function(
  File "c:\python38\lib\site-packages\fastapi\routing.py", line 316, in run_endpoint_function
    return await dependant.call(**values)
  File "C:\Users\rrmsz\Rental-Management-System\backend\routers\reports.py", line 203, in get_revenue_detailed
    return await reports_service.get_revenue_report(start_date, end_date)
  File "C:\Users\rrmsz\Rental-Management-System\backend\services\reports_service.py", line 286, in get_revenue_report
    if end_date:
  File "C:\Users\rrmsz\Rental-Management-System\backend\services\reports_service.py", line 286, in <genexpr>
    if end_date:
KeyError: 'tax_amount'

Error on http://localhost:8001/api/users/:
Traceback (most recent call last):
  File "c:\python38\lib\site-packages\anyio\streams\memory.py", line 111, in receive
    return self.receive_nowait()
  File "c:\python38\lib\site-packages\anyio\streams\memory.py", line 106, in receive_nowait
    raise WouldBlock
anyio.WouldBlock

During handling of the above exception, another exception occurred:

Traceback (most recent call last):
  File "c:\python38\lib\site-packages\anyio\streams\memory.py", line 124, in receive
    return receiver.item
AttributeError: 'MemoryObjectItemReceiver' object has no attribute 'item'

During handling of the above exception, another exception occurred:

Traceback (most recent call last):
  File "c:\python38\lib\site-packages\starlette\middleware\base.py", line 157, in call_next
    message = await recv_stream.receive()
  File "c:\python38\lib\site-packages\anyio\streams\memory.py", line 126, in receive
    raise EndOfStream
anyio.EndOfStream

During handling of the above exception, another exception occurred:

Traceback (most recent call last):
  File "C:\Users\rrmsz\Rental-Management-System\backend\server.py", line 75, in catch_exceptions_middleware
    return await call_next(request)
  File "c:\python38\lib\site-packages\starlette\middleware\base.py", line 163, in call_next
    raise app_exc
  File "c:\python38\lib\site-packages\starlette\middleware\base.py", line 149, in coro
    await self.app(scope, receive_or_disconnect, send_no_error)
  File "c:\python38\lib\site-packages\starlette\middleware\cors.py", line 93, in __call__
    await self.simple_response(scope, receive, send, request_headers=headers)
  File "c:\python38\lib\site-packages\starlette\middleware\cors.py", line 144, in simple_response
    await self.app(scope, receive, send)
  File "c:\python38\lib\site-packages\starlette\middleware\exceptions.py", line 62, in __call__
    await wrap_app_handling_exceptions(self.app, conn)(scope, receive, send)
  File "c:\python38\lib\site-packages\starlette\_exception_handler.py", line 53, in wrapped_app
    raise exc
  File "c:\python38\lib\site-packages\starlette\_exception_handler.py", line 42, in wrapped_app
    await app(scope, receive, sender)
  File "c:\python38\lib\site-packages\fastapi\middleware\asyncexitstack.py", line 18, in __call__
    await self.app(scope, receive, send)
  File "c:\python38\lib\site-packages\starlette\routing.py", line 715, in __call__
    await self.middleware_stack(scope, receive, send)
  File "c:\python38\lib\site-packages\starlette\routing.py", line 735, in app
    await route.handle(scope, receive, send)
  File "c:\python38\lib\site-packages\starlette\routing.py", line 288, in handle
    await self.app(scope, receive, send)
  File "c:\python38\lib\site-packages\fastapi\routing.py", line 120, in app
    await wrap_app_handling_exceptions(app, request)(scope, receive, send)
  File "c:\python38\lib\site-packages\starlette\_exception_handler.py", line 53, in wrapped_app
    raise exc
  File "c:\python38\lib\site-packages\starlette\_exception_handler.py", line 42, in wrapped_app
    await app(scope, receive, sender)
  File "c:\python38\lib\site-packages\fastapi\routing.py", line 106, in app
    response = await f(request)
  File "c:\python38\lib\site-packages\fastapi\routing.py", line 452, in app
    content = await serialize_response(
  File "c:\python38\lib\site-packages\fastapi\routing.py", line 278, in serialize_response
    raise ResponseValidationError(
fastapi.exceptions.ResponseValidationError: 4 validation errors:
  {'type': 'enum', 'loc': ('response', 2, 'role'), 'msg': "Input should be 'admin', 'employee' or 'accountant'", 'input': 'customer', 'ctx': {'expected': "'admin', 'employee' or 'accountant'"}}
  {'type': 'missing', 'loc': ('response', 3, 'full_name'), 'msg': 'Field required', 'input': {'_id': ObjectId('69a36c6c898cf30f1d116e95'), 'name': 'System Admin', 'phone': '+96892345218', 'username': 'admin', 'role': 'admin', 'password': '$pbkdf2-sha256$29000$mNMaY8z5H8MYQ0gphRAiBA$9uV//VqSj1jEeGDXPS4DcsIeqYP2Tv.crbwTfFEvE5k', 'password_hash': '$pbkdf2-sha256$29000$mNMaY8z5H8MYQ0gphRAiBA$9uV//VqSj1jEeGDXPS4DcsIeqYP2Tv.crbwTfFEvE5k', 'is_active': True, 'email': 'admin@rental-system.com', 'created_at': datetime.datetime(2026, 2, 28, 22, 30, 4, 296000)}}
  {'type': 'missing', 'loc': ('response', 3, 'id'), 'msg': 'Field required', 'input': {'_id': ObjectId('69a36c6c898cf30f1d116e95'), 'name': 'System Admin', 'phone': '+96892345218', 'username': 'admin', 'role': 'admin', 'password': '$pbkdf2-sha256$29000$mNMaY8z5H8MYQ0gphRAiBA$9uV//VqSj1jEeGDXPS4DcsIeqYP2Tv.crbwTfFEvE5k', 'password_hash': '$pbkdf2-sha256$29000$mNMaY8z5H8MYQ0gphRAiBA$9uV//VqSj1jEeGDXPS4DcsIeqYP2Tv.crbwTfFEvE5k', 'is_active': True, 'email': 'admin@rental-system.com', 'created_at': datetime.datetime(2026, 2, 28, 22, 30, 4, 296000)}}
  {'type': 'string_type', 'loc': ('response', 3, 'created_at'), 'msg': 'Input should be a valid string', 'input': datetime.datetime(2026, 2, 28, 22, 30, 4, 296000)}

  File "C:\Users\rrmsz\Rental-Management-System\backend\routers\users.py", line 11, in get_users
    GET /api/users/

Error on http://localhost:8001/api/users/:
Traceback (most recent call last):
  File "c:\python38\lib\site-packages\anyio\streams\memory.py", line 111, in receive
    return self.receive_nowait()
  File "c:\python38\lib\site-packages\anyio\streams\memory.py", line 106, in receive_nowait
    raise WouldBlock
anyio.WouldBlock

During handling of the above exception, another exception occurred:

Traceback (most recent call last):
  File "c:\python38\lib\site-packages\anyio\streams\memory.py", line 124, in receive
    return receiver.item
AttributeError: 'MemoryObjectItemReceiver' object has no attribute 'item'

During handling of the above exception, another exception occurred:

Traceback (most recent call last):
  File "c:\python38\lib\site-packages\starlette\middleware\base.py", line 157, in call_next
    message = await recv_stream.receive()
  File "c:\python38\lib\site-packages\anyio\streams\memory.py", line 126, in receive
    raise EndOfStream
anyio.EndOfStream

During handling of the above exception, another exception occurred:

Traceback (most recent call last):
  File "C:\Users\rrmsz\Rental-Management-System\backend\server.py", line 75, in catch_exceptions_middleware
    return await call_next(request)
  File "c:\python38\lib\site-packages\starlette\middleware\base.py", line 163, in call_next
    raise app_exc
  File "c:\python38\lib\site-packages\starlette\middleware\base.py", line 149, in coro
    await self.app(scope, receive_or_disconnect, send_no_error)
  File "c:\python38\lib\site-packages\starlette\middleware\cors.py", line 93, in __call__
    await self.simple_response(scope, receive, send, request_headers=headers)
  File "c:\python38\lib\site-packages\starlette\middleware\cors.py", line 144, in simple_response
    await self.app(scope, receive, send)
  File "c:\python38\lib\site-packages\starlette\middleware\exceptions.py", line 62, in __call__
    await wrap_app_handling_exceptions(self.app, conn)(scope, receive, send)
  File "c:\python38\lib\site-packages\starlette\_exception_handler.py", line 53, in wrapped_app
    raise exc
  File "c:\python38\lib\site-packages\starlette\_exception_handler.py", line 42, in wrapped_app
    await app(scope, receive, sender)
  File "c:\python38\lib\site-packages\fastapi\middleware\asyncexitstack.py", line 18, in __call__
    await self.app(scope, receive, send)
  File "c:\python38\lib\site-packages\starlette\routing.py", line 715, in __call__
    await self.middleware_stack(scope, receive, send)
  File "c:\python38\lib\site-packages\starlette\routing.py", line 735, in app
    await route.handle(scope, receive, send)
  File "c:\python38\lib\site-packages\starlette\routing.py", line 288, in handle
    await self.app(scope, receive, send)
  File "c:\python38\lib\site-packages\fastapi\routing.py", line 120, in app
    await wrap_app_handling_exceptions(app, request)(scope, receive, send)
  File "c:\python38\lib\site-packages\starlette\_exception_handler.py", line 53, in wrapped_app
    raise exc
  File "c:\python38\lib\site-packages\starlette\_exception_handler.py", line 42, in wrapped_app
    await app(scope, receive, sender)
  File "c:\python38\lib\site-packages\fastapi\routing.py", line 106, in app
    response = await f(request)
  File "c:\python38\lib\site-packages\fastapi\routing.py", line 452, in app
    content = await serialize_response(
  File "c:\python38\lib\site-packages\fastapi\routing.py", line 278, in serialize_response
    raise ResponseValidationError(
fastapi.exceptions.ResponseValidationError: 4 validation errors:
  {'type': 'enum', 'loc': ('response', 2, 'role'), 'msg': "Input should be 'admin', 'employee' or 'accountant'", 'input': 'customer', 'ctx': {'expected': "'admin', 'employee' or 'accountant'"}}
  {'type': 'missing', 'loc': ('response', 3, 'full_name'), 'msg': 'Field required', 'input': {'_id': ObjectId('69a36c6c898cf30f1d116e95'), 'name': 'System Admin', 'phone': '+96892345218', 'username': 'admin', 'role': 'admin', 'password': '$pbkdf2-sha256$29000$mNMaY8z5H8MYQ0gphRAiBA$9uV//VqSj1jEeGDXPS4DcsIeqYP2Tv.crbwTfFEvE5k', 'password_hash': '$pbkdf2-sha256$29000$mNMaY8z5H8MYQ0gphRAiBA$9uV//VqSj1jEeGDXPS4DcsIeqYP2Tv.crbwTfFEvE5k', 'is_active': True, 'email': 'admin@rental-system.com', 'created_at': datetime.datetime(2026, 2, 28, 22, 30, 4, 296000)}}
  {'type': 'missing', 'loc': ('response', 3, 'id'), 'msg': 'Field required', 'input': {'_id': ObjectId('69a36c6c898cf30f1d116e95'), 'name': 'System Admin', 'phone': '+96892345218', 'username': 'admin', 'role': 'admin', 'password': '$pbkdf2-sha256$29000$mNMaY8z5H8MYQ0gphRAiBA$9uV//VqSj1jEeGDXPS4DcsIeqYP2Tv.crbwTfFEvE5k', 'password_hash': '$pbkdf2-sha256$29000$mNMaY8z5H8MYQ0gphRAiBA$9uV//VqSj1jEeGDXPS4DcsIeqYP2Tv.crbwTfFEvE5k', 'is_active': True, 'email': 'admin@rental-system.com', 'created_at': datetime.datetime(2026, 2, 28, 22, 30, 4, 296000)}}
  {'type': 'string_type', 'loc': ('response', 3, 'created_at'), 'msg': 'Input should be a valid string', 'input': datetime.datetime(2026, 2, 28, 22, 30, 4, 296000)}

  File "C:\Users\rrmsz\Rental-Management-System\backend\routers\users.py", line 11, in get_users
    GET /api/users/

Error on http://localhost:8001/api/reports/dashboard/v2:
Traceback (most recent call last):
  File "c:\python38\lib\site-packages\anyio\streams\memory.py", line 111, in receive
    return self.receive_nowait()
  File "c:\python38\lib\site-packages\anyio\streams\memory.py", line 106, in receive_nowait
    raise WouldBlock
anyio.WouldBlock

During handling of the above exception, another exception occurred:

Traceback (most recent call last):
  File "c:\python38\lib\site-packages\anyio\streams\memory.py", line 124, in receive
    return receiver.item
AttributeError: 'MemoryObjectItemReceiver' object has no attribute 'item'

During handling of the above exception, another exception occurred:

Traceback (most recent call last):
  File "c:\python38\lib\site-packages\starlette\middleware\base.py", line 157, in call_next
    message = await recv_stream.receive()
  File "c:\python38\lib\site-packages\anyio\streams\memory.py", line 126, in receive
    raise EndOfStream
anyio.EndOfStream

During handling of the above exception, another exception occurred:

Traceback (most recent call last):
  File "C:\Users\rrmsz\Rental-Management-System\backend\server.py", line 75, in catch_exceptions_middleware
    return await call_next(request)
  File "c:\python38\lib\site-packages\starlette\middleware\base.py", line 163, in call_next
    raise app_exc
  File "c:\python38\lib\site-packages\starlette\middleware\base.py", line 149, in coro
    await self.app(scope, receive_or_disconnect, send_no_error)
  File "c:\python38\lib\site-packages\starlette\middleware\cors.py", line 93, in __call__
    await self.simple_response(scope, receive, send, request_headers=headers)
  File "c:\python38\lib\site-packages\starlette\middleware\cors.py", line 144, in simple_response
    await self.app(scope, receive, send)
  File "c:\python38\lib\site-packages\starlette\middleware\exceptions.py", line 62, in __call__
    await wrap_app_handling_exceptions(self.app, conn)(scope, receive, send)
  File "c:\python38\lib\site-packages\starlette\_exception_handler.py", line 53, in wrapped_app
    raise exc
  File "c:\python38\lib\site-packages\starlette\_exception_handler.py", line 42, in wrapped_app
    await app(scope, receive, sender)
  File "c:\python38\lib\site-packages\fastapi\middleware\asyncexitstack.py", line 18, in __call__
    await self.app(scope, receive, send)
  File "c:\python38\lib\site-packages\starlette\routing.py", line 715, in __call__
    await self.middleware_stack(scope, receive, send)
  File "c:\python38\lib\site-packages\starlette\routing.py", line 735, in app
    await route.handle(scope, receive, send)
  File "c:\python38\lib\site-packages\starlette\routing.py", line 288, in handle
    await self.app(scope, receive, send)
  File "c:\python38\lib\site-packages\fastapi\routing.py", line 120, in app
    await wrap_app_handling_exceptions(app, request)(scope, receive, send)
  File "c:\python38\lib\site-packages\starlette\_exception_handler.py", line 53, in wrapped_app
    raise exc
  File "c:\python38\lib\site-packages\starlette\_exception_handler.py", line 42, in wrapped_app
    await app(scope, receive, sender)
  File "c:\python38\lib\site-packages\fastapi\routing.py", line 106, in app
    response = await f(request)
  File "c:\python38\lib\site-packages\fastapi\routing.py", line 430, in app
    raw_response = await run_endpoint_function(
  File "c:\python38\lib\site-packages\fastapi\routing.py", line 316, in run_endpoint_function
    return await dependant.call(**values)
  File "C:\Users\rrmsz\Rental-Management-System\backend\routers\reports.py", line 153, in get_dashboard_stats_v2
    return await reports_service.get_dashboard_stats()
  File "C:\Users\rrmsz\Rental-Management-System\backend\services\reports_service.py", line 19, in get_dashboard_stats
    async def get_dashboard_stats(self) -> Dict[str, Any]:
  File "C:\Users\rrmsz\Rental-Management-System\backend\services\reports_service.py", line 19, in <genexpr>
    async def get_dashboard_stats(self) -> Dict[str, Any]:
TypeError: can't compare offset-naive and offset-aware datetimes

Error on http://localhost:8001/api/reports/dashboard/v2:
Traceback (most recent call last):
  File "c:\python38\lib\site-packages\anyio\streams\memory.py", line 111, in receive
    return self.receive_nowait()
  File "c:\python38\lib\site-packages\anyio\streams\memory.py", line 106, in receive_nowait
    raise WouldBlock
anyio.WouldBlock

During handling of the above exception, another exception occurred:

Traceback (most recent call last):
  File "c:\python38\lib\site-packages\anyio\streams\memory.py", line 124, in receive
    return receiver.item
AttributeError: 'MemoryObjectItemReceiver' object has no attribute 'item'

During handling of the above exception, another exception occurred:

Traceback (most recent call last):
  File "c:\python38\lib\site-packages\starlette\middleware\base.py", line 157, in call_next
    message = await recv_stream.receive()
  File "c:\python38\lib\site-packages\anyio\streams\memory.py", line 126, in receive
    raise EndOfStream
anyio.EndOfStream

During handling of the above exception, another exception occurred:

Traceback (most recent call last):
  File "C:\Users\rrmsz\Rental-Management-System\backend\server.py", line 75, in catch_exceptions_middleware
    return await call_next(request)
  File "c:\python38\lib\site-packages\starlette\middleware\base.py", line 163, in call_next
    raise app_exc
  File "c:\python38\lib\site-packages\starlette\middleware\base.py", line 149, in coro
    await self.app(scope, receive_or_disconnect, send_no_error)
  File "c:\python38\lib\site-packages\starlette\middleware\cors.py", line 93, in __call__
    await self.simple_response(scope, receive, send, request_headers=headers)
  File "c:\python38\lib\site-packages\starlette\middleware\cors.py", line 144, in simple_response
    await self.app(scope, receive, send)
  File "c:\python38\lib\site-packages\starlette\middleware\exceptions.py", line 62, in __call__
    await wrap_app_handling_exceptions(self.app, conn)(scope, receive, send)
  File "c:\python38\lib\site-packages\starlette\_exception_handler.py", line 53, in wrapped_app
    raise exc
  File "c:\python38\lib\site-packages\starlette\_exception_handler.py", line 42, in wrapped_app
    await app(scope, receive, sender)
  File "c:\python38\lib\site-packages\fastapi\middleware\asyncexitstack.py", line 18, in __call__
    await self.app(scope, receive, send)
  File "c:\python38\lib\site-packages\starlette\routing.py", line 715, in __call__
    await self.middleware_stack(scope, receive, send)
  File "c:\python38\lib\site-packages\starlette\routing.py", line 735, in app
    await route.handle(scope, receive, send)
  File "c:\python38\lib\site-packages\starlette\routing.py", line 288, in handle
    await self.app(scope, receive, send)
  File "c:\python38\lib\site-packages\fastapi\routing.py", line 120, in app
    await wrap_app_handling_exceptions(app, request)(scope, receive, send)
  File "c:\python38\lib\site-packages\starlette\_exception_handler.py", line 53, in wrapped_app
    raise exc
  File "c:\python38\lib\site-packages\starlette\_exception_handler.py", line 42, in wrapped_app
    await app(scope, receive, sender)
  File "c:\python38\lib\site-packages\fastapi\routing.py", line 106, in app
    response = await f(request)
  File "c:\python38\lib\site-packages\fastapi\routing.py", line 430, in app
    raw_response = await run_endpoint_function(
  File "c:\python38\lib\site-packages\fastapi\routing.py", line 316, in run_endpoint_function
    return await dependant.call(**values)
  File "C:\Users\rrmsz\Rental-Management-System\backend\routers\reports.py", line 153, in get_dashboard_stats_v2
    return await reports_service.get_dashboard_stats()
  File "C:\Users\rrmsz\Rental-Management-System\backend\services\reports_service.py", line 19, in get_dashboard_stats
    async def get_dashboard_stats(self) -> Dict[str, Any]:
  File "C:\Users\rrmsz\Rental-Management-System\backend\services\reports_service.py", line 19, in <genexpr>
    async def get_dashboard_stats(self) -> Dict[str, Any]:
TypeError: can't compare offset-naive and offset-aware datetimes

Error on http://localhost:8001/api/reports/dashboard/v2:
Traceback (most recent call last):
  File "c:\python38\lib\site-packages\anyio\streams\memory.py", line 111, in receive
    return self.receive_nowait()
  File "c:\python38\lib\site-packages\anyio\streams\memory.py", line 106, in receive_nowait
    raise WouldBlock
anyio.WouldBlock

During handling of the above exception, another exception occurred:

Traceback (most recent call last):
  File "c:\python38\lib\site-packages\anyio\streams\memory.py", line 124, in receive
    return receiver.item
AttributeError: 'MemoryObjectItemReceiver' object has no attribute 'item'

During handling of the above exception, another exception occurred:

Traceback (most recent call last):
  File "c:\python38\lib\site-packages\starlette\middleware\base.py", line 157, in call_next
    message = await recv_stream.receive()
  File "c:\python38\lib\site-packages\anyio\streams\memory.py", line 126, in receive
    raise EndOfStream
anyio.EndOfStream

During handling of the above exception, another exception occurred:

Traceback (most recent call last):
  File "C:\Users\rrmsz\Rental-Management-System\backend\server.py", line 75, in catch_exceptions_middleware
    return await call_next(request)
  File "c:\python38\lib\site-packages\starlette\middleware\base.py", line 163, in call_next
    raise app_exc
  File "c:\python38\lib\site-packages\starlette\middleware\base.py", line 149, in coro
    await self.app(scope, receive_or_disconnect, send_no_error)
  File "c:\python38\lib\site-packages\starlette\middleware\cors.py", line 93, in __call__
    await self.simple_response(scope, receive, send, request_headers=headers)
  File "c:\python38\lib\site-packages\starlette\middleware\cors.py", line 144, in simple_response
    await self.app(scope, receive, send)
  File "c:\python38\lib\site-packages\starlette\middleware\exceptions.py", line 62, in __call__
    await wrap_app_handling_exceptions(self.app, conn)(scope, receive, send)
  File "c:\python38\lib\site-packages\starlette\_exception_handler.py", line 53, in wrapped_app
    raise exc
  File "c:\python38\lib\site-packages\starlette\_exception_handler.py", line 42, in wrapped_app
    await app(scope, receive, sender)
  File "c:\python38\lib\site-packages\fastapi\middleware\asyncexitstack.py", line 18, in __call__
    await self.app(scope, receive, send)
  File "c:\python38\lib\site-packages\starlette\routing.py", line 715, in __call__
    await self.middleware_stack(scope, receive, send)
  File "c:\python38\lib\site-packages\starlette\routing.py", line 735, in app
    await route.handle(scope, receive, send)
  File "c:\python38\lib\site-packages\starlette\routing.py", line 288, in handle
    await self.app(scope, receive, send)
  File "c:\python38\lib\site-packages\fastapi\routing.py", line 120, in app
    await wrap_app_handling_exceptions(app, request)(scope, receive, send)
  File "c:\python38\lib\site-packages\starlette\_exception_handler.py", line 53, in wrapped_app
    raise exc
  File "c:\python38\lib\site-packages\starlette\_exception_handler.py", line 42, in wrapped_app
    await app(scope, receive, sender)
  File "c:\python38\lib\site-packages\fastapi\routing.py", line 106, in app
    response = await f(request)
  File "c:\python38\lib\site-packages\fastapi\routing.py", line 430, in app
    raw_response = await run_endpoint_function(
  File "c:\python38\lib\site-packages\fastapi\routing.py", line 316, in run_endpoint_function
    return await dependant.call(**values)
  File "C:\Users\rrmsz\Rental-Management-System\backend\routers\reports.py", line 153, in get_dashboard_stats_v2
    return await reports_service.get_dashboard_stats()
  File "C:\Users\rrmsz\Rental-Management-System\backend\services\reports_service.py", line 19, in get_dashboard_stats
    async def get_dashboard_stats(self) -> Dict[str, Any]:
  File "C:\Users\rrmsz\Rental-Management-System\backend\services\reports_service.py", line 19, in <genexpr>
    async def get_dashboard_stats(self) -> Dict[str, Any]:
TypeError: can't compare offset-naive and offset-aware datetimes

Error on http://localhost:8001/api/reports/dashboard/v2:
Traceback (most recent call last):
  File "c:\python38\lib\site-packages\anyio\streams\memory.py", line 111, in receive
    return self.receive_nowait()
  File "c:\python38\lib\site-packages\anyio\streams\memory.py", line 106, in receive_nowait
    raise WouldBlock
anyio.WouldBlock

During handling of the above exception, another exception occurred:

Traceback (most recent call last):
  File "c:\python38\lib\site-packages\anyio\streams\memory.py", line 124, in receive
    return receiver.item
AttributeError: 'MemoryObjectItemReceiver' object has no attribute 'item'

During handling of the above exception, another exception occurred:

Traceback (most recent call last):
  File "c:\python38\lib\site-packages\starlette\middleware\base.py", line 157, in call_next
    message = await recv_stream.receive()
  File "c:\python38\lib\site-packages\anyio\streams\memory.py", line 126, in receive
    raise EndOfStream
anyio.EndOfStream

During handling of the above exception, another exception occurred:

Traceback (most recent call last):
  File "C:\Users\rrmsz\Rental-Management-System\backend\server.py", line 75, in catch_exceptions_middleware
    return await call_next(request)
  File "c:\python38\lib\site-packages\starlette\middleware\base.py", line 163, in call_next
    raise app_exc
  File "c:\python38\lib\site-packages\starlette\middleware\base.py", line 149, in coro
    await self.app(scope, receive_or_disconnect, send_no_error)
  File "c:\python38\lib\site-packages\starlette\middleware\cors.py", line 93, in __call__
    await self.simple_response(scope, receive, send, request_headers=headers)
  File "c:\python38\lib\site-packages\starlette\middleware\cors.py", line 144, in simple_response
    await self.app(scope, receive, send)
  File "c:\python38\lib\site-packages\starlette\middleware\exceptions.py", line 62, in __call__
    await wrap_app_handling_exceptions(self.app, conn)(scope, receive, send)
  File "c:\python38\lib\site-packages\starlette\_exception_handler.py", line 53, in wrapped_app
    raise exc
  File "c:\python38\lib\site-packages\starlette\_exception_handler.py", line 42, in wrapped_app
    await app(scope, receive, sender)
  File "c:\python38\lib\site-packages\fastapi\middleware\asyncexitstack.py", line 18, in __call__
    await self.app(scope, receive, send)
  File "c:\python38\lib\site-packages\starlette\routing.py", line 715, in __call__
    await self.middleware_stack(scope, receive, send)
  File "c:\python38\lib\site-packages\starlette\routing.py", line 735, in app
    await route.handle(scope, receive, send)
  File "c:\python38\lib\site-packages\starlette\routing.py", line 288, in handle
    await self.app(scope, receive, send)
  File "c:\python38\lib\site-packages\fastapi\routing.py", line 120, in app
    await wrap_app_handling_exceptions(app, request)(scope, receive, send)
  File "c:\python38\lib\site-packages\starlette\_exception_handler.py", line 53, in wrapped_app
    raise exc
  File "c:\python38\lib\site-packages\starlette\_exception_handler.py", line 42, in wrapped_app
    await app(scope, receive, sender)
  File "c:\python38\lib\site-packages\fastapi\routing.py", line 106, in app
    response = await f(request)
  File "c:\python38\lib\site-packages\fastapi\routing.py", line 430, in app
    raw_response = await run_endpoint_function(
  File "c:\python38\lib\site-packages\fastapi\routing.py", line 316, in run_endpoint_function
    return await dependant.call(**values)
  File "C:\Users\rrmsz\Rental-Management-System\backend\routers\reports.py", line 153, in get_dashboard_stats_v2
    return await reports_service.get_dashboard_stats()
  File "C:\Users\rrmsz\Rental-Management-System\backend\services\reports_service.py", line 19, in get_dashboard_stats
    async def get_dashboard_stats(self) -> Dict[str, Any]:
  File "C:\Users\rrmsz\Rental-Management-System\backend\services\reports_service.py", line 19, in <genexpr>
    async def get_dashboard_stats(self) -> Dict[str, Any]:
TypeError: can't compare offset-naive and offset-aware datetimes

Error on http://localhost:8001/api/reports/dashboard/v2:
Traceback (most recent call last):
  File "c:\python38\lib\site-packages\anyio\streams\memory.py", line 111, in receive
    return self.receive_nowait()
  File "c:\python38\lib\site-packages\anyio\streams\memory.py", line 106, in receive_nowait
    raise WouldBlock
anyio.WouldBlock

During handling of the above exception, another exception occurred:

Traceback (most recent call last):
  File "c:\python38\lib\site-packages\anyio\streams\memory.py", line 124, in receive
    return receiver.item
AttributeError: 'MemoryObjectItemReceiver' object has no attribute 'item'

During handling of the above exception, another exception occurred:

Traceback (most recent call last):
  File "c:\python38\lib\site-packages\starlette\middleware\base.py", line 157, in call_next
    message = await recv_stream.receive()
  File "c:\python38\lib\site-packages\anyio\streams\memory.py", line 126, in receive
    raise EndOfStream
anyio.EndOfStream

During handling of the above exception, another exception occurred:

Traceback (most recent call last):
  File "C:\Users\rrmsz\Rental-Management-System\backend\server.py", line 75, in catch_exceptions_middleware
    return await call_next(request)
  File "c:\python38\lib\site-packages\starlette\middleware\base.py", line 163, in call_next
    raise app_exc
  File "c:\python38\lib\site-packages\starlette\middleware\base.py", line 149, in coro
    await self.app(scope, receive_or_disconnect, send_no_error)
  File "c:\python38\lib\site-packages\starlette\middleware\cors.py", line 93, in __call__
    await self.simple_response(scope, receive, send, request_headers=headers)
  File "c:\python38\lib\site-packages\starlette\middleware\cors.py", line 144, in simple_response
    await self.app(scope, receive, send)
  File "c:\python38\lib\site-packages\starlette\middleware\exceptions.py", line 62, in __call__
    await wrap_app_handling_exceptions(self.app, conn)(scope, receive, send)
  File "c:\python38\lib\site-packages\starlette\_exception_handler.py", line 53, in wrapped_app
    raise exc
  File "c:\python38\lib\site-packages\starlette\_exception_handler.py", line 42, in wrapped_app
    await app(scope, receive, sender)
  File "c:\python38\lib\site-packages\fastapi\middleware\asyncexitstack.py", line 18, in __call__
    await self.app(scope, receive, send)
  File "c:\python38\lib\site-packages\starlette\routing.py", line 715, in __call__
    await self.middleware_stack(scope, receive, send)
  File "c:\python38\lib\site-packages\starlette\routing.py", line 735, in app
    await route.handle(scope, receive, send)
  File "c:\python38\lib\site-packages\starlette\routing.py", line 288, in handle
    await self.app(scope, receive, send)
  File "c:\python38\lib\site-packages\fastapi\routing.py", line 120, in app
    await wrap_app_handling_exceptions(app, request)(scope, receive, send)
  File "c:\python38\lib\site-packages\starlette\_exception_handler.py", line 53, in wrapped_app
    raise exc
  File "c:\python38\lib\site-packages\starlette\_exception_handler.py", line 42, in wrapped_app
    await app(scope, receive, sender)
  File "c:\python38\lib\site-packages\fastapi\routing.py", line 106, in app
    response = await f(request)
  File "c:\python38\lib\site-packages\fastapi\routing.py", line 430, in app
    raw_response = await run_endpoint_function(
  File "c:\python38\lib\site-packages\fastapi\routing.py", line 316, in run_endpoint_function
    return await dependant.call(**values)
  File "C:\Users\rrmsz\Rental-Management-System\backend\routers\reports.py", line 153, in get_dashboard_stats_v2
    return await reports_service.get_dashboard_stats()
  File "C:\Users\rrmsz\Rental-Management-System\backend\services\reports_service.py", line 19, in get_dashboard_stats
    async def get_dashboard_stats(self) -> Dict[str, Any]:
  File "C:\Users\rrmsz\Rental-Management-System\backend\services\reports_service.py", line 19, in <genexpr>
    async def get_dashboard_stats(self) -> Dict[str, Any]:
TypeError: can't compare offset-naive and offset-aware datetimes

Error on http://localhost:8001/api/reports/dashboard/v2:
Traceback (most recent call last):
  File "c:\python38\lib\site-packages\anyio\streams\memory.py", line 111, in receive
    return self.receive_nowait()
  File "c:\python38\lib\site-packages\anyio\streams\memory.py", line 106, in receive_nowait
    raise WouldBlock
anyio.WouldBlock

During handling of the above exception, another exception occurred:

Traceback (most recent call last):
  File "c:\python38\lib\site-packages\anyio\streams\memory.py", line 124, in receive
    return receiver.item
AttributeError: 'MemoryObjectItemReceiver' object has no attribute 'item'

During handling of the above exception, another exception occurred:

Traceback (most recent call last):
  File "c:\python38\lib\site-packages\starlette\middleware\base.py", line 157, in call_next
    message = await recv_stream.receive()
  File "c:\python38\lib\site-packages\anyio\streams\memory.py", line 126, in receive
    raise EndOfStream
anyio.EndOfStream

During handling of the above exception, another exception occurred:

Traceback (most recent call last):
  File "C:\Users\rrmsz\Rental-Management-System\backend\server.py", line 75, in catch_exceptions_middleware
    return await call_next(request)
  File "c:\python38\lib\site-packages\starlette\middleware\base.py", line 163, in call_next
    raise app_exc
  File "c:\python38\lib\site-packages\starlette\middleware\base.py", line 149, in coro
    await self.app(scope, receive_or_disconnect, send_no_error)
  File "c:\python38\lib\site-packages\starlette\middleware\cors.py", line 93, in __call__
    await self.simple_response(scope, receive, send, request_headers=headers)
  File "c:\python38\lib\site-packages\starlette\middleware\cors.py", line 144, in simple_response
    await self.app(scope, receive, send)
  File "c:\python38\lib\site-packages\starlette\middleware\exceptions.py", line 62, in __call__
    await wrap_app_handling_exceptions(self.app, conn)(scope, receive, send)
  File "c:\python38\lib\site-packages\starlette\_exception_handler.py", line 53, in wrapped_app
    raise exc
  File "c:\python38\lib\site-packages\starlette\_exception_handler.py", line 42, in wrapped_app
    await app(scope, receive, sender)
  File "c:\python38\lib\site-packages\fastapi\middleware\asyncexitstack.py", line 18, in __call__
    await self.app(scope, receive, send)
  File "c:\python38\lib\site-packages\starlette\routing.py", line 715, in __call__
    await self.middleware_stack(scope, receive, send)
  File "c:\python38\lib\site-packages\starlette\routing.py", line 735, in app
    await route.handle(scope, receive, send)
  File "c:\python38\lib\site-packages\starlette\routing.py", line 288, in handle
    await self.app(scope, receive, send)
  File "c:\python38\lib\site-packages\fastapi\routing.py", line 120, in app
    await wrap_app_handling_exceptions(app, request)(scope, receive, send)
  File "c:\python38\lib\site-packages\starlette\_exception_handler.py", line 53, in wrapped_app
    raise exc
  File "c:\python38\lib\site-packages\starlette\_exception_handler.py", line 42, in wrapped_app
    await app(scope, receive, sender)
  File "c:\python38\lib\site-packages\fastapi\routing.py", line 106, in app
    response = await f(request)
  File "c:\python38\lib\site-packages\fastapi\routing.py", line 430, in app
    raw_response = await run_endpoint_function(
  File "c:\python38\lib\site-packages\fastapi\routing.py", line 316, in run_endpoint_function
    return await dependant.call(**values)
  File "C:\Users\rrmsz\Rental-Management-System\backend\routers\reports.py", line 153, in get_dashboard_stats_v2
    return await reports_service.get_dashboard_stats()
  File "C:\Users\rrmsz\Rental-Management-System\backend\services\reports_service.py", line 19, in get_dashboard_stats
    async def get_dashboard_stats(self) -> Dict[str, Any]:
  File "C:\Users\rrmsz\Rental-Management-System\backend\services\reports_service.py", line 19, in <genexpr>
    async def get_dashboard_stats(self) -> Dict[str, Any]:
TypeError: can't compare offset-naive and offset-aware datetimes

Error on http://localhost:8001/api/reports/dashboard/v2:
Traceback (most recent call last):
  File "c:\python38\lib\site-packages\anyio\streams\memory.py", line 111, in receive
    return self.receive_nowait()
  File "c:\python38\lib\site-packages\anyio\streams\memory.py", line 106, in receive_nowait
    raise WouldBlock
anyio.WouldBlock

During handling of the above exception, another exception occurred:

Traceback (most recent call last):
  File "c:\python38\lib\site-packages\anyio\streams\memory.py", line 124, in receive
    return receiver.item
AttributeError: 'MemoryObjectItemReceiver' object has no attribute 'item'

During handling of the above exception, another exception occurred:

Traceback (most recent call last):
  File "c:\python38\lib\site-packages\starlette\middleware\base.py", line 157, in call_next
    message = await recv_stream.receive()
  File "c:\python38\lib\site-packages\anyio\streams\memory.py", line 126, in receive
    raise EndOfStream
anyio.EndOfStream

During handling of the above exception, another exception occurred:

Traceback (most recent call last):
  File "C:\Users\rrmsz\Rental-Management-System\backend\server.py", line 75, in catch_exceptions_middleware
    return await call_next(request)
  File "c:\python38\lib\site-packages\starlette\middleware\base.py", line 163, in call_next
    raise app_exc
  File "c:\python38\lib\site-packages\starlette\middleware\base.py", line 149, in coro
    await self.app(scope, receive_or_disconnect, send_no_error)
  File "c:\python38\lib\site-packages\starlette\middleware\cors.py", line 93, in __call__
    await self.simple_response(scope, receive, send, request_headers=headers)
  File "c:\python38\lib\site-packages\starlette\middleware\cors.py", line 144, in simple_response
    await self.app(scope, receive, send)
  File "c:\python38\lib\site-packages\starlette\middleware\exceptions.py", line 62, in __call__
    await wrap_app_handling_exceptions(self.app, conn)(scope, receive, send)
  File "c:\python38\lib\site-packages\starlette\_exception_handler.py", line 53, in wrapped_app
    raise exc
  File "c:\python38\lib\site-packages\starlette\_exception_handler.py", line 42, in wrapped_app
    await app(scope, receive, sender)
  File "c:\python38\lib\site-packages\fastapi\middleware\asyncexitstack.py", line 18, in __call__
    await self.app(scope, receive, send)
  File "c:\python38\lib\site-packages\starlette\routing.py", line 715, in __call__
    await self.middleware_stack(scope, receive, send)
  File "c:\python38\lib\site-packages\starlette\routing.py", line 735, in app
    await route.handle(scope, receive, send)
  File "c:\python38\lib\site-packages\starlette\routing.py", line 288, in handle
    await self.app(scope, receive, send)
  File "c:\python38\lib\site-packages\fastapi\routing.py", line 120, in app
    await wrap_app_handling_exceptions(app, request)(scope, receive, send)
  File "c:\python38\lib\site-packages\starlette\_exception_handler.py", line 53, in wrapped_app
    raise exc
  File "c:\python38\lib\site-packages\starlette\_exception_handler.py", line 42, in wrapped_app
    await app(scope, receive, sender)
  File "c:\python38\lib\site-packages\fastapi\routing.py", line 106, in app
    response = await f(request)
  File "c:\python38\lib\site-packages\fastapi\routing.py", line 430, in app
    raw_response = await run_endpoint_function(
  File "c:\python38\lib\site-packages\fastapi\routing.py", line 316, in run_endpoint_function
    return await dependant.call(**values)
  File "C:\Users\rrmsz\Rental-Management-System\backend\routers\reports.py", line 153, in get_dashboard_stats_v2
    return await reports_service.get_dashboard_stats()
  File "C:\Users\rrmsz\Rental-Management-System\backend\services\reports_service.py", line 19, in get_dashboard_stats
    async def get_dashboard_stats(self) -> Dict[str, Any]:
  File "C:\Users\rrmsz\Rental-Management-System\backend\services\reports_service.py", line 19, in <genexpr>
    async def get_dashboard_stats(self) -> Dict[str, Any]:
TypeError: can't compare offset-naive and offset-aware datetimes

Error on http://localhost:8001/api/reports/dashboard/v2:
Traceback (most recent call last):
  File "c:\python38\lib\site-packages\anyio\streams\memory.py", line 111, in receive
    return self.receive_nowait()
  File "c:\python38\lib\site-packages\anyio\streams\memory.py", line 106, in receive_nowait
    raise WouldBlock
anyio.WouldBlock

During handling of the above exception, another exception occurred:

Traceback (most recent call last):
  File "c:\python38\lib\site-packages\anyio\streams\memory.py", line 124, in receive
    return receiver.item
AttributeError: 'MemoryObjectItemReceiver' object has no attribute 'item'

During handling of the above exception, another exception occurred:

Traceback (most recent call last):
  File "c:\python38\lib\site-packages\starlette\middleware\base.py", line 157, in call_next
    message = await recv_stream.receive()
  File "c:\python38\lib\site-packages\anyio\streams\memory.py", line 126, in receive
    raise EndOfStream
anyio.EndOfStream

During handling of the above exception, another exception occurred:

Traceback (most recent call last):
  File "C:\Users\rrmsz\Rental-Management-System\backend\server.py", line 75, in catch_exceptions_middleware
    return await call_next(request)
  File "c:\python38\lib\site-packages\starlette\middleware\base.py", line 163, in call_next
    raise app_exc
  File "c:\python38\lib\site-packages\starlette\middleware\base.py", line 149, in coro
    await self.app(scope, receive_or_disconnect, send_no_error)
  File "c:\python38\lib\site-packages\starlette\middleware\cors.py", line 93, in __call__
    await self.simple_response(scope, receive, send, request_headers=headers)
  File "c:\python38\lib\site-packages\starlette\middleware\cors.py", line 144, in simple_response
    await self.app(scope, receive, send)
  File "c:\python38\lib\site-packages\starlette\middleware\exceptions.py", line 62, in __call__
    await wrap_app_handling_exceptions(self.app, conn)(scope, receive, send)
  File "c:\python38\lib\site-packages\starlette\_exception_handler.py", line 53, in wrapped_app
    raise exc
  File "c:\python38\lib\site-packages\starlette\_exception_handler.py", line 42, in wrapped_app
    await app(scope, receive, sender)
  File "c:\python38\lib\site-packages\fastapi\middleware\asyncexitstack.py", line 18, in __call__
    await self.app(scope, receive, send)
  File "c:\python38\lib\site-packages\starlette\routing.py", line 715, in __call__
    await self.middleware_stack(scope, receive, send)
  File "c:\python38\lib\site-packages\starlette\routing.py", line 735, in app
    await route.handle(scope, receive, send)
  File "c:\python38\lib\site-packages\starlette\routing.py", line 288, in handle
    await self.app(scope, receive, send)
  File "c:\python38\lib\site-packages\fastapi\routing.py", line 120, in app
    await wrap_app_handling_exceptions(app, request)(scope, receive, send)
  File "c:\python38\lib\site-packages\starlette\_exception_handler.py", line 53, in wrapped_app
    raise exc
  File "c:\python38\lib\site-packages\starlette\_exception_handler.py", line 42, in wrapped_app
    await app(scope, receive, sender)
  File "c:\python38\lib\site-packages\fastapi\routing.py", line 106, in app
    response = await f(request)
  File "c:\python38\lib\site-packages\fastapi\routing.py", line 430, in app
    raw_response = await run_endpoint_function(
  File "c:\python38\lib\site-packages\fastapi\routing.py", line 316, in run_endpoint_function
    return await dependant.call(**values)
  File "C:\Users\rrmsz\Rental-Management-System\backend\routers\reports.py", line 153, in get_dashboard_stats_v2
    return await reports_service.get_dashboard_stats()
  File "C:\Users\rrmsz\Rental-Management-System\backend\services\reports_service.py", line 19, in get_dashboard_stats
    async def get_dashboard_stats(self) -> Dict[str, Any]:
  File "C:\Users\rrmsz\Rental-Management-System\backend\services\reports_service.py", line 19, in <genexpr>
    async def get_dashboard_stats(self) -> Dict[str, Any]:
TypeError: can't compare offset-naive and offset-aware datetimes

Error on http://localhost:8001/api/reports/revenue/detailed:
Traceback (most recent call last):
  File "c:\python38\lib\site-packages\anyio\streams\memory.py", line 111, in receive
    return self.receive_nowait()
  File "c:\python38\lib\site-packages\anyio\streams\memory.py", line 106, in receive_nowait
    raise WouldBlock
anyio.WouldBlock

During handling of the above exception, another exception occurred:

Traceback (most recent call last):
  File "c:\python38\lib\site-packages\anyio\streams\memory.py", line 124, in receive
    return receiver.item
AttributeError: 'MemoryObjectItemReceiver' object has no attribute 'item'

During handling of the above exception, another exception occurred:

Traceback (most recent call last):
  File "c:\python38\lib\site-packages\starlette\middleware\base.py", line 157, in call_next
    message = await recv_stream.receive()
  File "c:\python38\lib\site-packages\anyio\streams\memory.py", line 126, in receive
    raise EndOfStream
anyio.EndOfStream

During handling of the above exception, another exception occurred:

Traceback (most recent call last):
  File "C:\Users\rrmsz\Rental-Management-System\backend\server.py", line 75, in catch_exceptions_middleware
    return await call_next(request)
  File "c:\python38\lib\site-packages\starlette\middleware\base.py", line 163, in call_next
    raise app_exc
  File "c:\python38\lib\site-packages\starlette\middleware\base.py", line 149, in coro
    await self.app(scope, receive_or_disconnect, send_no_error)
  File "c:\python38\lib\site-packages\starlette\middleware\cors.py", line 93, in __call__
    await self.simple_response(scope, receive, send, request_headers=headers)
  File "c:\python38\lib\site-packages\starlette\middleware\cors.py", line 144, in simple_response
    await self.app(scope, receive, send)
  File "c:\python38\lib\site-packages\starlette\middleware\exceptions.py", line 62, in __call__
    await wrap_app_handling_exceptions(self.app, conn)(scope, receive, send)
  File "c:\python38\lib\site-packages\starlette\_exception_handler.py", line 53, in wrapped_app
    raise exc
  File "c:\python38\lib\site-packages\starlette\_exception_handler.py", line 42, in wrapped_app
    await app(scope, receive, sender)
  File "c:\python38\lib\site-packages\fastapi\middleware\asyncexitstack.py", line 18, in __call__
    await self.app(scope, receive, send)
  File "c:\python38\lib\site-packages\starlette\routing.py", line 715, in __call__
    await self.middleware_stack(scope, receive, send)
  File "c:\python38\lib\site-packages\starlette\routing.py", line 735, in app
    await route.handle(scope, receive, send)
  File "c:\python38\lib\site-packages\starlette\routing.py", line 288, in handle
    await self.app(scope, receive, send)
  File "c:\python38\lib\site-packages\fastapi\routing.py", line 120, in app
    await wrap_app_handling_exceptions(app, request)(scope, receive, send)
  File "c:\python38\lib\site-packages\starlette\_exception_handler.py", line 53, in wrapped_app
    raise exc
  File "c:\python38\lib\site-packages\starlette\_exception_handler.py", line 42, in wrapped_app
    await app(scope, receive, sender)
  File "c:\python38\lib\site-packages\fastapi\routing.py", line 106, in app
    response = await f(request)
  File "c:\python38\lib\site-packages\fastapi\routing.py", line 430, in app
    raw_response = await run_endpoint_function(
  File "c:\python38\lib\site-packages\fastapi\routing.py", line 316, in run_endpoint_function
    return await dependant.call(**values)
  File "C:\Users\rrmsz\Rental-Management-System\backend\routers\reports.py", line 203, in get_revenue_detailed
    return await reports_service.get_revenue_report(start_date, end_date)
  File "C:\Users\rrmsz\Rental-Management-System\backend\services\reports_service.py", line 296, in get_revenue_report
    total_tax = sum(inv["tax_amount"] for inv in invoices)
  File "C:\Users\rrmsz\Rental-Management-System\backend\services\reports_service.py", line 296, in <genexpr>
    total_tax = sum(inv["tax_amount"] for inv in invoices)
KeyError: 'tax_amount'

Error on http://localhost:8001/api/reports/revenue/detailed:
Traceback (most recent call last):
  File "c:\python38\lib\site-packages\anyio\streams\memory.py", line 111, in receive
    return self.receive_nowait()
  File "c:\python38\lib\site-packages\anyio\streams\memory.py", line 106, in receive_nowait
    raise WouldBlock
anyio.WouldBlock

During handling of the above exception, another exception occurred:

Traceback (most recent call last):
  File "c:\python38\lib\site-packages\anyio\streams\memory.py", line 124, in receive
    return receiver.item
AttributeError: 'MemoryObjectItemReceiver' object has no attribute 'item'

During handling of the above exception, another exception occurred:

Traceback (most recent call last):
  File "c:\python38\lib\site-packages\starlette\middleware\base.py", line 157, in call_next
    message = await recv_stream.receive()
  File "c:\python38\lib\site-packages\anyio\streams\memory.py", line 126, in receive
    raise EndOfStream
anyio.EndOfStream

During handling of the above exception, another exception occurred:

Traceback (most recent call last):
  File "C:\Users\rrmsz\Rental-Management-System\backend\server.py", line 75, in catch_exceptions_middleware
    return await call_next(request)
  File "c:\python38\lib\site-packages\starlette\middleware\base.py", line 163, in call_next
    raise app_exc
  File "c:\python38\lib\site-packages\starlette\middleware\base.py", line 149, in coro
    await self.app(scope, receive_or_disconnect, send_no_error)
  File "c:\python38\lib\site-packages\starlette\middleware\cors.py", line 93, in __call__
    await self.simple_response(scope, receive, send, request_headers=headers)
  File "c:\python38\lib\site-packages\starlette\middleware\cors.py", line 144, in simple_response
    await self.app(scope, receive, send)
  File "c:\python38\lib\site-packages\starlette\middleware\exceptions.py", line 62, in __call__
    await wrap_app_handling_exceptions(self.app, conn)(scope, receive, send)
  File "c:\python38\lib\site-packages\starlette\_exception_handler.py", line 53, in wrapped_app
    raise exc
  File "c:\python38\lib\site-packages\starlette\_exception_handler.py", line 42, in wrapped_app
    await app(scope, receive, sender)
  File "c:\python38\lib\site-packages\fastapi\middleware\asyncexitstack.py", line 18, in __call__
    await self.app(scope, receive, send)
  File "c:\python38\lib\site-packages\starlette\routing.py", line 715, in __call__
    await self.middleware_stack(scope, receive, send)
  File "c:\python38\lib\site-packages\starlette\routing.py", line 735, in app
    await route.handle(scope, receive, send)
  File "c:\python38\lib\site-packages\starlette\routing.py", line 288, in handle
    await self.app(scope, receive, send)
  File "c:\python38\lib\site-packages\fastapi\routing.py", line 120, in app
    await wrap_app_handling_exceptions(app, request)(scope, receive, send)
  File "c:\python38\lib\site-packages\starlette\_exception_handler.py", line 53, in wrapped_app
    raise exc
  File "c:\python38\lib\site-packages\starlette\_exception_handler.py", line 42, in wrapped_app
    await app(scope, receive, sender)
  File "c:\python38\lib\site-packages\fastapi\routing.py", line 106, in app
    response = await f(request)
  File "c:\python38\lib\site-packages\fastapi\routing.py", line 430, in app
    raw_response = await run_endpoint_function(
  File "c:\python38\lib\site-packages\fastapi\routing.py", line 316, in run_endpoint_function
    return await dependant.call(**values)
  File "C:\Users\rrmsz\Rental-Management-System\backend\routers\reports.py", line 203, in get_revenue_detailed
    return await reports_service.get_revenue_report(start_date, end_date)
  File "C:\Users\rrmsz\Rental-Management-System\backend\services\reports_service.py", line 296, in get_revenue_report
    total_tax = sum(inv["tax_amount"] for inv in invoices)
  File "C:\Users\rrmsz\Rental-Management-System\backend\services\reports_service.py", line 296, in <genexpr>
    total_tax = sum(inv["tax_amount"] for inv in invoices)
KeyError: 'tax_amount'

Error on http://localhost:8001/api/reports/revenue/detailed:
Traceback (most recent call last):
  File "c:\python38\lib\site-packages\anyio\streams\memory.py", line 111, in receive
    return self.receive_nowait()
  File "c:\python38\lib\site-packages\anyio\streams\memory.py", line 106, in receive_nowait
    raise WouldBlock
anyio.WouldBlock

During handling of the above exception, another exception occurred:

Traceback (most recent call last):
  File "c:\python38\lib\site-packages\anyio\streams\memory.py", line 124, in receive
    return receiver.item
AttributeError: 'MemoryObjectItemReceiver' object has no attribute 'item'

During handling of the above exception, another exception occurred:

Traceback (most recent call last):
  File "c:\python38\lib\site-packages\starlette\middleware\base.py", line 157, in call_next
    message = await recv_stream.receive()
  File "c:\python38\lib\site-packages\anyio\streams\memory.py", line 126, in receive
    raise EndOfStream
anyio.EndOfStream

During handling of the above exception, another exception occurred:

Traceback (most recent call last):
  File "C:\Users\rrmsz\Rental-Management-System\backend\server.py", line 75, in catch_exceptions_middleware
    return await call_next(request)
  File "c:\python38\lib\site-packages\starlette\middleware\base.py", line 163, in call_next
    raise app_exc
  File "c:\python38\lib\site-packages\starlette\middleware\base.py", line 149, in coro
    await self.app(scope, receive_or_disconnect, send_no_error)
  File "c:\python38\lib\site-packages\starlette\middleware\cors.py", line 93, in __call__
    await self.simple_response(scope, receive, send, request_headers=headers)
  File "c:\python38\lib\site-packages\starlette\middleware\cors.py", line 144, in simple_response
    await self.app(scope, receive, send)
  File "c:\python38\lib\site-packages\starlette\middleware\exceptions.py", line 62, in __call__
    await wrap_app_handling_exceptions(self.app, conn)(scope, receive, send)
  File "c:\python38\lib\site-packages\starlette\_exception_handler.py", line 53, in wrapped_app
    raise exc
  File "c:\python38\lib\site-packages\starlette\_exception_handler.py", line 42, in wrapped_app
    await app(scope, receive, sender)
  File "c:\python38\lib\site-packages\fastapi\middleware\asyncexitstack.py", line 18, in __call__
    await self.app(scope, receive, send)
  File "c:\python38\lib\site-packages\starlette\routing.py", line 715, in __call__
    await self.middleware_stack(scope, receive, send)
  File "c:\python38\lib\site-packages\starlette\routing.py", line 735, in app
    await route.handle(scope, receive, send)
  File "c:\python38\lib\site-packages\starlette\routing.py", line 288, in handle
    await self.app(scope, receive, send)
  File "c:\python38\lib\site-packages\fastapi\routing.py", line 120, in app
    await wrap_app_handling_exceptions(app, request)(scope, receive, send)
  File "c:\python38\lib\site-packages\starlette\_exception_handler.py", line 53, in wrapped_app
    raise exc
  File "c:\python38\lib\site-packages\starlette\_exception_handler.py", line 42, in wrapped_app
    await app(scope, receive, sender)
  File "c:\python38\lib\site-packages\fastapi\routing.py", line 106, in app
    response = await f(request)
  File "c:\python38\lib\site-packages\fastapi\routing.py", line 430, in app
    raw_response = await run_endpoint_function(
  File "c:\python38\lib\site-packages\fastapi\routing.py", line 316, in run_endpoint_function
    return await dependant.call(**values)
  File "C:\Users\rrmsz\Rental-Management-System\backend\routers\reports.py", line 203, in get_revenue_detailed
    return await reports_service.get_revenue_report(start_date, end_date)
  File "C:\Users\rrmsz\Rental-Management-System\backend\services\reports_service.py", line 296, in get_revenue_report
    total_tax = sum(inv["tax_amount"] for inv in invoices)
  File "C:\Users\rrmsz\Rental-Management-System\backend\services\reports_service.py", line 296, in <genexpr>
    total_tax = sum(inv["tax_amount"] for inv in invoices)
KeyError: 'tax_amount'

Error on http://127.0.0.1:8001/api/reports/revenue/detailed:
Traceback (most recent call last):
  File "c:\python38\lib\site-packages\anyio\streams\memory.py", line 111, in receive
    return self.receive_nowait()
  File "c:\python38\lib\site-packages\anyio\streams\memory.py", line 106, in receive_nowait
    raise WouldBlock
anyio.WouldBlock

During handling of the above exception, another exception occurred:

Traceback (most recent call last):
  File "c:\python38\lib\site-packages\anyio\streams\memory.py", line 124, in receive
    return receiver.item
AttributeError: 'MemoryObjectItemReceiver' object has no attribute 'item'

During handling of the above exception, another exception occurred:

Traceback (most recent call last):
  File "c:\python38\lib\site-packages\starlette\middleware\base.py", line 157, in call_next
    message = await recv_stream.receive()
  File "c:\python38\lib\site-packages\anyio\streams\memory.py", line 126, in receive
    raise EndOfStream
anyio.EndOfStream

During handling of the above exception, another exception occurred:

Traceback (most recent call last):
  File "C:\Users\rrmsz\Rental-Management-System\backend\server.py", line 75, in catch_exceptions_middleware
    return await call_next(request)
  File "c:\python38\lib\site-packages\starlette\middleware\base.py", line 163, in call_next
    raise app_exc
  File "c:\python38\lib\site-packages\starlette\middleware\base.py", line 149, in coro
    await self.app(scope, receive_or_disconnect, send_no_error)
  File "c:\python38\lib\site-packages\starlette\middleware\cors.py", line 85, in __call__
    await self.app(scope, receive, send)
  File "c:\python38\lib\site-packages\starlette\middleware\exceptions.py", line 62, in __call__
    await wrap_app_handling_exceptions(self.app, conn)(scope, receive, send)
  File "c:\python38\lib\site-packages\starlette\_exception_handler.py", line 53, in wrapped_app
    raise exc
  File "c:\python38\lib\site-packages\starlette\_exception_handler.py", line 42, in wrapped_app
    await app(scope, receive, sender)
  File "c:\python38\lib\site-packages\fastapi\middleware\asyncexitstack.py", line 18, in __call__
    await self.app(scope, receive, send)
  File "c:\python38\lib\site-packages\starlette\routing.py", line 715, in __call__
    await self.middleware_stack(scope, receive, send)
  File "c:\python38\lib\site-packages\starlette\routing.py", line 735, in app
    await route.handle(scope, receive, send)
  File "c:\python38\lib\site-packages\starlette\routing.py", line 288, in handle
    await self.app(scope, receive, send)
  File "c:\python38\lib\site-packages\fastapi\routing.py", line 120, in app
    await wrap_app_handling_exceptions(app, request)(scope, receive, send)
  File "c:\python38\lib\site-packages\starlette\_exception_handler.py", line 53, in wrapped_app
    raise exc
  File "c:\python38\lib\site-packages\starlette\_exception_handler.py", line 42, in wrapped_app
    await app(scope, receive, sender)
  File "c:\python38\lib\site-packages\fastapi\routing.py", line 106, in app
    response = await f(request)
  File "c:\python38\lib\site-packages\fastapi\routing.py", line 430, in app
    raw_response = await run_endpoint_function(
  File "c:\python38\lib\site-packages\fastapi\routing.py", line 316, in run_endpoint_function
    return await dependant.call(**values)
  File "C:\Users\rrmsz\Rental-Management-System\backend\routers\reports.py", line 203, in get_revenue_detailed
    return await reports_service.get_revenue_report(start_date, end_date)
  File "C:\Users\rrmsz\Rental-Management-System\backend\services\reports_service.py", line 296, in get_revenue_report
    total_tax = sum(inv["tax_amount"] for inv in invoices)
  File "C:\Users\rrmsz\Rental-Management-System\backend\services\reports_service.py", line 296, in <genexpr>
    total_tax = sum(inv["tax_amount"] for inv in invoices)
KeyError: 'tax_amount'

Error on http://localhost:8001/api/reports/revenue/detailed:
Traceback (most recent call last):
  File "c:\python38\lib\site-packages\anyio\streams\memory.py", line 111, in receive
    return self.receive_nowait()
  File "c:\python38\lib\site-packages\anyio\streams\memory.py", line 106, in receive_nowait
    raise WouldBlock
anyio.WouldBlock

During handling of the above exception, another exception occurred:

Traceback (most recent call last):
  File "c:\python38\lib\site-packages\anyio\streams\memory.py", line 124, in receive
    return receiver.item
AttributeError: 'MemoryObjectItemReceiver' object has no attribute 'item'

During handling of the above exception, another exception occurred:

Traceback (most recent call last):
  File "c:\python38\lib\site-packages\starlette\middleware\base.py", line 157, in call_next
    message = await recv_stream.receive()
  File "c:\python38\lib\site-packages\anyio\streams\memory.py", line 126, in receive
    raise EndOfStream
anyio.EndOfStream

During handling of the above exception, another exception occurred:

Traceback (most recent call last):
  File "C:\Users\rrmsz\Rental-Management-System\backend\server.py", line 75, in catch_exceptions_middleware
    return await call_next(request)
  File "c:\python38\lib\site-packages\starlette\middleware\base.py", line 163, in call_next
    raise app_exc
  File "c:\python38\lib\site-packages\starlette\middleware\base.py", line 149, in coro
    await self.app(scope, receive_or_disconnect, send_no_error)
  File "c:\python38\lib\site-packages\starlette\middleware\cors.py", line 93, in __call__
    await self.simple_response(scope, receive, send, request_headers=headers)
  File "c:\python38\lib\site-packages\starlette\middleware\cors.py", line 144, in simple_response
    await self.app(scope, receive, send)
  File "c:\python38\lib\site-packages\starlette\middleware\exceptions.py", line 62, in __call__
    await wrap_app_handling_exceptions(self.app, conn)(scope, receive, send)
  File "c:\python38\lib\site-packages\starlette\_exception_handler.py", line 53, in wrapped_app
    raise exc
  File "c:\python38\lib\site-packages\starlette\_exception_handler.py", line 42, in wrapped_app
    await app(scope, receive, sender)
  File "c:\python38\lib\site-packages\fastapi\middleware\asyncexitstack.py", line 18, in __call__
    await self.app(scope, receive, send)
  File "c:\python38\lib\site-packages\starlette\routing.py", line 715, in __call__
    await self.middleware_stack(scope, receive, send)
  File "c:\python38\lib\site-packages\starlette\routing.py", line 735, in app
    await route.handle(scope, receive, send)
  File "c:\python38\lib\site-packages\starlette\routing.py", line 288, in handle
    await self.app(scope, receive, send)
  File "c:\python38\lib\site-packages\fastapi\routing.py", line 120, in app
    await wrap_app_handling_exceptions(app, request)(scope, receive, send)
  File "c:\python38\lib\site-packages\starlette\_exception_handler.py", line 53, in wrapped_app
    raise exc
  File "c:\python38\lib\site-packages\starlette\_exception_handler.py", line 42, in wrapped_app
    await app(scope, receive, sender)
  File "c:\python38\lib\site-packages\fastapi\routing.py", line 106, in app
    response = await f(request)
  File "c:\python38\lib\site-packages\fastapi\routing.py", line 430, in app
    raw_response = await run_endpoint_function(
  File "c:\python38\lib\site-packages\fastapi\routing.py", line 316, in run_endpoint_function
    return await dependant.call(**values)
  File "C:\Users\rrmsz\Rental-Management-System\backend\routers\reports.py", line 203, in get_revenue_detailed
    return await reports_service.get_revenue_report(start_date, end_date)
  File "C:\Users\rrmsz\Rental-Management-System\backend\services\reports_service.py", line 296, in get_revenue_report
    total_tax = sum(inv.get("tax_amount", 0) for inv in invoices)
  File "C:\Users\rrmsz\Rental-Management-System\backend\services\reports_service.py", line 296, in <genexpr>
    total_tax = sum(inv.get("tax_amount", 0) for inv in invoices)
KeyError: 'tax_amount'

Error on http://localhost:8001/api/reports/revenue/detailed:
Traceback (most recent call last):
  File "c:\python38\lib\site-packages\anyio\streams\memory.py", line 111, in receive
    return self.receive_nowait()
  File "c:\python38\lib\site-packages\anyio\streams\memory.py", line 106, in receive_nowait
    raise WouldBlock
anyio.WouldBlock

During handling of the above exception, another exception occurred:

Traceback (most recent call last):
  File "c:\python38\lib\site-packages\anyio\streams\memory.py", line 124, in receive
    return receiver.item
AttributeError: 'MemoryObjectItemReceiver' object has no attribute 'item'

During handling of the above exception, another exception occurred:

Traceback (most recent call last):
  File "c:\python38\lib\site-packages\starlette\middleware\base.py", line 157, in call_next
    message = await recv_stream.receive()
  File "c:\python38\lib\site-packages\anyio\streams\memory.py", line 126, in receive
    raise EndOfStream
anyio.EndOfStream

During handling of the above exception, another exception occurred:

Traceback (most recent call last):
  File "C:\Users\rrmsz\Rental-Management-System\backend\server.py", line 75, in catch_exceptions_middleware
    return await call_next(request)
  File "c:\python38\lib\site-packages\starlette\middleware\base.py", line 163, in call_next
    raise app_exc
  File "c:\python38\lib\site-packages\starlette\middleware\base.py", line 149, in coro
    await self.app(scope, receive_or_disconnect, send_no_error)
  File "c:\python38\lib\site-packages\starlette\middleware\cors.py", line 93, in __call__
    await self.simple_response(scope, receive, send, request_headers=headers)
  File "c:\python38\lib\site-packages\starlette\middleware\cors.py", line 144, in simple_response
    await self.app(scope, receive, send)
  File "c:\python38\lib\site-packages\starlette\middleware\exceptions.py", line 62, in __call__
    await wrap_app_handling_exceptions(self.app, conn)(scope, receive, send)
  File "c:\python38\lib\site-packages\starlette\_exception_handler.py", line 53, in wrapped_app
    raise exc
  File "c:\python38\lib\site-packages\starlette\_exception_handler.py", line 42, in wrapped_app
    await app(scope, receive, sender)
  File "c:\python38\lib\site-packages\fastapi\middleware\asyncexitstack.py", line 18, in __call__
    await self.app(scope, receive, send)
  File "c:\python38\lib\site-packages\starlette\routing.py", line 715, in __call__
    await self.middleware_stack(scope, receive, send)
  File "c:\python38\lib\site-packages\starlette\routing.py", line 735, in app
    await route.handle(scope, receive, send)
  File "c:\python38\lib\site-packages\starlette\routing.py", line 288, in handle
    await self.app(scope, receive, send)
  File "c:\python38\lib\site-packages\fastapi\routing.py", line 120, in app
    await wrap_app_handling_exceptions(app, request)(scope, receive, send)
  File "c:\python38\lib\site-packages\starlette\_exception_handler.py", line 53, in wrapped_app
    raise exc
  File "c:\python38\lib\site-packages\starlette\_exception_handler.py", line 42, in wrapped_app
    await app(scope, receive, sender)
  File "c:\python38\lib\site-packages\fastapi\routing.py", line 106, in app
    response = await f(request)
  File "c:\python38\lib\site-packages\fastapi\routing.py", line 430, in app
    raw_response = await run_endpoint_function(
  File "c:\python38\lib\site-packages\fastapi\routing.py", line 316, in run_endpoint_function
    return await dependant.call(**values)
  File "C:\Users\rrmsz\Rental-Management-System\backend\routers\reports.py", line 203, in get_revenue_detailed
    return await reports_service.get_revenue_report(start_date, end_date)
  File "C:\Users\rrmsz\Rental-Management-System\backend\services\reports_service.py", line 296, in get_revenue_report
    total_tax = sum(inv.get("tax_amount", 0) for inv in invoices)
  File "C:\Users\rrmsz\Rental-Management-System\backend\services\reports_service.py", line 296, in <genexpr>
    total_tax = sum(inv.get("tax_amount", 0) for inv in invoices)
KeyError: 'tax_amount'

Error on http://127.0.0.1:8001/api/reports/revenue/detailed:
Traceback (most recent call last):
  File "c:\python38\lib\site-packages\anyio\streams\memory.py", line 111, in receive
    return self.receive_nowait()
  File "c:\python38\lib\site-packages\anyio\streams\memory.py", line 106, in receive_nowait
    raise WouldBlock
anyio.WouldBlock

During handling of the above exception, another exception occurred:

Traceback (most recent call last):
  File "c:\python38\lib\site-packages\anyio\streams\memory.py", line 124, in receive
    return receiver.item
AttributeError: 'MemoryObjectItemReceiver' object has no attribute 'item'

During handling of the above exception, another exception occurred:

Traceback (most recent call last):
  File "c:\python38\lib\site-packages\starlette\middleware\base.py", line 157, in call_next
    message = await recv_stream.receive()
  File "c:\python38\lib\site-packages\anyio\streams\memory.py", line 126, in receive
    raise EndOfStream
anyio.EndOfStream

During handling of the above exception, another exception occurred:

Traceback (most recent call last):
  File "C:\Users\rrmsz\Rental-Management-System\backend\server.py", line 75, in catch_exceptions_middleware
    return await call_next(request)
  File "c:\python38\lib\site-packages\starlette\middleware\base.py", line 163, in call_next
    raise app_exc
  File "c:\python38\lib\site-packages\starlette\middleware\base.py", line 149, in coro
    await self.app(scope, receive_or_disconnect, send_no_error)
  File "c:\python38\lib\site-packages\starlette\middleware\cors.py", line 85, in __call__
    await self.app(scope, receive, send)
  File "c:\python38\lib\site-packages\starlette\middleware\exceptions.py", line 62, in __call__
    await wrap_app_handling_exceptions(self.app, conn)(scope, receive, send)
  File "c:\python38\lib\site-packages\starlette\_exception_handler.py", line 53, in wrapped_app
    raise exc
  File "c:\python38\lib\site-packages\starlette\_exception_handler.py", line 42, in wrapped_app
    await app(scope, receive, sender)
  File "c:\python38\lib\site-packages\fastapi\middleware\asyncexitstack.py", line 18, in __call__
    await self.app(scope, receive, send)
  File "c:\python38\lib\site-packages\starlette\routing.py", line 715, in __call__
    await self.middleware_stack(scope, receive, send)
  File "c:\python38\lib\site-packages\starlette\routing.py", line 735, in app
    await route.handle(scope, receive, send)
  File "c:\python38\lib\site-packages\starlette\routing.py", line 288, in handle
    await self.app(scope, receive, send)
  File "c:\python38\lib\site-packages\fastapi\routing.py", line 120, in app
    await wrap_app_handling_exceptions(app, request)(scope, receive, send)
  File "c:\python38\lib\site-packages\starlette\_exception_handler.py", line 53, in wrapped_app
    raise exc
  File "c:\python38\lib\site-packages\starlette\_exception_handler.py", line 42, in wrapped_app
    await app(scope, receive, sender)
  File "c:\python38\lib\site-packages\fastapi\routing.py", line 106, in app
    response = await f(request)
  File "c:\python38\lib\site-packages\fastapi\routing.py", line 430, in app
    raw_response = await run_endpoint_function(
  File "c:\python38\lib\site-packages\fastapi\routing.py", line 316, in run_endpoint_function
    return await dependant.call(**values)
  File "C:\Users\rrmsz\Rental-Management-System\backend\routers\reports.py", line 203, in get_revenue_detailed
    return await reports_service.get_revenue_report(start_date, end_date)
  File "C:\Users\rrmsz\Rental-Management-System\backend\services\reports_service.py", line 296, in get_revenue_report
    total_tax = sum(inv.get("tax_amount", 0) for inv in invoices)
  File "C:\Users\rrmsz\Rental-Management-System\backend\services\reports_service.py", line 296, in <genexpr>
    total_tax = sum(inv.get("tax_amount", 0) for inv in invoices)
KeyError: 'tax_amount'

Error on http://testserver/api/reports/revenue/detailed:
Traceback (most recent call last):
  File "C:\Python38\lib\site-packages\anyio\streams\memory.py", line 111, in receive
    return self.receive_nowait()
  File "C:\Python38\lib\site-packages\anyio\streams\memory.py", line 106, in receive_nowait
    raise WouldBlock
anyio.WouldBlock

During handling of the above exception, another exception occurred:

Traceback (most recent call last):
  File "C:\Python38\lib\site-packages\anyio\streams\memory.py", line 124, in receive
    return receiver.item
AttributeError: 'MemoryObjectItemReceiver' object has no attribute 'item'

During handling of the above exception, another exception occurred:

Traceback (most recent call last):
  File "C:\Python38\lib\site-packages\starlette\middleware\base.py", line 157, in call_next
    message = await recv_stream.receive()
  File "C:\Python38\lib\site-packages\anyio\streams\memory.py", line 126, in receive
    raise EndOfStream
anyio.EndOfStream

During handling of the above exception, another exception occurred:

Traceback (most recent call last):
  File "C:\Users\rrmsz\Rental-Management-System\backend\server.py", line 75, in catch_exceptions_middleware
    return await call_next(request)
  File "C:\Python38\lib\site-packages\starlette\middleware\base.py", line 163, in call_next
    raise app_exc
  File "C:\Python38\lib\site-packages\starlette\middleware\base.py", line 149, in coro
    await self.app(scope, receive_or_disconnect, send_no_error)
  File "C:\Python38\lib\site-packages\starlette\middleware\cors.py", line 85, in __call__
    await self.app(scope, receive, send)
  File "C:\Python38\lib\site-packages\starlette\middleware\exceptions.py", line 62, in __call__
    await wrap_app_handling_exceptions(self.app, conn)(scope, receive, send)
  File "C:\Python38\lib\site-packages\starlette\_exception_handler.py", line 53, in wrapped_app
    raise exc
  File "C:\Python38\lib\site-packages\starlette\_exception_handler.py", line 42, in wrapped_app
    await app(scope, receive, sender)
  File "C:\Python38\lib\site-packages\fastapi\middleware\asyncexitstack.py", line 18, in __call__
    await self.app(scope, receive, send)
  File "C:\Python38\lib\site-packages\starlette\routing.py", line 715, in __call__
    await self.middleware_stack(scope, receive, send)
  File "C:\Python38\lib\site-packages\starlette\routing.py", line 735, in app
    await route.handle(scope, receive, send)
  File "C:\Python38\lib\site-packages\starlette\routing.py", line 288, in handle
    await self.app(scope, receive, send)
  File "C:\Python38\lib\site-packages\fastapi\routing.py", line 120, in app
    await wrap_app_handling_exceptions(app, request)(scope, receive, send)
  File "C:\Python38\lib\site-packages\starlette\_exception_handler.py", line 53, in wrapped_app
    raise exc
  File "C:\Python38\lib\site-packages\starlette\_exception_handler.py", line 42, in wrapped_app
    await app(scope, receive, sender)
  File "C:\Python38\lib\site-packages\fastapi\routing.py", line 106, in app
    response = await f(request)
  File "C:\Python38\lib\site-packages\fastapi\routing.py", line 430, in app
    raw_response = await run_endpoint_function(
  File "C:\Python38\lib\site-packages\fastapi\routing.py", line 316, in run_endpoint_function
    return await dependant.call(**values)
  File "C:\Users\rrmsz\Rental-Management-System\backend\routers\reports.py", line 203, in get_revenue_detailed
    return await reports_service.get_revenue_report(start_date, end_date)
  File "C:\Users\rrmsz\Rental-Management-System\backend\services\reports_service.py", line 292, in get_revenue_report
    invoices = await self.db.invoices.find(query).to_list(10000)
  File "C:\Python38\lib\site-packages\motor\core.py", line 1683, in to_list
    self._get_more(),
  File "C:\Python38\lib\site-packages\motor\core.py", line 1446, in _get_more
    return self._refresh()
  File "C:\Python38\lib\site-packages\motor\metaprogramming.py", line 75, in method
    return framework.run_on_executor(
  File "C:\Python38\lib\site-packages\motor\frameworks\asyncio\__init__.py", line 85, in run_on_executor
    return loop.run_in_executor(_EXECUTOR, functools.partial(fn, *args, **kwargs))
  File "C:\Python38\lib\asyncio\base_events.py", line 774, in run_in_executor
    self._check_closed()
  File "C:\Python38\lib\asyncio\base_events.py", line 508, in _check_closed
    raise RuntimeError('Event loop is closed')
RuntimeError: Event loop is closed

Error on http://127.0.0.1:8001/api/reports/revenue/detailed:
Traceback (most recent call last):
  File "c:\python38\lib\site-packages\anyio\streams\memory.py", line 111, in receive
    return self.receive_nowait()
  File "c:\python38\lib\site-packages\anyio\streams\memory.py", line 106, in receive_nowait
    raise WouldBlock
anyio.WouldBlock

During handling of the above exception, another exception occurred:

Traceback (most recent call last):
  File "c:\python38\lib\site-packages\anyio\streams\memory.py", line 124, in receive
    return receiver.item
AttributeError: 'MemoryObjectItemReceiver' object has no attribute 'item'

During handling of the above exception, another exception occurred:

Traceback (most recent call last):
  File "c:\python38\lib\site-packages\starlette\middleware\base.py", line 157, in call_next
    message = await recv_stream.receive()
  File "c:\python38\lib\site-packages\anyio\streams\memory.py", line 126, in receive
    raise EndOfStream
anyio.EndOfStream

During handling of the above exception, another exception occurred:

Traceback (most recent call last):
  File "C:\Users\rrmsz\Rental-Management-System\backend\server.py", line 75, in catch_exceptions_middleware
    return await call_next(request)
  File "c:\python38\lib\site-packages\starlette\middleware\base.py", line 163, in call_next
    raise app_exc
  File "c:\python38\lib\site-packages\starlette\middleware\base.py", line 149, in coro
    await self.app(scope, receive_or_disconnect, send_no_error)
  File "c:\python38\lib\site-packages\starlette\middleware\cors.py", line 85, in __call__
    await self.app(scope, receive, send)
  File "c:\python38\lib\site-packages\starlette\middleware\exceptions.py", line 62, in __call__
    await wrap_app_handling_exceptions(self.app, conn)(scope, receive, send)
  File "c:\python38\lib\site-packages\starlette\_exception_handler.py", line 53, in wrapped_app
    raise exc
  File "c:\python38\lib\site-packages\starlette\_exception_handler.py", line 42, in wrapped_app
    await app(scope, receive, sender)
  File "c:\python38\lib\site-packages\fastapi\middleware\asyncexitstack.py", line 18, in __call__
    await self.app(scope, receive, send)
  File "c:\python38\lib\site-packages\starlette\routing.py", line 715, in __call__
    await self.middleware_stack(scope, receive, send)
  File "c:\python38\lib\site-packages\starlette\routing.py", line 735, in app
    await route.handle(scope, receive, send)
  File "c:\python38\lib\site-packages\starlette\routing.py", line 288, in handle
    await self.app(scope, receive, send)
  File "c:\python38\lib\site-packages\fastapi\routing.py", line 120, in app
    await wrap_app_handling_exceptions(app, request)(scope, receive, send)
  File "c:\python38\lib\site-packages\starlette\_exception_handler.py", line 53, in wrapped_app
    raise exc
  File "c:\python38\lib\site-packages\starlette\_exception_handler.py", line 42, in wrapped_app
    await app(scope, receive, sender)
  File "c:\python38\lib\site-packages\fastapi\routing.py", line 106, in app
    response = await f(request)
  File "c:\python38\lib\site-packages\fastapi\routing.py", line 430, in app
    raw_response = await run_endpoint_function(
  File "c:\python38\lib\site-packages\fastapi\routing.py", line 316, in run_endpoint_function
    return await dependant.call(**values)
  File "C:\Users\rrmsz\Rental-Management-System\backend\routers\reports.py", line 203, in get_revenue_detailed
    return await reports_service.get_revenue_report(start_date, end_date)
  File "C:\Users\rrmsz\Rental-Management-System\backend\services\reports_service.py", line 296, in get_revenue_report
    total_tax = sum(inv.get("tax_amount", 0) for inv in invoices)
  File "C:\Users\rrmsz\Rental-Management-System\backend\services\reports_service.py", line 296, in <genexpr>
    total_tax = sum(inv.get("tax_amount", 0) for inv in invoices)
KeyError: 'tax_amount'

Error on http://testserver/api/reports/revenue/detailed:
Traceback (most recent call last):
  File "C:\Python38\lib\site-packages\anyio\streams\memory.py", line 111, in receive
    return self.receive_nowait()
  File "C:\Python38\lib\site-packages\anyio\streams\memory.py", line 106, in receive_nowait
    raise WouldBlock
anyio.WouldBlock

During handling of the above exception, another exception occurred:

Traceback (most recent call last):
  File "C:\Python38\lib\site-packages\anyio\streams\memory.py", line 124, in receive
    return receiver.item
AttributeError: 'MemoryObjectItemReceiver' object has no attribute 'item'

During handling of the above exception, another exception occurred:

Traceback (most recent call last):
  File "C:\Python38\lib\site-packages\starlette\middleware\base.py", line 157, in call_next
    message = await recv_stream.receive()
  File "C:\Python38\lib\site-packages\anyio\streams\memory.py", line 126, in receive
    raise EndOfStream
anyio.EndOfStream

During handling of the above exception, another exception occurred:

Traceback (most recent call last):
  File "C:\Users\rrmsz\Rental-Management-System\backend\server.py", line 75, in catch_exceptions_middleware
    return await call_next(request)
  File "C:\Python38\lib\site-packages\starlette\middleware\base.py", line 163, in call_next
    raise app_exc
  File "C:\Python38\lib\site-packages\starlette\middleware\base.py", line 149, in coro
    await self.app(scope, receive_or_disconnect, send_no_error)
  File "C:\Python38\lib\site-packages\starlette\middleware\cors.py", line 85, in __call__
    await self.app(scope, receive, send)
  File "C:\Python38\lib\site-packages\starlette\middleware\exceptions.py", line 62, in __call__
    await wrap_app_handling_exceptions(self.app, conn)(scope, receive, send)
  File "C:\Python38\lib\site-packages\starlette\_exception_handler.py", line 53, in wrapped_app
    raise exc
  File "C:\Python38\lib\site-packages\starlette\_exception_handler.py", line 42, in wrapped_app
    await app(scope, receive, sender)
  File "C:\Python38\lib\site-packages\fastapi\middleware\asyncexitstack.py", line 18, in __call__
    await self.app(scope, receive, send)
  File "C:\Python38\lib\site-packages\starlette\routing.py", line 715, in __call__
    await self.middleware_stack(scope, receive, send)
  File "C:\Python38\lib\site-packages\starlette\routing.py", line 735, in app
    await route.handle(scope, receive, send)
  File "C:\Python38\lib\site-packages\starlette\routing.py", line 288, in handle
    await self.app(scope, receive, send)
  File "C:\Python38\lib\site-packages\fastapi\routing.py", line 120, in app
    await wrap_app_handling_exceptions(app, request)(scope, receive, send)
  File "C:\Python38\lib\site-packages\starlette\_exception_handler.py", line 53, in wrapped_app
    raise exc
  File "C:\Python38\lib\site-packages\starlette\_exception_handler.py", line 42, in wrapped_app
    await app(scope, receive, sender)
  File "C:\Python38\lib\site-packages\fastapi\routing.py", line 106, in app
    response = await f(request)
  File "C:\Python38\lib\site-packages\fastapi\routing.py", line 430, in app
    raw_response = await run_endpoint_function(
  File "C:\Python38\lib\site-packages\fastapi\routing.py", line 316, in run_endpoint_function
    return await dependant.call(**values)
  File "C:\Users\rrmsz\Rental-Management-System\backend\routers\reports.py", line 203, in get_revenue_detailed
    return await reports_service.get_revenue_report(start_date, end_date)
  File "C:\Users\rrmsz\Rental-Management-System\backend\services\reports_service.py", line 292, in get_revenue_report
    invoices = await self.db.invoices.find(query).to_list(10000)
  File "C:\Python38\lib\site-packages\motor\core.py", line 1683, in to_list
    self._get_more(),
  File "C:\Python38\lib\site-packages\motor\core.py", line 1446, in _get_more
    return self._refresh()
  File "C:\Python38\lib\site-packages\motor\metaprogramming.py", line 75, in method
    return framework.run_on_executor(
  File "C:\Python38\lib\site-packages\motor\frameworks\asyncio\__init__.py", line 85, in run_on_executor
    return loop.run_in_executor(_EXECUTOR, functools.partial(fn, *args, **kwargs))
  File "C:\Python38\lib\asyncio\base_events.py", line 774, in run_in_executor
    self._check_closed()
  File "C:\Python38\lib\asyncio\base_events.py", line 508, in _check_closed
    raise RuntimeError('Event loop is closed')
RuntimeError: Event loop is closed

Error on http://127.0.0.1:8001/api/reports/revenue/detailed:
Traceback (most recent call last):
  File "c:\python38\lib\site-packages\anyio\streams\memory.py", line 111, in receive
    return self.receive_nowait()
  File "c:\python38\lib\site-packages\anyio\streams\memory.py", line 106, in receive_nowait
    raise WouldBlock
anyio.WouldBlock

During handling of the above exception, another exception occurred:

Traceback (most recent call last):
  File "c:\python38\lib\site-packages\anyio\streams\memory.py", line 124, in receive
    return receiver.item
AttributeError: 'MemoryObjectItemReceiver' object has no attribute 'item'

During handling of the above exception, another exception occurred:

Traceback (most recent call last):
  File "c:\python38\lib\site-packages\starlette\middleware\base.py", line 157, in call_next
    message = await recv_stream.receive()
  File "c:\python38\lib\site-packages\anyio\streams\memory.py", line 126, in receive
    raise EndOfStream
anyio.EndOfStream

During handling of the above exception, another exception occurred:

Traceback (most recent call last):
  File "C:\Users\rrmsz\Rental-Management-System\backend\server.py", line 75, in catch_exceptions_middleware
    return await call_next(request)
  File "c:\python38\lib\site-packages\starlette\middleware\base.py", line 163, in call_next
    raise app_exc
  File "c:\python38\lib\site-packages\starlette\middleware\base.py", line 149, in coro
    await self.app(scope, receive_or_disconnect, send_no_error)
  File "c:\python38\lib\site-packages\starlette\middleware\cors.py", line 85, in __call__
    await self.app(scope, receive, send)
  File "c:\python38\lib\site-packages\starlette\middleware\exceptions.py", line 62, in __call__
    await wrap_app_handling_exceptions(self.app, conn)(scope, receive, send)
  File "c:\python38\lib\site-packages\starlette\_exception_handler.py", line 53, in wrapped_app
    raise exc
  File "c:\python38\lib\site-packages\starlette\_exception_handler.py", line 42, in wrapped_app
    await app(scope, receive, sender)
  File "c:\python38\lib\site-packages\fastapi\middleware\asyncexitstack.py", line 18, in __call__
    await self.app(scope, receive, send)
  File "c:\python38\lib\site-packages\starlette\routing.py", line 715, in __call__
    await self.middleware_stack(scope, receive, send)
  File "c:\python38\lib\site-packages\starlette\routing.py", line 735, in app
    await route.handle(scope, receive, send)
  File "c:\python38\lib\site-packages\starlette\routing.py", line 288, in handle
    await self.app(scope, receive, send)
  File "c:\python38\lib\site-packages\fastapi\routing.py", line 120, in app
    await wrap_app_handling_exceptions(app, request)(scope, receive, send)
  File "c:\python38\lib\site-packages\starlette\_exception_handler.py", line 53, in wrapped_app
    raise exc
  File "c:\python38\lib\site-packages\starlette\_exception_handler.py", line 42, in wrapped_app
    await app(scope, receive, sender)
  File "c:\python38\lib\site-packages\fastapi\routing.py", line 106, in app
    response = await f(request)
  File "c:\python38\lib\site-packages\fastapi\routing.py", line 430, in app
    raw_response = await run_endpoint_function(
  File "c:\python38\lib\site-packages\fastapi\routing.py", line 316, in run_endpoint_function
    return await dependant.call(**values)
  File "C:\Users\rrmsz\Rental-Management-System\backend\routers\reports.py", line 203, in get_revenue_detailed
    return await reports_service.get_revenue_report(start_date, end_date)
  File "C:\Users\rrmsz\Rental-Management-System\backend\services\reports_service.py", line 296, in get_revenue_report
    total_tax = sum(inv.get("tax_amount", 0) for inv in invoices)
  File "C:\Users\rrmsz\Rental-Management-System\backend\services\reports_service.py", line 296, in <genexpr>
    total_tax = sum(inv.get("tax_amount", 0) for inv in invoices)
KeyError: 'tax_amount'

Error on http://127.0.0.1:8001/api/reports/revenue/detailed:
Traceback (most recent call last):
  File "c:\python38\lib\site-packages\anyio\streams\memory.py", line 111, in receive
    return self.receive_nowait()
  File "c:\python38\lib\site-packages\anyio\streams\memory.py", line 106, in receive_nowait
    raise WouldBlock
anyio.WouldBlock

During handling of the above exception, another exception occurred:

Traceback (most recent call last):
  File "c:\python38\lib\site-packages\anyio\streams\memory.py", line 124, in receive
    return receiver.item
AttributeError: 'MemoryObjectItemReceiver' object has no attribute 'item'

During handling of the above exception, another exception occurred:

Traceback (most recent call last):
  File "c:\python38\lib\site-packages\starlette\middleware\base.py", line 157, in call_next
    message = await recv_stream.receive()
  File "c:\python38\lib\site-packages\anyio\streams\memory.py", line 126, in receive
    raise EndOfStream
anyio.EndOfStream

During handling of the above exception, another exception occurred:

Traceback (most recent call last):
  File "C:\Users\rrmsz\Rental-Management-System\backend\server.py", line 75, in catch_exceptions_middleware
    return await call_next(request)
  File "c:\python38\lib\site-packages\starlette\middleware\base.py", line 163, in call_next
    raise app_exc
  File "c:\python38\lib\site-packages\starlette\middleware\base.py", line 149, in coro
    await self.app(scope, receive_or_disconnect, send_no_error)
  File "c:\python38\lib\site-packages\starlette\middleware\cors.py", line 85, in __call__
    await self.app(scope, receive, send)
  File "c:\python38\lib\site-packages\starlette\middleware\exceptions.py", line 62, in __call__
    await wrap_app_handling_exceptions(self.app, conn)(scope, receive, send)
  File "c:\python38\lib\site-packages\starlette\_exception_handler.py", line 53, in wrapped_app
    raise exc
  File "c:\python38\lib\site-packages\starlette\_exception_handler.py", line 42, in wrapped_app
    await app(scope, receive, sender)
  File "c:\python38\lib\site-packages\fastapi\middleware\asyncexitstack.py", line 18, in __call__
    await self.app(scope, receive, send)
  File "c:\python38\lib\site-packages\starlette\routing.py", line 715, in __call__
    await self.middleware_stack(scope, receive, send)
  File "c:\python38\lib\site-packages\starlette\routing.py", line 735, in app
    await route.handle(scope, receive, send)
  File "c:\python38\lib\site-packages\starlette\routing.py", line 288, in handle
    await self.app(scope, receive, send)
  File "c:\python38\lib\site-packages\fastapi\routing.py", line 120, in app
    await wrap_app_handling_exceptions(app, request)(scope, receive, send)
  File "c:\python38\lib\site-packages\starlette\_exception_handler.py", line 53, in wrapped_app
    raise exc
  File "c:\python38\lib\site-packages\starlette\_exception_handler.py", line 42, in wrapped_app
    await app(scope, receive, sender)
  File "c:\python38\lib\site-packages\fastapi\routing.py", line 106, in app
    response = await f(request)
  File "c:\python38\lib\site-packages\fastapi\routing.py", line 430, in app
    raw_response = await run_endpoint_function(
  File "c:\python38\lib\site-packages\fastapi\routing.py", line 316, in run_endpoint_function
    return await dependant.call(**values)
  File "C:\Users\rrmsz\Rental-Management-System\backend\routers\reports.py", line 203, in get_revenue_detailed
    return await reports_service.get_revenue_report(start_date, end_date)
  File "C:\Users\rrmsz\Rental-Management-System\backend\services\reports_service.py", line 296, in get_revenue_report
    total_tax = sum(inv.get("tax_amount", 0) for inv in invoices)
  File "C:\Users\rrmsz\Rental-Management-System\backend\services\reports_service.py", line 296, in <genexpr>
    total_tax = sum(inv.get("tax_amount", 0) for inv in invoices)
KeyError: 'tax_amount'

Error on http://127.0.0.1:8001/api/reports/revenue/detailed:
Traceback (most recent call last):
  File "c:\python38\lib\site-packages\anyio\streams\memory.py", line 111, in receive
    return self.receive_nowait()
  File "c:\python38\lib\site-packages\anyio\streams\memory.py", line 106, in receive_nowait
    raise WouldBlock
anyio.WouldBlock

During handling of the above exception, another exception occurred:

Traceback (most recent call last):
  File "c:\python38\lib\site-packages\anyio\streams\memory.py", line 124, in receive
    return receiver.item
AttributeError: 'MemoryObjectItemReceiver' object has no attribute 'item'

During handling of the above exception, another exception occurred:

Traceback (most recent call last):
  File "c:\python38\lib\site-packages\starlette\middleware\base.py", line 157, in call_next
    message = await recv_stream.receive()
  File "c:\python38\lib\site-packages\anyio\streams\memory.py", line 126, in receive
    raise EndOfStream
anyio.EndOfStream

During handling of the above exception, another exception occurred:

Traceback (most recent call last):
  File "C:\Users\rrmsz\Rental-Management-System\backend\server.py", line 75, in catch_exceptions_middleware
    return await call_next(request)
  File "c:\python38\lib\site-packages\starlette\middleware\base.py", line 163, in call_next
    raise app_exc
  File "c:\python38\lib\site-packages\starlette\middleware\base.py", line 149, in coro
    await self.app(scope, receive_or_disconnect, send_no_error)
  File "c:\python38\lib\site-packages\starlette\middleware\cors.py", line 85, in __call__
    await self.app(scope, receive, send)
  File "c:\python38\lib\site-packages\starlette\middleware\exceptions.py", line 62, in __call__
    await wrap_app_handling_exceptions(self.app, conn)(scope, receive, send)
  File "c:\python38\lib\site-packages\starlette\_exception_handler.py", line 53, in wrapped_app
    raise exc
  File "c:\python38\lib\site-packages\starlette\_exception_handler.py", line 42, in wrapped_app
    await app(scope, receive, sender)
  File "c:\python38\lib\site-packages\fastapi\middleware\asyncexitstack.py", line 18, in __call__
    await self.app(scope, receive, send)
  File "c:\python38\lib\site-packages\starlette\routing.py", line 715, in __call__
    await self.middleware_stack(scope, receive, send)
  File "c:\python38\lib\site-packages\starlette\routing.py", line 735, in app
    await route.handle(scope, receive, send)
  File "c:\python38\lib\site-packages\starlette\routing.py", line 288, in handle
    await self.app(scope, receive, send)
  File "c:\python38\lib\site-packages\fastapi\routing.py", line 120, in app
    await wrap_app_handling_exceptions(app, request)(scope, receive, send)
  File "c:\python38\lib\site-packages\starlette\_exception_handler.py", line 53, in wrapped_app
    raise exc
  File "c:\python38\lib\site-packages\starlette\_exception_handler.py", line 42, in wrapped_app
    await app(scope, receive, sender)
  File "c:\python38\lib\site-packages\fastapi\routing.py", line 106, in app
    response = await f(request)
  File "c:\python38\lib\site-packages\fastapi\routing.py", line 430, in app
    raw_response = await run_endpoint_function(
  File "c:\python38\lib\site-packages\fastapi\routing.py", line 316, in run_endpoint_function
    return await dependant.call(**values)
  File "C:\Users\rrmsz\Rental-Management-System\backend\routers\reports.py", line 203, in get_revenue_detailed
    return await reports_service.get_revenue_report(start_date, end_date)
  File "C:\Users\rrmsz\Rental-Management-System\backend\services\reports_service.py", line 296, in get_revenue_report
    total_tax = sum(inv.get("tax_amount", 0) for inv in invoices)
  File "C:\Users\rrmsz\Rental-Management-System\backend\services\reports_service.py", line 296, in <genexpr>
    total_tax = sum(inv.get("tax_amount", 0) for inv in invoices)
KeyError: 'tax_amount'

Error on http://localhost:8001/api/users/:
Traceback (most recent call last):
  File "c:\python38\lib\site-packages\anyio\streams\memory.py", line 111, in receive
    return self.receive_nowait()
  File "c:\python38\lib\site-packages\anyio\streams\memory.py", line 106, in receive_nowait
    raise WouldBlock
anyio.WouldBlock

During handling of the above exception, another exception occurred:

Traceback (most recent call last):
  File "c:\python38\lib\site-packages\anyio\streams\memory.py", line 124, in receive
    return receiver.item
AttributeError: 'MemoryObjectItemReceiver' object has no attribute 'item'

During handling of the above exception, another exception occurred:

Traceback (most recent call last):
  File "c:\python38\lib\site-packages\starlette\middleware\base.py", line 157, in call_next
    message = await recv_stream.receive()
  File "c:\python38\lib\site-packages\anyio\streams\memory.py", line 126, in receive
    raise EndOfStream
anyio.EndOfStream

During handling of the above exception, another exception occurred:

Traceback (most recent call last):
  File "C:\Users\rrmsz\Rental-Management-System\backend\server.py", line 75, in catch_exceptions_middleware
    return await call_next(request)
  File "c:\python38\lib\site-packages\starlette\middleware\base.py", line 163, in call_next
    raise app_exc
  File "c:\python38\lib\site-packages\starlette\middleware\base.py", line 149, in coro
    await self.app(scope, receive_or_disconnect, send_no_error)
  File "c:\python38\lib\site-packages\starlette\middleware\cors.py", line 93, in __call__
    await self.simple_response(scope, receive, send, request_headers=headers)
  File "c:\python38\lib\site-packages\starlette\middleware\cors.py", line 144, in simple_response
    await self.app(scope, receive, send)
  File "c:\python38\lib\site-packages\starlette\middleware\exceptions.py", line 62, in __call__
    await wrap_app_handling_exceptions(self.app, conn)(scope, receive, send)
  File "c:\python38\lib\site-packages\starlette\_exception_handler.py", line 53, in wrapped_app
    raise exc
  File "c:\python38\lib\site-packages\starlette\_exception_handler.py", line 42, in wrapped_app
    await app(scope, receive, sender)
  File "c:\python38\lib\site-packages\fastapi\middleware\asyncexitstack.py", line 18, in __call__
    await self.app(scope, receive, send)
  File "c:\python38\lib\site-packages\starlette\routing.py", line 715, in __call__
    await self.middleware_stack(scope, receive, send)
  File "c:\python38\lib\site-packages\starlette\routing.py", line 735, in app
    await route.handle(scope, receive, send)
  File "c:\python38\lib\site-packages\starlette\routing.py", line 288, in handle
    await self.app(scope, receive, send)
  File "c:\python38\lib\site-packages\fastapi\routing.py", line 120, in app
    await wrap_app_handling_exceptions(app, request)(scope, receive, send)
  File "c:\python38\lib\site-packages\starlette\_exception_handler.py", line 53, in wrapped_app
    raise exc
  File "c:\python38\lib\site-packages\starlette\_exception_handler.py", line 42, in wrapped_app
    await app(scope, receive, sender)
  File "c:\python38\lib\site-packages\fastapi\routing.py", line 106, in app
    response = await f(request)
  File "c:\python38\lib\site-packages\fastapi\routing.py", line 452, in app
    content = await serialize_response(
  File "c:\python38\lib\site-packages\fastapi\routing.py", line 278, in serialize_response
    raise ResponseValidationError(
fastapi.exceptions.ResponseValidationError: 4 validation errors:
  {'type': 'enum', 'loc': ('response', 2, 'role'), 'msg': "Input should be 'admin', 'employee' or 'accountant'", 'input': 'customer', 'ctx': {'expected': "'admin', 'employee' or 'accountant'"}}
  {'type': 'missing', 'loc': ('response', 3, 'full_name'), 'msg': 'Field required', 'input': {'_id': ObjectId('69a36c6c898cf30f1d116e95'), 'name': 'System Admin', 'phone': '+96892345218', 'username': 'admin', 'role': 'admin', 'password': '$pbkdf2-sha256$29000$mNMaY8z5H8MYQ0gphRAiBA$9uV//VqSj1jEeGDXPS4DcsIeqYP2Tv.crbwTfFEvE5k', 'password_hash': '$pbkdf2-sha256$29000$mNMaY8z5H8MYQ0gphRAiBA$9uV//VqSj1jEeGDXPS4DcsIeqYP2Tv.crbwTfFEvE5k', 'is_active': True, 'email': 'admin@rental-system.com', 'created_at': datetime.datetime(2026, 2, 28, 22, 30, 4, 296000)}}
  {'type': 'missing', 'loc': ('response', 3, 'id'), 'msg': 'Field required', 'input': {'_id': ObjectId('69a36c6c898cf30f1d116e95'), 'name': 'System Admin', 'phone': '+96892345218', 'username': 'admin', 'role': 'admin', 'password': '$pbkdf2-sha256$29000$mNMaY8z5H8MYQ0gphRAiBA$9uV//VqSj1jEeGDXPS4DcsIeqYP2Tv.crbwTfFEvE5k', 'password_hash': '$pbkdf2-sha256$29000$mNMaY8z5H8MYQ0gphRAiBA$9uV//VqSj1jEeGDXPS4DcsIeqYP2Tv.crbwTfFEvE5k', 'is_active': True, 'email': 'admin@rental-system.com', 'created_at': datetime.datetime(2026, 2, 28, 22, 30, 4, 296000)}}
  {'type': 'string_type', 'loc': ('response', 3, 'created_at'), 'msg': 'Input should be a valid string', 'input': datetime.datetime(2026, 2, 28, 22, 30, 4, 296000)}

  File "C:\Users\rrmsz\Rental-Management-System\backend\routers\users.py", line 11, in get_users
    GET /api/users/

Error on http://localhost:8001/api/users/:
Traceback (most recent call last):
  File "c:\python38\lib\site-packages\anyio\streams\memory.py", line 111, in receive
    return self.receive_nowait()
  File "c:\python38\lib\site-packages\anyio\streams\memory.py", line 106, in receive_nowait
    raise WouldBlock
anyio.WouldBlock

During handling of the above exception, another exception occurred:

Traceback (most recent call last):
  File "c:\python38\lib\site-packages\anyio\streams\memory.py", line 124, in receive
    return receiver.item
AttributeError: 'MemoryObjectItemReceiver' object has no attribute 'item'

During handling of the above exception, another exception occurred:

Traceback (most recent call last):
  File "c:\python38\lib\site-packages\starlette\middleware\base.py", line 157, in call_next
    message = await recv_stream.receive()
  File "c:\python38\lib\site-packages\anyio\streams\memory.py", line 126, in receive
    raise EndOfStream
anyio.EndOfStream

During handling of the above exception, another exception occurred:

Traceback (most recent call last):
  File "C:\Users\rrmsz\Rental-Management-System\backend\server.py", line 75, in catch_exceptions_middleware
    return await call_next(request)
  File "c:\python38\lib\site-packages\starlette\middleware\base.py", line 163, in call_next
    raise app_exc
  File "c:\python38\lib\site-packages\starlette\middleware\base.py", line 149, in coro
    await self.app(scope, receive_or_disconnect, send_no_error)
  File "c:\python38\lib\site-packages\starlette\middleware\cors.py", line 93, in __call__
    await self.simple_response(scope, receive, send, request_headers=headers)
  File "c:\python38\lib\site-packages\starlette\middleware\cors.py", line 144, in simple_response
    await self.app(scope, receive, send)
  File "c:\python38\lib\site-packages\starlette\middleware\exceptions.py", line 62, in __call__
    await wrap_app_handling_exceptions(self.app, conn)(scope, receive, send)
  File "c:\python38\lib\site-packages\starlette\_exception_handler.py", line 53, in wrapped_app
    raise exc
  File "c:\python38\lib\site-packages\starlette\_exception_handler.py", line 42, in wrapped_app
    await app(scope, receive, sender)
  File "c:\python38\lib\site-packages\fastapi\middleware\asyncexitstack.py", line 18, in __call__
    await self.app(scope, receive, send)
  File "c:\python38\lib\site-packages\starlette\routing.py", line 715, in __call__
    await self.middleware_stack(scope, receive, send)
  File "c:\python38\lib\site-packages\starlette\routing.py", line 735, in app
    await route.handle(scope, receive, send)
  File "c:\python38\lib\site-packages\starlette\routing.py", line 288, in handle
    await self.app(scope, receive, send)
  File "c:\python38\lib\site-packages\fastapi\routing.py", line 120, in app
    await wrap_app_handling_exceptions(app, request)(scope, receive, send)
  File "c:\python38\lib\site-packages\starlette\_exception_handler.py", line 53, in wrapped_app
    raise exc
  File "c:\python38\lib\site-packages\starlette\_exception_handler.py", line 42, in wrapped_app
    await app(scope, receive, sender)
  File "c:\python38\lib\site-packages\fastapi\routing.py", line 106, in app
    response = await f(request)
  File "c:\python38\lib\site-packages\fastapi\routing.py", line 452, in app
    content = await serialize_response(
  File "c:\python38\lib\site-packages\fastapi\routing.py", line 278, in serialize_response
    raise ResponseValidationError(
fastapi.exceptions.ResponseValidationError: 4 validation errors:
  {'type': 'enum', 'loc': ('response', 2, 'role'), 'msg': "Input should be 'admin', 'employee' or 'accountant'", 'input': 'customer', 'ctx': {'expected': "'admin', 'employee' or 'accountant'"}}
  {'type': 'missing', 'loc': ('response', 3, 'full_name'), 'msg': 'Field required', 'input': {'_id': ObjectId('69a36c6c898cf30f1d116e95'), 'name': 'System Admin', 'phone': '+96892345218', 'username': 'admin', 'role': 'admin', 'password': '$pbkdf2-sha256$29000$mNMaY8z5H8MYQ0gphRAiBA$9uV//VqSj1jEeGDXPS4DcsIeqYP2Tv.crbwTfFEvE5k', 'password_hash': '$pbkdf2-sha256$29000$mNMaY8z5H8MYQ0gphRAiBA$9uV//VqSj1jEeGDXPS4DcsIeqYP2Tv.crbwTfFEvE5k', 'is_active': True, 'email': 'admin@rental-system.com', 'created_at': datetime.datetime(2026, 2, 28, 22, 30, 4, 296000)}}
  {'type': 'missing', 'loc': ('response', 3, 'id'), 'msg': 'Field required', 'input': {'_id': ObjectId('69a36c6c898cf30f1d116e95'), 'name': 'System Admin', 'phone': '+96892345218', 'username': 'admin', 'role': 'admin', 'password': '$pbkdf2-sha256$29000$mNMaY8z5H8MYQ0gphRAiBA$9uV//VqSj1jEeGDXPS4DcsIeqYP2Tv.crbwTfFEvE5k', 'password_hash': '$pbkdf2-sha256$29000$mNMaY8z5H8MYQ0gphRAiBA$9uV//VqSj1jEeGDXPS4DcsIeqYP2Tv.crbwTfFEvE5k', 'is_active': True, 'email': 'admin@rental-system.com', 'created_at': datetime.datetime(2026, 2, 28, 22, 30, 4, 296000)}}
  {'type': 'string_type', 'loc': ('response', 3, 'created_at'), 'msg': 'Input should be a valid string', 'input': datetime.datetime(2026, 2, 28, 22, 30, 4, 296000)}

  File "C:\Users\rrmsz\Rental-Management-System\backend\routers\users.py", line 11, in get_users
    GET /api/users/

Error on http://localhost:8001/api/users/:
Traceback (most recent call last):
  File "c:\python38\lib\site-packages\anyio\streams\memory.py", line 111, in receive
    return self.receive_nowait()
  File "c:\python38\lib\site-packages\anyio\streams\memory.py", line 106, in receive_nowait
    raise WouldBlock
anyio.WouldBlock

During handling of the above exception, another exception occurred:

Traceback (most recent call last):
  File "c:\python38\lib\site-packages\anyio\streams\memory.py", line 124, in receive
    return receiver.item
AttributeError: 'MemoryObjectItemReceiver' object has no attribute 'item'

During handling of the above exception, another exception occurred:

Traceback (most recent call last):
  File "c:\python38\lib\site-packages\starlette\middleware\base.py", line 157, in call_next
    message = await recv_stream.receive()
  File "c:\python38\lib\site-packages\anyio\streams\memory.py", line 126, in receive
    raise EndOfStream
anyio.EndOfStream

During handling of the above exception, another exception occurred:

Traceback (most recent call last):
  File "C:\Users\rrmsz\Rental-Management-System\backend\server.py", line 74, in catch_exceptions_middleware
    return await call_next(request)
  File "c:\python38\lib\site-packages\starlette\middleware\base.py", line 163, in call_next
    raise app_exc
  File "c:\python38\lib\site-packages\starlette\middleware\base.py", line 149, in coro
    await self.app(scope, receive_or_disconnect, send_no_error)
  File "c:\python38\lib\site-packages\starlette\middleware\cors.py", line 93, in __call__
    await self.simple_response(scope, receive, send, request_headers=headers)
  File "c:\python38\lib\site-packages\starlette\middleware\cors.py", line 144, in simple_response
    await self.app(scope, receive, send)
  File "c:\python38\lib\site-packages\starlette\middleware\exceptions.py", line 62, in __call__
    await wrap_app_handling_exceptions(self.app, conn)(scope, receive, send)
  File "c:\python38\lib\site-packages\starlette\_exception_handler.py", line 53, in wrapped_app
    raise exc
  File "c:\python38\lib\site-packages\starlette\_exception_handler.py", line 42, in wrapped_app
    await app(scope, receive, sender)
  File "c:\python38\lib\site-packages\fastapi\middleware\asyncexitstack.py", line 18, in __call__
    await self.app(scope, receive, send)
  File "c:\python38\lib\site-packages\starlette\routing.py", line 715, in __call__
    await self.middleware_stack(scope, receive, send)
  File "c:\python38\lib\site-packages\starlette\routing.py", line 735, in app
    await route.handle(scope, receive, send)
  File "c:\python38\lib\site-packages\starlette\routing.py", line 288, in handle
    await self.app(scope, receive, send)
  File "c:\python38\lib\site-packages\fastapi\routing.py", line 120, in app
    await wrap_app_handling_exceptions(app, request)(scope, receive, send)
  File "c:\python38\lib\site-packages\starlette\_exception_handler.py", line 53, in wrapped_app
    raise exc
  File "c:\python38\lib\site-packages\starlette\_exception_handler.py", line 42, in wrapped_app
    await app(scope, receive, sender)
  File "c:\python38\lib\site-packages\fastapi\routing.py", line 106, in app
    response = await f(request)
  File "c:\python38\lib\site-packages\fastapi\routing.py", line 452, in app
    content = await serialize_response(
  File "c:\python38\lib\site-packages\fastapi\routing.py", line 278, in serialize_response
    raise ResponseValidationError(
fastapi.exceptions.ResponseValidationError: 5 validation errors:
  {'type': 'enum', 'loc': ('response', 1, 'role'), 'msg': "Input should be 'admin', 'sales', 'rentals' or 'viewer'", 'input': 'employee', 'ctx': {'expected': "'admin', 'sales', 'rentals' or 'viewer'"}}
  {'type': 'enum', 'loc': ('response', 2, 'role'), 'msg': "Input should be 'admin', 'sales', 'rentals' or 'viewer'", 'input': 'customer', 'ctx': {'expected': "'admin', 'sales', 'rentals' or 'viewer'"}}
  {'type': 'missing', 'loc': ('response', 3, 'full_name'), 'msg': 'Field required', 'input': {'_id': ObjectId('69a36c6c898cf30f1d116e95'), 'name': 'System Admin', 'phone': '+96892345218', 'username': 'admin', 'role': 'admin', 'password': '$pbkdf2-sha256$29000$mNMaY8z5H8MYQ0gphRAiBA$9uV//VqSj1jEeGDXPS4DcsIeqYP2Tv.crbwTfFEvE5k', 'password_hash': '$pbkdf2-sha256$29000$mNMaY8z5H8MYQ0gphRAiBA$9uV//VqSj1jEeGDXPS4DcsIeqYP2Tv.crbwTfFEvE5k', 'is_active': True, 'email': 'admin@rental-system.com', 'created_at': datetime.datetime(2026, 2, 28, 22, 30, 4, 296000)}}
  {'type': 'missing', 'loc': ('response', 3, 'id'), 'msg': 'Field required', 'input': {'_id': ObjectId('69a36c6c898cf30f1d116e95'), 'name': 'System Admin', 'phone': '+96892345218', 'username': 'admin', 'role': 'admin', 'password': '$pbkdf2-sha256$29000$mNMaY8z5H8MYQ0gphRAiBA$9uV//VqSj1jEeGDXPS4DcsIeqYP2Tv.crbwTfFEvE5k', 'password_hash': '$pbkdf2-sha256$29000$mNMaY8z5H8MYQ0gphRAiBA$9uV//VqSj1jEeGDXPS4DcsIeqYP2Tv.crbwTfFEvE5k', 'is_active': True, 'email': 'admin@rental-system.com', 'created_at': datetime.datetime(2026, 2, 28, 22, 30, 4, 296000)}}
  {'type': 'string_type', 'loc': ('response', 3, 'created_at'), 'msg': 'Input should be a valid string', 'input': datetime.datetime(2026, 2, 28, 22, 30, 4, 296000)}

  File "C:\Users\rrmsz\Rental-Management-System\backend\routers\users.py", line 11, in get_users
    GET /api/users/

Error on http://localhost:8001/api/users/:
Traceback (most recent call last):
  File "c:\python38\lib\site-packages\anyio\streams\memory.py", line 111, in receive
    return self.receive_nowait()
  File "c:\python38\lib\site-packages\anyio\streams\memory.py", line 106, in receive_nowait
    raise WouldBlock
anyio.WouldBlock

During handling of the above exception, another exception occurred:

Traceback (most recent call last):
  File "c:\python38\lib\site-packages\anyio\streams\memory.py", line 124, in receive
    return receiver.item
AttributeError: 'MemoryObjectItemReceiver' object has no attribute 'item'

During handling of the above exception, another exception occurred:

Traceback (most recent call last):
  File "c:\python38\lib\site-packages\starlette\middleware\base.py", line 157, in call_next
    message = await recv_stream.receive()
  File "c:\python38\lib\site-packages\anyio\streams\memory.py", line 126, in receive
    raise EndOfStream
anyio.EndOfStream

During handling of the above exception, another exception occurred:

Traceback (most recent call last):
  File "C:\Users\rrmsz\Rental-Management-System\backend\server.py", line 74, in catch_exceptions_middleware
    return await call_next(request)
  File "c:\python38\lib\site-packages\starlette\middleware\base.py", line 163, in call_next
    raise app_exc
  File "c:\python38\lib\site-packages\starlette\middleware\base.py", line 149, in coro
    await self.app(scope, receive_or_disconnect, send_no_error)
  File "c:\python38\lib\site-packages\starlette\middleware\cors.py", line 93, in __call__
    await self.simple_response(scope, receive, send, request_headers=headers)
  File "c:\python38\lib\site-packages\starlette\middleware\cors.py", line 144, in simple_response
    await self.app(scope, receive, send)
  File "c:\python38\lib\site-packages\starlette\middleware\exceptions.py", line 62, in __call__
    await wrap_app_handling_exceptions(self.app, conn)(scope, receive, send)
  File "c:\python38\lib\site-packages\starlette\_exception_handler.py", line 53, in wrapped_app
    raise exc
  File "c:\python38\lib\site-packages\starlette\_exception_handler.py", line 42, in wrapped_app
    await app(scope, receive, sender)
  File "c:\python38\lib\site-packages\fastapi\middleware\asyncexitstack.py", line 18, in __call__
    await self.app(scope, receive, send)
  File "c:\python38\lib\site-packages\starlette\routing.py", line 715, in __call__
    await self.middleware_stack(scope, receive, send)
  File "c:\python38\lib\site-packages\starlette\routing.py", line 735, in app
    await route.handle(scope, receive, send)
  File "c:\python38\lib\site-packages\starlette\routing.py", line 288, in handle
    await self.app(scope, receive, send)
  File "c:\python38\lib\site-packages\fastapi\routing.py", line 120, in app
    await wrap_app_handling_exceptions(app, request)(scope, receive, send)
  File "c:\python38\lib\site-packages\starlette\_exception_handler.py", line 53, in wrapped_app
    raise exc
  File "c:\python38\lib\site-packages\starlette\_exception_handler.py", line 42, in wrapped_app
    await app(scope, receive, sender)
  File "c:\python38\lib\site-packages\fastapi\routing.py", line 106, in app
    response = await f(request)
  File "c:\python38\lib\site-packages\fastapi\routing.py", line 452, in app
    content = await serialize_response(
  File "c:\python38\lib\site-packages\fastapi\routing.py", line 278, in serialize_response
    raise ResponseValidationError(
fastapi.exceptions.ResponseValidationError: 5 validation errors:
  {'type': 'enum', 'loc': ('response', 1, 'role'), 'msg': "Input should be 'admin', 'sales', 'rentals' or 'viewer'", 'input': 'employee', 'ctx': {'expected': "'admin', 'sales', 'rentals' or 'viewer'"}}
  {'type': 'enum', 'loc': ('response', 2, 'role'), 'msg': "Input should be 'admin', 'sales', 'rentals' or 'viewer'", 'input': 'customer', 'ctx': {'expected': "'admin', 'sales', 'rentals' or 'viewer'"}}
  {'type': 'missing', 'loc': ('response', 3, 'full_name'), 'msg': 'Field required', 'input': {'_id': ObjectId('69a36c6c898cf30f1d116e95'), 'name': 'System Admin', 'phone': '+96892345218', 'username': 'admin', 'role': 'admin', 'password': '$pbkdf2-sha256$29000$mNMaY8z5H8MYQ0gphRAiBA$9uV//VqSj1jEeGDXPS4DcsIeqYP2Tv.crbwTfFEvE5k', 'password_hash': '$pbkdf2-sha256$29000$mNMaY8z5H8MYQ0gphRAiBA$9uV//VqSj1jEeGDXPS4DcsIeqYP2Tv.crbwTfFEvE5k', 'is_active': True, 'email': 'admin@rental-system.com', 'created_at': datetime.datetime(2026, 2, 28, 22, 30, 4, 296000)}}
  {'type': 'missing', 'loc': ('response', 3, 'id'), 'msg': 'Field required', 'input': {'_id': ObjectId('69a36c6c898cf30f1d116e95'), 'name': 'System Admin', 'phone': '+96892345218', 'username': 'admin', 'role': 'admin', 'password': '$pbkdf2-sha256$29000$mNMaY8z5H8MYQ0gphRAiBA$9uV//VqSj1jEeGDXPS4DcsIeqYP2Tv.crbwTfFEvE5k', 'password_hash': '$pbkdf2-sha256$29000$mNMaY8z5H8MYQ0gphRAiBA$9uV//VqSj1jEeGDXPS4DcsIeqYP2Tv.crbwTfFEvE5k', 'is_active': True, 'email': 'admin@rental-system.com', 'created_at': datetime.datetime(2026, 2, 28, 22, 30, 4, 296000)}}
  {'type': 'string_type', 'loc': ('response', 3, 'created_at'), 'msg': 'Input should be a valid string', 'input': datetime.datetime(2026, 2, 28, 22, 30, 4, 296000)}

  File "C:\Users\rrmsz\Rental-Management-System\backend\routers\users.py", line 11, in get_users
    GET /api/users/

Error on http://localhost:8001/api/users/:
Traceback (most recent call last):
  File "c:\python38\lib\site-packages\anyio\streams\memory.py", line 111, in receive
    return self.receive_nowait()
  File "c:\python38\lib\site-packages\anyio\streams\memory.py", line 106, in receive_nowait
    raise WouldBlock
anyio.WouldBlock

During handling of the above exception, another exception occurred:

Traceback (most recent call last):
  File "c:\python38\lib\site-packages\anyio\streams\memory.py", line 124, in receive
    return receiver.item
AttributeError: 'MemoryObjectItemReceiver' object has no attribute 'item'

During handling of the above exception, another exception occurred:

Traceback (most recent call last):
  File "c:\python38\lib\site-packages\starlette\middleware\base.py", line 157, in call_next
    message = await recv_stream.receive()
  File "c:\python38\lib\site-packages\anyio\streams\memory.py", line 126, in receive
    raise EndOfStream
anyio.EndOfStream

During handling of the above exception, another exception occurred:

Traceback (most recent call last):
  File "C:\Users\rrmsz\Rental-Management-System\backend\server.py", line 74, in catch_exceptions_middleware
    return await call_next(request)
  File "c:\python38\lib\site-packages\starlette\middleware\base.py", line 163, in call_next
    raise app_exc
  File "c:\python38\lib\site-packages\starlette\middleware\base.py", line 149, in coro
    await self.app(scope, receive_or_disconnect, send_no_error)
  File "c:\python38\lib\site-packages\starlette\middleware\cors.py", line 93, in __call__
    await self.simple_response(scope, receive, send, request_headers=headers)
  File "c:\python38\lib\site-packages\starlette\middleware\cors.py", line 144, in simple_response
    await self.app(scope, receive, send)
  File "c:\python38\lib\site-packages\starlette\middleware\exceptions.py", line 62, in __call__
    await wrap_app_handling_exceptions(self.app, conn)(scope, receive, send)
  File "c:\python38\lib\site-packages\starlette\_exception_handler.py", line 53, in wrapped_app
    raise exc
  File "c:\python38\lib\site-packages\starlette\_exception_handler.py", line 42, in wrapped_app
    await app(scope, receive, sender)
  File "c:\python38\lib\site-packages\fastapi\middleware\asyncexitstack.py", line 18, in __call__
    await self.app(scope, receive, send)
  File "c:\python38\lib\site-packages\starlette\routing.py", line 715, in __call__
    await self.middleware_stack(scope, receive, send)
  File "c:\python38\lib\site-packages\starlette\routing.py", line 735, in app
    await route.handle(scope, receive, send)
  File "c:\python38\lib\site-packages\starlette\routing.py", line 288, in handle
    await self.app(scope, receive, send)
  File "c:\python38\lib\site-packages\fastapi\routing.py", line 120, in app
    await wrap_app_handling_exceptions(app, request)(scope, receive, send)
  File "c:\python38\lib\site-packages\starlette\_exception_handler.py", line 53, in wrapped_app
    raise exc
  File "c:\python38\lib\site-packages\starlette\_exception_handler.py", line 42, in wrapped_app
    await app(scope, receive, sender)
  File "c:\python38\lib\site-packages\fastapi\routing.py", line 106, in app
    response = await f(request)
  File "c:\python38\lib\site-packages\fastapi\routing.py", line 452, in app
    content = await serialize_response(
  File "c:\python38\lib\site-packages\fastapi\routing.py", line 278, in serialize_response
    raise ResponseValidationError(
fastapi.exceptions.ResponseValidationError: 5 validation errors:
  {'type': 'enum', 'loc': ('response', 1, 'role'), 'msg': "Input should be 'admin', 'sales', 'rentals' or 'viewer'", 'input': 'employee', 'ctx': {'expected': "'admin', 'sales', 'rentals' or 'viewer'"}}
  {'type': 'enum', 'loc': ('response', 2, 'role'), 'msg': "Input should be 'admin', 'sales', 'rentals' or 'viewer'", 'input': 'customer', 'ctx': {'expected': "'admin', 'sales', 'rentals' or 'viewer'"}}
  {'type': 'missing', 'loc': ('response', 3, 'full_name'), 'msg': 'Field required', 'input': {'_id': ObjectId('69a36c6c898cf30f1d116e95'), 'name': 'System Admin', 'phone': '+96892345218', 'username': 'admin', 'role': 'admin', 'password': '$pbkdf2-sha256$29000$mNMaY8z5H8MYQ0gphRAiBA$9uV//VqSj1jEeGDXPS4DcsIeqYP2Tv.crbwTfFEvE5k', 'password_hash': '$pbkdf2-sha256$29000$mNMaY8z5H8MYQ0gphRAiBA$9uV//VqSj1jEeGDXPS4DcsIeqYP2Tv.crbwTfFEvE5k', 'is_active': True, 'email': 'admin@rental-system.com', 'created_at': datetime.datetime(2026, 2, 28, 22, 30, 4, 296000)}}
  {'type': 'missing', 'loc': ('response', 3, 'id'), 'msg': 'Field required', 'input': {'_id': ObjectId('69a36c6c898cf30f1d116e95'), 'name': 'System Admin', 'phone': '+96892345218', 'username': 'admin', 'role': 'admin', 'password': '$pbkdf2-sha256$29000$mNMaY8z5H8MYQ0gphRAiBA$9uV//VqSj1jEeGDXPS4DcsIeqYP2Tv.crbwTfFEvE5k', 'password_hash': '$pbkdf2-sha256$29000$mNMaY8z5H8MYQ0gphRAiBA$9uV//VqSj1jEeGDXPS4DcsIeqYP2Tv.crbwTfFEvE5k', 'is_active': True, 'email': 'admin@rental-system.com', 'created_at': datetime.datetime(2026, 2, 28, 22, 30, 4, 296000)}}
  {'type': 'string_type', 'loc': ('response', 3, 'created_at'), 'msg': 'Input should be a valid string', 'input': datetime.datetime(2026, 2, 28, 22, 30, 4, 296000)}

  File "C:\Users\rrmsz\Rental-Management-System\backend\routers\users.py", line 11, in get_users
    GET /api/users/

Error on http://localhost:8001/api/users/:
Traceback (most recent call last):
  File "c:\python38\lib\site-packages\anyio\streams\memory.py", line 111, in receive
    return self.receive_nowait()
  File "c:\python38\lib\site-packages\anyio\streams\memory.py", line 106, in receive_nowait
    raise WouldBlock
anyio.WouldBlock

During handling of the above exception, another exception occurred:

Traceback (most recent call last):
  File "c:\python38\lib\site-packages\anyio\streams\memory.py", line 124, in receive
    return receiver.item
AttributeError: 'MemoryObjectItemReceiver' object has no attribute 'item'

During handling of the above exception, another exception occurred:

Traceback (most recent call last):
  File "c:\python38\lib\site-packages\starlette\middleware\base.py", line 157, in call_next
    message = await recv_stream.receive()
  File "c:\python38\lib\site-packages\anyio\streams\memory.py", line 126, in receive
    raise EndOfStream
anyio.EndOfStream

During handling of the above exception, another exception occurred:

Traceback (most recent call last):
  File "C:\Users\rrmsz\Rental-Management-System\backend\server.py", line 74, in catch_exceptions_middleware
    return await call_next(request)
  File "c:\python38\lib\site-packages\starlette\middleware\base.py", line 163, in call_next
    raise app_exc
  File "c:\python38\lib\site-packages\starlette\middleware\base.py", line 149, in coro
    await self.app(scope, receive_or_disconnect, send_no_error)
  File "c:\python38\lib\site-packages\starlette\middleware\cors.py", line 93, in __call__
    await self.simple_response(scope, receive, send, request_headers=headers)
  File "c:\python38\lib\site-packages\starlette\middleware\cors.py", line 144, in simple_response
    await self.app(scope, receive, send)
  File "c:\python38\lib\site-packages\starlette\middleware\exceptions.py", line 62, in __call__
    await wrap_app_handling_exceptions(self.app, conn)(scope, receive, send)
  File "c:\python38\lib\site-packages\starlette\_exception_handler.py", line 53, in wrapped_app
    raise exc
  File "c:\python38\lib\site-packages\starlette\_exception_handler.py", line 42, in wrapped_app
    await app(scope, receive, sender)
  File "c:\python38\lib\site-packages\fastapi\middleware\asyncexitstack.py", line 18, in __call__
    await self.app(scope, receive, send)
  File "c:\python38\lib\site-packages\starlette\routing.py", line 715, in __call__
    await self.middleware_stack(scope, receive, send)
  File "c:\python38\lib\site-packages\starlette\routing.py", line 735, in app
    await route.handle(scope, receive, send)
  File "c:\python38\lib\site-packages\starlette\routing.py", line 288, in handle
    await self.app(scope, receive, send)
  File "c:\python38\lib\site-packages\fastapi\routing.py", line 120, in app
    await wrap_app_handling_exceptions(app, request)(scope, receive, send)
  File "c:\python38\lib\site-packages\starlette\_exception_handler.py", line 53, in wrapped_app
    raise exc
  File "c:\python38\lib\site-packages\starlette\_exception_handler.py", line 42, in wrapped_app
    await app(scope, receive, sender)
  File "c:\python38\lib\site-packages\fastapi\routing.py", line 106, in app
    response = await f(request)
  File "c:\python38\lib\site-packages\fastapi\routing.py", line 452, in app
    content = await serialize_response(
  File "c:\python38\lib\site-packages\fastapi\routing.py", line 278, in serialize_response
    raise ResponseValidationError(
fastapi.exceptions.ResponseValidationError: 5 validation errors:
  {'type': 'enum', 'loc': ('response', 1, 'role'), 'msg': "Input should be 'admin', 'sales', 'rentals' or 'viewer'", 'input': 'employee', 'ctx': {'expected': "'admin', 'sales', 'rentals' or 'viewer'"}}
  {'type': 'enum', 'loc': ('response', 2, 'role'), 'msg': "Input should be 'admin', 'sales', 'rentals' or 'viewer'", 'input': 'customer', 'ctx': {'expected': "'admin', 'sales', 'rentals' or 'viewer'"}}
  {'type': 'missing', 'loc': ('response', 3, 'full_name'), 'msg': 'Field required', 'input': {'_id': ObjectId('69a36c6c898cf30f1d116e95'), 'name': 'System Admin', 'phone': '+96892345218', 'username': 'admin', 'role': 'admin', 'password': '$pbkdf2-sha256$29000$mNMaY8z5H8MYQ0gphRAiBA$9uV//VqSj1jEeGDXPS4DcsIeqYP2Tv.crbwTfFEvE5k', 'password_hash': '$pbkdf2-sha256$29000$mNMaY8z5H8MYQ0gphRAiBA$9uV//VqSj1jEeGDXPS4DcsIeqYP2Tv.crbwTfFEvE5k', 'is_active': True, 'email': 'admin@rental-system.com', 'created_at': datetime.datetime(2026, 2, 28, 22, 30, 4, 296000)}}
  {'type': 'missing', 'loc': ('response', 3, 'id'), 'msg': 'Field required', 'input': {'_id': ObjectId('69a36c6c898cf30f1d116e95'), 'name': 'System Admin', 'phone': '+96892345218', 'username': 'admin', 'role': 'admin', 'password': '$pbkdf2-sha256$29000$mNMaY8z5H8MYQ0gphRAiBA$9uV//VqSj1jEeGDXPS4DcsIeqYP2Tv.crbwTfFEvE5k', 'password_hash': '$pbkdf2-sha256$29000$mNMaY8z5H8MYQ0gphRAiBA$9uV//VqSj1jEeGDXPS4DcsIeqYP2Tv.crbwTfFEvE5k', 'is_active': True, 'email': 'admin@rental-system.com', 'created_at': datetime.datetime(2026, 2, 28, 22, 30, 4, 296000)}}
  {'type': 'string_type', 'loc': ('response', 3, 'created_at'), 'msg': 'Input should be a valid string', 'input': datetime.datetime(2026, 2, 28, 22, 30, 4, 296000)}

  File "C:\Users\rrmsz\Rental-Management-System\backend\routers\users.py", line 11, in get_users
    GET /api/users/

Error on http://localhost:8001/api/users/:
Traceback (most recent call last):
  File "c:\python38\lib\site-packages\anyio\streams\memory.py", line 111, in receive
    return self.receive_nowait()
  File "c:\python38\lib\site-packages\anyio\streams\memory.py", line 106, in receive_nowait
    raise WouldBlock
anyio.WouldBlock

During handling of the above exception, another exception occurred:

Traceback (most recent call last):
  File "c:\python38\lib\site-packages\anyio\streams\memory.py", line 124, in receive
    return receiver.item
AttributeError: 'MemoryObjectItemReceiver' object has no attribute 'item'

During handling of the above exception, another exception occurred:

Traceback (most recent call last):
  File "c:\python38\lib\site-packages\starlette\middleware\base.py", line 157, in call_next
    message = await recv_stream.receive()
  File "c:\python38\lib\site-packages\anyio\streams\memory.py", line 126, in receive
    raise EndOfStream
anyio.EndOfStream

During handling of the above exception, another exception occurred:

Traceback (most recent call last):
  File "C:\Users\rrmsz\Rental-Management-System\backend\server.py", line 74, in catch_exceptions_middleware
    return await call_next(request)
  File "c:\python38\lib\site-packages\starlette\middleware\base.py", line 163, in call_next
    raise app_exc
  File "c:\python38\lib\site-packages\starlette\middleware\base.py", line 149, in coro
    await self.app(scope, receive_or_disconnect, send_no_error)
  File "c:\python38\lib\site-packages\starlette\middleware\cors.py", line 93, in __call__
    await self.simple_response(scope, receive, send, request_headers=headers)
  File "c:\python38\lib\site-packages\starlette\middleware\cors.py", line 144, in simple_response
    await self.app(scope, receive, send)
  File "c:\python38\lib\site-packages\starlette\middleware\exceptions.py", line 62, in __call__
    await wrap_app_handling_exceptions(self.app, conn)(scope, receive, send)
  File "c:\python38\lib\site-packages\starlette\_exception_handler.py", line 53, in wrapped_app
    raise exc
  File "c:\python38\lib\site-packages\starlette\_exception_handler.py", line 42, in wrapped_app
    await app(scope, receive, sender)
  File "c:\python38\lib\site-packages\fastapi\middleware\asyncexitstack.py", line 18, in __call__
    await self.app(scope, receive, send)
  File "c:\python38\lib\site-packages\starlette\routing.py", line 715, in __call__
    await self.middleware_stack(scope, receive, send)
  File "c:\python38\lib\site-packages\starlette\routing.py", line 735, in app
    await route.handle(scope, receive, send)
  File "c:\python38\lib\site-packages\starlette\routing.py", line 288, in handle
    await self.app(scope, receive, send)
  File "c:\python38\lib\site-packages\fastapi\routing.py", line 120, in app
    await wrap_app_handling_exceptions(app, request)(scope, receive, send)
  File "c:\python38\lib\site-packages\starlette\_exception_handler.py", line 53, in wrapped_app
    raise exc
  File "c:\python38\lib\site-packages\starlette\_exception_handler.py", line 42, in wrapped_app
    await app(scope, receive, sender)
  File "c:\python38\lib\site-packages\fastapi\routing.py", line 106, in app
    response = await f(request)
  File "c:\python38\lib\site-packages\fastapi\routing.py", line 452, in app
    content = await serialize_response(
  File "c:\python38\lib\site-packages\fastapi\routing.py", line 278, in serialize_response
    raise ResponseValidationError(
fastapi.exceptions.ResponseValidationError: 5 validation errors:
  {'type': 'enum', 'loc': ('response', 1, 'role'), 'msg': "Input should be 'admin', 'sales', 'rentals' or 'viewer'", 'input': 'employee', 'ctx': {'expected': "'admin', 'sales', 'rentals' or 'viewer'"}}
  {'type': 'enum', 'loc': ('response', 2, 'role'), 'msg': "Input should be 'admin', 'sales', 'rentals' or 'viewer'", 'input': 'customer', 'ctx': {'expected': "'admin', 'sales', 'rentals' or 'viewer'"}}
  {'type': 'missing', 'loc': ('response', 3, 'full_name'), 'msg': 'Field required', 'input': {'_id': ObjectId('69a36c6c898cf30f1d116e95'), 'name': 'System Admin', 'phone': '+96892345218', 'username': 'admin', 'role': 'admin', 'password': '$pbkdf2-sha256$29000$mNMaY8z5H8MYQ0gphRAiBA$9uV//VqSj1jEeGDXPS4DcsIeqYP2Tv.crbwTfFEvE5k', 'password_hash': '$pbkdf2-sha256$29000$mNMaY8z5H8MYQ0gphRAiBA$9uV//VqSj1jEeGDXPS4DcsIeqYP2Tv.crbwTfFEvE5k', 'is_active': True, 'email': 'admin@rental-system.com', 'created_at': datetime.datetime(2026, 2, 28, 22, 30, 4, 296000)}}
  {'type': 'missing', 'loc': ('response', 3, 'id'), 'msg': 'Field required', 'input': {'_id': ObjectId('69a36c6c898cf30f1d116e95'), 'name': 'System Admin', 'phone': '+96892345218', 'username': 'admin', 'role': 'admin', 'password': '$pbkdf2-sha256$29000$mNMaY8z5H8MYQ0gphRAiBA$9uV//VqSj1jEeGDXPS4DcsIeqYP2Tv.crbwTfFEvE5k', 'password_hash': '$pbkdf2-sha256$29000$mNMaY8z5H8MYQ0gphRAiBA$9uV//VqSj1jEeGDXPS4DcsIeqYP2Tv.crbwTfFEvE5k', 'is_active': True, 'email': 'admin@rental-system.com', 'created_at': datetime.datetime(2026, 2, 28, 22, 30, 4, 296000)}}
  {'type': 'string_type', 'loc': ('response', 3, 'created_at'), 'msg': 'Input should be a valid string', 'input': datetime.datetime(2026, 2, 28, 22, 30, 4, 296000)}

  File "C:\Users\rrmsz\Rental-Management-System\backend\routers\users.py", line 11, in get_users
    GET /api/users/

Error on http://localhost:8001/api/users/:
Traceback (most recent call last):
  File "c:\python38\lib\site-packages\anyio\streams\memory.py", line 111, in receive
    return self.receive_nowait()
  File "c:\python38\lib\site-packages\anyio\streams\memory.py", line 106, in receive_nowait
    raise WouldBlock
anyio.WouldBlock

During handling of the above exception, another exception occurred:

Traceback (most recent call last):
  File "c:\python38\lib\site-packages\anyio\streams\memory.py", line 124, in receive
    return receiver.item
AttributeError: 'MemoryObjectItemReceiver' object has no attribute 'item'

During handling of the above exception, another exception occurred:

Traceback (most recent call last):
  File "c:\python38\lib\site-packages\starlette\middleware\base.py", line 157, in call_next
    message = await recv_stream.receive()
  File "c:\python38\lib\site-packages\anyio\streams\memory.py", line 126, in receive
    raise EndOfStream
anyio.EndOfStream

During handling of the above exception, another exception occurred:

Traceback (most recent call last):
  File "C:\Users\rrmsz\Rental-Management-System\backend\server.py", line 74, in catch_exceptions_middleware
    return await call_next(request)
  File "c:\python38\lib\site-packages\starlette\middleware\base.py", line 163, in call_next
    raise app_exc
  File "c:\python38\lib\site-packages\starlette\middleware\base.py", line 149, in coro
    await self.app(scope, receive_or_disconnect, send_no_error)
  File "c:\python38\lib\site-packages\starlette\middleware\cors.py", line 93, in __call__
    await self.simple_response(scope, receive, send, request_headers=headers)
  File "c:\python38\lib\site-packages\starlette\middleware\cors.py", line 144, in simple_response
    await self.app(scope, receive, send)
  File "c:\python38\lib\site-packages\starlette\middleware\exceptions.py", line 62, in __call__
    await wrap_app_handling_exceptions(self.app, conn)(scope, receive, send)
  File "c:\python38\lib\site-packages\starlette\_exception_handler.py", line 53, in wrapped_app
    raise exc
  File "c:\python38\lib\site-packages\starlette\_exception_handler.py", line 42, in wrapped_app
    await app(scope, receive, sender)
  File "c:\python38\lib\site-packages\fastapi\middleware\asyncexitstack.py", line 18, in __call__
    await self.app(scope, receive, send)
  File "c:\python38\lib\site-packages\starlette\routing.py", line 715, in __call__
    await self.middleware_stack(scope, receive, send)
  File "c:\python38\lib\site-packages\starlette\routing.py", line 735, in app
    await route.handle(scope, receive, send)
  File "c:\python38\lib\site-packages\starlette\routing.py", line 288, in handle
    await self.app(scope, receive, send)
  File "c:\python38\lib\site-packages\fastapi\routing.py", line 120, in app
    await wrap_app_handling_exceptions(app, request)(scope, receive, send)
  File "c:\python38\lib\site-packages\starlette\_exception_handler.py", line 53, in wrapped_app
    raise exc
  File "c:\python38\lib\site-packages\starlette\_exception_handler.py", line 42, in wrapped_app
    await app(scope, receive, sender)
  File "c:\python38\lib\site-packages\fastapi\routing.py", line 106, in app
    response = await f(request)
  File "c:\python38\lib\site-packages\fastapi\routing.py", line 452, in app
    content = await serialize_response(
  File "c:\python38\lib\site-packages\fastapi\routing.py", line 278, in serialize_response
    raise ResponseValidationError(
fastapi.exceptions.ResponseValidationError: 5 validation errors:
  {'type': 'enum', 'loc': ('response', 1, 'role'), 'msg': "Input should be 'admin', 'sales', 'rentals' or 'viewer'", 'input': 'employee', 'ctx': {'expected': "'admin', 'sales', 'rentals' or 'viewer'"}}
  {'type': 'enum', 'loc': ('response', 2, 'role'), 'msg': "Input should be 'admin', 'sales', 'rentals' or 'viewer'", 'input': 'customer', 'ctx': {'expected': "'admin', 'sales', 'rentals' or 'viewer'"}}
  {'type': 'missing', 'loc': ('response', 3, 'full_name'), 'msg': 'Field required', 'input': {'_id': ObjectId('69a36c6c898cf30f1d116e95'), 'name': 'System Admin', 'phone': '+96892345218', 'username': 'admin', 'role': 'admin', 'password': '$pbkdf2-sha256$29000$mNMaY8z5H8MYQ0gphRAiBA$9uV//VqSj1jEeGDXPS4DcsIeqYP2Tv.crbwTfFEvE5k', 'password_hash': '$pbkdf2-sha256$29000$mNMaY8z5H8MYQ0gphRAiBA$9uV//VqSj1jEeGDXPS4DcsIeqYP2Tv.crbwTfFEvE5k', 'is_active': True, 'email': 'admin@rental-system.com', 'created_at': datetime.datetime(2026, 2, 28, 22, 30, 4, 296000)}}
  {'type': 'missing', 'loc': ('response', 3, 'id'), 'msg': 'Field required', 'input': {'_id': ObjectId('69a36c6c898cf30f1d116e95'), 'name': 'System Admin', 'phone': '+96892345218', 'username': 'admin', 'role': 'admin', 'password': '$pbkdf2-sha256$29000$mNMaY8z5H8MYQ0gphRAiBA$9uV//VqSj1jEeGDXPS4DcsIeqYP2Tv.crbwTfFEvE5k', 'password_hash': '$pbkdf2-sha256$29000$mNMaY8z5H8MYQ0gphRAiBA$9uV//VqSj1jEeGDXPS4DcsIeqYP2Tv.crbwTfFEvE5k', 'is_active': True, 'email': 'admin@rental-system.com', 'created_at': datetime.datetime(2026, 2, 28, 22, 30, 4, 296000)}}
  {'type': 'string_type', 'loc': ('response', 3, 'created_at'), 'msg': 'Input should be a valid string', 'input': datetime.datetime(2026, 2, 28, 22, 30, 4, 296000)}

  File "C:\Users\rrmsz\Rental-Management-System\backend\routers\users.py", line 11, in get_users
    GET /api/users/

Error on http://localhost:8001/api/users/:
Traceback (most recent call last):
  File "c:\python38\lib\site-packages\anyio\streams\memory.py", line 111, in receive
    return self.receive_nowait()
  File "c:\python38\lib\site-packages\anyio\streams\memory.py", line 106, in receive_nowait
    raise WouldBlock
anyio.WouldBlock

During handling of the above exception, another exception occurred:

Traceback (most recent call last):
  File "c:\python38\lib\site-packages\anyio\streams\memory.py", line 124, in receive
    return receiver.item
AttributeError: 'MemoryObjectItemReceiver' object has no attribute 'item'

During handling of the above exception, another exception occurred:

Traceback (most recent call last):
  File "c:\python38\lib\site-packages\starlette\middleware\base.py", line 157, in call_next
    message = await recv_stream.receive()
  File "c:\python38\lib\site-packages\anyio\streams\memory.py", line 126, in receive
    raise EndOfStream
anyio.EndOfStream

During handling of the above exception, another exception occurred:

Traceback (most recent call last):
  File "C:\Users\rrmsz\Rental-Management-System\backend\server.py", line 74, in catch_exceptions_middleware
    return await call_next(request)
  File "c:\python38\lib\site-packages\starlette\middleware\base.py", line 163, in call_next
    raise app_exc
  File "c:\python38\lib\site-packages\starlette\middleware\base.py", line 149, in coro
    await self.app(scope, receive_or_disconnect, send_no_error)
  File "c:\python38\lib\site-packages\starlette\middleware\cors.py", line 93, in __call__
    await self.simple_response(scope, receive, send, request_headers=headers)
  File "c:\python38\lib\site-packages\starlette\middleware\cors.py", line 144, in simple_response
    await self.app(scope, receive, send)
  File "c:\python38\lib\site-packages\starlette\middleware\exceptions.py", line 62, in __call__
    await wrap_app_handling_exceptions(self.app, conn)(scope, receive, send)
  File "c:\python38\lib\site-packages\starlette\_exception_handler.py", line 53, in wrapped_app
    raise exc
  File "c:\python38\lib\site-packages\starlette\_exception_handler.py", line 42, in wrapped_app
    await app(scope, receive, sender)
  File "c:\python38\lib\site-packages\fastapi\middleware\asyncexitstack.py", line 18, in __call__
    await self.app(scope, receive, send)
  File "c:\python38\lib\site-packages\starlette\routing.py", line 715, in __call__
    await self.middleware_stack(scope, receive, send)
  File "c:\python38\lib\site-packages\starlette\routing.py", line 735, in app
    await route.handle(scope, receive, send)
  File "c:\python38\lib\site-packages\starlette\routing.py", line 288, in handle
    await self.app(scope, receive, send)
  File "c:\python38\lib\site-packages\fastapi\routing.py", line 120, in app
    await wrap_app_handling_exceptions(app, request)(scope, receive, send)
  File "c:\python38\lib\site-packages\starlette\_exception_handler.py", line 53, in wrapped_app
    raise exc
  File "c:\python38\lib\site-packages\starlette\_exception_handler.py", line 42, in wrapped_app
    await app(scope, receive, sender)
  File "c:\python38\lib\site-packages\fastapi\routing.py", line 106, in app
    response = await f(request)
  File "c:\python38\lib\site-packages\fastapi\routing.py", line 452, in app
    content = await serialize_response(
  File "c:\python38\lib\site-packages\fastapi\routing.py", line 278, in serialize_response
    raise ResponseValidationError(
fastapi.exceptions.ResponseValidationError: 5 validation errors:
  {'type': 'enum', 'loc': ('response', 1, 'role'), 'msg': "Input should be 'admin', 'sales', 'rentals' or 'viewer'", 'input': 'employee', 'ctx': {'expected': "'admin', 'sales', 'rentals' or 'viewer'"}}
  {'type': 'enum', 'loc': ('response', 2, 'role'), 'msg': "Input should be 'admin', 'sales', 'rentals' or 'viewer'", 'input': 'customer', 'ctx': {'expected': "'admin', 'sales', 'rentals' or 'viewer'"}}
  {'type': 'missing', 'loc': ('response', 3, 'full_name'), 'msg': 'Field required', 'input': {'_id': ObjectId('69a36c6c898cf30f1d116e95'), 'name': 'System Admin', 'phone': '+96892345218', 'username': 'admin', 'role': 'admin', 'password': '$pbkdf2-sha256$29000$mNMaY8z5H8MYQ0gphRAiBA$9uV//VqSj1jEeGDXPS4DcsIeqYP2Tv.crbwTfFEvE5k', 'password_hash': '$pbkdf2-sha256$29000$mNMaY8z5H8MYQ0gphRAiBA$9uV//VqSj1jEeGDXPS4DcsIeqYP2Tv.crbwTfFEvE5k', 'is_active': True, 'email': 'admin@rental-system.com', 'created_at': datetime.datetime(2026, 2, 28, 22, 30, 4, 296000)}}
  {'type': 'missing', 'loc': ('response', 3, 'id'), 'msg': 'Field required', 'input': {'_id': ObjectId('69a36c6c898cf30f1d116e95'), 'name': 'System Admin', 'phone': '+96892345218', 'username': 'admin', 'role': 'admin', 'password': '$pbkdf2-sha256$29000$mNMaY8z5H8MYQ0gphRAiBA$9uV//VqSj1jEeGDXPS4DcsIeqYP2Tv.crbwTfFEvE5k', 'password_hash': '$pbkdf2-sha256$29000$mNMaY8z5H8MYQ0gphRAiBA$9uV//VqSj1jEeGDXPS4DcsIeqYP2Tv.crbwTfFEvE5k', 'is_active': True, 'email': 'admin@rental-system.com', 'created_at': datetime.datetime(2026, 2, 28, 22, 30, 4, 296000)}}
  {'type': 'string_type', 'loc': ('response', 3, 'created_at'), 'msg': 'Input should be a valid string', 'input': datetime.datetime(2026, 2, 28, 22, 30, 4, 296000)}

  File "C:\Users\rrmsz\Rental-Management-System\backend\routers\users.py", line 11, in get_users
    GET /api/users/

Error on http://localhost:8001/api/users/:
Traceback (most recent call last):
  File "c:\python38\lib\site-packages\anyio\streams\memory.py", line 111, in receive
    return self.receive_nowait()
  File "c:\python38\lib\site-packages\anyio\streams\memory.py", line 106, in receive_nowait
    raise WouldBlock
anyio.WouldBlock

During handling of the above exception, another exception occurred:

Traceback (most recent call last):
  File "c:\python38\lib\site-packages\anyio\streams\memory.py", line 124, in receive
    return receiver.item
AttributeError: 'MemoryObjectItemReceiver' object has no attribute 'item'

During handling of the above exception, another exception occurred:

Traceback (most recent call last):
  File "c:\python38\lib\site-packages\starlette\middleware\base.py", line 157, in call_next
    message = await recv_stream.receive()
  File "c:\python38\lib\site-packages\anyio\streams\memory.py", line 126, in receive
    raise EndOfStream
anyio.EndOfStream

During handling of the above exception, another exception occurred:

Traceback (most recent call last):
  File "C:\Users\rrmsz\Rental-Management-System\backend\server.py", line 74, in catch_exceptions_middleware
    return await call_next(request)
  File "c:\python38\lib\site-packages\starlette\middleware\base.py", line 163, in call_next
    raise app_exc
  File "c:\python38\lib\site-packages\starlette\middleware\base.py", line 149, in coro
    await self.app(scope, receive_or_disconnect, send_no_error)
  File "c:\python38\lib\site-packages\starlette\middleware\cors.py", line 93, in __call__
    await self.simple_response(scope, receive, send, request_headers=headers)
  File "c:\python38\lib\site-packages\starlette\middleware\cors.py", line 144, in simple_response
    await self.app(scope, receive, send)
  File "c:\python38\lib\site-packages\starlette\middleware\exceptions.py", line 62, in __call__
    await wrap_app_handling_exceptions(self.app, conn)(scope, receive, send)
  File "c:\python38\lib\site-packages\starlette\_exception_handler.py", line 53, in wrapped_app
    raise exc
  File "c:\python38\lib\site-packages\starlette\_exception_handler.py", line 42, in wrapped_app
    await app(scope, receive, sender)
  File "c:\python38\lib\site-packages\fastapi\middleware\asyncexitstack.py", line 18, in __call__
    await self.app(scope, receive, send)
  File "c:\python38\lib\site-packages\starlette\routing.py", line 715, in __call__
    await self.middleware_stack(scope, receive, send)
  File "c:\python38\lib\site-packages\starlette\routing.py", line 735, in app
    await route.handle(scope, receive, send)
  File "c:\python38\lib\site-packages\starlette\routing.py", line 288, in handle
    await self.app(scope, receive, send)
  File "c:\python38\lib\site-packages\fastapi\routing.py", line 120, in app
    await wrap_app_handling_exceptions(app, request)(scope, receive, send)
  File "c:\python38\lib\site-packages\starlette\_exception_handler.py", line 53, in wrapped_app
    raise exc
  File "c:\python38\lib\site-packages\starlette\_exception_handler.py", line 42, in wrapped_app
    await app(scope, receive, sender)
  File "c:\python38\lib\site-packages\fastapi\routing.py", line 106, in app
    response = await f(request)
  File "c:\python38\lib\site-packages\fastapi\routing.py", line 452, in app
    content = await serialize_response(
  File "c:\python38\lib\site-packages\fastapi\routing.py", line 278, in serialize_response
    raise ResponseValidationError(
fastapi.exceptions.ResponseValidationError: 5 validation errors:
  {'type': 'enum', 'loc': ('response', 1, 'role'), 'msg': "Input should be 'admin', 'sales', 'rentals' or 'viewer'", 'input': 'employee', 'ctx': {'expected': "'admin', 'sales', 'rentals' or 'viewer'"}}
  {'type': 'enum', 'loc': ('response', 2, 'role'), 'msg': "Input should be 'admin', 'sales', 'rentals' or 'viewer'", 'input': 'customer', 'ctx': {'expected': "'admin', 'sales', 'rentals' or 'viewer'"}}
  {'type': 'missing', 'loc': ('response', 3, 'full_name'), 'msg': 'Field required', 'input': {'_id': ObjectId('69a36c6c898cf30f1d116e95'), 'name': 'System Admin', 'phone': '+96892345218', 'username': 'admin', 'role': 'admin', 'password': '$pbkdf2-sha256$29000$mNMaY8z5H8MYQ0gphRAiBA$9uV//VqSj1jEeGDXPS4DcsIeqYP2Tv.crbwTfFEvE5k', 'password_hash': '$pbkdf2-sha256$29000$mNMaY8z5H8MYQ0gphRAiBA$9uV//VqSj1jEeGDXPS4DcsIeqYP2Tv.crbwTfFEvE5k', 'is_active': True, 'email': 'admin@rental-system.com', 'created_at': datetime.datetime(2026, 2, 28, 22, 30, 4, 296000)}}
  {'type': 'missing', 'loc': ('response', 3, 'id'), 'msg': 'Field required', 'input': {'_id': ObjectId('69a36c6c898cf30f1d116e95'), 'name': 'System Admin', 'phone': '+96892345218', 'username': 'admin', 'role': 'admin', 'password': '$pbkdf2-sha256$29000$mNMaY8z5H8MYQ0gphRAiBA$9uV//VqSj1jEeGDXPS4DcsIeqYP2Tv.crbwTfFEvE5k', 'password_hash': '$pbkdf2-sha256$29000$mNMaY8z5H8MYQ0gphRAiBA$9uV//VqSj1jEeGDXPS4DcsIeqYP2Tv.crbwTfFEvE5k', 'is_active': True, 'email': 'admin@rental-system.com', 'created_at': datetime.datetime(2026, 2, 28, 22, 30, 4, 296000)}}
  {'type': 'string_type', 'loc': ('response', 3, 'created_at'), 'msg': 'Input should be a valid string', 'input': datetime.datetime(2026, 2, 28, 22, 30, 4, 296000)}

  File "C:\Users\rrmsz\Rental-Management-System\backend\routers\users.py", line 11, in get_users
    GET /api/users/

Error on http://localhost:8001/api/users/:
Traceback (most recent call last):
  File "c:\python38\lib\site-packages\anyio\streams\memory.py", line 111, in receive
    return self.receive_nowait()
  File "c:\python38\lib\site-packages\anyio\streams\memory.py", line 106, in receive_nowait
    raise WouldBlock
anyio.WouldBlock

During handling of the above exception, another exception occurred:

Traceback (most recent call last):
  File "c:\python38\lib\site-packages\anyio\streams\memory.py", line 124, in receive
    return receiver.item
AttributeError: 'MemoryObjectItemReceiver' object has no attribute 'item'

During handling of the above exception, another exception occurred:

Traceback (most recent call last):
  File "c:\python38\lib\site-packages\starlette\middleware\base.py", line 157, in call_next
    message = await recv_stream.receive()
  File "c:\python38\lib\site-packages\anyio\streams\memory.py", line 126, in receive
    raise EndOfStream
anyio.EndOfStream

During handling of the above exception, another exception occurred:

Traceback (most recent call last):
  File "C:\Users\rrmsz\Rental-Management-System\backend\server.py", line 74, in catch_exceptions_middleware
    return await call_next(request)
  File "c:\python38\lib\site-packages\starlette\middleware\base.py", line 163, in call_next
    raise app_exc
  File "c:\python38\lib\site-packages\starlette\middleware\base.py", line 149, in coro
    await self.app(scope, receive_or_disconnect, send_no_error)
  File "c:\python38\lib\site-packages\starlette\middleware\cors.py", line 93, in __call__
    await self.simple_response(scope, receive, send, request_headers=headers)
  File "c:\python38\lib\site-packages\starlette\middleware\cors.py", line 144, in simple_response
    await self.app(scope, receive, send)
  File "c:\python38\lib\site-packages\starlette\middleware\exceptions.py", line 62, in __call__
    await wrap_app_handling_exceptions(self.app, conn)(scope, receive, send)
  File "c:\python38\lib\site-packages\starlette\_exception_handler.py", line 53, in wrapped_app
    raise exc
  File "c:\python38\lib\site-packages\starlette\_exception_handler.py", line 42, in wrapped_app
    await app(scope, receive, sender)
  File "c:\python38\lib\site-packages\fastapi\middleware\asyncexitstack.py", line 18, in __call__
    await self.app(scope, receive, send)
  File "c:\python38\lib\site-packages\starlette\routing.py", line 715, in __call__
    await self.middleware_stack(scope, receive, send)
  File "c:\python38\lib\site-packages\starlette\routing.py", line 735, in app
    await route.handle(scope, receive, send)
  File "c:\python38\lib\site-packages\starlette\routing.py", line 288, in handle
    await self.app(scope, receive, send)
  File "c:\python38\lib\site-packages\fastapi\routing.py", line 120, in app
    await wrap_app_handling_exceptions(app, request)(scope, receive, send)
  File "c:\python38\lib\site-packages\starlette\_exception_handler.py", line 53, in wrapped_app
    raise exc
  File "c:\python38\lib\site-packages\starlette\_exception_handler.py", line 42, in wrapped_app
    await app(scope, receive, sender)
  File "c:\python38\lib\site-packages\fastapi\routing.py", line 106, in app
    response = await f(request)
  File "c:\python38\lib\site-packages\fastapi\routing.py", line 452, in app
    content = await serialize_response(
  File "c:\python38\lib\site-packages\fastapi\routing.py", line 278, in serialize_response
    raise ResponseValidationError(
fastapi.exceptions.ResponseValidationError: 5 validation errors:
  {'type': 'enum', 'loc': ('response', 1, 'role'), 'msg': "Input should be 'admin', 'sales', 'rentals' or 'viewer'", 'input': 'employee', 'ctx': {'expected': "'admin', 'sales', 'rentals' or 'viewer'"}}
  {'type': 'enum', 'loc': ('response', 2, 'role'), 'msg': "Input should be 'admin', 'sales', 'rentals' or 'viewer'", 'input': 'customer', 'ctx': {'expected': "'admin', 'sales', 'rentals' or 'viewer'"}}
  {'type': 'missing', 'loc': ('response', 3, 'full_name'), 'msg': 'Field required', 'input': {'_id': ObjectId('69a36c6c898cf30f1d116e95'), 'name': 'System Admin', 'phone': '+96892345218', 'username': 'admin', 'role': 'admin', 'password': '$pbkdf2-sha256$29000$mNMaY8z5H8MYQ0gphRAiBA$9uV//VqSj1jEeGDXPS4DcsIeqYP2Tv.crbwTfFEvE5k', 'password_hash': '$pbkdf2-sha256$29000$mNMaY8z5H8MYQ0gphRAiBA$9uV//VqSj1jEeGDXPS4DcsIeqYP2Tv.crbwTfFEvE5k', 'is_active': True, 'email': 'admin@rental-system.com', 'created_at': datetime.datetime(2026, 2, 28, 22, 30, 4, 296000)}}
  {'type': 'missing', 'loc': ('response', 3, 'id'), 'msg': 'Field required', 'input': {'_id': ObjectId('69a36c6c898cf30f1d116e95'), 'name': 'System Admin', 'phone': '+96892345218', 'username': 'admin', 'role': 'admin', 'password': '$pbkdf2-sha256$29000$mNMaY8z5H8MYQ0gphRAiBA$9uV//VqSj1jEeGDXPS4DcsIeqYP2Tv.crbwTfFEvE5k', 'password_hash': '$pbkdf2-sha256$29000$mNMaY8z5H8MYQ0gphRAiBA$9uV//VqSj1jEeGDXPS4DcsIeqYP2Tv.crbwTfFEvE5k', 'is_active': True, 'email': 'admin@rental-system.com', 'created_at': datetime.datetime(2026, 2, 28, 22, 30, 4, 296000)}}
  {'type': 'string_type', 'loc': ('response', 3, 'created_at'), 'msg': 'Input should be a valid string', 'input': datetime.datetime(2026, 2, 28, 22, 30, 4, 296000)}

  File "C:\Users\rrmsz\Rental-Management-System\backend\routers\users.py", line 11, in get_users
    GET /api/users/

Error on http://127.0.0.1:8001/api/users/:
Traceback (most recent call last):
  File "c:\python38\lib\site-packages\anyio\streams\memory.py", line 111, in receive
    return self.receive_nowait()
  File "c:\python38\lib\site-packages\anyio\streams\memory.py", line 106, in receive_nowait
    raise WouldBlock
anyio.WouldBlock

During handling of the above exception, another exception occurred:

Traceback (most recent call last):
  File "c:\python38\lib\site-packages\anyio\streams\memory.py", line 124, in receive
    return receiver.item
AttributeError: 'MemoryObjectItemReceiver' object has no attribute 'item'

During handling of the above exception, another exception occurred:

Traceback (most recent call last):
  File "c:\python38\lib\site-packages\starlette\middleware\base.py", line 157, in call_next
    message = await recv_stream.receive()
  File "c:\python38\lib\site-packages\anyio\streams\memory.py", line 126, in receive
    raise EndOfStream
anyio.EndOfStream

During handling of the above exception, another exception occurred:

Traceback (most recent call last):
  File "C:\Users\rrmsz\Rental-Management-System\backend\server.py", line 74, in catch_exceptions_middleware
    return await call_next(request)
  File "c:\python38\lib\site-packages\starlette\middleware\base.py", line 163, in call_next
    raise app_exc
  File "c:\python38\lib\site-packages\starlette\middleware\base.py", line 149, in coro
    await self.app(scope, receive_or_disconnect, send_no_error)
  File "c:\python38\lib\site-packages\starlette\middleware\cors.py", line 85, in __call__
    await self.app(scope, receive, send)
  File "c:\python38\lib\site-packages\starlette\middleware\exceptions.py", line 62, in __call__
    await wrap_app_handling_exceptions(self.app, conn)(scope, receive, send)
  File "c:\python38\lib\site-packages\starlette\_exception_handler.py", line 53, in wrapped_app
    raise exc
  File "c:\python38\lib\site-packages\starlette\_exception_handler.py", line 42, in wrapped_app
    await app(scope, receive, sender)
  File "c:\python38\lib\site-packages\fastapi\middleware\asyncexitstack.py", line 18, in __call__
    await self.app(scope, receive, send)
  File "c:\python38\lib\site-packages\starlette\routing.py", line 715, in __call__
    await self.middleware_stack(scope, receive, send)
  File "c:\python38\lib\site-packages\starlette\routing.py", line 735, in app
    await route.handle(scope, receive, send)
  File "c:\python38\lib\site-packages\starlette\routing.py", line 288, in handle
    await self.app(scope, receive, send)
  File "c:\python38\lib\site-packages\fastapi\routing.py", line 120, in app
    await wrap_app_handling_exceptions(app, request)(scope, receive, send)
  File "c:\python38\lib\site-packages\starlette\_exception_handler.py", line 53, in wrapped_app
    raise exc
  File "c:\python38\lib\site-packages\starlette\_exception_handler.py", line 42, in wrapped_app
    await app(scope, receive, sender)
  File "c:\python38\lib\site-packages\fastapi\routing.py", line 106, in app
    response = await f(request)
  File "c:\python38\lib\site-packages\fastapi\routing.py", line 452, in app
    content = await serialize_response(
  File "c:\python38\lib\site-packages\fastapi\routing.py", line 278, in serialize_response
    raise ResponseValidationError(
fastapi.exceptions.ResponseValidationError: 1 validation error:
  {'type': 'enum', 'loc': ('response', 2, 'role'), 'msg': "Input should be 'admin', 'sales', 'rentals' or 'viewer'", 'input': 'customer', 'ctx': {'expected': "'admin', 'sales', 'rentals' or 'viewer'"}}

  File "C:\Users\rrmsz\Rental-Management-System\backend\routers\users.py", line 11, in get_users
    GET /api/users/

Error on http://127.0.0.1:8001/api/users/:
Traceback (most recent call last):
  File "c:\python38\lib\site-packages\anyio\streams\memory.py", line 111, in receive
    return self.receive_nowait()
  File "c:\python38\lib\site-packages\anyio\streams\memory.py", line 106, in receive_nowait
    raise WouldBlock
anyio.WouldBlock

During handling of the above exception, another exception occurred:

Traceback (most recent call last):
  File "c:\python38\lib\site-packages\anyio\streams\memory.py", line 124, in receive
    return receiver.item
AttributeError: 'MemoryObjectItemReceiver' object has no attribute 'item'

During handling of the above exception, another exception occurred:

Traceback (most recent call last):
  File "c:\python38\lib\site-packages\starlette\middleware\base.py", line 157, in call_next
    message = await recv_stream.receive()
  File "c:\python38\lib\site-packages\anyio\streams\memory.py", line 126, in receive
    raise EndOfStream
anyio.EndOfStream

During handling of the above exception, another exception occurred:

Traceback (most recent call last):
  File "C:\Users\rrmsz\Rental-Management-System\backend\server.py", line 74, in catch_exceptions_middleware
    return await call_next(request)
  File "c:\python38\lib\site-packages\starlette\middleware\base.py", line 163, in call_next
    raise app_exc
  File "c:\python38\lib\site-packages\starlette\middleware\base.py", line 149, in coro
    await self.app(scope, receive_or_disconnect, send_no_error)
  File "c:\python38\lib\site-packages\starlette\middleware\cors.py", line 85, in __call__
    await self.app(scope, receive, send)
  File "c:\python38\lib\site-packages\starlette\middleware\exceptions.py", line 62, in __call__
    await wrap_app_handling_exceptions(self.app, conn)(scope, receive, send)
  File "c:\python38\lib\site-packages\starlette\_exception_handler.py", line 53, in wrapped_app
    raise exc
  File "c:\python38\lib\site-packages\starlette\_exception_handler.py", line 42, in wrapped_app
    await app(scope, receive, sender)
  File "c:\python38\lib\site-packages\fastapi\middleware\asyncexitstack.py", line 18, in __call__
    await self.app(scope, receive, send)
  File "c:\python38\lib\site-packages\starlette\routing.py", line 715, in __call__
    await self.middleware_stack(scope, receive, send)
  File "c:\python38\lib\site-packages\starlette\routing.py", line 735, in app
    await route.handle(scope, receive, send)
  File "c:\python38\lib\site-packages\starlette\routing.py", line 288, in handle
    await self.app(scope, receive, send)
  File "c:\python38\lib\site-packages\fastapi\routing.py", line 120, in app
    await wrap_app_handling_exceptions(app, request)(scope, receive, send)
  File "c:\python38\lib\site-packages\starlette\_exception_handler.py", line 53, in wrapped_app
    raise exc
  File "c:\python38\lib\site-packages\starlette\_exception_handler.py", line 42, in wrapped_app
    await app(scope, receive, sender)
  File "c:\python38\lib\site-packages\fastapi\routing.py", line 106, in app
    response = await f(request)
  File "c:\python38\lib\site-packages\fastapi\routing.py", line 452, in app
    content = await serialize_response(
  File "c:\python38\lib\site-packages\fastapi\routing.py", line 278, in serialize_response
    raise ResponseValidationError(
fastapi.exceptions.ResponseValidationError: 1 validation error:
  {'type': 'enum', 'loc': ('response', 2, 'role'), 'msg': "Input should be 'admin', 'sales', 'rentals' or 'viewer'", 'input': 'customer', 'ctx': {'expected': "'admin', 'sales', 'rentals' or 'viewer'"}}

  File "C:\Users\rrmsz\Rental-Management-System\backend\routers\users.py", line 11, in get_users
    GET /api/users/

Error on http://localhost:8001/api/users/:
Traceback (most recent call last):
  File "c:\python38\lib\site-packages\anyio\streams\memory.py", line 111, in receive
    return self.receive_nowait()
  File "c:\python38\lib\site-packages\anyio\streams\memory.py", line 106, in receive_nowait
    raise WouldBlock
anyio.WouldBlock

During handling of the above exception, another exception occurred:

Traceback (most recent call last):
  File "c:\python38\lib\site-packages\anyio\streams\memory.py", line 124, in receive
    return receiver.item
AttributeError: 'MemoryObjectItemReceiver' object has no attribute 'item'

During handling of the above exception, another exception occurred:

Traceback (most recent call last):
  File "c:\python38\lib\site-packages\starlette\middleware\base.py", line 157, in call_next
    message = await recv_stream.receive()
  File "c:\python38\lib\site-packages\anyio\streams\memory.py", line 126, in receive
    raise EndOfStream
anyio.EndOfStream

During handling of the above exception, another exception occurred:

Traceback (most recent call last):
  File "C:\Users\rrmsz\Rental-Management-System\backend\server.py", line 74, in catch_exceptions_middleware
    return await call_next(request)
  File "c:\python38\lib\site-packages\starlette\middleware\base.py", line 163, in call_next
    raise app_exc
  File "c:\python38\lib\site-packages\starlette\middleware\base.py", line 149, in coro
    await self.app(scope, receive_or_disconnect, send_no_error)
  File "c:\python38\lib\site-packages\starlette\middleware\cors.py", line 93, in __call__
    await self.simple_response(scope, receive, send, request_headers=headers)
  File "c:\python38\lib\site-packages\starlette\middleware\cors.py", line 144, in simple_response
    await self.app(scope, receive, send)
  File "c:\python38\lib\site-packages\starlette\middleware\exceptions.py", line 62, in __call__
    await wrap_app_handling_exceptions(self.app, conn)(scope, receive, send)
  File "c:\python38\lib\site-packages\starlette\_exception_handler.py", line 53, in wrapped_app
    raise exc
  File "c:\python38\lib\site-packages\starlette\_exception_handler.py", line 42, in wrapped_app
    await app(scope, receive, sender)
  File "c:\python38\lib\site-packages\fastapi\middleware\asyncexitstack.py", line 18, in __call__
    await self.app(scope, receive, send)
  File "c:\python38\lib\site-packages\starlette\routing.py", line 715, in __call__
    await self.middleware_stack(scope, receive, send)
  File "c:\python38\lib\site-packages\starlette\routing.py", line 735, in app
    await route.handle(scope, receive, send)
  File "c:\python38\lib\site-packages\starlette\routing.py", line 288, in handle
    await self.app(scope, receive, send)
  File "c:\python38\lib\site-packages\fastapi\routing.py", line 120, in app
    await wrap_app_handling_exceptions(app, request)(scope, receive, send)
  File "c:\python38\lib\site-packages\starlette\_exception_handler.py", line 53, in wrapped_app
    raise exc
  File "c:\python38\lib\site-packages\starlette\_exception_handler.py", line 42, in wrapped_app
    await app(scope, receive, sender)
  File "c:\python38\lib\site-packages\fastapi\routing.py", line 106, in app
    response = await f(request)
  File "c:\python38\lib\site-packages\fastapi\routing.py", line 452, in app
    content = await serialize_response(
  File "c:\python38\lib\site-packages\fastapi\routing.py", line 278, in serialize_response
    raise ResponseValidationError(
fastapi.exceptions.ResponseValidationError: 1 validation error:
  {'type': 'enum', 'loc': ('response', 2, 'role'), 'msg': "Input should be 'admin', 'sales', 'rentals' or 'viewer'", 'input': 'customer', 'ctx': {'expected': "'admin', 'sales', 'rentals' or 'viewer'"}}

  File "C:\Users\rrmsz\Rental-Management-System\backend\routers\users.py", line 11, in get_users
    GET /api/users/

Error on http://localhost:8001/api/users/:
Traceback (most recent call last):
  File "c:\python38\lib\site-packages\anyio\streams\memory.py", line 111, in receive
    return self.receive_nowait()
  File "c:\python38\lib\site-packages\anyio\streams\memory.py", line 106, in receive_nowait
    raise WouldBlock
anyio.WouldBlock

During handling of the above exception, another exception occurred:

Traceback (most recent call last):
  File "c:\python38\lib\site-packages\anyio\streams\memory.py", line 124, in receive
    return receiver.item
AttributeError: 'MemoryObjectItemReceiver' object has no attribute 'item'

During handling of the above exception, another exception occurred:

Traceback (most recent call last):
  File "c:\python38\lib\site-packages\starlette\middleware\base.py", line 157, in call_next
    message = await recv_stream.receive()
  File "c:\python38\lib\site-packages\anyio\streams\memory.py", line 126, in receive
    raise EndOfStream
anyio.EndOfStream

During handling of the above exception, another exception occurred:

Traceback (most recent call last):
  File "C:\Users\rrmsz\Rental-Management-System\backend\server.py", line 74, in catch_exceptions_middleware
    return await call_next(request)
  File "c:\python38\lib\site-packages\starlette\middleware\base.py", line 163, in call_next
    raise app_exc
  File "c:\python38\lib\site-packages\starlette\middleware\base.py", line 149, in coro
    await self.app(scope, receive_or_disconnect, send_no_error)
  File "c:\python38\lib\site-packages\starlette\middleware\cors.py", line 93, in __call__
    await self.simple_response(scope, receive, send, request_headers=headers)
  File "c:\python38\lib\site-packages\starlette\middleware\cors.py", line 144, in simple_response
    await self.app(scope, receive, send)
  File "c:\python38\lib\site-packages\starlette\middleware\exceptions.py", line 62, in __call__
    await wrap_app_handling_exceptions(self.app, conn)(scope, receive, send)
  File "c:\python38\lib\site-packages\starlette\_exception_handler.py", line 53, in wrapped_app
    raise exc
  File "c:\python38\lib\site-packages\starlette\_exception_handler.py", line 42, in wrapped_app
    await app(scope, receive, sender)
  File "c:\python38\lib\site-packages\fastapi\middleware\asyncexitstack.py", line 18, in __call__
    await self.app(scope, receive, send)
  File "c:\python38\lib\site-packages\starlette\routing.py", line 715, in __call__
    await self.middleware_stack(scope, receive, send)
  File "c:\python38\lib\site-packages\starlette\routing.py", line 735, in app
    await route.handle(scope, receive, send)
  File "c:\python38\lib\site-packages\starlette\routing.py", line 288, in handle
    await self.app(scope, receive, send)
  File "c:\python38\lib\site-packages\fastapi\routing.py", line 120, in app
    await wrap_app_handling_exceptions(app, request)(scope, receive, send)
  File "c:\python38\lib\site-packages\starlette\_exception_handler.py", line 53, in wrapped_app
    raise exc
  File "c:\python38\lib\site-packages\starlette\_exception_handler.py", line 42, in wrapped_app
    await app(scope, receive, sender)
  File "c:\python38\lib\site-packages\fastapi\routing.py", line 106, in app
    response = await f(request)
  File "c:\python38\lib\site-packages\fastapi\routing.py", line 452, in app
    content = await serialize_response(
  File "c:\python38\lib\site-packages\fastapi\routing.py", line 278, in serialize_response
    raise ResponseValidationError(
fastapi.exceptions.ResponseValidationError: 1 validation error:
  {'type': 'enum', 'loc': ('response', 2, 'role'), 'msg': "Input should be 'admin', 'sales', 'rentals' or 'viewer'", 'input': 'customer', 'ctx': {'expected': "'admin', 'sales', 'rentals' or 'viewer'"}}

  File "C:\Users\rrmsz\Rental-Management-System\backend\routers\users.py", line 11, in get_users
    GET /api/users/

Error on http://127.0.0.1:8001/api/users/:
Traceback (most recent call last):
  File "c:\python38\lib\site-packages\anyio\streams\memory.py", line 111, in receive
    return self.receive_nowait()
  File "c:\python38\lib\site-packages\anyio\streams\memory.py", line 106, in receive_nowait
    raise WouldBlock
anyio.WouldBlock

During handling of the above exception, another exception occurred:

Traceback (most recent call last):
  File "c:\python38\lib\site-packages\anyio\streams\memory.py", line 124, in receive
    return receiver.item
AttributeError: 'MemoryObjectItemReceiver' object has no attribute 'item'

During handling of the above exception, another exception occurred:

Traceback (most recent call last):
  File "c:\python38\lib\site-packages\starlette\middleware\base.py", line 157, in call_next
    message = await recv_stream.receive()
  File "c:\python38\lib\site-packages\anyio\streams\memory.py", line 126, in receive
    raise EndOfStream
anyio.EndOfStream

During handling of the above exception, another exception occurred:

Traceback (most recent call last):
  File "C:\Users\rrmsz\Rental-Management-System\backend\server.py", line 74, in catch_exceptions_middleware
    return await call_next(request)
  File "c:\python38\lib\site-packages\starlette\middleware\base.py", line 163, in call_next
    raise app_exc
  File "c:\python38\lib\site-packages\starlette\middleware\base.py", line 149, in coro
    await self.app(scope, receive_or_disconnect, send_no_error)
  File "c:\python38\lib\site-packages\starlette\middleware\cors.py", line 85, in __call__
    await self.app(scope, receive, send)
  File "c:\python38\lib\site-packages\starlette\middleware\exceptions.py", line 62, in __call__
    await wrap_app_handling_exceptions(self.app, conn)(scope, receive, send)
  File "c:\python38\lib\site-packages\starlette\_exception_handler.py", line 53, in wrapped_app
    raise exc
  File "c:\python38\lib\site-packages\starlette\_exception_handler.py", line 42, in wrapped_app
    await app(scope, receive, sender)
  File "c:\python38\lib\site-packages\fastapi\middleware\asyncexitstack.py", line 18, in __call__
    await self.app(scope, receive, send)
  File "c:\python38\lib\site-packages\starlette\routing.py", line 715, in __call__
    await self.middleware_stack(scope, receive, send)
  File "c:\python38\lib\site-packages\starlette\routing.py", line 735, in app
    await route.handle(scope, receive, send)
  File "c:\python38\lib\site-packages\starlette\routing.py", line 288, in handle
    await self.app(scope, receive, send)
  File "c:\python38\lib\site-packages\fastapi\routing.py", line 120, in app
    await wrap_app_handling_exceptions(app, request)(scope, receive, send)
  File "c:\python38\lib\site-packages\starlette\_exception_handler.py", line 53, in wrapped_app
    raise exc
  File "c:\python38\lib\site-packages\starlette\_exception_handler.py", line 42, in wrapped_app
    await app(scope, receive, sender)
  File "c:\python38\lib\site-packages\fastapi\routing.py", line 106, in app
    response = await f(request)
  File "c:\python38\lib\site-packages\fastapi\routing.py", line 452, in app
    content = await serialize_response(
  File "c:\python38\lib\site-packages\fastapi\routing.py", line 278, in serialize_response
    raise ResponseValidationError(
fastapi.exceptions.ResponseValidationError: 1 validation error:
  {'type': 'enum', 'loc': ('response', 2, 'role'), 'msg': "Input should be 'admin', 'sales', 'rentals' or 'viewer'", 'input': 'customer', 'ctx': {'expected': "'admin', 'sales', 'rentals' or 'viewer'"}}

  File "C:\Users\rrmsz\Rental-Management-System\backend\routers\users.py", line 11, in get_users
    GET /api/users/

Error on http://127.0.0.1:8001/api/users/:
Traceback (most recent call last):
  File "c:\python38\lib\site-packages\anyio\streams\memory.py", line 111, in receive
    return self.receive_nowait()
  File "c:\python38\lib\site-packages\anyio\streams\memory.py", line 106, in receive_nowait
    raise WouldBlock
anyio.WouldBlock

During handling of the above exception, another exception occurred:

Traceback (most recent call last):
  File "c:\python38\lib\site-packages\anyio\streams\memory.py", line 124, in receive
    return receiver.item
AttributeError: 'MemoryObjectItemReceiver' object has no attribute 'item'

During handling of the above exception, another exception occurred:

Traceback (most recent call last):
  File "c:\python38\lib\site-packages\starlette\middleware\base.py", line 157, in call_next
    message = await recv_stream.receive()
  File "c:\python38\lib\site-packages\anyio\streams\memory.py", line 126, in receive
    raise EndOfStream
anyio.EndOfStream

During handling of the above exception, another exception occurred:

Traceback (most recent call last):
  File "C:\Users\rrmsz\Rental-Management-System\backend\server.py", line 74, in catch_exceptions_middleware
    return await call_next(request)
  File "c:\python38\lib\site-packages\starlette\middleware\base.py", line 163, in call_next
    raise app_exc
  File "c:\python38\lib\site-packages\starlette\middleware\base.py", line 149, in coro
    await self.app(scope, receive_or_disconnect, send_no_error)
  File "c:\python38\lib\site-packages\starlette\middleware\cors.py", line 85, in __call__
    await self.app(scope, receive, send)
  File "c:\python38\lib\site-packages\starlette\middleware\exceptions.py", line 62, in __call__
    await wrap_app_handling_exceptions(self.app, conn)(scope, receive, send)
  File "c:\python38\lib\site-packages\starlette\_exception_handler.py", line 53, in wrapped_app
    raise exc
  File "c:\python38\lib\site-packages\starlette\_exception_handler.py", line 42, in wrapped_app
    await app(scope, receive, sender)
  File "c:\python38\lib\site-packages\fastapi\middleware\asyncexitstack.py", line 18, in __call__
    await self.app(scope, receive, send)
  File "c:\python38\lib\site-packages\starlette\routing.py", line 715, in __call__
    await self.middleware_stack(scope, receive, send)
  File "c:\python38\lib\site-packages\starlette\routing.py", line 735, in app
    await route.handle(scope, receive, send)
  File "c:\python38\lib\site-packages\starlette\routing.py", line 288, in handle
    await self.app(scope, receive, send)
  File "c:\python38\lib\site-packages\fastapi\routing.py", line 120, in app
    await wrap_app_handling_exceptions(app, request)(scope, receive, send)
  File "c:\python38\lib\site-packages\starlette\_exception_handler.py", line 53, in wrapped_app
    raise exc
  File "c:\python38\lib\site-packages\starlette\_exception_handler.py", line 42, in wrapped_app
    await app(scope, receive, sender)
  File "c:\python38\lib\site-packages\fastapi\routing.py", line 106, in app
    response = await f(request)
  File "c:\python38\lib\site-packages\fastapi\routing.py", line 452, in app
    content = await serialize_response(
  File "c:\python38\lib\site-packages\fastapi\routing.py", line 278, in serialize_response
    raise ResponseValidationError(
fastapi.exceptions.ResponseValidationError: 1 validation error:
  {'type': 'enum', 'loc': ('response', 2, 'role'), 'msg': "Input should be 'admin', 'sales', 'rentals' or 'viewer'", 'input': 'customer', 'ctx': {'expected': "'admin', 'sales', 'rentals' or 'viewer'"}}

  File "C:\Users\rrmsz\Rental-Management-System\backend\routers\users.py", line 11, in get_users
    GET /api/users/

